01/28/23 08:26:57 PM: INFO: ====== WebDriver manager ======
01/28/23 08:29:25 PM: INFO: Get LATEST chromedriver version for google-chrome 109.0.5414
01/28/23 08:29:25 PM: DEBUG: Starting new HTTPS connection (1): chromedriver.storage.googleapis.com:443
01/28/23 08:29:29 PM: DEBUG: https://chromedriver.storage.googleapis.com:443 "GET /LATEST_RELEASE_109.0.5414 HTTP/1.1" 200 13
01/28/23 08:29:33 PM: INFO: About to download new driver from https://chromedriver.storage.googleapis.com/109.0.5414.74/chromedriver_win32.zip
01/28/23 08:29:33 PM: DEBUG: Starting new HTTPS connection (1): chromedriver.storage.googleapis.com:443
01/28/23 08:29:33 PM: DEBUG: https://chromedriver.storage.googleapis.com:443 "GET /109.0.5414.74/chromedriver_win32.zip HTTP/1.1" 200 7119503
01/28/23 08:29:53 PM: INFO: Driver has been saved in cache [C:\Users\HP\.wdm\drivers\chromedriver\win32\109.0.5414]
01/28/23 08:29:59 PM: DEBUG: Started executable: `C:\Users\HP\.wdm\drivers\chromedriver\win32\109.0.5414\chromedriver.exe` in a child process with pid: 8772
01/28/23 08:30:02 PM: DEBUG: POST http://localhost:63850/session {"capabilities": {"firstMatch": [{}], "alwaysMatch": {"browserName": "chrome", "pageLoadStrategy": "normal", "goog:chromeOptions": {"extensions": [], "args": []}}}}
01/28/23 08:30:02 PM: DEBUG: Starting new HTTP connection (1): localhost:63850
01/28/23 08:30:56 PM: DEBUG: http://localhost:63850 "POST /session HTTP/1.1" 200 788
01/28/23 08:30:56 PM: DEBUG: Remote response: status=200 | data={"value":{"capabilities":{"acceptInsecureCerts":false,"browserName":"chrome","browserVersion":"109.0.5414.120","chrome":{"chromedriverVersion":"109.0.5414.74 (e7c5703604daa9cc128ccf5a5d3e993513758913-refs/branch-heads/5414@{#1172})","userDataDir":"C:\\Users\\HP\\AppData\\Local\\Temp\\scoped_dir8772_1086328345"},"goog:chromeOptions":{"debuggerAddress":"localhost:63855"},"networkConnectionEnabled":false,"pageLoadStrategy":"normal","platformName":"windows","proxy":{},"setWindowRect":true,"strictFileInteractability":false,"timeouts":{"implicit":0,"pageLoad":300000,"script":30000},"unhandledPromptBehavior":"dismiss and notify","webauthn:extension:credBlob":true,"webauthn:extension:largeBlob":true,"webauthn:virtualAuthenticators":true},"sessionId":"5de4b45ac0fa40effb3ee488b057fdc6"}} | headers=HTTPHeaderDict({'Content-Length': '788', 'Content-Type': 'application/json; charset=utf-8', 'cache-control': 'no-cache'})
01/28/23 08:30:56 PM: DEBUG: Finished Request
01/28/23 08:30:56 PM: INFO: Getting set up ready for test_account_registration
01/28/23 08:30:56 PM: DEBUG: POST http://localhost:63850/session/5de4b45ac0fa40effb3ee488b057fdc6/url {"url": "https://demo.opencart.com"}
01/28/23 08:31:29 PM: DEBUG: http://localhost:63850 "POST /session/5de4b45ac0fa40effb3ee488b057fdc6/url HTTP/1.1" 200 14
01/28/23 08:31:29 PM: DEBUG: Remote response: status=200 | data={"value":null} | headers=HTTPHeaderDict({'Content-Length': '14', 'Content-Type': 'application/json; charset=utf-8', 'cache-control': 'no-cache'})
01/28/23 08:31:29 PM: DEBUG: Finished Request
01/28/23 08:31:29 PM: DEBUG: POST http://localhost:63850/session/5de4b45ac0fa40effb3ee488b057fdc6/window/maximize {}
01/28/23 08:31:30 PM: DEBUG: http://localhost:63850 "POST /session/5de4b45ac0fa40effb3ee488b057fdc6/window/maximize HTTP/1.1" 200 51
01/28/23 08:31:30 PM: DEBUG: Remote response: status=200 | data={"value":{"height":744,"width":1382,"x":-8,"y":-8}} | headers=HTTPHeaderDict({'Content-Length': '51', 'Content-Type': 'application/json; charset=utf-8', 'cache-control': 'no-cache'})
01/28/23 08:31:30 PM: DEBUG: Finished Request
01/28/23 08:31:30 PM: DEBUG: POST http://localhost:63850/session/5de4b45ac0fa40effb3ee488b057fdc6/elements {"using": "css selector", "value": ".d-md-inline"}
01/28/23 08:31:32 PM: DEBUG: http://localhost:63850 "POST /session/5de4b45ac0fa40effb3ee488b057fdc6/elements HTTP/1.1" 200 485
01/28/23 08:31:32 PM: DEBUG: Remote response: status=200 | data={"value":[{"element-6066-11e4-a52e-4f735466cecf":"af953587-c988-469f-bf2f-bd7a94565d6f"},{"element-6066-11e4-a52e-4f735466cecf":"581d31f3-6a98-4c54-9811-3d669c08d21a"},{"element-6066-11e4-a52e-4f735466cecf":"892c228d-390a-4c0c-af21-09335612814d"},{"element-6066-11e4-a52e-4f735466cecf":"bcdde923-4409-4c71-aa39-be583eba65e1"},{"element-6066-11e4-a52e-4f735466cecf":"df91c934-f6f8-44e7-bdc9-602af7940d35"},{"element-6066-11e4-a52e-4f735466cecf":"df2cd492-06d1-490b-87c4-7451571b7ebc"}]} | headers=HTTPHeaderDict({'Content-Length': '485', 'Content-Type': 'application/json; charset=utf-8', 'cache-control': 'no-cache'})
01/28/23 08:31:32 PM: DEBUG: Finished Request
01/28/23 08:31:32 PM: DEBUG: GET http://localhost:63850/session/5de4b45ac0fa40effb3ee488b057fdc6/element/af953587-c988-469f-bf2f-bd7a94565d6f/text {"id": "af953587-c988-469f-bf2f-bd7a94565d6f"}
01/28/23 08:31:33 PM: DEBUG: http://localhost:63850 "GET /session/5de4b45ac0fa40effb3ee488b057fdc6/element/af953587-c988-469f-bf2f-bd7a94565d6f/text HTTP/1.1" 200 20
01/28/23 08:31:33 PM: DEBUG: Remote response: status=200 | data={"value":"Currency"} | headers=HTTPHeaderDict({'Content-Length': '20', 'Content-Type': 'application/json; charset=utf-8', 'cache-control': 'no-cache'})
01/28/23 08:31:33 PM: DEBUG: Finished Request
01/28/23 08:31:33 PM: DEBUG: GET http://localhost:63850/session/5de4b45ac0fa40effb3ee488b057fdc6/element/af953587-c988-469f-bf2f-bd7a94565d6f/text {"id": "af953587-c988-469f-bf2f-bd7a94565d6f"}
01/28/23 08:31:33 PM: DEBUG: http://localhost:63850 "GET /session/5de4b45ac0fa40effb3ee488b057fdc6/element/af953587-c988-469f-bf2f-bd7a94565d6f/text HTTP/1.1" 200 20
01/28/23 08:31:33 PM: DEBUG: Remote response: status=200 | data={"value":"Currency"} | headers=HTTPHeaderDict({'Content-Length': '20', 'Content-Type': 'application/json; charset=utf-8', 'cache-control': 'no-cache'})
01/28/23 08:31:33 PM: DEBUG: Finished Request
01/28/23 08:31:33 PM: DEBUG: GET http://localhost:63850/session/5de4b45ac0fa40effb3ee488b057fdc6/element/581d31f3-6a98-4c54-9811-3d669c08d21a/text {"id": "581d31f3-6a98-4c54-9811-3d669c08d21a"}
01/28/23 08:31:33 PM: DEBUG: http://localhost:63850 "GET /session/5de4b45ac0fa40effb3ee488b057fdc6/element/581d31f3-6a98-4c54-9811-3d669c08d21a/text HTTP/1.1" 200 21
01/28/23 08:31:33 PM: DEBUG: Remote response: status=200 | data={"value":"123456789"} | headers=HTTPHeaderDict({'Content-Length': '21', 'Content-Type': 'application/json; charset=utf-8', 'cache-control': 'no-cache'})
01/28/23 08:31:33 PM: DEBUG: Finished Request
01/28/23 08:31:33 PM: DEBUG: GET http://localhost:63850/session/5de4b45ac0fa40effb3ee488b057fdc6/element/581d31f3-6a98-4c54-9811-3d669c08d21a/text {"id": "581d31f3-6a98-4c54-9811-3d669c08d21a"}
01/28/23 08:31:33 PM: DEBUG: http://localhost:63850 "GET /session/5de4b45ac0fa40effb3ee488b057fdc6/element/581d31f3-6a98-4c54-9811-3d669c08d21a/text HTTP/1.1" 200 21
01/28/23 08:31:33 PM: DEBUG: Remote response: status=200 | data={"value":"123456789"} | headers=HTTPHeaderDict({'Content-Length': '21', 'Content-Type': 'application/json; charset=utf-8', 'cache-control': 'no-cache'})
01/28/23 08:31:33 PM: DEBUG: Finished Request
01/28/23 08:31:33 PM: DEBUG: GET http://localhost:63850/session/5de4b45ac0fa40effb3ee488b057fdc6/element/892c228d-390a-4c0c-af21-09335612814d/text {"id": "892c228d-390a-4c0c-af21-09335612814d"}
01/28/23 08:31:33 PM: DEBUG: http://localhost:63850 "GET /session/5de4b45ac0fa40effb3ee488b057fdc6/element/892c228d-390a-4c0c-af21-09335612814d/text HTTP/1.1" 200 22
01/28/23 08:31:33 PM: DEBUG: Remote response: status=200 | data={"value":"My Account"} | headers=HTTPHeaderDict({'Content-Length': '22', 'Content-Type': 'application/json; charset=utf-8', 'cache-control': 'no-cache'})
01/28/23 08:31:33 PM: DEBUG: Finished Request
01/28/23 08:31:33 PM: DEBUG: GET http://localhost:63850/session/5de4b45ac0fa40effb3ee488b057fdc6/element/892c228d-390a-4c0c-af21-09335612814d/text {"id": "892c228d-390a-4c0c-af21-09335612814d"}
01/28/23 08:31:33 PM: DEBUG: http://localhost:63850 "GET /session/5de4b45ac0fa40effb3ee488b057fdc6/element/892c228d-390a-4c0c-af21-09335612814d/text HTTP/1.1" 200 22
01/28/23 08:31:33 PM: DEBUG: Remote response: status=200 | data={"value":"My Account"} | headers=HTTPHeaderDict({'Content-Length': '22', 'Content-Type': 'application/json; charset=utf-8', 'cache-control': 'no-cache'})
01/28/23 08:31:33 PM: DEBUG: Finished Request
01/28/23 08:31:33 PM: DEBUG: POST http://localhost:63850/session/5de4b45ac0fa40effb3ee488b057fdc6/element/892c228d-390a-4c0c-af21-09335612814d/click {"id": "892c228d-390a-4c0c-af21-09335612814d"}
01/28/23 08:31:36 PM: DEBUG: http://localhost:63850 "POST /session/5de4b45ac0fa40effb3ee488b057fdc6/element/892c228d-390a-4c0c-af21-09335612814d/click HTTP/1.1" 200 14
01/28/23 08:31:36 PM: DEBUG: Remote response: status=200 | data={"value":null} | headers=HTTPHeaderDict({'Content-Length': '14', 'Content-Type': 'application/json; charset=utf-8', 'cache-control': 'no-cache'})
01/28/23 08:31:36 PM: DEBUG: Finished Request
01/28/23 08:31:36 PM: DEBUG: POST http://localhost:63850/session/5de4b45ac0fa40effb3ee488b057fdc6/element {"using": "link text", "value": "Register"}
01/28/23 08:31:36 PM: DEBUG: http://localhost:63850 "POST /session/5de4b45ac0fa40effb3ee488b057fdc6/element HTTP/1.1" 200 88
01/28/23 08:31:36 PM: DEBUG: Remote response: status=200 | data={"value":{"element-6066-11e4-a52e-4f735466cecf":"391516e7-f56b-41d9-be4f-1b32f3f59b1f"}} | headers=HTTPHeaderDict({'Content-Length': '88', 'Content-Type': 'application/json; charset=utf-8', 'cache-control': 'no-cache'})
01/28/23 08:31:36 PM: DEBUG: Finished Request
01/28/23 08:31:36 PM: DEBUG: POST http://localhost:63850/session/5de4b45ac0fa40effb3ee488b057fdc6/element/391516e7-f56b-41d9-be4f-1b32f3f59b1f/click {"id": "391516e7-f56b-41d9-be4f-1b32f3f59b1f"}
01/28/23 08:31:44 PM: DEBUG: http://localhost:63850 "POST /session/5de4b45ac0fa40effb3ee488b057fdc6/element/391516e7-f56b-41d9-be4f-1b32f3f59b1f/click HTTP/1.1" 200 14
01/28/23 08:31:44 PM: DEBUG: Remote response: status=200 | data={"value":null} | headers=HTTPHeaderDict({'Content-Length': '14', 'Content-Type': 'application/json; charset=utf-8', 'cache-control': 'no-cache'})
01/28/23 08:31:44 PM: DEBUG: Finished Request
01/28/23 08:31:44 PM: DEBUG: POST http://localhost:63850/session/5de4b45ac0fa40effb3ee488b057fdc6/element {"using": "css selector", "value": "[name=\"firstname\"]"}
01/28/23 08:31:45 PM: DEBUG: http://localhost:63850 "POST /session/5de4b45ac0fa40effb3ee488b057fdc6/element HTTP/1.1" 200 88
01/28/23 08:31:45 PM: DEBUG: Remote response: status=200 | data={"value":{"element-6066-11e4-a52e-4f735466cecf":"5efb8620-224c-4a08-8763-5454f74cb444"}} | headers=HTTPHeaderDict({'Content-Length': '88', 'Content-Type': 'application/json; charset=utf-8', 'cache-control': 'no-cache'})
01/28/23 08:31:45 PM: DEBUG: Finished Request
01/28/23 08:31:45 PM: DEBUG: POST http://localhost:63850/session/5de4b45ac0fa40effb3ee488b057fdc6/element/5efb8620-224c-4a08-8763-5454f74cb444/value {"text": "Diana", "value": ["D", "i", "a", "n", "a"], "id": "5efb8620-224c-4a08-8763-5454f74cb444"}
01/28/23 08:32:24 PM: DEBUG: http://localhost:63850 "POST /session/5de4b45ac0fa40effb3ee488b057fdc6/element/5efb8620-224c-4a08-8763-5454f74cb444/value HTTP/1.1" 200 14
01/28/23 08:32:24 PM: DEBUG: Remote response: status=200 | data={"value":null} | headers=HTTPHeaderDict({'Content-Length': '14', 'Content-Type': 'application/json; charset=utf-8', 'cache-control': 'no-cache'})
01/28/23 08:32:24 PM: DEBUG: Finished Request
01/28/23 08:32:24 PM: DEBUG: POST http://localhost:63850/session/5de4b45ac0fa40effb3ee488b057fdc6/element {"using": "css selector", "value": "[name=\"lastname\"]"}
01/28/23 08:32:27 PM: DEBUG: http://localhost:63850 "POST /session/5de4b45ac0fa40effb3ee488b057fdc6/element HTTP/1.1" 200 88
01/28/23 08:32:27 PM: DEBUG: Remote response: status=200 | data={"value":{"element-6066-11e4-a52e-4f735466cecf":"96f1638c-e5ac-4f26-b859-a119ba0b1ed9"}} | headers=HTTPHeaderDict({'Content-Length': '88', 'Content-Type': 'application/json; charset=utf-8', 'cache-control': 'no-cache'})
01/28/23 08:32:27 PM: DEBUG: Finished Request
01/28/23 08:32:27 PM: DEBUG: POST http://localhost:63850/session/5de4b45ac0fa40effb3ee488b057fdc6/element/96f1638c-e5ac-4f26-b859-a119ba0b1ed9/value {"text": "Deerajkar", "value": ["D", "e", "e", "r", "a", "j", "k", "a", "r"], "id": "96f1638c-e5ac-4f26-b859-a119ba0b1ed9"}
01/28/23 08:32:28 PM: DEBUG: http://localhost:63850 "POST /session/5de4b45ac0fa40effb3ee488b057fdc6/element/96f1638c-e5ac-4f26-b859-a119ba0b1ed9/value HTTP/1.1" 200 14
01/28/23 08:32:28 PM: DEBUG: Remote response: status=200 | data={"value":null} | headers=HTTPHeaderDict({'Content-Length': '14', 'Content-Type': 'application/json; charset=utf-8', 'cache-control': 'no-cache'})
01/28/23 08:32:28 PM: DEBUG: Finished Request
01/28/23 08:32:28 PM: DEBUG: POST http://localhost:63850/session/5de4b45ac0fa40effb3ee488b057fdc6/element {"using": "css selector", "value": "[name=\"email\"]"}
01/28/23 08:32:28 PM: DEBUG: http://localhost:63850 "POST /session/5de4b45ac0fa40effb3ee488b057fdc6/element HTTP/1.1" 200 88
01/28/23 08:32:28 PM: DEBUG: Remote response: status=200 | data={"value":{"element-6066-11e4-a52e-4f735466cecf":"fcf95da9-86c8-4345-980a-a766e0aa201e"}} | headers=HTTPHeaderDict({'Content-Length': '88', 'Content-Type': 'application/json; charset=utf-8', 'cache-control': 'no-cache'})
01/28/23 08:32:28 PM: DEBUG: Finished Request
01/28/23 08:32:28 PM: DEBUG: POST http://localhost:63850/session/5de4b45ac0fa40effb3ee488b057fdc6/element/fcf95da9-86c8-4345-980a-a766e0aa201e/value {"text": "dianam5mirajkar@gmail.com", "value": ["d", "i", "a", "n", "a", "m", "5", "m", "i", "r", "a", "j", "k", "a", "r", "@", "g", "m", "a", "i", "l", ".", "c", "o", "m"], "id": "fcf95da9-86c8-4345-980a-a766e0aa201e"}
01/28/23 08:32:28 PM: DEBUG: http://localhost:63850 "POST /session/5de4b45ac0fa40effb3ee488b057fdc6/element/fcf95da9-86c8-4345-980a-a766e0aa201e/value HTTP/1.1" 200 14
01/28/23 08:32:28 PM: DEBUG: Remote response: status=200 | data={"value":null} | headers=HTTPHeaderDict({'Content-Length': '14', 'Content-Type': 'application/json; charset=utf-8', 'cache-control': 'no-cache'})
01/28/23 08:32:28 PM: DEBUG: Finished Request
01/28/23 08:32:28 PM: DEBUG: POST http://localhost:63850/session/5de4b45ac0fa40effb3ee488b057fdc6/element {"using": "css selector", "value": "[name=\"password\"]"}
01/28/23 08:32:28 PM: DEBUG: http://localhost:63850 "POST /session/5de4b45ac0fa40effb3ee488b057fdc6/element HTTP/1.1" 200 88
01/28/23 08:32:28 PM: DEBUG: Remote response: status=200 | data={"value":{"element-6066-11e4-a52e-4f735466cecf":"f8b5b23a-dd39-4470-a5fd-f8bffbd344dd"}} | headers=HTTPHeaderDict({'Content-Length': '88', 'Content-Type': 'application/json; charset=utf-8', 'cache-control': 'no-cache'})
01/28/23 08:32:28 PM: DEBUG: Finished Request
01/28/23 08:32:28 PM: DEBUG: POST http://localhost:63850/session/5de4b45ac0fa40effb3ee488b057fdc6/element/f8b5b23a-dd39-4470-a5fd-f8bffbd344dd/value {"text": "Dia@8383", "value": ["D", "i", "a", "@", "8", "3", "8", "3"], "id": "f8b5b23a-dd39-4470-a5fd-f8bffbd344dd"}
01/28/23 08:32:32 PM: DEBUG: http://localhost:63850 "POST /session/5de4b45ac0fa40effb3ee488b057fdc6/element/f8b5b23a-dd39-4470-a5fd-f8bffbd344dd/value HTTP/1.1" 200 14
01/28/23 08:32:32 PM: DEBUG: Remote response: status=200 | data={"value":null} | headers=HTTPHeaderDict({'Content-Length': '14', 'Content-Type': 'application/json; charset=utf-8', 'cache-control': 'no-cache'})
01/28/23 08:32:32 PM: DEBUG: Finished Request
01/28/23 08:32:37 PM: DEBUG: POST http://localhost:63850/session/5de4b45ac0fa40effb3ee488b057fdc6/element {"using": "css selector", "value": "input[id='input-newsletter-yes']"}
01/28/23 08:32:38 PM: DEBUG: http://localhost:63850 "POST /session/5de4b45ac0fa40effb3ee488b057fdc6/element HTTP/1.1" 200 88
01/28/23 08:32:38 PM: DEBUG: Remote response: status=200 | data={"value":{"element-6066-11e4-a52e-4f735466cecf":"0420a001-bf75-4346-844a-2f01f3c16878"}} | headers=HTTPHeaderDict({'Content-Length': '88', 'Content-Type': 'application/json; charset=utf-8', 'cache-control': 'no-cache'})
01/28/23 08:32:38 PM: DEBUG: Finished Request
01/28/23 08:32:38 PM: DEBUG: POST http://localhost:63850/session/5de4b45ac0fa40effb3ee488b057fdc6/element/0420a001-bf75-4346-844a-2f01f3c16878/click {"id": "0420a001-bf75-4346-844a-2f01f3c16878"}
01/28/23 08:32:40 PM: DEBUG: http://localhost:63850 "POST /session/5de4b45ac0fa40effb3ee488b057fdc6/element/0420a001-bf75-4346-844a-2f01f3c16878/click HTTP/1.1" 200 14
01/28/23 08:32:40 PM: DEBUG: Remote response: status=200 | data={"value":null} | headers=HTTPHeaderDict({'Content-Length': '14', 'Content-Type': 'application/json; charset=utf-8', 'cache-control': 'no-cache'})
01/28/23 08:32:40 PM: DEBUG: Finished Request
01/28/23 08:32:40 PM: DEBUG: POST http://localhost:63850/session/5de4b45ac0fa40effb3ee488b057fdc6/element {"using": "css selector", "value": "input[name='agree']"}
01/28/23 08:32:40 PM: DEBUG: http://localhost:63850 "POST /session/5de4b45ac0fa40effb3ee488b057fdc6/element HTTP/1.1" 200 88
01/28/23 08:32:40 PM: DEBUG: Remote response: status=200 | data={"value":{"element-6066-11e4-a52e-4f735466cecf":"898f05c0-2f9c-4d19-afdc-c3eca5faf2af"}} | headers=HTTPHeaderDict({'Content-Length': '88', 'Content-Type': 'application/json; charset=utf-8', 'cache-control': 'no-cache'})
01/28/23 08:32:40 PM: DEBUG: Finished Request
01/28/23 08:32:40 PM: DEBUG: POST http://localhost:63850/session/5de4b45ac0fa40effb3ee488b057fdc6/element/898f05c0-2f9c-4d19-afdc-c3eca5faf2af/click {"id": "898f05c0-2f9c-4d19-afdc-c3eca5faf2af"}
01/28/23 08:32:40 PM: DEBUG: http://localhost:63850 "POST /session/5de4b45ac0fa40effb3ee488b057fdc6/element/898f05c0-2f9c-4d19-afdc-c3eca5faf2af/click HTTP/1.1" 200 14
01/28/23 08:32:40 PM: DEBUG: Remote response: status=200 | data={"value":null} | headers=HTTPHeaderDict({'Content-Length': '14', 'Content-Type': 'application/json; charset=utf-8', 'cache-control': 'no-cache'})
01/28/23 08:32:40 PM: DEBUG: Finished Request
01/28/23 08:32:40 PM: DEBUG: POST http://localhost:63850/session/5de4b45ac0fa40effb3ee488b057fdc6/element {"using": "css selector", "value": ".btn-primary"}
01/28/23 08:32:40 PM: DEBUG: http://localhost:63850 "POST /session/5de4b45ac0fa40effb3ee488b057fdc6/element HTTP/1.1" 200 88
01/28/23 08:32:40 PM: DEBUG: Remote response: status=200 | data={"value":{"element-6066-11e4-a52e-4f735466cecf":"aedbf42f-f0d9-4e80-973b-76011010b543"}} | headers=HTTPHeaderDict({'Content-Length': '88', 'Content-Type': 'application/json; charset=utf-8', 'cache-control': 'no-cache'})
01/28/23 08:32:40 PM: DEBUG: Finished Request
01/28/23 08:32:40 PM: DEBUG: POST http://localhost:63850/session/5de4b45ac0fa40effb3ee488b057fdc6/element/aedbf42f-f0d9-4e80-973b-76011010b543/click {"id": "aedbf42f-f0d9-4e80-973b-76011010b543"}
01/28/23 08:32:54 PM: DEBUG: http://localhost:63850 "POST /session/5de4b45ac0fa40effb3ee488b057fdc6/element/aedbf42f-f0d9-4e80-973b-76011010b543/click HTTP/1.1" 200 14
01/28/23 08:32:54 PM: DEBUG: Remote response: status=200 | data={"value":null} | headers=HTTPHeaderDict({'Content-Length': '14', 'Content-Type': 'application/json; charset=utf-8', 'cache-control': 'no-cache'})
01/28/23 08:32:54 PM: DEBUG: Finished Request
01/28/23 08:33:04 PM: DEBUG: POST http://localhost:63850/session/5de4b45ac0fa40effb3ee488b057fdc6/element {"using": "xpath", "value": "//h1[normalize-space()='Your Account Has Been Created!']"}
01/28/23 08:33:05 PM: DEBUG: http://localhost:63850 "POST /session/5de4b45ac0fa40effb3ee488b057fdc6/element HTTP/1.1" 404 992
01/28/23 08:33:05 PM: DEBUG: Remote response: status=404 | data={"value":{"error":"no such element","message":"no such element: Unable to locate element: {\"method\":\"xpath\",\"selector\":\"//h1[normalize-space()='Your Account Has Been Created!']\"}\n  (Session info: chrome=109.0.5414.120)","stacktrace":"Backtrace:\n\t(No symbol) [0x00A46643]\n\t(No symbol) [0x009DBE21]\n\t(No symbol) [0x008DDA9D]\n\t(No symbol) [0x00911342]\n\t(No symbol) [0x0091147B]\n\t(No symbol) [0x00948DC2]\n\t(No symbol) [0x0092FDC4]\n\t(No symbol) [0x00946B09]\n\t(No symbol) [0x0092FB76]\n\t(No symbol) [0x009049C1]\n\t(No symbol) [0x00905E5D]\n\tGetHandleVerifier [0x00CBA142+2497106]\n\tGetHandleVerifier [0x00CE85D3+2686691]\n\tGetHandleVerifier [0x00CEBB9C+2700460]\n\tGetHandleVerifier [0x00AF3B10+635936]\n\t(No symbol) [0x009E4A1F]\n\t(No symbol) [0x009EA418]\n\t(No symbol) [0x009EA505]\n\t(No symbol) [0x009F508B]\n\tBaseThreadInitThunk [0x7682FA29+25]\n\tRtlGetAppContainerNamedObjectPath [0x76F57A9E+286]\n\tRtlGetAppContainerNamedObjectPath [0x76F57A6E+238]\n"}} | headers=HTTPHeaderDict({'Content-Length': '992', 'Content-Type': 'application/json; charset=utf-8', 'cache-control': 'no-cache'})
01/28/23 08:33:05 PM: DEBUG: Finished Request
01/28/23 08:33:05 PM: DEBUG: GET http://localhost:63850/session/5de4b45ac0fa40effb3ee488b057fdc6/screenshot {}
01/28/23 08:33:07 PM: DEBUG: http://localhost:63850 "GET /session/5de4b45ac0fa40effb3ee488b057fdc6/screenshot HTTP/1.1" 200 52864
01/28/23 08:33:07 PM: DEBUG: Remote response: status=200 | data={"value":"iVBORw0KGgoAAAANSUhEUgAABVYAAAJkCAYAAAD6LHo6AAAAAXNSR0IArs4c6QAAIABJREFUeJzs3X9wlfWd9/8nrKxratEuCT0Rw+abpIFmA+aQFdxl7xjXYhEd4w7UEaZDBzjbxLnlnrvdSgGlxlIQobPd+eKMoXuQKesAQ5PZxlFEKbcxvdktuCGI2RRTcr4pKeZIotZocV26yfePc/KTJOQokBCej5nMnPO5Ptfnep/jTCa++Fzva1xnZ2cnkoZQS1lxGZRsoyQ4wNEfF1NWE3+TX8K2+1ooffwURdtK4MfFHL51G0Vvl1J6uoht34Sy4kqmPlHKgkC/cwECRZQ+sYDU2jKKfzaV0ieC1D5eyqn7B772Rf2U//Frgn/+pYTPe+O57xGO3smj37mdQMJnt/LyD7fyQuBBQuwhzINs/XpOz+Ezr7FhJ9ybd5zwKymENj/ILV3H6vawcmd9r7VSuPc7K/nq5Ni76M+3suHYzHhd9YRX7YGl3yeUm3CRkiRJGmU+7d+uiWpqaiI9Pf2SX0fS6Ofvg7Gnvb39M69xzUWoQ7qqBb+5jW29B6ItPcduDVL2+j6mnm4heH8QqO2ZV1tGWU2Qkm0lBOPvi392eWoejW7Jy4Gdx3mDnO7wNHr8OOQ9yBc53ndy3R5W7mzl3u98vztIfeO57xH+4R4CvcNXSZIkSZKkS8RgVbqUUqeSWlNJJcEL7DhtYd/PaoGpl6mwi+zMQTasOjjAgb67SIeUO5Nb2MPrdXBLLkArbxyDv1iaQv9c9Y1j9TDzwT7r3pKXA8dbiZ6BW4ZzPUmSJOkyaK0oYc6a6r6DBes5HF5IyiW9cht7QwWcfKietfkXY71jbMxeArsv1nqSdOUzWJWGqbasmOJ+Y8FB2gN0CwSZHaikcsoczpsWLKIoUEpZcTGQSlFJEallp4gCqRez8Mth8qdtBdBbCmmT4YVj9ZCbA3UHeYGZPDpASHrL17/P1vjrN577HuHjPWtIkiRJo06/IPXo5hzmhLgM4aok6VIyWJUuKEjJtm0XntYlsIDS7umpLHhiGwv6rBUc5Bgs6DovWELXtNQnErj2FS2FW/JSeOFYK1HgnWP1BPLuJABE+0/t0181viv2TKw9gCRJkjTazVq1i1D2Ev6pZmF892dsd+nq+MbW0O561uYfY2N2GVnVZTwQiO98fWlePIzt2Y06/2AOT7MMwjuogsF3w9ZsIWPxjtjrPnP6XnvQY6FlhLoX63tO4ZPVPLsw+aJ/T5I02o0f6QIkXR3eeO57rFzV6+e5+vPmBGbOJHDmOG+cqef14yn8xcyB/v2+lZf3x1oBbN38fbZuHmarAUmSJGnUyGN+CE42tQFwdHMBq1nP4YZ6IruXEV5cwt5oHvND1Zw8HTujuREKidAMwG85Wb2M+fFb8qvC8HBDPZHq9RRWr+OfavpdLlrB8sU7CO2uJ9JQzSbWMWfzsZ5rZ+8i0lBPpGEXoV7n96nrTgjHl2uteKzPOVlrdnD0En5bkjRauWNV0mXR+/b9Hv12mE5O4Yu08u87DxKdPJN7BwxMW2k+A7fMz+kz+saxemwFIEmSpCtPGycbIPRQfJdo/jI2FRSw/1AbT2UWED54jLX5N3OSeTx89wH218AsDhAOzWMtxALN0DxmAQRuZ34BnOx/idMRqgrW81Q+QDIPPLSM1YsPcHRVHrNW1RPpnngzWd3nD1TXjvPXJo+1DXkX+0uRpCuCO1YljSI53DoTomdaCeTlDNKzNdaL9Y39r/W0CKjbE++zGgtdJUmSpNEtFlrG/JaTfZ5tlUxWduxVytx5FDY00hp9jf1kMis9k5NNbbQ2NVKYeXP3Gb1fD6S1qbHvwJQMCrteRytYnp1DRnYOGdm9WgKcV1ePlIVllLMkfk4OG/vvkJWkMeAb3/jGBee4Y1XSZ3fmIBtWHRz4WIIPtrolLweOtw7SBgAgha9+50GaV+3pdc0cQt+5kxd+eJB3oq2Q685VSZIkjWax0DLroVhf0qw+u0zjoWsmsR2o7KD5NJB5O0zJgIOv8WoDzP/B8HuapqRn9h04HaEKeJg29j62Dp6sJrIwma7eqbFabu5XV1+zVtUTWQVwjI3ZJeyN94KVpLGgK1T9xje+wU9+8pNB5xmsSvpMBr7Ff7hS+Op3vs9Xew/lPsjWzX1nBb6ykq1f6T2SQ2jz98+vZfPtg5wz8HxJkiRpJBzdvIRwwXoOx2/Nz8qG1c9U8HfhhaTU7GB1dQGb4sFpVnYjTz9TTdZDj8SD1sfYzzyeSiTEnJIR7726kLX5bex9ZgeEdjGLfsFpzQ5WV0PooVhdd9xd0K+u2LGjm3N4OrP3A6syyTJUlTRG9N+pOlS4aisASZIkSZIupep1zOm+3T6HRQ3rORxe2P2EgFmr4g+Uys4hY/EOQrt7dn/OujOTqu4HVSWTRTXcfXtiTxcILOTZ3csIL47f7s96Dq/Ko6vfatWaglhtB+dR3uuhWikLf9BT1zMZbAp11buLrK5zspfA7kdiPV4l6Qo32O3/g42P6+zs7LyUBUm6MtT+x68J/vmXRroMSZIk6YIu19+uTU1NpKenX/LrSBr9/H0w9rS3t3/mNdyxKkmSJEmSJEkJMliVJEmSJEmSpAQZrEqSJEmSJElSggxWJUmSJEmSJClBBquSJEmSJEmSlCCDVUmSJEmSJElKkMGqJEmSJEmSJCXIYFWSJEmSJEmSEmSwKkmSJEmSJEkJMliVJEmSJEmSpAQZrEoCYPz4cXR0dIx0GZIkSdKQOjo6GD9+3EiXIUmSwaqkmM9/Lon3fvfhSJchSZIkDem9333I5z+XNNJlSJJksCopJpAyidPvtNL23gfuXJUkSdKo09HRQdt7H3D6nVYCKZNGuhxJkhjX2dnZOdJFSBodzn78CdHWd/nw92fp6PBXgyRJkkaP8ePH8fnPJRFImUTSdddelms2NTVdlutIujKkp6ePdAm6iNrb2z/zGtdchDokjRFJ111LxtSbRroMSZIkadQwSJEE/kOLBmYrAEmSJEmSJElKkMGqJEmSJEmSJCXIYFWSJEmSJEmSEmSwKkmSJEmSJEkJMliVJEmSJEmSpAQZrEqSJEmSJElSggxWJUmSJEmSJClBBquSJEmSJEmSlCCDVUmSJEmSJElKkMGqJEmSJEmSJCXIYFWSJEmSJEmSEmSwKkmSJEmSJEkJMliVJEmSJOkSaq0oISM7p/tneUXbMM5qY28oh401l6Cgmi1khCpovcC0o5t7au39WpIUc81IFyBJkiRJ0ljVWlHCnDWZlDeUMQuAY2zMLmA51Ty7MHlkisp/hEg4sVNmrarn2UtTjSRdsdyxKkmSJEnSJdLcWA2hefFQFSCPv3uygKqXXqOV/jtBB9il2lTB8vN2usbmDbgDNtozv3tXas0WMkIlsfFQBa29dqzGrl/Bxq5zNh8DYoHwojBUrSlgeUXbgHV2Xb+73potZIS2sLH7WAl7owPU1Xtckq5gBquSJEmSJF0is+5cBuElfW69T1lYRiS8kJRhnB9eE+Hhhnoi1ethzWPsjUJrxWOszt5FpKGeSMMustbs4CgAx9hYcID51fVEGuopz17Hd7vC0Gpi4wNct2rNAbKqY2uFwkvYWBOrsTwEhU+ev7P26OYCVrOeww31RHYvI7y4V1BavQMeqifSUM2mgmpW7zwGtLH3sXVk7Y7VFdmdGR+XpCubwaokSZIkSZdK/iOxkJF1zOm/k3QYCp9cFtvtGljIw6Fq9h/q3+c0j7UNj8Tm1BwgXDCPOwKxI7NW1fcKRTPJCgxykVAJDwRia/3dkwWEDw4VerZxsgFCD8UD2vxlbCroXdcy5ucDJHPH3QUDL5H/CJFVeUNcQ5KuDAarkiRJkiRdUsk8EI7v1ozvJJ2zeXg7NrPSz+/DmrKwjHKWnHcrfmtT4+ALFWSQNsihwsybh1VLzG85Wd37fTJZ2Re6TjIPhHfB4q5WAFviO2wl6cpmsCpJkiRJ0iXRxt7Q+f1EZ925DBoaB9i12j+0hJNNPX1NTzb0WmNVfXcrAOK34qekZ36qKqsaf9v9urmxeoiZADeT1Wcjat+6BpfH2oauVgCwKIFdu5I0WhmsSpIkSZJ0SSRzx92w+rHeIWIbe5/ZAdmZ3b1Oux5kRc0Bwv1W6D4WfY391QXMn5vc70FS0H2b/5QMCqsP8Go8yD26uedhVEMKH+ju0bo/DKE7h7pNP7ZDNfxM14OxdrA6XtfgjrGx/wOren1+SbpSXTPSBUiSJEmSNFalLCzjMCXMyV7XMxja1d1jdNaqXYSyl8SOh9azqQBO9jo/dDd8NzuHKiC0uz7WC3XVLrKyC8hYE5+zu767D+uzuyNkFOSwGqBgPYfDeVBzYMgaC0PwdPwahU9W82x+bDwts4CqNQUsp5qHe82ftaqaTaGC7s/UXdfpwa6Qx9rdmT11sYzyBnusSrryjevs7Owc6SIkSZIkSRptmpqaSE9PH+kyLqmjm3N4OrO610OuJA3kavh9cLVpb2//zGvYCkCSJEmSJEmSEmQrAEmSJEmSrlKzVtXz7EgXIUlXKHesSpIkSZIkSVKC3LE61rxfxVNrdxNJClKyvoRg0gBzztZStq6MWoaYc8m1sO/xUiqjAxwaP4GJk9OYde8KFt9qn5/u72pKCdu+GRzpYiRJkiRJkoQ7VseeLxSycnmQpI9q2flcLWfPm3CW2ud2UvtREnNDIxWq9pZMxm2zmd3755Y0eDdCVbiUrb88/xNIkiRJkiRJI80dq2NQ0q1LWVr7FmU1ZWz/1x+x8q960tOz/7qdspqzpN1XytIvj2CR3dK4a9kKztuHefYQW/9+J3XP76P5tkWkjURpkiRJkiRJ0iAMVsekJIJfX0rwrTJq//kf2JfxGAsCQHQf//DPdZBWxIp7UuNzz9H2y3K2P3+IyLvnYPwEkjPmUrR8MbMnda1XS1lxGdH7SintPm+g8a5b1pdScu3P2P6v7XB9kMVPlDD3+kQ/wlzm3LKTuto22iAerJ4l8vOd7Hq5jub2cwBMuD6VaX+zlBX3ZNAdH5+NsG/7Tg681cLZc11zHuQbd09n4vjhzGmnassj7P6oiNInFtD1idtffYpH9kRIu38Dj93d1aIgPvdPlvL0yrlMANrfOsCuin3U/eYs55hA0p/lsuCBpczL6qpw6O+p7fWdlO05QvNH55jwhVwW/a9FCX55kiRJkiRJutRsBTBWJQUpCc0lqaOZyvA+WmhhX7iS5j8JsuLbPWFhy4tP8eiOKqLXz2VRaAVL781lwm+q2P7YD9j39qe8du1Otp+cTlFoKQv+Zg4zEg1VAWjng/eA8ROYEB+J/HQDT/20jj98aQFLQytY8bV5ZCa1UPf8U2x9tb3rE7HvqaeobLqG3LuXsiK0lAVfOkfd8z/iqX9pHuaciUzLSYXom7zV3lNR468jADSffItz3WUe5fBJyMidwQTgbG0Zj/9DObUfT2PB11ew4mtzCbxfS/mWRymr7dfWYIDvqf3Vp3g0fIjo9bNZFFpB0cyzvPij7Rz95NN8h5IkSZIkSbpU3LE6ln15KavuiVD6YiVPP36ItmgSwZKlzO7aOPn+AbY/30xScAUbSmbHd3zOZu7/OMTW7+6k8l+OMO9/zu4ONoetYzqL16xg7qft3/pJGyeeL6P8N5CUP4tpAJzgcM0HJOWv4NFvBuM1zWb2/5jK1v+9nbpfN8IdQYjWciQKwdBjrLg1vt6tQW74h2+x+603aSGN1OHM+XIuE58/wIlGKAzGrv/mryDp+iTORhppZC7TgXN1bxIhjUV5E6GjjvKdtZwNLKD08SJSx8drvH0Oux9/iqqf7qM52KutQf/vqaOOnc9HIK2IR9cuiJ1/62zmfqmMR8NdobAkSZIkSZJGA4PVMS713mKKjpdS2dxG0v/4FiW9nlbVfuwozUxk3l2z6ZOBTpzLHbeVU/evhznyyWzmXpvgRQPTyBh2qFpLWXHxwIcmz2XF17tC1Oks3vQ0i/vPuTaNzMlQ98lZzgETvpDMpPFQ+/x2Dk0qYnZ6MhPGJzH329uY23XOcOZk5DIj6QC1/3ECgtMhGiFyNpnCr02j6qcRIlGYHoC6ujoIFJH7BeBXR6k9C7lfi4eiXSZkcM/fpFH108McjiwiLWOQ76npBG+ehdyvzetzftKtdzG3opYDw/1KJUmSJEmSdMkZrI5141MJBlOpbIZ5X5ne59Dvz34MTCV1yvmnTUq+AXiXD94HApeywGQybssguffQxKnMCQaZlp7MhP7NKjrOcbatmchvWjj16zd5s66OyLsAH9AGpF47m0UPHOLU3iPsfOoIO8dPYGJaLnfMu4e/zk+L9VgdzhymM+PLcKiujgjTSYs00pI0jQf/ZjotPz1EY+QcBBp581cw8a+mx1or/OdZzjKR1MD5e3wnTkoGmmn7YIiv4oM22gc8P5nkSQOeIUmSJEmSpBFisKoRlsZdy1YQHMbMlld/xD/sPUF7BzAhiYnXT2LqzNnkHj9EXa95qXd8iy1/3U7k2P/l1aoj1P2mlspwLZUvF1Eav8V+OHNyc3Ohpo4T0UWcfasOpq1g+vjpRLNg91tvQeAEb55NYkZuxmAlXyTXMeFPLvElJEmSJEmSlBCD1avY55KuA07Rchrolw2+2/YBMI3kyT1jH7z/AXQ/9go400LbpS8z5v0DbN9zgj/kLqb0m4WkdrcniFDeL1gFYMJEMm5dQMatC6DjHM3Pb+AHLx3gwFsLWPrl4c2ZkDuDDHbTGDnB2bcg46vTgYlMTZ8Ixxs5MrmO9qQgs7vW+5MkkminJXoOMvruOm1/tw1IJvWLQ3zGG5KZSO0A5zcP+N9IkiRJkiRJI8dg9So2MW8WaXvKOfTKERaU9Oqz2n6IV395FqZNZ/p4gOtISoKzp5ppZzoT49NafnmEZvpErZdOUyPNQPC23qEqnDt5mNpe7QrO1Wxn7U/qmPHNH7E0Nz5p/AQmTboB+GDYcwCYOI0ZAaisKueD9ycy/c9inzxj2nT4+REqD7XBl4vobrAwbRbBpEMcenkfLbcV9fRJPRfhxf/TDNcXMuOmIT5jxixmXX+Aqn7nn619hUPvJ/6VSZIkSfrsmpqaRroESdIoZbB6NfvCPFbcd5jS57fz6MZGFszLJOnMUQ68VEsLaRQ9WBgPUaczOz+JQ78o56mycyzIv4EPag+w761rSPsC/OFy1Jo+nYzxtdT+pJSdHyxg+g3naKs9wL7aNui1uXNC7hymTzjCobJSPrhjLnOm3sAHpw5R9fMTkFbEvC/DhE8uPCcmlem5E6n8eTPN42dzf9eO0fRMMjhC5F3IvS+35+Ljc1m0NEht2T5KH2+h6K5ZJH/SyKsvVxFpTyJYUnSBTacZFH09yJGyfWx4ooUFX5nFDWcO8bOfn+DsxfwuJUmSJA1benr6SJcgaRTwH1k0EIPVq1zqPd9lw6Rytj9/iPJwFYyfQHLOPFYuWURurwcmTV/yKCv+u4zdr1eys3YCSX82m6Vr59H2/5Zy5HIU+oVCVv79WbY/u49DP93OofETmJg2m8Wrv80Nv3icrYcaaf4EUq/NZcXjK7lhWzmHXi2n7hwwIYm021awYcns2EOyhjMnLiN3Bkk/P8TZnOlM6xqcOI3pkyFyJpdZwb63/CcFS3ji2wfYVbGPfc/Vco4JJP3ZXJb+r0XMTUviQmLn7+MnP9lH5XO1cG0yufcuJfnITqouyhcpSZIkSZKki2FcZ2dn50gXIUmSJEnSaNPU1OSOVUmAvw/Govb29s+8xvgLT5EkSZIkSZIk9WawKkmSJEmSJEkJMliVJEmSJEmSpAQZrEqSJEmSJElSggxWJUmSJEmSJClBBquSJEmSJEmSlCCDVUmSJEmSJElKkMGqJEmSJEmSJCXIYFWSJEmSJEmSEmSwKkmSJEmSJEkJumakC9DF9/bbb490CZIkSZJ0yd10000jXcIFtVaUMGdN9Xnjod31rM0fgYK6HWNj9hIYoI6jm3NYFO4/fxnlDY8wa6gla7aQ8UwGh8MLSRli2tHNOTydWc2zC5M/VeWSNFoYrI5BV8IfF5IkSZJ01ShY3zdsrNlCxuItzL9QUDmSQruIrMrrfttaUcKczcf6jJ0n/xEi5wWykjR22QpAkiRJkqTLKX8eIRo5Ge0aaGNvKIeM7NjPxhqI7SgtYW98TmtFCRmhClp7zY/N63tu/znLQyW91uw1d/OBhEpOSc+EhsY+a/etl1hgHL/+0c05LN+8heX96mqtKGFRGKrWFLC8og2iFT1zen1eSboSGKxKkiRJknQ51RwgTCZZgdjbo5sLWJ29i0hDPZHdywgvLmFvNI/5oWpOno7NaW6EQiI0A/BbTlYvY35+v3MbdhGqXsc/1fRcqiq7hEhD7Hb/o5sLWM16DjfUE7kTEtlcevTgDsjOJIV+63TXe/45VWF4uKGeSPV6CuN1pSwsozwEhU9W8+xC2PvYOrJ218c/eyardx77VF+pJI0EWwFIkiRJknQpVa9jTva6XgMFbKoui7cBOMb+MIR2x2+xz1/GpoICTp6GOzILCB88xtr8mznJPB6++wD7a2AWBwiH5rEWYFU9ke51byarAE72ulJh5s3xV22cbIDQQ/GWBPnL2FSwo8/cPsJLyOidvBas53A4b5B1Cth/qI0H0vutEZoX+4yB25nfr64B5T9CZET7zkpSYgxWJUmSJEm6lHr1WD26OYdFlPBAoO+U8OKcPjtIC+9uI2XuPApfaqQ12sh+Mnk2PcLTTW200khh5rLYxGgFywvWUdXr3NBDPa+z0rseEPVbTlYDvY4NqV+P1R7910kmK3vgJXpC3cEk80B4Fxuzc8gAhvWALEkaRWwFIEmSJEnSZTJr1S5C4SWx/qLdCthUHb8dPv7z7MLk2E5PIjSfjkDmzTAlAxpf49WXYP7cZKCNvY+tgyer4+dVs6lgsCvHdrN+dv3Xie1g/fTyWNv1uXfDou4esZI0+hmsSpIkSZJ02eSxdvcyqtbs4Gj8/fxQdU9v0fjDnGIPhEomK7uRp5/ZEdt5Grid+RxgP/O4IzDA0jU7WF092HWTuePuAsLPxIPLIecOJbZDte86BfGgN1F9H9AFdPdxlaQrgcGqJEmSJEmXU7y/6aLNsTB11qpqNjUsISM7h4yC2A7UtfFeo7PuzKQq/qAqSCaLarj79nj4mMwDDy2jak1B7NyD8ygPwcmmtgEvm7LwB2xiHXOyc8h4JoNNoU9X/qxV1T3rLN5BaHfZea0NhpKWWUDVmgKWV9zM2t2ZrC7IidW/GMoHbD8gSaPTuM7Ozs6RLkKSJEmSpNGmqamJ9PT+T2SSdDXy98HY097e/pnXcMeqJEmSJEmSJCXIYFWSJEmSJEmSEmSwKkmSJEmSJEkJMliVJEmSJEmSpAQZrEqSJEmSJElSggxWJUmSJEmSJClBBquSJEmSJEmSlCCDVUmSJEmSJElKkMGqJEmSJEmSJCXIYFWSJEmSJEmSEmSwKkmSJEmSJEkJumakC5A0epz9+BOire/y4e/P0tHROdLlSJIkSd3Gjx/H5z+XRCBlEknXXTvS5UiSZLAqKebsx5/w66ZmpnwxhfSbA4wf74Z2SZIkjR4dHR2897sP+XVTM19KTzNclSSNOINVSQBEW99lyhdTSP7TG0a6FEmSJOk848eP7/5bNdr6LhlTb7os121qaros15EkXXkMViUB8OHvz5J+c2Cky5AkSZKG9Kc3fp7T77Retuulp6dftmtJGr38RxYNxHt9JQHQ0dHp7f+SJEka9caPH+/zACRJo4IpiiRJkiRJkiQlyGBVkiRJkiRJkhJksCpJkiRJkiRJCTJYlSRJkiRJkqQEGaxKkiRJkiRJUoIMViVJkiRJkiQpQdeMdAHSp/dvMO7/QOejAx6t/XExZTX9R4OUbCsheMlru1hqKSsug5JtlFw5RUuSJEmSJI15Bqu6Mv1yA/zlUfga8MA4+NsWWBw4f15+Cdu+2ZNItrxYSumPa/uMSZIkSZIkSYkyWNWV6bZH4d82wF8+Bv/WCbcN77TUmwJwpIUWgqTGd4PWdh3sFcL22e065HiAfY+Xcur++I7S2jJiG0xju2Jrf1xM5ZRSSu9JjR+LXy1QROkTC0ilhX2Pl3KEVFqiLQRLtlESjI1VRoH84KjfXfvGc98jfHzgY4G7VvLoV1Iub0EjpW4PK3e2cu93VvLVySNdjCRJkiRJutQMVnVl+u0u+EugsyW2Y/XbwwtXa1+vhSlz4oFmGdH7Stl2TypE91H6eCX7okEWtJRRdrqI0m1dwee2IcZLCc5O5cjbLRBMpeXtKKmBAC1RCAZaaDmdyuz74uuX1fYJTkt/nMq2b8Z22bZMKWLbE13hbSmVxK9TW0ZxDaM+XGXynTz6ndvps2f4zGts+OFWNnAVhauSJEmSJOmqYbCqK9PNS6Az/npv5+DzasooLu71PlBEaTzAXPDENhZ0j6cyQCMBIJUFT5TGXrYMMn5TgJaf1dJyTyrR0wGK7ofKmhYW5NdyhNkUB4DaU7QEiigOxs+9P0hl2WFqKYqtNqXr6i20nIbg/QtIBQgWURSo5dQFv5BRaPLtrLjrOBuO1RP9yu2DfL+SJEmSJElXJoNVjW39eqz20fvWfABSmQoQLKH07VJKiytjo/fFb+UfdHwOwbLDRKnl8OmpFN0HvB6Fm07RMmUOqUDL21GIrR6/1FRSe8WlgZtS46+inIpenI8+apxp4R2IB6utvPzDrbxwptfxmQ+y9es53W/7txbo305g0OMD3Yo/wNgbz32PMD3XjP58KxteaR3kerF6m/Pu5J1XDhIFbln6fUK5XWvXx+elcO9d7sqVJEnS+VorSpizpvq88dDuetbmX+DkaAXLCyI83PAIsy5NeZKkz8BgVVepWsq6b82Pv48HpgCp95Sy7R4g3gO17KbYvIHHg8zJr6SltoXolFRSAxA43cI+agneWhJb76Z++zVbTvXdANstwNQAV+YO1QG8E23eehCpAAAgAElEQVSFyTP5ItAdqgYeZOt34kHqmdfY8MM9bPh5LMx847nvEY7eyaOb4ztc4+0EwoFYmDn08Zncwh6azwBdIeqxWPDZM9ZKNAqBvFgIGgtpU7j3O9+PBa+DtC9445XjPXOgO1TtDlnPvMaGHx4EDFclSZI0gIL1HA4v7PlrsWYLGYu3MN/AVJKuaONHugBpNGh5sbL7IVYtL5ZS/ON+O1lTBx8HCEyBIz87AlMCQJA5U45w5HSQOV2bZVOnkhqtpLIWoIV9P6uF/DkD9E5NJTg7ldqf7YsFr7WVsYdYXYnq9hA+DoG8nHgIWs+/n0nh3rt6dqcyOYe/mAzRaCtdoSeBlJ62AZNv59HN8fDygsdTSJvcE6ZCPa8fTyEwOR7w9qrhL2amwJnXeOE43LK01w7Xybez4q4Uoq8c5I3en2Xmnb0eSNXKy/vrYeaD8ev2nCdJkiQNS/48QjRysvtv/Tb2hnLIyI79bKwBOMbGgnVUsYNF2Vs4Gp+zsethuhxjY3YJe6PEgtpQCcuzc8gIVdBas4WM0BY2dq8ZnwexXbDZA4xLkhLmjlVdpYIU3ZdKaVkxxUDqfSUUBco41QIL7imm6PHS7t6sqfeVUhoABhsHUvNnw/NHmJ0fS1oDU6CFXsFpYAGlJacojl+PQBGl3wzCAPtWU+8ppuhIvOVAoIii/Cugx+qZg2xYdfC84e4dnRAPQW+Pz4/t8Oz+Gy4AkMIteSm88MoeVq7KIbT5QW7ps9owjx9rJQoEzrTyzuSZ3Jt3nHC8zyvHjxOdPJNbJgN1LURJ4S8m91mEwMyZBF45yOt1cEu89kCgd2jaSvMZuGV+Tt/zAilAK5IkSdIF1RwgTCbl8f+fOLq5gNXZu4iE8+K7WUvIqi5jbfV6Tna3Amjj5FBrVsP86nqeDQA1W6B6B+yuJxJuY2+ogNU7j/HAqpvZ+9g6snbX82x+bF7GzmM8sCrv0n9mSRqDDFY1ZgW/uY1tQxzvua0/7p6u2al9H2zVc8Yg48SC0209R1LvKT3/2sEStp03GFtz6OsMeMXRZfKdPPqdCz2gql9/1ZkPsvXrKbGx+FDgKyvZGojdZh9e9b3z1r7g8ZkzCbxynDfOxEJU8h7klpkQeCXW55Voa88OWgBiO1oTcqaVdyDe3qD3d5BKwGBVkiRJA6lex5zsdb0GCthUXRZvA3CM/WEI7Y6Hm/nL2FRQwMnTwJRELpJJVp8/yJcxPx8gmTvuLoDGAU7Jf4TIhfq8SpIGZbAq6fKoO8gLZ1L6PlxqoCAy90G2bu46Zw8rdx5kw3MpPQ+4Gur45BS+GN9RGoi28sW8lPjYQV6vq4fjxMa6tRI9Q2wHax+xtgIDmpxyfqgKcKYF76KSJEnSgHr1WD26OYdFlPBAv10J4cU5hHu9L7y7LbFgtSCDtKHeA5DMA+FdbMzOIQOAZZTb51WSPjV7rEq6LKLxB1n1CTHP1PPvZwY9BXIf5NG7UiDaOnBoed7xHG6dCW8c28Prx3O4tVfv1Xf2H+QNusbo3mHa3O/60ePHiQ65k7V/L9den0+SJEm6gFmrdhEKL2F5RVuv0QI2VdcTaej5eXZh8tALRRuHbg0wqDzWdl1nNywKVXjflSR9Sgarki6LQCAFzhzkhbqukVZe3hnvsxptJUorL//we6x8rndgWc8Lr3Tdvn+h4zG35OXA8XremJwa31ka670aPdMKM2f29GWdfDv3zoQ3dm7l5a5w9cxrbH+llcBdd/br39pbCl+dnwPH9xCu63ueJEmSdGF5rN29jKo1Ozgafz8/VM3qncdih+MPl+p5SFVf4YOxea2HDlCV8LV7PfCqS3YmPoZVkj4dWwFIujxyH+TRu7ayYef3WBkfCty1klB0K+HjLbzD7Xz1Oyvhh1tZuarXeTMfZOtXYn/qXeg4EN+JWg+9wtauB0vdktf3gVO3fP37PPrzrWz44fe6+7z2eeDWEJ9l69I9rOz+LCnce1cOLxiuSpIkaTjifVQXbZ5HZFUes1ZVsylUQEZ27HDhk9WszQfIJIt1LMqG8oZHeOAH69lfsISMMBQ+uZ4QBxK8cB5rd2eSUZDDaiDWCsAHV0nSpzWus7Ozc6SLkDTyav/j1wT//EsjXYYkSZJ0QZfrb9empibS09Mv+XUkjX7+Phh72tvbP/MatgKQJEmSJEmSpAQZrEqSJEmSJElSggxWJUmSJEmSJClBBquSJEmSJEmSlCCDVUmSJEmSJElKkMGqJEmSJEmSJCXIYFWSJEmSJEmSEmSwKkmSJEmSJEkJMliVJEmSJEmSpAQZrEqSJEmSJElSggxWJUmSJEmSJClBBquSJEmSJEmSlCCDVUkAjB8/jo6OjpEuQ5IkSRpSR0cH48ePG+kyJEnimpEuQNLo8PnPJfHe7z4k+U9vGOlSJEmSpEG997sP+fznki7b9Zqami7btSRJVxaDVUkABFIm8eumZgD+9MbPM368G9olSZI0enR0dPDe7z7k9DutfCk97bJdNz09/bJdS9Lo5T+yaCAGq5IASLruWr6Unka09V1Ov9NKR0fnSJckSZIkdRs/fhyf/1wSX0pPI+m6a0e6HEmSDFYl9Ui67loypt400mVIkiRJkiSNet7rK0mSJEmSJEkJMliVJEmSJEmSpAQZrEqSJEmSJElSggxWJUmSJEmSJClBBquSJEmSJEmSlCCDVUmSJEmSJElKkMGqJEmSJEmSJCXIYFWSJEmSJEmSEmSwKkmSJEmSJEkJMliVJEmSJEmSpAQZrEqSJEmSdClEK1ienUPGAD/LK9pGurrztFaUkLH5WOxNzRYyQhW0jmxJkjSqXTPSBUiSJEmSNCYFFvJsw0IgFlrOeWkeh8MLSRnhsoYl/xEi4ZEuQpJGN3esSpIkSZI0Ao5uzmF5qKTXDtY29oZ67Wzt2jEarWB59hY2bu45trGma5W+5/TeCdtaUdJrl2wJe6MMeGx5RRvUbGHOmmoIL4ntWu23Y/Xo5gGu8SnrkqSxwmBVkiRJkqQRUsU8DjfU8+zCZI5uLmB19i4iDfVEGnYRql7HP3UHlTs4mVlNpKGe8hCEn4mFnq0Vj/U5J2vNDo5CPCjNpLyhPn5ONat39tzmP+el2HVj5zzG3imPcPjJAgjtIrIqr0+NrRUlLAovi61VvR7WFPQKUBOsS5LGEFsBSJIkSZI0UrIzu1sDzFpVT6T7wM1kFcDJ7vcFzJ+bHJt35zJoGGixPNY2xEPR/EeI9JqTllkAjbHXRw/uoPDu6vh181jbUAYwaD/V5sZqCp/8AbMAAgt5OLSORQePsXbpp6hLksYQd6xKkiRJkjRCCjNv7nnT52FXBayu7j0zk6zA+eenLCyjnCUXvBV/zprq7vGTA4afgzl/flpmwWeoS5LGDoNVSZIkSZJGXBt7H1sHT1bHb5+vZlPBhc+C+E7X+C33LI71Um2teIzVrI/f7l8fu80fgGSyshOp6/z5zY3VA08dRl2SNJYYrEqSJEmSNNrU7Oi3Y3VgRzf3fzDUQDtIj/FPa3oWS8ssoOql1+K3/h9j4wV2lKZlFlDV1SM1WsHTYQjdOfSt/cOrS5KubPZYlSRJkiRpxCXzwEPLWL24gIw1QGgX5aEdPN3UBlMGP2vWql1kZcfPAUK762O9UBeWEFqzhDnZ64BllO9eRviZRlrJi92m35gTPwaFT1bzbD5AJqxZQga7iNzZc42u+Yuyd3TPX5sPDLEDddC6JGkMGdfZ2dk50kVIkiRJkjTaNDU1kZ6ePtJlSBoF/H0w9rS3t3/mNWwFIEmSJEmSJEkJMliVJEmSJEmSpAQZrEqSJEmSJElSggxWJUmSJEmSJClBBquSJEmSJEmSlCCD1bEouo/S4mKK/347dZ8MPKX2x8UUF5dRe3krG1xtGcXFpeyLJnriOdp+uZOyV1ouMCZJkiRJkiRdPAarY9lHR9i+q45zI13HJVVH+Y5DRM9daEySJEmSJEm6eAxWx7izv9zO7l+NdBWSJEmSJEnS2HLNSBegSyf1jgUEDu/jUHgns7csZfqFYvSOdk689BP++eU62j4Brk0m47YiVjw4m+TxwK928q1/PMS0km2UBLtOOsHOb/2IQ/85m5XPrCC3a/hXO/nWP77J3O9uYVEGtL2+k7K9R2huPwfjJzAxbTZfCy1m9uQJn76e6D5KH6+kBeD5UoqfT6Vo5WyObO039kQpCwLDWA9iLQnKoiwIzebEP1cSOTeB1K9+m9L7MxL/DyBJkiRJkqQxyx2rY9nnZ7N0SZCkjw6xbdeJC0xu4cCmtfzohVNMvG0RK0IrWHTbRNp+sZ1HN+6jpQOYNoNp4+Gt/+i1VjRC5CzQcYITkZ7hEzW1nE2aQW4GnKstY0P4EB9PKWRRaAUrFs7lhncPsf3xMo4M0gN2WPV8IciiUCEZwMTgIlaEFhGcOsDYF4a5Xq9r73v2AH98+1JWLCykcKahqiRJkiRJkvpyx+oYl3TrUhbXvMX2X2xjZ/6PWPrlgeed+2U55b+5gcJHSlmcFd9Feuts5t1WzqNPVVJ+ZB4rb8tlRg7U/jpCC9NJBdp/9SYtSUkk/Wc7jb9ph4yJQIS6urMk5c1iOlD7ei1nJy9g1f8uIhWA2cxOh0f+8Qhv1p1jdv75u1aHV08qubdO5/+Gq/g4LZfZt8ZWTx1gbHjr9dQx8faVfGuhgaokSZIkSZIGZrA65iUxe+lijr61fciWALXH6uDa6SS9X8uR13sfOcdEoO54HdwWZEZuBux5k7faF5A6ERp/HYFpi1jwYTnlv26EO4IQPUHd+zBtZqwxQPKkZKipYk/FVBbdnUta0gTIWsyWpxcPWvVw6xmuRNfLnGaoKkmSJEmSpMEZrF4NkmazdMlR3gofYtuu2fzo69P7TWihrQX45AT7woO0DDjTQhtBkr88g1QqebPuHIV/1UxjBDK+OofcD6so/9dGIgRJ/tWbtJDLvJzYqWl3L6bweBlVr5Txg1dgwvWppOXPpegrhUwfsMdqAvUM6wu42OtJkiRJkiTpamewepXo3xJgxkCTAkWUPrEgfrv+IALTyf1CJQfq6iCrhRPvJzNj2kRSP5hG0osnOHHmHDfURSBrMTOu7bp4LoufeJpFb5+g6t8OcPiXbxF5rZwfvbaPYMkGSoJJg1xrGPUk4mKvJ0mSJGnMa2pqGukSJEmjlMHqVaNvSwC+1PtYMjckA3WNRD6B1GsHWQKADHJzkzhQ18iJky00J01j0U3ApEwyOMSpSC3UQ8YDs5jY78wJN01n3sLpzFsI594/xPbv76T250doDxb2m5tIPcNxsdeTJEmSdLVIT08f6RIkjQL+I4sGMkC3TY1ZSbNZuiRI0keHOFTb+8AEZt+aC9Rx4OWWvue8XUlp8cM8+rNI99D0P58G75+gvKoOMjLJBLh2Gplp8NbzlbzVkcqML3dFpS3se+pbPLzxAO29r3hDKjcMGnAmVs+FXez1JEmSJEmSdLVzx+pVprslQO3ZPuMTZi+i6Od1VL5YyiORedw/dypnTx3m0Kt1tFwfpOSuXg9zyplBLjup+w2k3T+NWJfUZDLSkzj7izaYNI8Zga7JqQRnTqLyZ+Wsf+oUd/zVDJJp481fHODI+0nMXjL3vJ2tidVzHUlJ0HKokgOT/5rcmbmkXjvAWCKfT5IkSZIkSboAg9WrThKzly7i8Bs7qevoNTw+lQVrN5C8ZzuVvzzAzl8BE5JInVbEt76xgOm926BeO4MZWVB3ciLTp/U87mn6tGnwi1omBmeR1mt66t3f5bGk7fzkhVoqnzsCwIRJuRR9+xssmDbQw6sSqWc68+7L5c2KWsrDtZz6n9tYMXOgsQQ+nyRJkiRJknQB4zo7OztHughJkiRJkkabpqYme6xKAvx9MBa1t7dfeNIF2GNVkiRJkiRJkhJksCpJkiRJkiRJCTJYlSRJkiRJkqQEGaxKkiRJkiRJUoIMViVJkiRJkiQpQQarkiRJkiRJkpQgg1VJkiRJkiRJSpDBqiRJkiRJkiQlyGBVkiRJkqRLpLWihIzsEvZGe48eY+N5YxfX0c05LK9oG3pStILl2Vs4msg5kqRuBquSJEmSJF1S1azeeWyki5AkXWTXjHQBuvjefvvtkS5BkiRJki65m266aaRLGJ7QMkLhJWy8s561+QNNaGNvqIDV1fHpu+tZm3+MjdllZFWX8UAgtvN1zkvzOBxeSEp8/smH6lk7pYLlBeuoAqCATfH5w1o/fl5VNoSfbCQUjq2xnGqeXZjM0c05LArHzil8MjbWtdZ+Cqiqro6vdZG/L0m6QhisjkFXzB8XkiRJknRVmMfa3ZDxTAV/F15ISr+jRzcXsDp7F5FwHtRsIWNxCVnVZcwPVbP/NBCA5kYoJEIzkMJvOVm9jPnhNvaG1pG1u55n84mdu/MYD6zKG9b6a6vXc7IgwsMNjzALKG/M4enMWIDaWlHCoob1HG5YSEq0guUFBWxM7wlRq7JLiITLLv1XJ0mjmK0AJEmSJEm61PKXsYl1fPe8HqbH2B+G0J15PfMKqjl5GtIyCwgfPAa0cZJ5PHx3I/trgJoDhEPzmHXeNR4h0i9UHWr9wbXx6kvVFN59eywEDizk4RCcbOqpvTDz5oQ+viSNRe5YlSRJkiTpkkvmgR+sZ3/BDo4unHfe0fDiHMK93hfe3UbK3HkUvtRIa7SR/WTybHqEp5vaaKWRwsxlsTXDu9iYnUMGAMsoj+8+Hc76TBm64qo1BWSs6TUQ+i0QC1Sz0pOH8ZklaWwzWJUkSZIk6XIILOThUA6LNkOoz4HBeqPeznx20HwayLwdpmTAwdd4tQHm/6Ar2MxjbUM9ayF2m3+ogsPhhf3WGWT96NDlDtw/tf+OW0m6etkKQJIkSZKky2TWql2Ewjt67R7NY36omtU7j8XeRitYnp3DxhqAZLKyG3n6mR2xHaKB25nPAfYzjzsCAMfYmF3C3t4BaXZmvx6uQ60/mGTuuLuA8DMVtNJ1nRyWn9fGQJKubu5YlSRJkiTpsslj7e5lhBc3do/MWlXNplABGdmx94VPVnfvFJ11ZyZV4UweDgMkk0U13P2DeHiax9rdmWQU5LAaiLUC6N9jdaj1M8liHYuyobzhEdIyC6haU8Byqnl2YRnljTnMyV4XOym0i8jCZNyxKkk9xnV2dnaOdBGSJEmSJI02TU1NpKenj3QZkkYBfx+MPe3t7Z95DVsBSJIkSZIkSVKCDFYlSZIkSZIkKUEGq5IkSZIkSZKUIINVSZIkSZIkSUqQwaokSZIkSZIkJchgVZIkSZIkSZISZLAqSZIkSZIkSQkyWJUkSZIkSZKkBBmsSpIkSZIkSVKCDFYlSZIkSZIkKUEGq5IkSZIkDWDcuHF0dHSMdBmSRlhHRwfjxo0b6TI0ChmsSpIkSZI0gOuuu47f//73I12GpBH2+9//nuuuu26ky9AoZLAqSZIkSdIAbrzxRt577z0+/PBDd65KV6GOjg4+/PBD3nvvPW688caRLkej0LjOzs7OkS5CkiRJkqTR6L/+67/43e9+x8cff4z/+yxdXcaNG8d1113HjTfeyB//8R+PdDm6yNrb2z/zGgarkiRJkiRJkq4qFyNYtRWAJEmSJEmSJCXIYFWSJEmSJEmSEnTNSBcgafRpbm7mzJkzfPTRRwBcf/31TJ48mbS0tBGu7OLZdPgU+/+/93j7o/8C4Kbr/5j5/8+fsnrO1BGuTJIkSZIkXQncsSqp28cff0xNTQ3vvvsumZmZzJ07l7lz55KZmcm7775LTU0NH3/88RArtLDv8WKKf1w7zPHL71T7JxTuOUZ5QyvNH37Cf3d28t+dnTR/+AnlDa0U7jnGqfZPLrBKLWXF53+elhdLR8VnlCRJkiRJl57BqqRu9fX1TJo0iby8PG688UauueYarrnmGm688Uby8vKYNGkS9fX1Q6yQyoInSgjWlFHWK19seXEblRRR+s3gJf8MF/L1F39F28fneP8//3Desff/8w+0fXyOr7/4q+EtVlPJvuhFLlCSJEmSJF0RDFYlAbHb///oj/6I9PT0Qeekp6fzR3/0RzQ3Nw+xUpCSkiC1ZWXEstVaKp+HoocWkAoQ3UdpcTHFxcUUF3fN6T9eekkCy6ePnubsH/6bj//QAcCk6yYQmpFKaEYqk66bAMDHf+jg7B/+m6ePnr7AaqkE86HymX20DDKj9sddn6eY0hcHmyVJkiRJkq5EBquSADhz5syQoWqX9PR0zpw5M/SkYBFFgVoqX2yh9sdlRO8rZkEAoJayxysJlGxj27ZtlOTXUvb4PlpoYd8zPePbSgJUPn/xb6kvb2jt3qk66boJ/Mv9f86a26ay5rap/Mv9f94drr7/n3+gvKH1gutNva+YIiqpHKDUlhdLKasJUrJtG9ueKILnS/vs4pUkSZIkSVc2g1VJAHz00Udcf/31F5x3/fXXdz/UanCpLHgoHibWBCm6JzU2XHuYWoLMiXcECN5XRGr0FOdtTg2WsO0StA3oelAVwN9mJTPl+mu730+5/lr+Nit5wLmDS2XB/b135/aInm4h9b4iggCBBRTlQ+3rJquSJEmSJI0V14x0AZLGqMACivIrqZwSDxe7xR781COVlmisN2tZcTGxI0FKtpUw8h1ZhyFYQkl+MZUvttDzqVpoOQ1M6ZkWmJIKF+ouIEmSJEmSrhgGqxqzWl4spfT5nr6WqfeVUtq1c3Lws9j3eCmn7t9GycVO9aL7KH38FEXbSuDHxVROGU49l0/XTtQbb7xxyHnD3dk6qEARpU/E+632EbttHoDaMoof3zfIvE/vpuv/mOYPPwHgX062sTT3i927Vk9/9An/crLt/2fv/qOjOu97338EJDaKZIIjqAaiASzcymkUmGIjq6U0TY9EitexsFNL7XHc1VuNLLUnIC93rTZJz5JGuqt1Vk/iZcQ5txIazj0nxO1FvrWRu0Jq0aQ25UQImwxETawUBHhkGF2QwSB5wMYw94+998yen5qNRkiI92st1jAz+8ezB/Yzz/7O9/nuuGWz5Xm0Rr2tXepdZ73ikmt5/DKjZ6ixCgAAAADAXEIpAMxJRlC12Khv2dWlrq4mFb/qm9kbCBVvlm8WZ2EuXbpUp0+fnnS506dPa+nSpTe3E0+FPKOxmqSh7/vMG1gF1Jl4w6rlrpwGVSXp9355iRbfbfye9N6Va3ps78/03KGgnjsU1GN7f6b3rlyTJC2+e4F+75eXZL/h4s1qfFQKHIn9/ype7lLo1V6jRMDoPvUekTwPzdZ/fQAAAAAA4BQZq5iTRs+EpHX2Kege1Tzqku9wQKFHXBqNyxhNkaV6dp98nb0KKT7TNbCzUZ1HzGXW2euABtQZvcO9OY19dJ98rYel4pBCox41tbnVa2WsRtfxGevEbctoT68ZZPQ0TUP2bAolJSU6d+6cTp8+nfYmVqdPn9b169dVUlJyk3vxqKmtRr5Wa8q/SzVtRrDZ0zSgxtZG9VrLdeX+oL/2a8vV84vzurrghq58fEPvXbkm/2B8sH3hgnnKXzBfX/u15Wm2kprrkUbVHPaZ7Zdcj/jUdKYxWvbA9ajvlvw7AgAAAACAWyMvEolEZroRQM4FOtXYGUg77TyQNrBqBTXjg6Pr23zaHOpU4163ub2Q9rV2SX/i0+bi+MBs6Ps++c7UqOvRkHytxp3umzxKKgXQecSlmjafNhcbQVmZywV2NqpTZqA10KnGzlFzuen/2K5cuaKf//znmj9/vlauXBmd8j8xMRENqn7uc5/TwoULp78x0yR4+UP94b63NXHtui5e/TjuvcV3L1DBJ+bru5sfkPueu9JsAQAAAAAA3O4uX7485W2QsYq5ydOkri4j4OlrNHMI09b2TBZ/N/de9R4JafOyuCW0uc1n/HU0oMOjHtWY2YiuR3zqkqTRkCSX3Ol2uK7GDJaa2bRvBiSPNHBE8lipjZ4a1RT7FAxJugWB1YULF2rdunUaGRnR8PCwJiYmJBn1V5cuXTqFTNXZw33PXXr999fqWwNB/dOpCzo78ZEko6bql1fdq69XuGe4hQAAAAAA4HZAYBVzmEub27q02XwW2Nko306Xbcp9esXLUkRDPU3ynY0FaqMlAkJBpa/cWixXmoCoa3n6SGmgs9F2h3nJdTYkeW7dja5KSkrmRBA1k69XuAmiAgAAAACAm0ZgFXOQfZp+7FXPQx5pb0ihpNtHjSo4mvBKNJAZUuiMJLPcpusRn7oesfbhU+eyLjW53HIp6LyVZ0YlM382/o7xrls29R8AAAAAAAA3Z95MNwDIPZc866Xev91nyyQNad/eQNyd5kOHA8b7gQHzplMx0fdGAzo86tL6dS7jDvY77Uua0/yLXSpWQAP2O9237suQxWo6Yu03YEz/f8gjyaOKdSH1vmpubHSffI2N6kxsIAAAAAAAAGYUGauYk1yP+OSTrb6qJK1ripYB8DzdJE9jp/H+uhrVFAfick4966WuxkaFJHmauozs0UcaVdPqk3mTd6MUgFkjNf5O9x41dW2Wa3Rf5jY+6tZAY6M6rW1ZZVWf9iXth7vJAwAAAAAAzC55kUgkMtONAAAAAAAAAIBb5fLly1PeBqUAAAAAAAAAAMAhAqsAAAAAAAAA4BCBVQAAAAAAAABwiMAqAAAAAAAAADhEYBUAAAAAAAAAHCKwCgAAAAAAAAAOEVgFAAAAAAAAAIcIrAIAAAAAAACAQwRWAQAAAAAAAMAhAqsAAAAAAAAA4BCBVQAAAAAAAABwiMAqAAAAAAAAADhEYBUAAAAAAAAAHCKwCgAAAAAAAAAOEVgFAAAAAAAAAIcIrAIAAAAAAACAQwRWAQAAAAAAAMAhAqsAAAAAAAAA4BCBVQAAAAAAAABwiMAqAAAAAAAAADhEYBUAAAAAAAAAHCKwCgAAAAAAAAAOEVgFAAAAAAAAAIcIrAIAAAAAAACAQwRWAQAAAAAAAMAhAqsAABb079sAACAASURBVAAAAAAA4BCBVQAAAAAAAABwiMAqAAAAAAAAADhEYBUAAAAAAAAAHCKwCgAAAAAAAAAOEVgFAAAAAAAAAIcIrAIAAAAAAACAQwRWAQAAAAAAAMAhAqsAAAAAAAAA4BCBVQAAAAAAAABwiMAqAAAAAAAAADhEYBUAAAAAAAAAHFow0w0AAAAAgLlm8Nxl/dW/ntBbZy/q4xuRmW7OnLFgXp4eXLZYf/mbq1W+9J6Zbg4A4A6XF4lE+JYHAAAAgBwZPHdZ//HvD2tefqHmfeIuad48KRKR8vJ4nOrjjRu6ce1D3QiP6x//YD3BVQDATbt8+fKUt0EpAAAAAADIob/61xOal1+geXctlOblGS/mJSyUl+aR9zO/n5eneXct1Lz8Av3Vv54QAAAziVIAAAAAAJBDb529qLzCe6XIDTPRMqKIpDxFjOdKeM77jt/P+8RdeuvshVv67woAQCIyVgEAAAAghz6+EVFenpFimZeQsMrzHD3Py6N2LQBgxpGxCgAAAAA5FolElBfNvTTwPLfPAQCYaQRWAQAAACDHjMTKSELpUJ7n9jkAADOLwCoAAAAA5FgkQmYlAABzHTVWAQAAAGAapL2xPY85eQQAYKaRsQoAAAAAuRaJVQPlcXoeAQCYaWSsAgAAAMAtMFmmJe9P7X0AAG41MlYBAAAAINdS1FiNmH/SBQh5f2rvAwBwqxFYBQAAAIBbZKazOuf6+wAAOHX06FHH66xdu1YSgVUAAAAAyLlIJKK8PCNx9WYeb1w6qQ9HL8ZSNCPLdVdZsfJucnsZH69f0Ifv36W7ij5lJNqOn9TV8U/r7uX3StOxvxw9AgAw0wisAgAApHH8+HGNjo7q+vXrKd+fP3++iouLdf/999/ilgGY7W7+jvcf6ONfDKn+T71qWWm/XLusv//zv9PXS9ZpQf5Utp/4eE3XV31eP183T5697ypPkvf3f0/f+MwHem73L+TP2X6m5xEAgJlEYBUAACCF48eP68MPP5TH41FBQUHKZa5evaoTJ07o+PHjaYOroe/75DtTo66nPYnvaF+rT8EtXWpKfOt2E+hUY6fU1NWk3B9KQJ3Gxmft5xTY2aje5T75HnFlv9LoPvlag6rpapLH/vebbUTolLz7x/V6wsv1ni/oG+Vp2v2Dn+qJ8wv10h/ePw3/blm6iXYnrqv73PJv+PTsOB6biJVS6fBW9zfGivXPf/NF3f/RZf21f0h+M2PVu3mdvvk3TXrwzVdVdaxY8xxuN/3jMv3dxuW654OQ0eaI1P39I+qOZsrmaj/T9AgAwAyaN9MNAAAAmI1GR0e1evXqtEFVSbr77ru1cuVKjY6O3sKWAel98T63TvzhF3TiD916bqG0K3BcgTTLen73CzoxS4KQTtqdzmw6HsmISRpZlZHo3yd9/vEFPffHZbr/w8t67n8NaZft/V3fP6Kei9L9D1Xpb2zrR8aHdfUXP4n++Wj8I9v2r+n62SO6dvkD3ThrLXNEV89eMNv4gT7+xVndiEi6fklXfzGqG4pIl09Gl5EmdP0XP9H1qx/ourX+L36iq+99YGu/8d71K/bjuWbs870JW3s+0MfW+r/4ia6evaCIk88n4TkAADONjFUAAIAUrl+/rrvvvnvS5QoKCtKWCsjK2X3ydfYqJMn1qC3rMdCpxs5YaMnT1KUmV2JmY0Cdjb1yt/m0udjInOw8Yiwfty2bwM5G9Z5xKTQaii6Tfj0jWzTainVNsczb0X3ytRrt9qzLEMpKdRwe8/W9kkcBBUYlyaUa8zisbN7eUUnrPBkCZRnaZ9uvZ51HgTNu+do2yxXoVOPeUblGQwoV18Res9povaaEdtjbbhP6vs/47I745JP52aXdnq3d5mfX2dippjZ3bFuvhhI+C2WxvVQ+rSfKzusbgSv6p0HJo+NaHbii+iULtev8FWnJEr2k82aG5xKdeCmob6hQ/U+s0hIlZrOG9Nx3z5tBPklLlujE75otSMg4NTJNzeVty2WfTZrQ7vJ0+0heM2kfg8YxG+bruapf1RNj5ucQ3UZyW3Mlokg0qzIxezXt8199UI8slU78+9vqTvH+18+fl/7fk/q6uY8bYz/RH/9evVpWfzK638snfqzPvfqRPln4CSmyTH//F7+hz7/7tv6t5Lf163eZC105o//zb0/p/y78vH707SVaLUkLy3T2v65QT/dPdeKJx/XNJeP6690n5FeZfvhfv6TIm8PK2/rbxrKSdO5tufdc1oK7pUjkV/TDb/+29PaAqg9a7V2mv/vz39Cvf3BW9708IukDfTzk0g+//duK5vdfPaP2//KW/sevFBsZP04/LwAAZhgZqwAAADMocFhq7OpSV5NHoVe7tG9URtCyc1Q1bV3q6uqS71GXAnv3KVTs0frigAasSGJgQIHi9fIUm0G5MzXydXWpq61GetWnzjQpfyGtl6+rS75HXBnWC2lfa6dGH/Wpy3zPdaTXaJ8ZGJT5XkW63MJ0xxF9PyBt6VJXl081xSH1vmpsJ7DTp16ZbXpIabY+Sfs6A/I0Gdt2n0nYwqi0vq1LXW2b5Ypro0816pVvp60dy5uM7Td5FOj0mduPcT3iU9M6W0B6dJ98tn3btxfjUVNbjVzy2MonBHRYjerq6lLTupB6/9b8nDK072bsUoGRGRoXRPy0vuiaL135WO+an+0/nZe0pEAeSYEfnNewmVHaf9986fx5PTdoLPecORX/xB9+QS8tsTJNXfryEknnJ8x/u/jtOWKb7m/tf1fgZ3oplMV6ZgDVyIK9rm8cPKXz5QWql7TrXXMDgxPaJan+s7kNqlpS1wWNpK8Xeu8ndY/GdeSNNOu/cVJft9b/+IK+9cd/opbV89V/aED3dQ+o9NBlafWv6+ePLtYN23r3rH5AS98ZUGn3gO47dFmXFy5X8+NFkk6quvuUfnxV0ntnVdr9U309zRz7+x9aofOHBnRf9yGV/ntYWvqAfvhbH8S3P+H47J9DZHyFfvjtB3T/++eMdnQPqOfqcrV8e6O+NX4tq88n8X0AAGYagVUAAIAZ5FrvMbIPPRWxoFPxZvm6YhmLrmVW6qJLruVS4E0z8PdmwFw/pMDhUGxbxZtVs04aPZsm+rTcFc3ITL+eS5vbumLZq8UuWa3QaEij8qjGfM/zaE3qDMq0x2HxqMJjHJdnvbWFkEJnJM8WMyvTU6OaxNXMzyJt+wIDChTXqMbc9uYtieG8YrnMhUNHDitkBqejy54JKaSABo5InofMdT01qikOKThpQC+oUOK+jwxkMa3dpfXrzM/zoVh707dvMu/rpaErkhbqy7bsznQBxCWl+fqijCzRxGCj53e/IP+GK3ruuz9V5UlbdvbghHZpvjaVfjq6nDUV3/PZhVKa7Tlp9/nhsF637WPJhntVr+v6xtHMn4CxnnXsn9YTT3xBJ55YpSUJQd/Au8mfUc5Ebpg1SxMfI2levyHvPWaWfJr349b//IPavFQ6MXRYT/7UfP+nP9d/O3NN96xepm9duaFoYueFUVW/bq7/05/pB+9J9xQvkdfcXrTJCc8ViWXdXn73jLmfiCKv/3/68VXp/uVlZrvsy0eSthOJfKT6xz6r+/WBenqGo8fz9Z5zOqHF2vyVX8rq80l8HwCAmUYpAAAAgBlUvCx1sMk+Pd9Y0Jgu7nnII+01AmsDR1xa/6hLMsNsoVd9anzVvpVRKUXI07U8PlKZdr2EafySS27JCB5mcWyZjsP6e3LMdFTBbEvWpmlf6OyoJHealVLsd7RXvsbehFaYU9g7G9Vo38PZkORJHyBM2rfLLZeCmY/DaFQ02JskZftS/ctKr58MavVJa3/z9VxVljVHXYu1aeG4vvFuSF+WPdj4vl56KahvXDGm4J9QbHr9+Usfpd9eeYHqA1c0fOl9BcYnD16ma3dg/LqkhVrtMKH03fH05Tk8n10onf9IJ0IhnbjZTNrpkucgF/Mzd+seXdO/XYx/2X/6sr62/DN68D9IOmi8dvmDK0mrO3Xu8lndfGXTz+pLrrukcyf1zL//RLG7YgX05rk/1R8UfErS2JTbCADArUZgFQAAYLYJdKrziG2auFmPVJKR2drZq0BgvUaL18dlc6aqAZqN1OvFptMb7xn1XCVlHyzMdBxpFctdrCy2nr59yZmxk7DXZrVtfyCx1mkWkvbtIAjtrH2pffE+t/wbPn0TO/m0vug6I528oP++ULFgY+iiXrtibPcb5ZIGY2ssWfRJSVd0YkwporwufXnJeT0ROq9SadLgZbp2f7ZwvhkEzRjPdrZeeYHqA+f12tEJSdNXBsCWxpn1o3/8Q31THytyJSLdnWK5jy/oo5OnNc/9a+aFXFgjP4mYV3XxdUiVZ8sajcsgTchItW/feh5J9761fuI2lLCNhHZbry19QGe//YCSvL/gpj4vAABmGqUAAAAAZrWQ9u21Z2V6VLEupN7OXsmawm9OpY/VLw2os7FRvu9PFtLLfr3Q93tj09nNWq+95nKBV3uzCB4mHkeWbQr0Rm8elXHr9vZ5KuQZ7VWvVSs2w35d69bbarMaGbaNrfsUsj5ns+6rRvfJ19iYtm5tbINuuRL3va7ipjMi07cv94xyANf1+hVbsNF1t0olvT5+RbFp+qaEeqXnD/5Mq78bq3/q+exC6coV7bpy88FLq02vDb9v7uOCdmm+nlubeXuJ6wV+8FOt/u5x8/+IUQ7g9fNXbOUCZon3r+uyFmvdxgspw4Y3fmWNfv6d/6wffVlmduvdKklof+TaNUnXdO796W9uosiNa7Zn122xz/nGw9iIVnX9WPd19eu+rh/rvq4DWuH77/qsf+gWtxQAgNwgYxUAACCF+fPn6+rVq7r77rszLjcxMaH58+fndueeGtUU+9TZ2CjJpZqmGrk6g9Hp356HPNKR0WhNTsm8idKZxtiU8XVN6npk8mBW+vVcqnnUJZ85Fd71aJNqijuNGqPFLm3+kxodbjVKCLgerZHnSIoc00mOI32bGlVz2Ge0qbhGNesCKTJYPRna51FTk0eNnY1qlEs1j3qkw2l2VrxZvqagGlsb1Wtut6nLqO/qetqnmlafGs1aAK5HfSkzgouXuxR61SeffPI9Ym7PKiFQXCNfqmzTYpeK1avOxk41tWUqW5C+fTlnlgN4/Yo92OiS974L2nXyvFZ/V9LC+fqirmv40vuSXPpG1VUN7z+v1d89L8koF/CE1TizHMCuqQQvXavkrzol736rVMB8PVf1q8Y+MkWXXavk9xzX6oB9vVhZBKMcwJVpLQMQiUSUp4giUvaPx/5NP3jgN1RXtkZ/tPeo/qdrsWS+f2P8lJ77wq/rHl3RP/3LDUW+cF2XVaAld5/U9WurNG+BlPfxBf1xya/pHl3TyLH4bFN7e6zXFLkRH8CNe57wvlXf1GxP/HaNEgG/9Kki3Yhc1DxFdP29j7VkoaSwpMi7Grm6QvpUnv5obEL/6zOfMrYw/im9+Bf/WV+4cFpr/vGM488LAICZlheJRPhOAgAASHD8+HF9+OGHWrlypQoKClIuc/XqVZ04cUJ33XWX7r///lvcQmQrsLNRncp+Oj1yJaTnvnteu5Ys0Ynfnabp9jdr0KgVW+/5glHiIMdWbv9nzbtr4U2uvVp9Tb+k1VffVfs396rTfLXpTxvVsvoTOjH0v1X9uvHat37/N1T76Y90sHenat+Q9FtbNFTzWenMaa39xzOSivW9PyrV588Na+2+WOr3c0/8huo+Naa//p+/kF/L9eL/sVKVl36uZd/6iT5x3yo1PvqQvrn0svn+SvU1LZd+9r9V/a/WFozt/voHZ3TfS6claxs33lX7Xxpt/s5/+Zr+4F5J71nLmMd17uda9q0f2Y7pY/V0/kRfv4lP6saHV3S6+T/cxJoAAEiXL1+WJB09etTxumvXrpVExioAAEBK999/v44fP65AIKDr11PfCGf+/PkqLi4mqDrbjO6Tr9VWnqC4Rr42gqq3UuAHP9UT5yVpoV6aVUFVM9grSUuWTEtQ1RKJRGL3aDLl5SWUJE35/nFV/e1xfesPNqjl+a+pJfpuWD2dA/oL2/J/8f8c1In/+LC+WfM1na0xXjsxdFBV/2JtcJ6xj/nzjMxSa//zJeUtkJFx+q7+06mlOlX2OZ19/pf14x8f0uvz59neNy8Z50fM45Ika7sLjOPUu/pP/2Oh9v/JZ6NtvnzmlPa8v0p10WWOq7pT6mv6nM4+/7noMe3521hQNbvPZ9KPHgCAW4aMVQAAAADIoZXb/1nzPnl3LDDI47Q83vjoKhmrAICbRsYqAAAAAMxC0fyVm73ZPY/ZPQIAMIPmzXQDAAAAAGAuyuNxWh8BAJhpZKwCAAAAQM5FovVAeZyeRwAAZhoZqwAAAAAwDRIzK3me2+cAAMw0MlYBAAAAINciEUUUu9eSzL/zPHfPAQCYaWSsAgAAAMA0memszrn+HACAmUTGKgAAAADkWCQSUZ5iGZY85v4RAICZRsYqAAAAAOTYVO94z2N2jwAAzCQyVgEAAAAgxyLcuh4AgDmPwCoAAAAA5Fi6jMrJbr7E+9m/T+gaADDTCKwCAAAAQI5lylidLCDI+1N7HwCAW4UaqwAAAACQQwvmGTmVeWZqZbQuKM9z+tz6nAEAmClkrAIAAABADj24bLEOvXtBkYhx//qIeR97nuf2+YPL752ef0AAALJExioAAAAA5NBf/uZqFV6/omtjZxS5cT32RmKCJc8dP4/cuK5r58+o8PoV/eVvrhYAADOJjFUAAAAAyKHypffoe4+vU+tL+3X4336sax9/PNNNmjM+sWCB1pfdp7bH16l86T0z3RwAwB0uL5KpqjoAAAAAAAAAzDGXL1+WJB09etTxumvXrpVEKQAAAAAAAAAAcIzAKgAAAAAAAAA4RGAVAAAAAAAAABwisAoAAAAAAAAADhFYBQAAAAAAAACHCKwCAAAAAAAAgEMEVgEAAAAAAADAIQKrAAAAAAAAAOAQgVUAAAAAAAAAcIjAKgAAAAAAAAA4RGAVAAAAAAAAABwisAoAAAAAAAAADhFYBQAAAAAAAACHCKwCAAAAAAAAgEMEVgEAAAAAAADAIQKrAAAAAAAAAOAQgVUAAAAAAAAAcIjAKgAAAAAAAAA4RGAVAAAAAAAAABwisAoAAAAAAAAADhFYBQAAAAAAAACHCKwCAAAAAAAAgEMEVgEAAAAAAADAIQKrAAAAAAAAAOAQgVUAAAAAAAAAcIjAKgAAAAAAAAA4RGAVAAAAAAAAABwisAoAAAAAAAAADhFYBQAAAAAAAACHCKwCAAAAAAAAgEMEVgEAAAAAAADAIQKrAAAAAAAAAOAQgVUAAAAAAAAAcIjAKgAAAAAAAAA4RGAVAAAAAAAAABwisAoAAAAAAAAADhFYBQAAAAAAAACHCKwCAAAAAAAAgEMEVgEAAAAAAADAIQKrAAAAAAAAAOAQgVUAAAAAAAAAcIjAKgAAAAAAAAA4RGAVAAAAAAAAABwisAoAAAAAAAAADhFYBQAAAAAAAACHCKwCAAAAAAAAgEMEVgEAAAAAAADAIQKrAAAAAAAAAODQgpMnT850GwAAAAAAAADglikqKpryNhZ85StfyUFTAAAAAAAAAOD28MYbb0x5G5QCAAAAAAAAAACHCKwCAAAAAAAAgEMEVgEAAAAAAADAIQKrAAAAAAAAAOAQgVUAAAAAAAAAcIjAKgAAAAAAAAA4RGAVAAAAAAAAABwisAoAAAAAAAAADhFYBQAAAAAAAACHCKwCAAAAAAAAgEMEVgEAAAAAAADAIQKrAAAAAAAAAOAQgVUAAAAAAAAAcIjAKgAAAAAAAAA4RGAVAAAAAAAAABwisAoAAAAAAAAADhFYBQAAAAAAAACHCKwCAAAAAAAAgEMEVgEAAAAAAADAIQKrAAAAAAAAAOAQgVUAAAAAAAAAcIjAKgAAAAAAAAA4RGAVAAAAAAAAABwisAoAAAAAAAAADhFYBQAAAAAAAACHCKwCAAAAAAAAgEMEVgEAAAAAAADAIQKrAAAAAAAAAOAQgVUAAAAAAAAAcIjAKgAAAAAAAAA4RGAVAAAAAAAAABwisAoAAAAAAAAADhFYBQAAAAAAAACHCKwCAAAAAAAAgEMEVgEAAAAAAADAIQKrAAAAAAAAAOAQgVUAAAAAAAAAcIjAKgAAAAAAAAA4RGAVAAAAAAAAABwisAoAAAAAAAAADhFYBQAAAAAAAACHFsx0A5B7ra8EtGXluA5/Z6Mav5fFCr6XFahZZfz99F55Hmub1vY59dTOA3r2oUKd6vXocd9MtwZAOkbfY3th/LCe39io3TPWolvM3pdK09ifturlwBatutM+X8BkjQtSYawAINfs45u4PiYn11Dmd/qUtgEAmElkrN7xnlLXl1ZJOqW9Hs+s+TJvfeWAur46060AkJ2n1HUgoC0rzX7E45HHs1enCtfr2cDLas3JPlr18oEuPZWTbU2Dr3bpQM0q46LI49Hzb45LK7fowM5Z22Lgtneq1+pvYn+yDao+tfOAXiYAC8ChomWx7/XWNasyLJkl3xpFt7JyTY7GTLcG12sAYCBjFbNONOPWfL776Y1kZAGz2FM7G7S+cFyHv/O4Yj/NtOlxT65+qIllaM5aq5eoUNL4+ZOSprvfyuVnC9x5YjNhZrolAG43hWUb9JR2a7ee0rLPSBof13hhoVLn0E/OCM6O69RpadXKVVrjk3Qb/OiTeL0GAHcyAqtzXiwgcfi99VofN43lKXUdeFbrCyVplbYEAlpjTm9JnGZnn/ZifZEaA4BCjb/5ht4u+y2tLzylw28Wab213um92qst0akz428+r41Pm6GGNFNmn9p5wFy+UOv/LKADG59XtxoSSgHYpsxICdONMx1vLj9XAIantKGsUNIpnc1YeiRx+rrV/5zSXo8RkE0sJRDrp8zzvXC9ng0c0AazzEn6fip1PzD+5l69XbbF7PMS+oWvdunAn62PXhglb+uUTmmVVhVmLrNS+NCzOrBTsb7O/gnYj8/eb1n7Pn1Kp1au0ipd0Pnxe7VEqZbZK89jSioFkKnPju9vHZSJAW5b1jjB/P8u8/wZP6znf7Qkeq6sqgkosGavPP+wLOEcNPqlkwnnlX0ck3jOxY1xAMxB1rXPA9rwVWm3NuiBQmn89JhUaPQFyeXLksc68Vq1ZqWk8bf1yj9IDX+2XqvWtEpxS2a67kkcO8V/x2caGyS11RwrWH1Z9P03D6voIXN8ZO5bKa7X6P8A3MkoBXCnKHxA+gdzeq6kVV/q0lParcaNz+vwuGSVArAHVaNT7HpPaVVNIGFKa6GKznfL4/Fo49NHzNdWacnZjfJ4zG2u3KLfOf989HnhQw3GdBFzyuz4m8/HTZl92Wdkee09LRkDA0+KL2lbcMbjMbatFNONUx4vgNy7T0uMVE2dnMpmfC9ry0praq/RZ6yqeVmt2q3GjcZ5rPHDet4TH1TN2E8l9AOFD23Rkh/Z+oUas9+wBy3NPmlVTcL0tsIind/pkceTJijpe8XsS43gaiAQv36s9rWtTMIrCRP+VkrHPB55PL+j3UPjUuF6PWZdAG18QIUa1+F/SL4sS/ws9p5WrP22CyXjvUKt/7NclWcAZtaqmoACAfsf6/92mx7vPSWpUOu/0qWup9cb58/ORu32PW6MO2T2N/YSSNFz8HG1+V5OOq/s45iGhwpt55XtPQBz1vnzY5IKtWS1zJkq43r72Pno+7uf/qExvlhjfst+1Qi+6vSxFEFVRcsAjA8d1O7vHdTb40ooB5Bw3fOdwxq3jR/ixxbP6/B47Ds+u+u5ya1aclYbres1c1wy+fUaANxZCKzeKcbf1sHvSdJJnR+XVLhE96Vc0Mw+Gz+sV6LZTkbAwJj6Et2g3j6Q+CU6rvMnJGm3zr5nX8Z6bvpeozZ6PNp49jEFAoG0N6BIyRyAnPqR9UvtbjX+6JQkc+qM4+MFMJusqgko8Mp9atxoBjdSLpVtPzVmZtGa/YBO6ZjP/tzc2sYHVCjp1DFjb7sPvK1xFeqBjbaLj2ifks5uNW70mBcakpXF8bKZ9WplpBjbaNOx00qupWa78DLaYF2cWcebqg2xjOFj5mfR9lgsAGxNMbT667ZjKfpL4DaVXGPV1mf4HjfOx5Xrtb5QGn+ze/JMbXvww/e4PB6PXll2QIFAwo35TIUPPavAgS6dfCzDjy4A5o4Dx6KBU+P7dUxnT9gXiP9+TxxfJIr/jt6tg0PjivuOtgdepeg1lPGDUOLYYrdt7JTtOGly0bHR2TFJ8TVmAQAGAqtIYGafpTJpcHJskqnApq926UAgoEBNkQ5/xxPNHMnGU8uK0r7HFz0wE3L044Ut41MrtxjZZ2lvVpVlP+Uwizaa/WaWBChc4vyIjKDm89FjicuWL1yvZ83MOiNIU6Rl6TLcvteoH1oXZ2bGS/TCKk42GcNGkDcQCERLAtBf4k7Q9g+HZZyKqX4MnoTvZfPH3zHt9dh/NFHs/JRs5zWZ4MDcZ455PvM7+p2VSpmJGvsBM/mHz3iJgdFY8NLKeLWue8bOpui/vrpMRZL03tn0Y4NUSDYBgJwjsIoE8ZlccaY61dcU/fW213l2hzXgSCXloAPANLMyLDIECbPcjpFpYU51k6TC9WpIOWVtevqppOy3x272BlG28gVxbbNKmFh/MveB1sXZ7zxtlAFIHRjKJrBtTROM/WHaHua+p8wSAJJUqPVPOysJZGWSxd+UL8b4ESVWWkRapS2J5T0AzDHmmMe8WZV1w8o4PjOr9UsNWZUBsP/oGq2Hbma8ZswS/d5ZjUnSZ5al6Num/3oOABBDYBUJrAFDrLaffI8Z0+hSZkvdPGOQ0KrHEkoBnEw7EpBtsGJdID2lri+tUvpfgwFMt91Pd8fV9TK06uW4LK6EAKBVd8z01E5juu3LPhlT3XqNUIXxg0niBUJu+6n4afcJbclS6yuB+HXiEYaAegAAIABJREFUMknMqYGFxg0vop9N2oxc65iM/q6wsFA6/cM0QdjkqYNG+40aq0ZwNlbWwGjnAWpBYs57ameDWQLgeSPb1PZDTaYfaeOZtRS/2mVkp1nMbFajVmGbHjd/DEoZZAEwp8T6j3Q/eFrf+YVZlAFI/lHXyI43v9OtcUB0+r45fnil1bYfa2xhfccb9eknGyclBm2t9mQr4/UaANxhCKwiye6nN5o3b4n9enqqN3cZTkYQxrrByxYVnT6lccW+2K36huv/zBo42LXpcevGL4GAAoFntV6H9XzaWowApp9VX3SVtkRvImPdbME6N2P1kLcEAgp8RcZNGqwtpOh3xt983rx7bewC4VkzeJnTfup7jdr4ncMaN0sQPGvelOZxB4HVtsesm0bZygmc3hvNejXet6bkbzHuOm67q2+arRoXTUp/YSYlfxbGzSrMbFjf4/L0njL724B5gzBqQWJuSL55lRnsNG8upfHD6n56t9oes25gZ95gyvqRtib9DxzWOqtqjPN57LTxI8WS1Uo6r6zznUxw4A5g9h+Zaq8bP2pKk5YBSPG+ta7xY2/idY85tko5trBuZGWMuyYdJ1k1V80bbi47nzTPJqPM12sAcGfJW7t2bWSmGwEAAAAAwG3P97Ixrd/2AysAYHZ64403JElHjx51vO7atWslkbEKAAAAAEBORKf5Z5htAgCYOxbMdAMAAAAAALi9terlwBbjplSn9zoqKQQAuH0RWAUAAAAAYEra9LiHLFUAuNNQCgAAAAAAAAAAHCKwCgAAAAAAAAAOEVgFAAAAAAAAAIcIrAIAAAAAAACAQwRWAQAAAAAAAMAhAqsAAAAAAAAA4BCBVQAAAAAAAABwiMAqAAAAAAAAADhEYBUAAAAAAAAAHCKwCgAAAAAAAAAOEVgFAAAAAAAAAIcIrAIAAAAAAACAQwRWAQAAAAAAAMAhAqsAAAAAAAAA4NCCmW4AcqyyWR315cpP+WZYg7u2aXv/LW5TKnUt8le5JUnhY93atmNg0lUqtnaoYU3syLJdz7latfirpf1ete+pUPMLDSodTrGvuhb5q6Q+b7t6pqEVwO3m1p2j06CyWR31pRpO7CPTvQ5gxiT2NYZbOMbh+x+4o1h9TvK4xrhOKC+Qgvu9at9zs9vW7LlGAwA4RsbqXNO/Xdu8Xnm9Xnl3DSqssAZ3mc+9s+QLu7JZHVVFRrt2DUprnlRzZeZValv9algzpj7r2Lx9GlvToI6tFbemzUYr1OL3q6XuFu4SuE1M6zla2awOf8ek/UQ2bfS31k69PQBm3sSguqP9jVfdx6Ty+hZxhgOYFhNhqfRhxY1qKh9WacFUNlqhh0ul4IhU+uCtvKZximsgAMiEwCpmyJhC/ZL6QxqbbNHKZm0oCWtwlz0zpEft+4PKX7Npmi+iBrT9GW/qrLs97fKSrQLM8DkKANLAW8MKq0iuKf4AAwApXRzTWEGpHrb3Me5Fyh8JKniz26zbpHIN67WhMcZLAHAboxTAHceY5u42n9mnrdS2+rVBQanErfyJQXX3L1JDlTR4rEjl5pS74H6vhsr8qi5JXD82FUaSNNInb1uakGN/SGP15dqwtULvaIPcE8PqzpBJW/FgqfInhnUocZk97fLGTbnJfGzVCipY4jbfT5gyaCtNoLgBklUK4F80XPrbxrpVfrXIq3YlTAWMK8Ng2745lXhsRHKX5Cd/PvZ9z6ZyDUCWpn6OmufZRbP/Md41z61atZjnVXl9h5plnB+1rbF+KOm8SXEuHnqww1y+Wv5Wpe+fJsP5CsxK8f2Q0acsuhiUu8Qd+86NO39t5Uom+55WfJ8THLGHURyMfwDcxoY0NFKtDQ9WSP1GwkVtmVvBoT6pxOxXKpvVUb9IB6OJF2Zf1J+6TEBtmVvh4W4N7FmhTVXVKquTZF8u3bWFEkqiTAyq+5ntMls1yfVQrI+q2NqhhtJhY12zxElwxC232dcZfaTU/EJ1/DXQTZQ8AIC5jIzVO0qFml+oVtGx7mipgKKq+Om1+SXSQa9X3uiXs1uletGcZheWu8qvsiFj2l3fiOSubFaFpIqtT6r8Yp85Ja9bg4urM0wXsTLZGmJf5hlaveLefOliKOMySce2Pyh3wrGppEiXdlltz1d5XbM5nadWLVVuBfeb0wkvFMmdtP0T2v5Mn4JKV0PJCP6M7U83JTFfbh2MlWgosT6fWrVYZRG8Xnn3j9naBdwecnWORvsfb7cGJ9yqbq2V1KP2aFkT84KirkXVi2PTgPtG8lVebZ1t8eeid/+YyutbtGLHNvWNaIpBD85XYNYoKFeD3y+/+adhzZj6EsYT7sWXjH6irUfJ529iRn2672kZfU5J0Cx10q1Li2OjBGfjHwC3s56hoPKj5QBqVVYS1JD9mqD/kIYn3EaAVDJLBSQsE1WrspKwht8akNSj146F5S6rjXs/1XimVpLqWuLKL/VdLFdDa62yuh7KyK2iC922PvJJNVcOTHINBAAgsHonMb/cD1rT2vu36+BIfnxNn5GhhKntseUHzo1Jig0O3rkQjt9+yQbzi9uYPp/ui7dia4f8VUUKjoSlgkVaMeUDk3ls1uBE0p7XNDiReGwHo7/yxrW9rkxu23EN7DjofEpPym3YBlYKa7DP/GSTyh/YgkJ72m1BbWAOyeIcDR97zex/BhS6mGFbcedJhVyLbe8lnIu5L9nB+QrMCgk1Vr37peqEWszh4UO287NH7bZa8xVLixI2mP57urbMbRsfDWh7f8IoIcvxD4Db3J4hBa1rl7oyuScu6Z24BQZ0aDgWIK14sFT5SddWproyuW3XJgNvDStcUhb7sSfDeCa+T5J62swfkLK5HsrIdp0YvKRw5oUBACZKAdxJ3IuUL7eq/X5Vx72xQppiaGBgxzZpa4ca6v3y10tpp8hGf2FtV485Pab6hWa5LparXKkzyd65EJZKXarI1Er3IuVbdVsdqlhaJE0M2wZG7+jShLRoStvIVo/avVKLv1p+v/mvwjRC3Gam+xxNkjA1LjwRe+umz0WzRMkit6S0beR8BWatPa9psLLBCCCkPIfjp+yHJ7INGRg/3oSHbb1K8JLC5igh6/EPgDngHV2aMKbsR6fxa4U22ZYYeGtYT9abAdJ78xUcSjVGqFBzpVsqcMfGE6YNWyvUs2Mgw3gmRZ9kyeVYCwCQNTJW7yTBSworaLtrt/knR0GBgR3botuMn2ofYwwSrF93zaklBeUqL7FliiRu961hhROLxUvxdwoPXrrpm1YMnBtLyJxdoUUO7/CZvA0netRu/VskTj8EbgPTfY4mqq0uV/6INfV2mw7aslundi6mkHSRwvkK3JbqNqm8IDYG2tY/6a0zTUYGff69tl7Fvcj8YcdcIovxD4C5wMpIbbFN408QLQeQolSAxZxFmHhN1n0sHC01kH48k6JPsuRwrAUAyB6B1TuJ+UW/Yas13K9Vi9+vjq1TH/7Xtvrlb43VBXrnQjhlzUUjAFOuTUmBiAzTVMySBfE1SyvUXFeufGsKTf8hDdunutRtUnlBmgFPoj1DCsr2udSVpaixmt02rKn/FVs3xE/fScceeJLM6YdhXbrp24sCM2C6z9FUFhsZsqps1oYS2+sJ52LSOZZWj4ZGJHdVwjFU2qbbcb4Cs1dWfYoVcDDP7Sz1DAVt0/3NabimbMc/AOYGY8q+W+5UN+00ljCCr1XVKUoFGNKVCIj7oTrDeMbok2JlAyq2dsj/QrMqJhlrvXMhbFuvQg+X5gsAMHWUArijDGj7MyvU4m+Q399gvDTSJ++OqQ//e9q65XqhwTadJag+b4oM1P7t2uZukb/KL3+VueR+r7zBZnXUmwXSUwxSetq8emdrhxpsZQzCx7ptbU8+tuB+b5ZT8XrUvsuljnpz3YmgghOplxsaqVZ1lV8dS7u17VyqbVjHFdbgrizqOlqfR3QKoXFc7UzhwW1mWs/R/kMaritXeb1fLW6v2vsGtaHeuHFNw8Sg+o6FVR0tRZB4Ltr24w6quqpa/hdcKW+a19PmlVr98eVS7FP9OV+B2cO8eVWD7aWMfYpZKqC83i9/fViD+wcVrirNLrNrT7u6l8am+4dHgtHag1mPfwDMDeaYpDSuhnO8gbeG9eSacinlMrXatCZfwf2prpPM8U51rdSfYTzTb/ZJ0fFKUH1eY1wzkGGsNbDjoDb5q81xTliDx4JSaTYHnXANlINrRwCYS/LWrl0bmelGAAAAAABw+6tVi3+DLlFvGQBmvTfeeEOSdPToUcfrrl27VhKlAAAAAAAAyI26sgylAgAAcw2lAAAAAAAAmKLaVr+qS4ySYEyYB4A7A4FVAAAAAACmqKfNO/k9FgAAcwqlAAAAAAAAAADAIQKrAAAAAAAAAOAQgVUAAAAAAAAAcIjAKgAAAAAAAAA4RGAVAAAAAAAAABwisAoAAAAAAAAADi2Y6QYg9yq2dqhhTX7S68H9XrXvyWoLan6hQaXD3dq2Q7a/D+S8rZOrVYu/Wsqy7bFjD6rP266eaW/fpC2a4c8PmH7p+hxNDKr7me3ifz6AaVHXIn+V2/ZCwnd/XYv8VYq+5niMUNmsjvpyRXu3XPZpcW0zxgrlBZJGBjW4uJxxAzAbJfY5I33ytjm72qjY2qGG0uEc9CXprpHiX69t9ataztsJAMgeGatz1cSgur1eea0/+4NyV/nVUjfTDZtOtdq0Jl/B/V55ZzCoWrG1Q/4XmlUxQ/sHZkRin+PtU7CgXE9uze5MqG31y99aO82NBDBXVGztkL+qSIO7Yv1O97EiVfs71FyZao34MYIm63PqWuSvL9fY/tj2+y6Wq+Gmv99r1eJPMw6r26TygqD6vF552w7d1Naz3heAm2L0OTLOU6tPULX8/hbd/qMX+gwAmAoyVu8Ue9rVvbRDDZXNqtjj5BfSAW1/5nbKmAjrUnCm22B3u31+QK706LVjG9RQ+rAqNEDWKoDcqWzWk2aQdHt/7OWBHS/q4RcaVPpghdQ/IO1plzcukyvbMUKFmivdCh/rjssE62nrU5m/WpvqpIGsZgBlkNi2iUt6xzgKxg3AbFPZrCfXSIO74hM3etq65XqhQRu2VqhnlmaY97R5Z8EMPgCY2wis3kEGzo2pYc0irZDMIIcxVcSa0JK6VIBtKvu5TXFT6pKmucdNmQtrcNc284LHWG7RxaDcJW7pwpjC94Z1MGE7i/onn+5vTGcJKljiNttt7cd2LPV+dTxotCluirJ9Cl9di/yVUlBuuQvCGtz1olTXoNLhQY2tKTe2MzGo7j3Sk9YxxU0BtE3bMz4943OpazH3Z2S16JlDxkWebUpfbatf1SXmarYpROmPLfNnAtw+Uvc5FVs7zHOiWv5WydvnUkd9qYaj//+Tp7VtUFAqcSt/YlDd/YvUUCUFR9xym+dW+Fiac47yBMBtr+LBUuVPDOq1pDFDQlAyOt1+SGW2McL/9cRH+uQ9UrTPSZwiW/mwSgvCGn4rsafoUbs3ftlM3+mxfmpEIypRiSRV+dUir9pltm2/VG1OLW7wd+jh6Hhk8nFD4rRko9+Tml8wj9Xa1x5lGKPRRwKTMfqcYR1KGpMP6NDwkyq3fkROur7Ypu399muGsIIjCdvO+lrl5q4J4koBxPUZ9vY56DMqm9VRv0hj5pgr+G+DKvr8opu6rgOAuYJSAHeS4CWFVSRXpWR86VWr6Fi3MZ1l16CKqtJNnzPtGVJQbpVZ00TiLjxq1WKfMrd/TOX18VNj3IsvGVOF//wVDU8kbieooWy/fEuKdMmc+tc3kq/yumZVqEft3j4FZQRrtu0YkOpa1LBmzJyy061BlavBPu2vwC31e+X1xgYq+WsWacg2jbmhTnrR/HzCBeXaZLa5YuuTKr/YZ04F6tbghFsbtlYYmcHHwmkvTCq2dqh6sTVluk/Bkmp12KdKpzw24HZkTLsNDx+y/RiRus8Z2LFNfSNyVKssv0Q66PXKGz3P3Cq60B0tfZK/5kmjP6trsZ1zxlTebMsTAJidVtybL10MOQj+xY8R/vTZP83c57gXKV9jCk0SxIj/Tu/W4OL47/RYP9Wmtmdi+48LNuxpl3d/UMYPtMmBk/T7qFWLvRTC/qDy12xSrQa0PWlfGcZo9JHApDL1OQPnxqQCI3FFUtL1RcXWJ1Uu6xw7KJXYatLHXauY5UYmuVZJ5K7yy++3/4n9gB0vsc8YM68zJu8zuo8p4bouNuZqf+HQ1K7rAGAOILB6pzK/9A5a01b6t+vgSL4xfS6tHg2NSO4y82vVvUj5IweNL/q6Mrnt2SN7XtOg/UtWsgVYBnRoOBzdTsWDpcofGcp+moq1T0nvXAinXay2zC1Ftzug7f1BqaTMNihI/tIPH3vNXP4dXZqwtbk/pDHbcgM7ttkuxlZoUYGyUKGHS+2Bph69diys/NKHY8HTLI8NmHUKytWQOLAf6YvdfOWm+pwMkvoM27aDlxR39th+FOlp83JDGGCuqWxWh73/uSV1zo3v9GD/9ujYZnt/MOE73cHYJsM+7OOn7c9YfViP2m3BloqlRek3M9kYjT4SyCH79UXqsb+ltsxtu/aQevoGFZ7kWiVpb7Y60NEa92mXzld5tbn1Pe22H6cT1JXJbdv3wI6D8ck1smf0T/G6DgDmAEoB3EnsGRh1i5Qvt6r9flXHLbRCMqt8pdLTN6gN9eYXfplbwaF2SeaAvsCtBr9fDbblw0tTX9oMvDWsJ63t3Juv4FCuv34r5FoshYfTH8uUJEylCU9ks5IRgB07xwUL5qDE6WtVRRrss53X7kx9zjSeE3va5VWL/FV++auMl1KXPQFwu3jnQlgqdalCZu/Rv13brADj1g41lE5xB8FLCqvUmOGTNmvV+E532/oWc+VY5tqUZRo3xJckCk+k/zE24xhtB30kMJmkPsemYmmRNDGc5uop+RweODdm9lHGtUp+SYP8/rgz05xdmGs9avdKLf5q+f3mSCxN1n7mY0o2/dd1ADC7EVi9g9SWuaWJQeNLMnhJYQVt9XDsMuR59B/ScF2DyupqpZKghtqMlwfOjalh4lKaulwptpdmO7kzoNDFBpXfOx1Bm9hNLYysDrPW7KTrGVmwpUtTDcuAOcS6WV59i2r7zT4mY58z/e2xbhJTsbVDDVUtqt0zA+0AkBMDbw3ryTXlubmJVCr9hzRcVx67CVaUvba88Z0eTFNHMDd3Cc8wbqjbpPKCYKzuvVlPNpXMYzTRRwKTMPqcUj1cKQ3E/diSmJGaKPkcNrLLL8m6VrHXU46Tej7/FNnqRFc2q6O+Wi11PUl9WPJ9OSYx7dd1ADC7UQrgTlHXouoSxaas9Rv1cDZE62jVqsXvj6/3mZI53aOqWkW2qSvaM6SgbSqZNS2vpS7NZmzbcUfvhJtbPUP2qf9GMHTq0/Ji8u81c1LqNtluYpWJccyxaYKJNSiBuWNgx4sanHCr2qoV5qTP6Q9pTLYyAXVlN319UbG1I25a8MC5MdvdtwHclvq368VjYbkTa8NHbyA5Vea0/jUNceOYiq1Pqjxa0sQcx1TG+pfa1lyXIUgcN5j7iNZgtNXNr8zQS2YYo9FHAlno364Xk+qMSrWtDbY+IRXzHF6zKXo98nBprI/qGQra3jPPR39Ljn6YSVDZrA6/rc/sD2lMYV1KVTcg4b4aFVs3xJUGSDb913UAMJuRsTpXmfUOYxNLwhrc5bUVPh/Q9mdWqMVvm34y0ievmYGZifWrbfzdcnvUvsuljvrYVLLwse6MU8msjBNNV2DRypqzph5PDKo7yxvjZDag7f2b5K8yp9KM9KlvxK1qMzvWOq4Gf4tWeF+LX3PHNq1o9cf+baKfOTDXxM6Tjq3vaNuOTH2OcXFRXVUt/wsudT+zXa8d26CGNeayI4ManJAW3UwrEs85hTW4q50fM4Db3MCObRqobDbGHfWx17Odxp7Y5yT1CXva5Q02x41rNDGobm9s2eT+Jag+8/3kcgA9GhqpVnWVXx1Lu7XtXPbHGbePiUF1P9MjqUKDlQ0qr/fLXx/W4P5Bhaus8gUJ+9qRaYxGHwlkY2DHNg3UtchvL2k00ievN/O1hXUOW6WQgiNBabH5ZuK1inn+TUu2eP92bXO3yG/rM8PHutXeLyX1T0l9xuTtmvbrOgCYxfLWrl0bmelG4E5Vqxb/Bl3alf5OlwAAAACA2YzrOgC3pzfeeEOSdPToUcfrrl27VhKlADCT6srknhjWIb58AQAAAOD2xHUdgDsYpQAwI2pb/aouYboZAAAAANyuuK4DcKejFAAAAAAAAACAOwqlAAAAAAAAAABgBhBYBQAAAAAAAACHCKwCAAAAAAAAgEMEVgEAAAAAAADAIQKrAAAAAAAAAOAQgVUAAAAAAAAAcGjBTDcA06lWLf5quUf65G3rsb1eoeYXGlQ63K1tOwZuXXMqm9VRX6rhXdu0vT+L1wHcPupa5K9yx55PDKr7me0yephc9Tlmn6ag+rztsvdq0f3H7RfA3JZunGN7T1L4WLde1JNqWJMvKajTI26tVJ+8be/Y+ibNzNgIwOxW2ayO+kU6aB93VDaro75cOhbfX9S2+lWtPnn7XFld20SXT+q/klVs7VBD6XDqMU5di/xVSh4bAQBuCTJW57K6MrlHggqWlKn2Fu2yttUvf+ut2huAWaGuRf6qIg3u8srrNf50D5eq4YVmVaRYfGr9RFjhCbfK6hK2WeZOvTiAuSvDOKdi6wa5JwbV7fVq244V2rQmX8H9Xnm97fr3Ke62YmuH/Gn6NwBzTH9IY0oYd7gXKX8iLJU+bOsHalVWIgWHZm9ok+s0AJgeBFbnrAo1V7oVHHpNlybc2rCV4T+A6VGxtEiaGNYhW1bGwI6DChaU6uFKSRrQ9me8OcsCG7sYlrvMfmFQIdfisIIj4ZxsH8DtIItxzsWQLbMrrEtB4289bd4UGWK57acAzBU9GhqRipbaQqhlbgX7D2qsYJFWWC9WulSkoIb2SOrfrm3eWzgTb0+7vGSrAsCMoRTAXFX5sEoLgjq4Z0DvLH1S5aUPq0IDCVNHHlaLv0FuKXn6rDnFJV+SFNagNZUladq+MdVO+716bWmHqkskqVr+VmU1rSWluCnFtn0DmJUGzo2pYY0RRB2Inqs9avdafUCsFMCLejJFPxGbsitJwf1ete9Jv79LQ8MKVxkZaj2S0d9pWAcvlMq92LZgXD8mKTpd2GrPoMbWlKfuAwHMbhnGORVbO8xp/9Xy+x/WuO5RoSTV+9XxYLcO3ttgTr99x7bBxJIlxvPyAut9swRJXYu57XI1vNAsmf1Gbavf7Ntk62sAzAXvXAir+t4VktHDyLU4rEvBHoVG/EYm6x6ZWayX9I6UdL0U1z8kjTdcan7Bb/Y1N3ndE1cKIKHvMvujiq05uk4DACQhY3WOqniwVPkjQ+pRYuZYTP6aUl3a5ZXX261BlashOjWkVi315Rrbb07pPSaV17dMWk5gYMc29Y1oihcUtWqxTyneP6byOqbbAbPannb1jeSrvN4vv98vvz99f5HcT1So+YVqFR3rNs75XYMqqupQc2WaDej/b+/+YdrI936Pf87V6haGI2QULYoUG2ndUFwTimgNEWXsdECFF6UDu9lcwz5PmwgURPpgizQM6Y6QXRF3MdtEQut4RZHgxo1Xwo4UZYWwooOtq6c5t5gZe2zMn8k/CHm/pEjx2J75OVJ+nvn4+/uOpMorlR3tAEK3AlL5lfbbXhTSQrQ1j8U2imr4xtv2e/IcCOCyO+08p5Ca1/qbhhlgxP5b/xXLqSLzR5vzVqSGEvcUrOWs9ibrKtpVsenl1r6tcCSUSCriNdsOxGLrKnojSrJSCLgyCrtlNeyWI9aPua/yZuBqr6AJ/XhNjfKrrv1PW/NDTLlaUPec84MvIKWt56qeT77uOTZ3eSNajH6u6zQAQDcEq1dSSKMBqZizvzQzKlU9Ctzq+Jqu7li/iBa0mq9I9glDdEh+eymLrAuWzt5CX5RHwYgVcKSXFaOKDLj0Mo/s/qo5VeRXxDDO14PQrjqzw478qna6zVdtCnpVbljL8kIaDXh08HfnLGEu621Wvvr7WpWrtpPmQACX3DnPcz5BITXvCB8G1dd70ivNOaiSt89VzPnE09Z7EcA3Lf9OB7qm62MyzyesNiOF3bIa3usKWXNSefeEK5beoO5a11GZRx0/8DTPRcyg9rNo/pDccS4EAPgiaAVwFUXvKtjrkeYMGXOO7b67mlah2X+nceio76p8UEN9klr9Eturvz6D/DsdzAXV55d04hKXjJZj0qIRkWFEzE38sgp8Q+wWAOby/nuJkAqpU17u75PHCmIjbU/YS+66K/x9oPjYqEJjspYDS0q0v6Z96V1DnZcrJ82BAC65c57nfNox2tsSNY5OeqEZuvrDhoywc3vljFkMwLcjo1I1oiG/1V+1tGxuzr9SOXpPo2Pv1Nd7oFK365v0smJalOGYI85qefQpCql5KZFUvDk/0lYNAL40gtUraHrIr8ab9Y7lbmbI0ewD1MlRzWX2S+z7ehcE/j55dKB33Xozji0oORfRYjTDr63ApWT28urLd14k7OvDkXTtrLdXPqihinbc3nQhXVIlPK67EclT3ZHZVMBhbEHjvuP9oZ08/Y5ZrltFK4BL6aPOc1wxb4zVOobVf7Xra825rnJsDgRwlewfNjT+47TVX9XeWtC7WlxDt67rmtWapKv0smLW/BBKJBUPL2o6vfzFxlpIzTev4aaXDEWiCwrlV7/Y8QDge0crgCtnWkO+RpelKOYdLZ130vbcvGstezUvIGSfEKRLbUv/Q4nxVmuA/DsdyLHcLjrUvOHM2awxhJ39FzuOPbagpOHor5h/pwM5T2AAXC7msnx/Z1/U6F0Fe7vNRR3yZr/U1h29p7VoGOfoT2gu/fX7PKqUTrqU8ZgV8pKmI8HjwWlz6X/HPATgEjv/ec6nMn98kTWfnfRj4gtqAAAaYElEQVQqaw4ca7U+mV46ZysUAN+Mwm5Z6h9Sn9Vf1ZYpVXQtEJAOu6/1CyWSbfNB4e8Dyb7J1RcwvWTIcPSM3z9sSFbrAgDAl0HF6hUTSozLf1TWepflHplSRZHwuBbGzK/yxpsPGjIMGZJ5E4ZHrV5lyxvXlZyzl6w0VNywq8kyevFmXPGbcRlGXKoWVTxScwGteYyIjCfXu95hO/MoJi0Z7ct+nUv986ua9y/KcCzva7xZ1zLLV4BLq5CaVyHa/v/WvIP2fNegsnOeWP1tUIuGNadI5pxwjhvMZEoVRXxq9oNuk1/VTsRQxFp6V9nOqeKLtLUiaVSlcXsuapsDAVxW5zvPyejVJx2loNX8XRlhqy1RNadc1d+8K3hht6x7N4OKG4sajC0rk5rX4JKhuGHInMUqysXoDw9cKVZLM3811/5/u/JBCl878YfkwrH5wbyuKshseuRKb9CxH+vw2zE5a18zj9Z1/Um81VJNFeWslYBnXacBAD7OP0ZGRv5z0YMAAODrsZb1ljuXEgMAAAAAvhcvX76UJL1+/dr1e0dGRiTRCgAAAAAAAAAAXCNYBQAAAAAAAACX6LEKAPjOFLT6Gy0AAAAAAACfhopVAAAAAAAAAHCJYBUAAAAAAAAAXCJYBQAAAAAAAACXCFYBAAAAAAAAwCWCVQAAAAAAAABwiWAVAAAAAAAAAFz64aIHgM8vlEgqftNzbHtlO6bl9Alvii7KCEu52LIyX3Z4p/qosTtMLxmKKKfYo0zb3wEAwBUSXZQR9rceHxW1/tuqCl/wkOc+r7gk51QAPg/z+kQqbsxrNe94IrooY+zDF597JBfzDwDgq6Ni9ao6Kmo9FlPM/rNdkT+c1MLYRQ/sHL7lsQMAgC8ruigjfE3Fjda5wno5oPiTBYUuemwAriiPgpHpix7E2cYWlDRa102hRFIGcyMAfFEEq9+L9AsVjzwK3DrhazW9rNhlraw4a+wnyDyK8asuAABXTOjHa9JRWa8clWOF1I4qvQGNfsEfYTmvAL5jRw01fBEtRi96IACAy4ZWAN+lkBaexNVXq8jv80vVnGKlIWvZ2gtdfxJXoLyu+ZS1qKVtSZv53mCvva9K21K3tqX89rK8Y8tkprVojOtD53IaF6aXDEV81oNq92UxnUtmuo1tcMnQ+GHHZ/1KS3oAAIB7hb8PFL9phqiF5nlERsux5tmIFp7EFSgXdXAzKL90vFXA2IKSc0GZZwWNjiW+01o0IrIbDdjtiDrPK9rORY7tw9Zx3nTCOQuAy66snTcBRcKLmk6fVIzSfe4IJZKK9++0zx0dc4l9PdI2r5zS4qTrNZemtWjNa8G5pBZCBwr+H4+koOJPFiT7NV3G2ByHKpLPL89XaK8CAFcFFavfi+hdBXsbKu+2vh793g/mkvu2E/yCXpUb8gRGm0tGpof8UrWkjKRQ4p6CtZy19G5dxSO/xhPWK6OLit88UM5alperBRVfmpbSpfYqkuiQ/B2VJm7GHkokFfHa7QJyqvgiSibOqGY9YWyZUuXYZ22UX3ESAQDAZZVeVq7qUXDOkGEYMoxFdVug67kZ0IcN63xF1jmJJFnhw8G23XLoQME5ex8hLTyJ6NqbdfO5jaKudWtHFF10nIvEzPF0WSZ87LzJS8Ub8K3aT/2r/dqnzclzR2G3rIZvyJpjpjXkbbQ/9lnXOZ3zSi2oe92OddI1lzJa3iiqYf/Q82RZ628ajuD17PnN45N2YjHFCFUB4NyoWL2qeoOKG4bijk2V7VhbJcVJAWJht6x7zUqQkK57GyqmzfC1kJp3vGdQfb2t95kBbK75C27mUaz591I1ovFbISlfsMLL9ZO/rE8de0ijAY9j7Bm9eDOueGBUoVO+/k8e27Qq4XHrs1onNjlOIwAAuMyc3+OLRkQRw1Cks8KqumOdOxS0mr8rI2wGGZnokPxHRa3bN8VMv1BxLK6hqKTKqALOH6Lzq5q3zp2mI44BpJcVa95UM6TrXkm1EwbrG9fCWEar+YJWf+McA/h2FbSaHlVy7p4WxgpadT41NqpAb0U7qdbcsRMxzOuf1DsdzAV0fUySrutabUc7tXHzsd8sOFnPS/JL6g3qblQqpNuvpZymh/xqvFlvXdfkihqfs+a304Z/2hjz1jarmAYAcH4Eq1fVpyzfcH7JalQBlfUvO5BtuwtvQ40j+03mRUWjvN91l5lSRZExszL0uveM8PLUsZth7sHfbj7ZaWPLtEJfXde1o7JefGR7AgAA8LXZLQDMgPVeIqRCynymcej43q98UEN9kqwerb3+Yz/iNn4MSeqTRwd6d9a5QEcrgdb5ULtCal5KJBWfM2TMma/t3jIAwDfBuk6KRBcUcv4/9vfJI7/5I0/bGwblvN4IKSAdvtK+xq3H19QovzCve9LLimlRRtiQETbf7VyqbzKvazy+uAyjbQazgttTnDpGfvQBgI9FsIqu7CB0WgGp/C/rqzakhTHzF1KzJ6nVw0ySVNC7WlzB/hO+mNMlszI0qvag1rV9fTiSAj+Guh+nq9PH1v2zAgCAy8fqE5/vDBvM84Nrji0e5/e+v88KQa0erUcn9FMfG1VDVmXZKecq05GgPNWOfqsnvNa52md6yQ5kWGYLfKsyj3IaMiK6O1Rpbax8UEMV7ZxwM+BMqaLI0KAGJZVzBRU0qnuRUY16pXLaMRs4quFDiaTiVk/XFvO6pu1+GE6nhatnjBEA8HHosYru0iVVeoOK3DxoLRexmBcqsnqftrZnShWp2S/IPBkwnixY/UszKlU9CoaD8tTefcLFRGcP2Gndvek5sy/qqWNrflaPy0pYAADwdZnnAf7Ovqddesm3vvfNH4abS1yt7/27dq/TsQUlDcPsfZp/pfKRR4Fbze7rWrSf6+S9bp5HjC1o3NfleZlBqrHU6r26f9iQPuk8CMDFy2h527oJsC3/SuW2/qvm3NG8D0Tlgxq+cY17rYr4/DsdeAMKqHXfifZrJ/NHIB19UOeau0ypIs/Nu+3XNSf0mm5z1hgBAB+FilWcwFyy4pezz47doywiw4hI1ZxyVb8idkVIelnrPyYVby4vqSgXa1VkZEoVRXx+VUqf9htpITWvwSWjtYSvmlOs2y+2TqeOzfqsvopK6dN2AgAALlohNa9CdFFGc3m9ZH6vz7dVYTWq0rj9vX9U1HrzZp0ZLW9cV3Kutdy28WbdqoAtaPW3QS0arWW2jTfrmk9L00utfZs9Da2e8EdF5d40FAmYQavzjCTzaF3Xn8TN86bmOKkVA755Vm/mYHPD8bmj7Rol/0rlaFBB2UHpvj4oomuO4pBj1zhqqLixrILMxfqtY3de15ivyziPM2do0R/T8m5Z924GFTcWNRhbPn2MAICP8o+RkZH/XPQg8J0YW1Byru9SLj8JJZKK9+80l/QBAIBvldWq6KSlsgAAAICkly9fSpJev37t+r0jIyOSaAWAryh0KyDPpbzTZEijAc8nV9ICAAAAAADg+0ErAHwFZuVIsPcSLn+z7+pbzTUbxQMAAAAAAABnoRUAAAAAAAAAgO8KrQAAAAAAAAAA4AIQrAIAAAAAAACASwSrAAAAAAAAAOASwSoAAAAAAAAAuESwCgAAAAAAAAAuEawCAAAAAAAAgEsEqwAAAAAAAADgEsEqAAAAAAAAALhEsAoAAAAAAAAALhGsAgAAAAAAAIBLBKsAAAAAAAAA4BLBKgAAAAAAAAC4RLAKAAAAAAAAAC4RrAIAAAAAAACASwSrAAAAAAAAAOASwSoAAAAAAAAAuESwCgAAAAAAAAAuEawCAAAAAAAAgEsEqwAAAAAAAADgEsEqAAAAAAAAALhEsAoAAAAAAAAALhGsAgAAAAAAAIBLBKsAAAAAAAAA4BLBKgAAAAAAAAC4RLAKAAAAAAAAAC4RrAIAAAAAAACASwSrAAAAAAAAAOASwSoAAAAAAAAAuESwCgAAAAAAAAAuEawCAAAAAAAAgEsEqwAAAAAAAADgEsEqAAAAAAAAALhEsAoAAAAAAAAALhGsAgAAAAAAAIBLP1z0APD5/fOf/7zoIQAAAAAAAFwp//73vy96CLhkCFavIP6jAwAAAAAAAF8WrQAAAAAAAAAAwCWCVQAAAAAAAABwiWAVAAAAAAAAAFwiWAUAAAAAAAAAlwhWAQAAAAAAAMAlglUAAAAAAAAAcIlgFQAAAAAAAABcIlgFAAAAAAAAAJcIVgEAAAAAAADAJYJVAAAAAAAAAHCJYBUAAAAAAAAAXCJYBQAAAAAAAACXCFYBAAAAAAAAwCWCVQAAAAAAAABwiWAVAAAAAAAAAFwiWAUAAAAAAAAAlwhWAQAAAAAAAMAlglUAAAAAAAAAcIlgFQAAAAAAAABc+uGiBwB8NdFFGWF/63E1p9ijzNc7/tiCknNBeezHR0Wt/7aqwtcbAQAAAAAAAD4TgtUraOrxpmaDPR1b69rbmNHD5xcypDMktJYNS79P6H6y45mnWYVvtG+rF59p5sGWqyOEEknFbx4oF4vJjlKnlwwZxpBysWV98XjVCnUr2zEtp1vHjz9ZkD4qXJ3WohGRHPsDAAAAAADA10MrgKuqvqdnExOasP/8fqjhX1Y0ddHj+hhvt1ufY2NPCka1Muni/WMLundTKm60B6iZR+sqHvk1ngh97hF3CGlhzK/Gm/W2EDTzKKdKb1B3o1/48AAAAAAAAPjsqFj9XuzXVL/jlc966KwEtStApx5vatb7hyZ+TelYFen8mrJjNT2beait+TVl71h7qu+Z26x93vbW1dPT09xnt+OYprSyOavhHklvq6qe93M831X5l2F5BzvGJEmTK9r8RUrbjy2hWwF5jsp6le/cWUGvyvcUDIwqpIIK0UUZYan45pqCN80F+5WOitDpJUMR+x/R0UpgeslQRBVVfH6ZzQYaKm7MazUvaWxUgd6GyruddakZLcecUW9IC0/iCvbajyutatrooowxqSK//L3/o3//v/+tf0pS2NCiqFoFAAAAAAD42qhY/U5M/RxQT72mqsxWAeEbVW03K0BntTYvbf1ZVt07YFa1Tg6ov16XBswa16mBftX/2tXW5Io27/Rrb2NCExPPtKdhzT5NNI/To7KeTUw0g9qw16qcdRxHkhJPZzUs67mSmoHvmSZvKdBTVSkpKVlStSegW5Otz6i/dtXZJGCw3yPV3nVdbl/4+0Dq7dNgc4tfwf4dxWIxxbYr8oeTWhgznwklkop4i1qPxRSLravojSjprHb1XdOHjZhisZhyVY+C0QWFJMnfJ48O9O5YsNsulLinYC1nHjvWpZq21y/lY4rFftV//d+cKjoe/AIAAAAAAODrIFi9qnqGNZvNKmv9mQ0eatuq5PR5e1QvbislSc8f6o+3km8oIT1/r0M7qBz06jD/h/TTLU1pSrd+ksp/blkBbVm7zyVpSw/zVckOYyWp9t4KNqd066ceM4x1HKd/YErSlAa8UjVvVZYmt7VXP+Wz3Ag3P0d2bliHv983x66USm97zOpVxxg/TUPFnFVFmn6h4pFHgVshSSGNBjyq5O1+qAWt5ivyBEbVjD6rO2aFqqT9w4brIxdS846baQ2qr7fzFRWVCFEBAAAAAAAuBVoBXFWOJfrtzFBTtdaWaq0ueSUzqAxraFBKDPWr9qIqjQ3JJ5+8PYcqPZf0s5qh7axjr3bFab3Wvqi/JzirbPb4K72d99Y6zdttqz2BOf6Vzaw2B8y2AqlSVdmhhDQ5oIDKSne5Odf+YUMKXFdIOla1GvrxmnRU1n5zi7OytKB3tbgCkuyg0x82ZISde6g4ql1PUPmghgK6PibptKpV6wZXpoYaR2ftGAAAAAAAABeFYPW7s6X3tVkrLDT5HClnqlTV5kBCA95DvX++Jd2NauDxkHxvS7ovmZWpbUFnS+LYFqlq92htM6VmlvsR49/9K6phrxXlJkuqZoe08nO/9Fe6S5AsFXbLunczoNExqdAWbJpVqI3yK0fges0RgIZ03SvpUJL29eFIquS7L72fPm3I+VcqR4Nm5WveGe2aPVUD5XXNp9S8wdV8qtB67ux/EAAAAAAAAFwAWgF8h6q1unqCYTMInVzR7RtStWQFpfs16afbCsjsx5oqHSrwU3/z+a0/y6rfuK0Vq69p4mlW2c2VViuApi3t/lWXb8x+LqG1bFabj6eOPzcfNm9idS5Wi4FmZWxKpbc+DQdPaQOQX9W/3kjBucW2AHR6Ka5gb0U7KWfYaS/9lxS9q2DzplMFvSo35B9baC79n14yZDxpPT6Z1TbgZlyL0dbWUOLeseN7+gcdxz5zxwAAAAAAALggVKx+h7YezMj3NKtwNquwpHrxWauq9Pmuyr8MK2D3Rt2vSXdk3ixKkp4/1MzgmrJzWWXnJKmq7Qmz5UBnxap9nGbbgLfbmniwZT2X1q3NWfO5+p723vpOrmC9EVY261h/79iPZFbZhr01q+9rd4XUvArRRRmGoYi9sZpTLJbpeGVFB/1xGUbcfLQda/ZNLaTmNbhkKG4Ysp5VLmb2XD2zHUB6WbHKgpJzjlYCR0Wtx5w9W+/KCEdkGBGpmlOu6lekf1DHGxhIUkalakSRsKHkj3aVKwAAAAAAAL6Wf4yMjPznogcBfIrE06xu18yeq58kuigjLOViy+qMWwEAAAAAAHB1vHz5UpL0+vVr1+8dGRmRRMUqvmlTWtmc1bD29OzXTwxVAQAAAAAAABcIVvEN29LDGQJVAAAAAAAAfH0Eq4AtvaxY+qIHAQAAAAAAgG/B/7roAQAAAAAAAADAt4ZgFQAAAAAAAABcIlgFAAAAAAAAAJcIVgEAAAAAAADAJYJVAAAAAAAAAHCJYBUAAAAAAAAAXCJYBQAAAAAAAACXfrjoAeAzm19T9k6/9jZm9PD5ObZ/FgmtZcPyNR9XtT1xX6nmc7dV+yLHdYzgaVbhG63H9eIzzTzY6v7i+TVl7zhG+/uE7iebe2p9lvqens081JYkTa5oc25YPd323/ac87MDAAAAAADgqqJi9apJ3tezojT8y4qmmhsTWrvjU/X3Lxeq9hefaWJiQhMTE3pW7Fc4u6bE5z5UV1Na2czqdq11/ImJCf3hnVX2abcRJLR2R9q2X/t7Vb479lintLLZ+izbtWHNPk2Y238JqLxhvWdjTwpGtTKpY889K/YrvOn8twcAAAAAAMBVRLB6BW09SGtPw4o+NuO9qce35Xu73azKTDzNKps1/2xar9HkijadYej8mrJ2QDi/puzmpjaz2dY22+SA+lVX+c9WdejWgz9UlU9D82ZQ6VOPhuc2rSDytONvanMzq6w9jskV85hZx7YOU4+jCvz1TDMPfFqzX7u5ouqvE9pWWGvzne9I6b6zojRZssYqST55e1qfJVWqSjeGlNCWHs44QunnuyrXexT4eUrqeG7rz7LqPV5H9S4AAAAAAACuIoLVK2lLD/NV9QTDSkyuKBo81PavZpQ49XhT4RtVs2JzY08KznYJH7vokVmVaS+Nt1kh4/Bc1rGflO5PTOh+cksPZ7ZVVb3ZguD04/foMD+hiYn7SimhtblhHf5uVoJuv/V1qQSd0q2fDvXHgy0lnoYl67XP/gooPC+lXuypf+iMulkrGK7t238/1Hs7QN2vqa5+DUx2vsknb490+P54q4GpnwPqqddUPftfFAAAAAAAAN8wgtWrKnnfDCPnhqXidrNC0+ftUd1+/Pyh/ngr+c4KHyXJGTi22dLDGXtJfasS9aSw9vTjWwGnJM0PyaeqSlaVberFXpdKUJ+8qqmqKQ14W6/dejBjVuc+f69D78Apy/KntPLLsFRMmxWng95mD9XTJJ6G2yqAra1ay2Y1G+xRNd8RPgMAAAAAAODKIVi9wlIv9lRXVX80b+I0pQFv+2uqtfr5dnZWFWbyfqvH6cae+u+0lv63nHX8zvDWp7C9vH9uWD3Hqkerqskrn7b0vtZ6burxptliYHJA/bX3J4ScU1rZnNVwbbt1E6r9ms7610g8zSrs3dOzXztvT2VW6U5MbEt3Tg6WAQAAAAAAcDX8cNEDwNe0pfe1WQUcW3ze7jWaUwP9kmpn73J+TdmhkiacQePzXZV/GZZ38OOPL0mq7+lZZ+uBjv3t/hVV9PGUZn79w+yxOme/b0uJp7M6LE10eZ/jhlsPHHt//l6HcwEzoG1WsNphbyuInZjpDFWdqqrVpcCA2X8VAAAAAAAAVxMVq9+Zaq1u9l6VpMkV3b4hVUvNRgHWTZymdOun8yyKl3nzpxsdN4maD2u4x7Gs/9zH79hvz7DC1n6nHm92vYHV1oO0yj/NavNx1aoYNfvA+p5mFVbncn3zs61smqHqzIPO4LOqWvOmVFJiyCe9LSklKfHUClWPVaomtJZ1VOdO3lKgp/1mXgAAAAAAALh6qFj9zmw9mDFDx2xWYUn14jMrfHyo9M+bmr2TVfZOXXvFqvTTefaY0v0JmdWid+xtrZtV2WHl8NymVjSjhycd/1jbgJTubwxoc87eb117G/d1PILd0sOZLSWeZpXNzja31jurUW2TtxTokXqCs22vr/5u32zLp7Ws9Vx9T89mUpISGrohSWFls+G2Y8w8cIxzrrWvh1370QIAAAAAAOCq+MfIyMh/LnoQAAAAAAAAAPC1vHz5UpL0+vVr1+8dGRmRRCsAAAAAAAAAAHCNYBUAAAAAAAAAXCJYBQAAAAAAAACXCFYBAAAAAAAAwCWCVQAAAAAAAABw6YeLHgAAAAAAAAAAXISRkZGPfi8VqwAAAAAAAADgEsEqAAAAAAAAALhEsAoAAAAAAAAALhGsAgAAAAAAAIBLBKsAAAAAAAAA4NIPFz0AAAAAAAAAALho2Wz2xOcmJiaObaNiFQAAAAAAAMB3r1t4etp2glUAAAAAAAAA0PEQ9aRQVSJYBQAAAAAAAIAmO0w9LVSVCFYBAAAAAAAAoM1ZoapEsAoAAAAAAAAArhGsAgAAAAAAAIBLBKsAAAAAAAAA4BLBKgAAAAAAAAC4RLAKAAAAAAAAAC4RrAIAAAAAAACAS/8ffjN24J5tCBkAAAAASUVORK5CYII="} | headers=HTTPHeaderDict({'Content-Length': '52864', 'Content-Type': 'application/json; charset=utf-8', 'cache-control': 'no-cache'})
01/28/23 08:33:07 PM: DEBUG: Finished Request
01/28/23 08:33:07 PM: DEBUG: DELETE http://localhost:63850/session/5de4b45ac0fa40effb3ee488b057fdc6/window {}
01/28/23 08:33:56 PM: DEBUG: http://localhost:63850 "DELETE /session/5de4b45ac0fa40effb3ee488b057fdc6/window HTTP/1.1" 200 12
01/28/23 08:33:56 PM: DEBUG: Remote response: status=200 | data={"value":[]} | headers=HTTPHeaderDict({'Content-Length': '12', 'Content-Type': 'application/json; charset=utf-8', 'cache-control': 'no-cache'})
01/28/23 08:33:56 PM: DEBUG: Finished Request
01/28/23 10:46:16 PM: INFO: ====== WebDriver manager ======
01/28/23 10:46:41 PM: INFO: Get LATEST edgedriver version for 98.0.1108 Edge
01/28/23 10:46:41 PM: DEBUG: Starting new HTTPS connection (1): msedgedriver.azureedge.net:443
01/28/23 10:47:02 PM: DEBUG: https://msedgedriver.azureedge.net:443 "GET /LATEST_RELEASE_98_WINDOWS HTTP/1.1" 200 30
01/28/23 10:47:02 PM: DEBUG: Encoding detection: utf_16 is most likely the one as we detected a BOM or SIG within the beginning of the sequence.
01/28/23 10:47:04 PM: INFO: There is no [win64] edgedriver for browser 98.0.1108 in cache
01/28/23 10:47:04 PM: INFO: About to download new driver from https://msedgedriver.azureedge.net/98.0.1108.92/edgedriver_win64.zip
01/28/23 10:47:04 PM: DEBUG: Starting new HTTPS connection (1): msedgedriver.azureedge.net:443
01/28/23 10:47:06 PM: DEBUG: https://msedgedriver.azureedge.net:443 "GET /98.0.1108.92/edgedriver_win64.zip HTTP/1.1" 200 8219291
01/28/23 10:47:27 PM: INFO: Driver has been saved in cache [C:\Users\HP\.wdm\drivers\edgedriver\win64\98.0.1108]
01/28/23 10:47:30 PM: DEBUG: Started executable: `C:\Users\HP\.wdm\drivers\edgedriver\win64\98.0.1108\msedgedriver.exe` in a child process with pid: 23492
01/28/23 10:47:31 PM: DEBUG: POST http://localhost:64706/session {"capabilities": {"firstMatch": [{}], "alwaysMatch": {"browserName": "MicrosoftEdge", "pageLoadStrategy": "normal", "ms:edgeOptions": {"extensions": [], "args": []}}}}
01/28/23 10:47:31 PM: DEBUG: Starting new HTTP connection (1): localhost:64706
01/28/23 10:48:24 PM: DEBUG: http://localhost:64706 "POST /session HTTP/1.1" 500 1604
01/28/23 10:48:24 PM: DEBUG: Remote response: status=500 | data={"value":{"error":"session not created","message":"session not created: This version of MSEdgeDriver only supports MSEdge version 98\nCurrent browser version is 109.0.1518.61 with binary path C:\\Program Files (x86)\\Microsoft\\Edge\\Application\\msedge.exe","stacktrace":"Backtrace:\n\tMicrosoft::Applications::Events::EventProperties::unpack [0x00007FF7A64B3612+22610]\n\tMicrosoft::Applications::Events::time_ticks_t::time_ticks_t [0x00007FF7A63F1EE2+503794]\n\tOrdinal0 [0x00007FF7A5EF0FA5+659365]\n\tOrdinal0 [0x00007FF7A5F1B8EC+833772]\n\tOrdinal0 [0x00007FF7A5F16ECA+814794]\n\tOrdinal0 [0x00007FF7A5F12842+796738]\n\tOrdinal0 [0x00007FF7A5F4C6C6+1033926]\n\tOrdinal0 [0x00007FF7A5F46DF3+1011187]\n\tOrdinal0 [0x00007FF7A5F1DE97+843415]\n\tOrdinal0 [0x00007FF7A5F1F368+848744]\n\tMicrosoft::Applications::Events::EventProperty::to_string [0x00007FF7A60B9158+849096]\n\tMicrosoft::Applications::Events::EventProperty::EventProperty [0x00007FF7A61AAE6D+39117]\n\tMicrosoft::Applications::Events::EventProperty::EventProperty [0x00007FF7A61AE0E2+52034]\n\tMicrosoft::Applications::Events::EventProperty::to_string [0x00007FF7A5FF0A96+28166]\n\tMicrosoft::Applications::Events::time_ticks_t::time_ticks_t [0x00007FF7A63F8B71+531585]\n\tMicrosoft::Applications::Events::time_ticks_t::time_ticks_t [0x00007FF7A63FE054+553316]\n\tMicrosoft::Applications::Events::time_ticks_t::time_ticks_t [0x00007FF7A63FE1E5+553717]\n\tMicrosoft::Applications::Events::EventProperty::to_string [0x00007FF7A60C6BE0+905040]\n\tBaseThreadInitThunk [0x00007FFA79767034+20]\n\tRtlUserThreadStart [0x00007FFA7A102651+33]\n"}} | headers=HTTPHeaderDict({'Content-Length': '1604', 'Content-Type': 'application/json; charset=utf-8', 'cache-control': 'no-cache'})
01/28/23 10:48:24 PM: DEBUG: Finished Request
01/28/23 10:49:21 PM: INFO: ====== WebDriver manager ======
01/28/23 10:49:26 PM: INFO: Get LATEST edgedriver version for 109.0.1518 Edge
01/28/23 10:49:26 PM: DEBUG: Starting new HTTPS connection (1): msedgedriver.azureedge.net:443
01/28/23 10:49:29 PM: DEBUG: https://msedgedriver.azureedge.net:443 "GET /LATEST_RELEASE_109_WINDOWS HTTP/1.1" 200 32
01/28/23 10:49:29 PM: DEBUG: Encoding detection: utf_16 is most likely the one as we detected a BOM or SIG within the beginning of the sequence.
01/28/23 10:49:31 PM: INFO: There is no [win64] edgedriver for browser 109.0.1518 in cache
01/28/23 10:49:31 PM: INFO: About to download new driver from https://msedgedriver.azureedge.net/109.0.1518.70/edgedriver_win64.zip
01/28/23 10:49:31 PM: DEBUG: Starting new HTTPS connection (1): msedgedriver.azureedge.net:443
01/28/23 10:49:32 PM: DEBUG: https://msedgedriver.azureedge.net:443 "GET /109.0.1518.70/edgedriver_win64.zip HTTP/1.1" 200 9498536
01/28/23 10:49:56 PM: INFO: Driver has been saved in cache [C:\Users\HP\.wdm\drivers\edgedriver\win64\109.0.1518]
01/28/23 10:49:58 PM: DEBUG: Started executable: `C:\Users\HP\.wdm\drivers\edgedriver\win64\109.0.1518\msedgedriver.exe` in a child process with pid: 19280
01/28/23 10:49:58 PM: DEBUG: POST http://localhost:64722/session {"capabilities": {"firstMatch": [{}], "alwaysMatch": {"browserName": "MicrosoftEdge", "pageLoadStrategy": "normal", "ms:edgeOptions": {"extensions": [], "args": []}}}}
01/28/23 10:49:58 PM: DEBUG: Starting new HTTP connection (1): localhost:64722
01/28/23 10:50:38 PM: DEBUG: http://localhost:64722 "POST /session HTTP/1.1" 200 752
01/28/23 10:50:38 PM: DEBUG: Remote response: status=200 | data={"value":{"capabilities":{"acceptInsecureCerts":false,"browserName":"msedge","browserVersion":"109.0.1518.61","ms:edgeOptions":{"debuggerAddress":"localhost:64726"},"msedge":{"msedgedriverVersion":"109.0.1518.70 (f787d2c3a4185501adc55d95d53ce7cf872db7c3)","userDataDir":"C:\\Users\\HP\\AppData\\Local\\Temp\\scoped_dir19280_352276919"},"networkConnectionEnabled":false,"pageLoadStrategy":"normal","platformName":"windows","proxy":{},"setWindowRect":true,"strictFileInteractability":false,"timeouts":{"implicit":0,"pageLoad":300000,"script":30000},"unhandledPromptBehavior":"dismiss and notify","webauthn:extension:credBlob":true,"webauthn:extension:largeBlob":true,"webauthn:virtualAuthenticators":true},"sessionId":"5f7c3af010ebca59f1a8f68a79daedad"}} | headers=HTTPHeaderDict({'Content-Length': '752', 'Content-Type': 'application/json; charset=utf-8', 'cache-control': 'no-cache'})
01/28/23 10:50:38 PM: DEBUG: Finished Request
01/28/23 10:50:38 PM: INFO: Getting set up ready for test_account_registration
01/28/23 10:50:38 PM: DEBUG: POST http://localhost:64722/session/5f7c3af010ebca59f1a8f68a79daedad/url {"url": "https://demo.opencart.com"}
01/28/23 10:50:51 PM: DEBUG: http://localhost:64722 "POST /session/5f7c3af010ebca59f1a8f68a79daedad/url HTTP/1.1" 200 14
01/28/23 10:50:51 PM: DEBUG: Remote response: status=200 | data={"value":null} | headers=HTTPHeaderDict({'Content-Length': '14', 'Content-Type': 'application/json; charset=utf-8', 'cache-control': 'no-cache'})
01/28/23 10:50:51 PM: DEBUG: Finished Request
01/28/23 10:50:51 PM: DEBUG: POST http://localhost:64722/session/5f7c3af010ebca59f1a8f68a79daedad/window/maximize {}
01/28/23 10:50:53 PM: DEBUG: http://localhost:64722 "POST /session/5f7c3af010ebca59f1a8f68a79daedad/window/maximize HTTP/1.1" 200 51
01/28/23 10:50:53 PM: DEBUG: Remote response: status=200 | data={"value":{"height":744,"width":1382,"x":-8,"y":-8}} | headers=HTTPHeaderDict({'Content-Length': '51', 'Content-Type': 'application/json; charset=utf-8', 'cache-control': 'no-cache'})
01/28/23 10:50:53 PM: DEBUG: Finished Request
01/28/23 10:50:53 PM: DEBUG: POST http://localhost:64722/session/5f7c3af010ebca59f1a8f68a79daedad/elements {"using": "css selector", "value": ".d-md-inline"}
01/28/23 10:50:54 PM: DEBUG: http://localhost:64722 "POST /session/5f7c3af010ebca59f1a8f68a79daedad/elements HTTP/1.1" 200 485
01/28/23 10:50:54 PM: DEBUG: Remote response: status=200 | data={"value":[{"element-6066-11e4-a52e-4f735466cecf":"98118cec-6885-4334-96bb-827343ff9d93"},{"element-6066-11e4-a52e-4f735466cecf":"d69cfbfd-9f39-4b9c-8c1d-ee526ce77f4e"},{"element-6066-11e4-a52e-4f735466cecf":"ddc97556-822e-451c-a631-a9f817607a0d"},{"element-6066-11e4-a52e-4f735466cecf":"47d83cd5-1f15-4bef-bdd2-470c2a92b337"},{"element-6066-11e4-a52e-4f735466cecf":"ea1e98a0-e213-42af-bec4-e9fc1ca29efc"},{"element-6066-11e4-a52e-4f735466cecf":"b5161172-ff7f-4461-a6bf-02493a7e26bf"}]} | headers=HTTPHeaderDict({'Content-Length': '485', 'Content-Type': 'application/json; charset=utf-8', 'cache-control': 'no-cache'})
01/28/23 10:50:54 PM: DEBUG: Finished Request
01/28/23 10:50:54 PM: DEBUG: GET http://localhost:64722/session/5f7c3af010ebca59f1a8f68a79daedad/element/98118cec-6885-4334-96bb-827343ff9d93/text {"id": "98118cec-6885-4334-96bb-827343ff9d93"}
01/28/23 10:50:55 PM: DEBUG: http://localhost:64722 "GET /session/5f7c3af010ebca59f1a8f68a79daedad/element/98118cec-6885-4334-96bb-827343ff9d93/text HTTP/1.1" 200 20
01/28/23 10:50:55 PM: DEBUG: Remote response: status=200 | data={"value":"Currency"} | headers=HTTPHeaderDict({'Content-Length': '20', 'Content-Type': 'application/json; charset=utf-8', 'cache-control': 'no-cache'})
01/28/23 10:50:55 PM: DEBUG: Finished Request
01/28/23 10:50:55 PM: DEBUG: GET http://localhost:64722/session/5f7c3af010ebca59f1a8f68a79daedad/element/98118cec-6885-4334-96bb-827343ff9d93/text {"id": "98118cec-6885-4334-96bb-827343ff9d93"}
01/28/23 10:50:55 PM: DEBUG: http://localhost:64722 "GET /session/5f7c3af010ebca59f1a8f68a79daedad/element/98118cec-6885-4334-96bb-827343ff9d93/text HTTP/1.1" 200 20
01/28/23 10:50:55 PM: DEBUG: Remote response: status=200 | data={"value":"Currency"} | headers=HTTPHeaderDict({'Content-Length': '20', 'Content-Type': 'application/json; charset=utf-8', 'cache-control': 'no-cache'})
01/28/23 10:50:55 PM: DEBUG: Finished Request
01/28/23 10:50:55 PM: DEBUG: GET http://localhost:64722/session/5f7c3af010ebca59f1a8f68a79daedad/element/d69cfbfd-9f39-4b9c-8c1d-ee526ce77f4e/text {"id": "d69cfbfd-9f39-4b9c-8c1d-ee526ce77f4e"}
01/28/23 10:50:55 PM: DEBUG: http://localhost:64722 "GET /session/5f7c3af010ebca59f1a8f68a79daedad/element/d69cfbfd-9f39-4b9c-8c1d-ee526ce77f4e/text HTTP/1.1" 200 21
01/28/23 10:50:55 PM: DEBUG: Remote response: status=200 | data={"value":"123456789"} | headers=HTTPHeaderDict({'Content-Length': '21', 'Content-Type': 'application/json; charset=utf-8', 'cache-control': 'no-cache'})
01/28/23 10:50:55 PM: DEBUG: Finished Request
01/28/23 10:50:55 PM: DEBUG: GET http://localhost:64722/session/5f7c3af010ebca59f1a8f68a79daedad/element/d69cfbfd-9f39-4b9c-8c1d-ee526ce77f4e/text {"id": "d69cfbfd-9f39-4b9c-8c1d-ee526ce77f4e"}
01/28/23 10:50:55 PM: DEBUG: http://localhost:64722 "GET /session/5f7c3af010ebca59f1a8f68a79daedad/element/d69cfbfd-9f39-4b9c-8c1d-ee526ce77f4e/text HTTP/1.1" 200 21
01/28/23 10:50:55 PM: DEBUG: Remote response: status=200 | data={"value":"123456789"} | headers=HTTPHeaderDict({'Content-Length': '21', 'Content-Type': 'application/json; charset=utf-8', 'cache-control': 'no-cache'})
01/28/23 10:50:55 PM: DEBUG: Finished Request
01/28/23 10:50:55 PM: DEBUG: GET http://localhost:64722/session/5f7c3af010ebca59f1a8f68a79daedad/element/ddc97556-822e-451c-a631-a9f817607a0d/text {"id": "ddc97556-822e-451c-a631-a9f817607a0d"}
01/28/23 10:50:55 PM: DEBUG: http://localhost:64722 "GET /session/5f7c3af010ebca59f1a8f68a79daedad/element/ddc97556-822e-451c-a631-a9f817607a0d/text HTTP/1.1" 200 22
01/28/23 10:50:55 PM: DEBUG: Remote response: status=200 | data={"value":"My Account"} | headers=HTTPHeaderDict({'Content-Length': '22', 'Content-Type': 'application/json; charset=utf-8', 'cache-control': 'no-cache'})
01/28/23 10:50:55 PM: DEBUG: Finished Request
01/28/23 10:50:55 PM: DEBUG: GET http://localhost:64722/session/5f7c3af010ebca59f1a8f68a79daedad/element/ddc97556-822e-451c-a631-a9f817607a0d/text {"id": "ddc97556-822e-451c-a631-a9f817607a0d"}
01/28/23 10:50:55 PM: DEBUG: http://localhost:64722 "GET /session/5f7c3af010ebca59f1a8f68a79daedad/element/ddc97556-822e-451c-a631-a9f817607a0d/text HTTP/1.1" 200 22
01/28/23 10:50:55 PM: DEBUG: Remote response: status=200 | data={"value":"My Account"} | headers=HTTPHeaderDict({'Content-Length': '22', 'Content-Type': 'application/json; charset=utf-8', 'cache-control': 'no-cache'})
01/28/23 10:50:55 PM: DEBUG: Finished Request
01/28/23 10:50:55 PM: DEBUG: POST http://localhost:64722/session/5f7c3af010ebca59f1a8f68a79daedad/element/ddc97556-822e-451c-a631-a9f817607a0d/click {"id": "ddc97556-822e-451c-a631-a9f817607a0d"}
01/28/23 10:50:57 PM: DEBUG: http://localhost:64722 "POST /session/5f7c3af010ebca59f1a8f68a79daedad/element/ddc97556-822e-451c-a631-a9f817607a0d/click HTTP/1.1" 200 14
01/28/23 10:50:57 PM: DEBUG: Remote response: status=200 | data={"value":null} | headers=HTTPHeaderDict({'Content-Length': '14', 'Content-Type': 'application/json; charset=utf-8', 'cache-control': 'no-cache'})
01/28/23 10:50:57 PM: DEBUG: Finished Request
01/28/23 10:50:57 PM: DEBUG: POST http://localhost:64722/session/5f7c3af010ebca59f1a8f68a79daedad/element {"using": "link text", "value": "Register"}
01/28/23 10:50:57 PM: DEBUG: http://localhost:64722 "POST /session/5f7c3af010ebca59f1a8f68a79daedad/element HTTP/1.1" 200 88
01/28/23 10:50:57 PM: DEBUG: Remote response: status=200 | data={"value":{"element-6066-11e4-a52e-4f735466cecf":"91b6b0d8-0830-4b9e-a3d1-803e73ec3d5c"}} | headers=HTTPHeaderDict({'Content-Length': '88', 'Content-Type': 'application/json; charset=utf-8', 'cache-control': 'no-cache'})
01/28/23 10:50:57 PM: DEBUG: Finished Request
01/28/23 10:50:57 PM: DEBUG: POST http://localhost:64722/session/5f7c3af010ebca59f1a8f68a79daedad/element/91b6b0d8-0830-4b9e-a3d1-803e73ec3d5c/click {"id": "91b6b0d8-0830-4b9e-a3d1-803e73ec3d5c"}
01/28/23 10:51:02 PM: DEBUG: http://localhost:64722 "POST /session/5f7c3af010ebca59f1a8f68a79daedad/element/91b6b0d8-0830-4b9e-a3d1-803e73ec3d5c/click HTTP/1.1" 200 14
01/28/23 10:51:02 PM: DEBUG: Remote response: status=200 | data={"value":null} | headers=HTTPHeaderDict({'Content-Length': '14', 'Content-Type': 'application/json; charset=utf-8', 'cache-control': 'no-cache'})
01/28/23 10:51:02 PM: DEBUG: Finished Request
01/28/23 10:51:02 PM: DEBUG: POST http://localhost:64722/session/5f7c3af010ebca59f1a8f68a79daedad/element {"using": "css selector", "value": "[name=\"firstname\"]"}
01/28/23 10:51:03 PM: DEBUG: http://localhost:64722 "POST /session/5f7c3af010ebca59f1a8f68a79daedad/element HTTP/1.1" 200 88
01/28/23 10:51:03 PM: DEBUG: Remote response: status=200 | data={"value":{"element-6066-11e4-a52e-4f735466cecf":"ff7de5c8-51a3-4414-b561-68dfcf59ca96"}} | headers=HTTPHeaderDict({'Content-Length': '88', 'Content-Type': 'application/json; charset=utf-8', 'cache-control': 'no-cache'})
01/28/23 10:51:03 PM: DEBUG: Finished Request
01/28/23 10:51:03 PM: DEBUG: POST http://localhost:64722/session/5f7c3af010ebca59f1a8f68a79daedad/element/ff7de5c8-51a3-4414-b561-68dfcf59ca96/value {"text": "Diana", "value": ["D", "i", "a", "n", "a"], "id": "ff7de5c8-51a3-4414-b561-68dfcf59ca96"}
01/28/23 10:51:19 PM: DEBUG: http://localhost:64722 "POST /session/5f7c3af010ebca59f1a8f68a79daedad/element/ff7de5c8-51a3-4414-b561-68dfcf59ca96/value HTTP/1.1" 200 14
01/28/23 10:51:19 PM: DEBUG: Remote response: status=200 | data={"value":null} | headers=HTTPHeaderDict({'Content-Length': '14', 'Content-Type': 'application/json; charset=utf-8', 'cache-control': 'no-cache'})
01/28/23 10:51:19 PM: DEBUG: Finished Request
01/28/23 10:51:19 PM: DEBUG: POST http://localhost:64722/session/5f7c3af010ebca59f1a8f68a79daedad/element {"using": "css selector", "value": "[name=\"lastname\"]"}
01/28/23 10:51:19 PM: DEBUG: http://localhost:64722 "POST /session/5f7c3af010ebca59f1a8f68a79daedad/element HTTP/1.1" 200 88
01/28/23 10:51:19 PM: DEBUG: Remote response: status=200 | data={"value":{"element-6066-11e4-a52e-4f735466cecf":"bdd7b13f-5b07-4557-9593-2808a751c8de"}} | headers=HTTPHeaderDict({'Content-Length': '88', 'Content-Type': 'application/json; charset=utf-8', 'cache-control': 'no-cache'})
01/28/23 10:51:19 PM: DEBUG: Finished Request
01/28/23 10:51:19 PM: DEBUG: POST http://localhost:64722/session/5f7c3af010ebca59f1a8f68a79daedad/element/bdd7b13f-5b07-4557-9593-2808a751c8de/value {"text": "Deerajkar", "value": ["D", "e", "e", "r", "a", "j", "k", "a", "r"], "id": "bdd7b13f-5b07-4557-9593-2808a751c8de"}
01/28/23 10:51:19 PM: DEBUG: http://localhost:64722 "POST /session/5f7c3af010ebca59f1a8f68a79daedad/element/bdd7b13f-5b07-4557-9593-2808a751c8de/value HTTP/1.1" 200 14
01/28/23 10:51:19 PM: DEBUG: Remote response: status=200 | data={"value":null} | headers=HTTPHeaderDict({'Content-Length': '14', 'Content-Type': 'application/json; charset=utf-8', 'cache-control': 'no-cache'})
01/28/23 10:51:19 PM: DEBUG: Finished Request
01/28/23 10:51:19 PM: DEBUG: POST http://localhost:64722/session/5f7c3af010ebca59f1a8f68a79daedad/element {"using": "css selector", "value": "[name=\"email\"]"}
01/28/23 10:51:19 PM: DEBUG: http://localhost:64722 "POST /session/5f7c3af010ebca59f1a8f68a79daedad/element HTTP/1.1" 200 88
01/28/23 10:51:19 PM: DEBUG: Remote response: status=200 | data={"value":{"element-6066-11e4-a52e-4f735466cecf":"bc8d42ec-b508-470a-927a-457ad489c527"}} | headers=HTTPHeaderDict({'Content-Length': '88', 'Content-Type': 'application/json; charset=utf-8', 'cache-control': 'no-cache'})
01/28/23 10:51:19 PM: DEBUG: Finished Request
01/28/23 10:51:19 PM: DEBUG: POST http://localhost:64722/session/5f7c3af010ebca59f1a8f68a79daedad/element/bc8d42ec-b508-470a-927a-457ad489c527/value {"text": "dianam5mirajkar@gmail.com", "value": ["d", "i", "a", "n", "a", "m", "5", "m", "i", "r", "a", "j", "k", "a", "r", "@", "g", "m", "a", "i", "l", ".", "c", "o", "m"], "id": "bc8d42ec-b508-470a-927a-457ad489c527"}
01/28/23 10:51:19 PM: DEBUG: http://localhost:64722 "POST /session/5f7c3af010ebca59f1a8f68a79daedad/element/bc8d42ec-b508-470a-927a-457ad489c527/value HTTP/1.1" 200 14
01/28/23 10:51:19 PM: DEBUG: Remote response: status=200 | data={"value":null} | headers=HTTPHeaderDict({'Content-Length': '14', 'Content-Type': 'application/json; charset=utf-8', 'cache-control': 'no-cache'})
01/28/23 10:51:19 PM: DEBUG: Finished Request
01/28/23 10:51:19 PM: DEBUG: POST http://localhost:64722/session/5f7c3af010ebca59f1a8f68a79daedad/element {"using": "css selector", "value": "[name=\"password\"]"}
01/28/23 10:51:19 PM: DEBUG: http://localhost:64722 "POST /session/5f7c3af010ebca59f1a8f68a79daedad/element HTTP/1.1" 200 88
01/28/23 10:51:19 PM: DEBUG: Remote response: status=200 | data={"value":{"element-6066-11e4-a52e-4f735466cecf":"46eb2b88-af7e-43e6-a386-ff5649e97c38"}} | headers=HTTPHeaderDict({'Content-Length': '88', 'Content-Type': 'application/json; charset=utf-8', 'cache-control': 'no-cache'})
01/28/23 10:51:19 PM: DEBUG: Finished Request
01/28/23 10:51:19 PM: DEBUG: POST http://localhost:64722/session/5f7c3af010ebca59f1a8f68a79daedad/element/46eb2b88-af7e-43e6-a386-ff5649e97c38/value {"text": "Dia@8383", "value": ["D", "i", "a", "@", "8", "3", "8", "3"], "id": "46eb2b88-af7e-43e6-a386-ff5649e97c38"}
01/28/23 10:51:20 PM: DEBUG: http://localhost:64722 "POST /session/5f7c3af010ebca59f1a8f68a79daedad/element/46eb2b88-af7e-43e6-a386-ff5649e97c38/value HTTP/1.1" 200 14
01/28/23 10:51:20 PM: DEBUG: Remote response: status=200 | data={"value":null} | headers=HTTPHeaderDict({'Content-Length': '14', 'Content-Type': 'application/json; charset=utf-8', 'cache-control': 'no-cache'})
01/28/23 10:51:20 PM: DEBUG: Finished Request
01/28/23 10:51:25 PM: DEBUG: POST http://localhost:64722/session/5f7c3af010ebca59f1a8f68a79daedad/element {"using": "css selector", "value": "input[id='input-newsletter-yes']"}
01/28/23 10:51:25 PM: DEBUG: http://localhost:64722 "POST /session/5f7c3af010ebca59f1a8f68a79daedad/element HTTP/1.1" 200 88
01/28/23 10:51:25 PM: DEBUG: Remote response: status=200 | data={"value":{"element-6066-11e4-a52e-4f735466cecf":"a11f5976-1c9c-41bc-8221-e4fc286b1bba"}} | headers=HTTPHeaderDict({'Content-Length': '88', 'Content-Type': 'application/json; charset=utf-8', 'cache-control': 'no-cache'})
01/28/23 10:51:25 PM: DEBUG: Finished Request
01/28/23 10:51:25 PM: DEBUG: POST http://localhost:64722/session/5f7c3af010ebca59f1a8f68a79daedad/element/a11f5976-1c9c-41bc-8221-e4fc286b1bba/click {"id": "a11f5976-1c9c-41bc-8221-e4fc286b1bba"}
01/28/23 10:51:26 PM: DEBUG: http://localhost:64722 "POST /session/5f7c3af010ebca59f1a8f68a79daedad/element/a11f5976-1c9c-41bc-8221-e4fc286b1bba/click HTTP/1.1" 200 14
01/28/23 10:51:26 PM: DEBUG: Remote response: status=200 | data={"value":null} | headers=HTTPHeaderDict({'Content-Length': '14', 'Content-Type': 'application/json; charset=utf-8', 'cache-control': 'no-cache'})
01/28/23 10:51:26 PM: DEBUG: Finished Request
01/28/23 10:51:26 PM: DEBUG: POST http://localhost:64722/session/5f7c3af010ebca59f1a8f68a79daedad/element {"using": "css selector", "value": "input[name='agree']"}
01/28/23 10:51:26 PM: DEBUG: http://localhost:64722 "POST /session/5f7c3af010ebca59f1a8f68a79daedad/element HTTP/1.1" 200 88
01/28/23 10:51:26 PM: DEBUG: Remote response: status=200 | data={"value":{"element-6066-11e4-a52e-4f735466cecf":"56823400-99d9-484b-b258-20ba0916d63a"}} | headers=HTTPHeaderDict({'Content-Length': '88', 'Content-Type': 'application/json; charset=utf-8', 'cache-control': 'no-cache'})
01/28/23 10:51:26 PM: DEBUG: Finished Request
01/28/23 10:51:26 PM: DEBUG: POST http://localhost:64722/session/5f7c3af010ebca59f1a8f68a79daedad/element/56823400-99d9-484b-b258-20ba0916d63a/click {"id": "56823400-99d9-484b-b258-20ba0916d63a"}
01/28/23 10:51:26 PM: DEBUG: http://localhost:64722 "POST /session/5f7c3af010ebca59f1a8f68a79daedad/element/56823400-99d9-484b-b258-20ba0916d63a/click HTTP/1.1" 200 14
01/28/23 10:51:26 PM: DEBUG: Remote response: status=200 | data={"value":null} | headers=HTTPHeaderDict({'Content-Length': '14', 'Content-Type': 'application/json; charset=utf-8', 'cache-control': 'no-cache'})
01/28/23 10:51:26 PM: DEBUG: Finished Request
01/28/23 10:51:26 PM: DEBUG: POST http://localhost:64722/session/5f7c3af010ebca59f1a8f68a79daedad/element {"using": "css selector", "value": ".btn-primary"}
01/28/23 10:51:26 PM: DEBUG: http://localhost:64722 "POST /session/5f7c3af010ebca59f1a8f68a79daedad/element HTTP/1.1" 200 88
01/28/23 10:51:26 PM: DEBUG: Remote response: status=200 | data={"value":{"element-6066-11e4-a52e-4f735466cecf":"0eb86bc3-0d4c-420d-be77-a2e68eeb41c2"}} | headers=HTTPHeaderDict({'Content-Length': '88', 'Content-Type': 'application/json; charset=utf-8', 'cache-control': 'no-cache'})
01/28/23 10:51:26 PM: DEBUG: Finished Request
01/28/23 10:51:26 PM: DEBUG: POST http://localhost:64722/session/5f7c3af010ebca59f1a8f68a79daedad/element/0eb86bc3-0d4c-420d-be77-a2e68eeb41c2/click {"id": "0eb86bc3-0d4c-420d-be77-a2e68eeb41c2"}
01/28/23 10:51:28 PM: DEBUG: http://localhost:64722 "POST /session/5f7c3af010ebca59f1a8f68a79daedad/element/0eb86bc3-0d4c-420d-be77-a2e68eeb41c2/click HTTP/1.1" 200 14
01/28/23 10:51:28 PM: DEBUG: Remote response: status=200 | data={"value":null} | headers=HTTPHeaderDict({'Content-Length': '14', 'Content-Type': 'application/json; charset=utf-8', 'cache-control': 'no-cache'})
01/28/23 10:51:28 PM: DEBUG: Finished Request
01/28/23 10:51:38 PM: DEBUG: POST http://localhost:64722/session/5f7c3af010ebca59f1a8f68a79daedad/element {"using": "xpath", "value": "//h1[normalize-space()='Your Account Has Been Created!']"}
01/28/23 10:51:38 PM: DEBUG: http://localhost:64722 "POST /session/5f7c3af010ebca59f1a8f68a79daedad/element HTTP/1.1" 404 1724
01/28/23 10:51:38 PM: DEBUG: Remote response: status=404 | data={"value":{"error":"no such element","message":"no such element: Unable to locate element: {\"method\":\"xpath\",\"selector\":\"//h1[normalize-space()='Your Account Has Been Created!']\"}\n  (Session info: MicrosoftEdge=109.0.1518.61)","stacktrace":"Backtrace:\n\tMicrosoft::Applications::Events::EventProperties::SetProperty [0x00007FF69EC01672+15186]\n\tMicrosoft::Applications::Events::EventProperty::EventProperty [0x00007FF69EB9A1C2+827458]\n\t(No symbol) [0x00007FF69E85ED90]\n\t(No symbol) [0x00007FF69E8A2225]\n\t(No symbol) [0x00007FF69E8A23AC]\n\t(No symbol) [0x00007FF69E8DE087]\n\t(No symbol) [0x00007FF69E8C1F8F]\n\t(No symbol) [0x00007FF69E894C3E]\n\t(No symbol) [0x00007FF69E8DB513]\n\t(No symbol) [0x00007FF69E8C1D23]\n\t(No symbol) [0x00007FF69E893B80]\n\t(No symbol) [0x00007FF69E892B0E]\n\t(No symbol) [0x00007FF69E894344]\n\tMicrosoft::Applications::Events::EventProperties::SetProperty [0x00007FF69EA7C3C0+182768]\n\t(No symbol) [0x00007FF69E950095]\n\tMicrosoft::Applications::Events::EventProperty::EventProperty [0x00007FF69EADA6FA+42362]\n\tMicrosoft::Applications::Events::EventProperty::EventProperty [0x00007FF69EADD435+53941]\n\tMicrosoft::Applications::Events::ILogManager::DispatchEventBroadcast [0x00007FF69EDF8A63+1456595]\n\tMicrosoft::Applications::Events::EventProperty::EventProperty [0x00007FF69EBA271A+861594]\n\tMicrosoft::Applications::Events::EventProperty::EventProperty [0x00007FF69EBA7804+882308]\n\tMicrosoft::Applications::Events::EventProperty::EventProperty [0x00007FF69EBA795C+882652]\n\tMicrosoft::Applications::Events::EventProperty::EventProperty [0x00007FF69EBB092E+919470]\n\tBaseThreadInitThunk [0x00007FFA79767034+20]\n\tRtlUserThreadStart [0x00007FFA7A102651+33]\n"}} | headers=HTTPHeaderDict({'Content-Length': '1724', 'Content-Type': 'application/json; charset=utf-8', 'cache-control': 'no-cache'})
01/28/23 10:51:38 PM: DEBUG: Finished Request
01/28/23 10:51:38 PM: DEBUG: GET http://localhost:64722/session/5f7c3af010ebca59f1a8f68a79daedad/screenshot {}
01/28/23 10:51:39 PM: DEBUG: http://localhost:64722 "GET /session/5f7c3af010ebca59f1a8f68a79daedad/screenshot HTTP/1.1" 200 78996
01/28/23 10:51:39 PM: DEBUG: Remote response: status=200 | data={"value":"iVBORw0KGgoAAAANSUhEUgAABVYAAAJmCAYAAAC35NsxAAAAAXNSR0IArs4c6QAAIABJREFUeJzs3Xd8VfX9+PHXuSM3GwghhCArYQiyBFmK26LWKip1a9tvRStaOvxWZVhUWkVb7ffXUrUCjiLDOmrVDrTiQhRZMsMmDAkhk9yb5O7z+f1xR+44N4ORxOT9fDzCh8/53PM5nzPvve/7OZ+jKaUUQgghhBBCCCGEEEII0UHY7faTrsN0CtohhBBCCCGEEEIIIYQQHYoEVoUQQgghhBBCCCGEEKKZJLAqhBBCCCGEEEIIIYQQzSSBVSGEEEIIIYQQQgghhGgmCawKIYQQQgghhBBCCCFEM0lgVQghhBBCCCGEEEIIIZpJAqtCCCGEEEIIIYQQQggR4Yc//GGjr5HAqhBCCCGEEEIIIYQQQgSFgqqNBVclsCqEEEIIIYQQQgghhBDEB1MbCq5KYFUIIYQQQgghhBBCCNHhJQqiJpquKaXU6WyQEEIIIYQQQgghhBBCtCV2u/2k65Aeq0IIIYQQQgghhBBCCNFMElgVQgghhBBCCCGEEEKIZpLAqhBCCCGEEEIIIYQQQjSTBFaFEEIIIYQQQgghhBCimSyt3QAhxLffFruPoRkWTFprt0SIjqm8yk5VtR2fz4/L7Wnt5gghhIjhd1aTlZXV2s1oF6xWK5mZmXTq1KnFlrlt2zbmzZvHhg0b8Hq9LbZcIUTrs1qtjB49mpkzZzJ06NDWbo5ogzSllGrtRgghvt1q/Ip3S1x8v0cKSdIPXogWtffAEXSlk92lE1mdM1u7OUIIIQysWLGCcePGtXYz2gWfz4fL5UIpRe/evU/78rZt28bkyZPJzs4mPT0dk0k+7ArRkei6Tk1NDeXl5bzzzjsSXG1n7Hb7SddhfvTRRx89BW0RQnRgSSaN1VU+Xj/q4rysJJKk66oQLaKiqpo6l4uB/XqRkmxr7eYIIYRIYO/evfTs2bO1m9EumEwmkpKS8HgCd2gkJyef1uX98pe/xOl0kpGRgaZphPolSSqppB0j1TSNpKQkzGYzhYWFTJkyBdF+uN3uk65Dfm4TQoStP+7lmrVVXL22ik8rmnc78U/6pODR4Zq1x/lP6clfnIQQjausdpDdpeVuhRRCCCHaiuTk5FPS06gxGzZsIC0tDWgbQR5JJZW0ddK0tDQ2bNiAELFkjFUhBAD7a/38YrsDFcw/vKuGxwamc0l2UpPm14B5Z6Zz7zY7j++pZcEhJ1fm2LijZzIpZunBKsTp4PP55fZ/IYT4lgh9ORenhtlsbpHxTr1eb1RPVSFEx6RpmoyxLAxJYFUIAcD8A3VEflzUFbx3zN3kwCpAukXjT2dl8sz+Wj4q9/DXw06WfuMkP9VCQZqZ4ZkWhqRb6JdqRmKtQpw8eVCVEEIIcfqFgqqxAVbJS17yHSsvhBEJrAoh0BVsqPZGBVYBjrr1ZtfV2arx6MB0xndxs/Cgk1KPzq5aH7tqffw7OESABuTYTHS2amRaTGRaNDItGukWE0kmSNK0QGrSsGpgiXgPix2/1aSBJTjNpkGKWSPVHKgvy2pChnsVQgghRFuglGoTgYH2lG8psbcEx06XvOQl3/HyQoRIYFUIgUcpfAbvE3X+E3vzMGtwVY6Nq3JsvFPiZkWZm501ftx68EMpcMytc8wN4D/hdjelHf3TzIzIsHJBVysjMq3SU1YIIYQQbU5jAUMpl1vxhRBCtE0SWBVCoCsw+qzqb36H1TiTc21MzrXh9Cs+rvCwotTDEZcfh09R61fop/Ezsk/BToefnQ4/fyt28b3uNmYPSDt9CxRCCCGESEAplbAHVGM9IqXcuLyl6Pop+FAshBCiXZLAageiK/ApRYlb57DTj0mDglQLna0aVpNGUzry+VWgt6FZI+r1PgU1Pp1dNX4UkJ9mpovVhPUEewcqwKsryj2KQ85Aj8beKWayk06+rV4FVV6dfbU+FBo9bSZ6JJuaXG9IaHsWu3SOuPyYNI0ewbosmtbknpG6Aq9S7K/TqfT4ybKayE8zkxTTnkTrE1tu0sAUMd2n4GCdn0qvzvBMCzaDe+NV8C+ubajw9JPt6Jli1vhujo3v5tiipu+r9bO71sdBZ2A7lnkUdq+OX0Ftgh6zTr8Kr68i8CFbJxggbqANK8s9ElgVQgghRKtp7Vvn21teCCGEaG0SWO0g3jzq5qXDTuxeHW/MZxGbSaNrksb/5qcyMSvxg4r+UeLmuQN1+BTk2kz8eVgGWVYTLx12suyIixpfdBAu2azRP9XMc8My4sbFbMgHZR7+X1EdDp/CE9Od0WbS6GLVeHJwOoPTEx++v91TyycVHpSCvGQTL43ohNUUeNL96kovTr+KCsAlmTSyrBq/GZTO8MyGTwu/giVHXCw/4sLh0+NuobdokGrW+E63JH7RL40kk3E9AO+Xevi/ojrsvkAgMcSqQc9kM/9vaAY9bCZeK3bx0iEnPgU9kk08NyyTThEDjy454mLx4UB5J6vGn4dm0jPZxJtHXTx3wBkOUCaZYEb/NK4KBjc/qfCw6JCLSq9uGJA87lV8b+1xNAJjp07vl8q4ztYGt09zFaSZKUgzn9C8ugoMJODTFV4VGLpgRambxd+4DIOyV+Q0/UFcQgghhBCnUmSvy8gAoeRPLt8SJJgrhBAiEU3Ju0S75vAp7t1qZ3dN4+NYmjQY1cnKn4dmEPvAu6+rfdyzxR41bUSmhWybiZVlDT+VOtmkMffMNC7s2nBQq9St89COGgodvkbbqgHf6ZbErwemxQVtnz/g5K+HnVGBwrxkE52tpkbrtmjwP71TmNo7xbC8qM7PA4U1HHY2bVzQHJuJ54Zl0CslOnDoU/Cr7Q6+rPI2OH+yWWP2gDQe3VUTFXgdkGZmyahOAHxV5eWX2x1R5WlmjWtybbxe7CI2vmjW4P3xXfio3MOTe2ubfSv+74ekc0Ej+7K11fgUD++sidq+3W0mFp+dSWdrA5FuIb5lvt6+h7PPGtDazRBCCNGIFStWMHr0aCA6MBiZhrROuR93rR9zig2z1hbbZ1xeU1NDfn7+ye6eBhUUFNCjRw+g9XvotkRe99ZRU+tBD5VrVtLSU7BobaN9kpd8a+aLi4vZt28fov2w2+2Nv6gR0mO1HTvq1rltYzU1Rk8lMuBXsO64lxs3VPPXszNJjbiX/Z+l7rgejZvsjQdAAZy64sHCGv5wVgbnZRn3djxQ5+dn2xyUNPEp9Ap4v8xDjV/x+yEZUU+N/6DMTWwtR1w6R1yN1+1V8NIhJ4PSzZwf03t3Z42Pn2+rocrb9DGWjrl1Xjjo5Ldnpke1ffo2BxuONxxUhcAt7w/vrImbvrc2MEZphkVj8TeuuF6zNX7FsiMuwzp9KnCL/ful7riga1N8WeVt84HVdIvGhdlJfBEMrGZYNJ4dJkFVIYQQQrQeXdfjel7Gpi1dXnt4Ays/Xs3e8vrP9Zb0Hgyd+F3OH5yJtZXb15TylpBome0x/50nP+DRi7pGTC3no8cm8+sP2kb7OnJe99TiMaViM7eN9nT0vBAhEmVopxw+xV2b7TiCt+c35++AM9ArMzJ+WOXRm11P5J8OzNhRwzfO+KCk06+4f7uDo+7mL+PzSi//b39dVH1edeLtVMH5/3LAGVVnjU8xe2dN+Jb55vx9ExPQ/f3eWtYf955UG/1AhSdQb2Uz9w0EhgSwmLQTWrYltjtzG+RX8M9jgR8DOls1Xj27E71S5HInhBBCiNajxXyGat28j7KvlvLiG59GBVUBfDVH2bTiRRa8s51qPdH8bS9/ujUU8G1PafyDFbIZNCqd6urqZvw5cAa/TBoux++Oer3b33C7lLeO6lpP+NkK4McVlT/dqR9XdS1evSmv1/HWVePyncLlB7fX9X/+jNcfqqa6zose9zof7sh94PI1qX7dUxuxL+rw+I3XJ/yaFt3ubS8Vwoj0WG2nlh1xcawJPTQTWVvlZVWlh0uyI3omnuS1xOVXPHugjnmD06Omz9xRw2GDgCsEbt8+I8WMV1fsr/Mb9r59o9jFVTk2BmeEfrpL3NYUs0b/NDM2k8ax4EO8jByoC4ydGuoJ+/S+Og7Vndj27GGrD+jZfYp3SjwnvS0jqfA/jTNrMCnHRherietzbWw47osbx7ax+S/Mbtu9VSFwTGyp9tE7xcyro6J7XwshhBBCtIbIL+at3dOq5us3WfJFaSDTdSiTJl3AyPwuuEo2se6/n/HlIQfu/R+w9KNMpl3aq9Xb29o9x3S9/nuAUipuX7an/Pszvsf7wf9//48f8L9jM+h59ftsu9poyyRW8ckjXD3rv/HL87monvkm26+rH8Jh/9sjuPHJVJLMxu279flVTB+0k/mTfsYypfC5HuCNVb351+U/Z1kLbB+f6wHe2DaJqj9dzk+XN/b6W3nus+lkfTiKW36fjOlkl+/3UDvjdbaFt9c2tl32Fb8//z7+npoESgWCqvaHeGv7FPqFZix6i5E3Pk2KJf7aEw4Weuu4/tlVPDA2I1jq4KunLmT6P2wEvlkrPHXX8+yqBxgXfslX/P7C6fw92G22tY/Xls4LYUS6cLVDpW6dhQedhr0NrSaNi7KTeGpIOr85M53hnSyYtPjXKeDJvbXhW8yNykN/mgb5aWYeHpjG00PSuTrXRrLZuDfkf8s87K6tD2Y6/Iovq+J7bwJc18PGu2M785fhGbw4MpN/jOlMrxRTfO9NBb/fVxuuM1E7zRq8NroTL43M5PnhGbw1phOTc22Gr3Xrit01gV/53Dp8WO5JWOfZnSw8MiiN3wfXvYvVhMUUKM+waEzrWz9e64OFNbh1417EuckmHihI5ZmzMrj1jGTSLA33KI3U2OsyLBqXdEvi7TGdmTsoDQ24KDuJV8/O5JpcG4PSLYbzmjQ4M93MqE5Wrs218eaYzpzTqW3/HrP+uJdn9tUxNNPCm2M6SVBViAglH85n+oNzwn+Pf1jWMgve9hrTn/6UkpZZmhBCiIboRXz1ZXHg/3mTuP/+W5g4qCtWXSez51iuuud+bh8W+Pzq2vIhq1roreLboLUDyC2df3N/MSfKXrPNoH4d7+w32X5dN9b/cQITJkxgwj8PkH/d5zx7oz9he5b99DtM+M50lgXzD/99CvmnYP2alPe7eeitKXTb8Ao/Xd6U+Zcx/aX1dLvuTWZ49Ca8vuG8/8Zn+fy6fA78cwJ/Wu+g6L0JvFcxjgdWPcdNod6l3pm8uX0K2RvmB7bphPc40G8Kq569EX/C+v3c+OwqHhhbwXsTAvti/gYY99CbzAw+7Vr5bgwEVSveC9Y7n/WM44G3Zkb13j2Z9fs254UIadsREnFCVlV6DTswasCCERkMzajf7VfkJPG3Yhe/21sX9/oKj2JjtZexna0NdQLllp7J/CI/NXzXyIXZSfxPr2SmrK82HMPznRIXDxSkATCjsCZufFCACVlWZg1Ii5rWyarx6qhOXLi6Kq4tu2r8gSAvxoFHgDmD0slLrv8tQQN+WZDK2yVuw/Uq8wRqeemwE2eCwUhfHNmJIRnm8LpflJ2ErsCnAk+pt5m0cK/XGl9gexrVNKazleeGZRB6DtcFXa38T69krl5bTV0jA6E2tG962Ew8PyKTPJsJo/hifpqZXw9Mo86vOH91VVx5ptXEq8GHZH0bFNX5mb6thityknhsUHr8nUxCdGAlH87n8Q+6MfV30xkBQCGLHpzP40xn9mXdWrl1QgjR/rWZL+UH97LZBZDHVXdMJKWyjMpQ9MXppMZuo+CGmxiz9xXWOY9z8HAFE7OzWrHBrS/Ua83ooVrtOv2imCM3D6Jns7dYBcXrv0Gp2Hpv5blL8uHAu9y3LDjm8G9u4t2hX3HNdTPxvfEUJoN24HNh95rJTLXirbMHh6zz466uw52eTJJJQ+keXDUuPKH5klLplGwJ1+NzVVOnpZOqaqjzhOpPJjUjCc3joMaVYL7ZbzClXxHv3rwEFWqX8lHnqMOnRddjCeWX/5SPJ6/hsmdv5PGf/a1++gmks68fR4ZjHS/9Rkd7FlA6j7+znot+PpiJtyqWL1Pc+vxl5FPEu/ctRVcKTXucm/45lK++N5mZ3td4ymJQvz6LyWMzcGx4mceDx/fS+15mwn9/xmXP38S8n76G9vBkxmU4WP/S4+i6QtOWct+LE/jwF5fx3I3z+NkbprZxnLZgKoQR6bHaDq2p9KIUcX8/7pUSFVQNuTEvmYu7JhnOs7k6OOaSQZlSMDjdEhVUDemVYubRgemG82ytDnxyc+mKdVXxbTUDTw9Jx0iaWWNm/7S4eZx+xerKwIOKjJZpBi4weHBWmlljTGer4Tyhj74rSz2G5T/rl8JZEUHVEJMGSSaNNLMW9VAtu0/h0+Pr6ZZk4tmIoGpIZ6uJF4ZnGLct4nN5onIzGstGd6JXsnFQNVZjy2nrjrp1fvS1nbv7pPDIoPS47SlER3espAyGDw8GVQGG8L1J3SjZVBjuSbp5SaLerIUsiujpOn1JYWDytteY/vR8Hn9wTn2P1NJPA/nIaXH1v8bm07u6QgghEqg8fizwn66D6GeqpDZuZCw31dW96Ru887isvDb2BR1OKCje4dKvtlLsaNImilZ3hN3/MahP70N2BhRtfTxq+uNbiiB/BLN143bc+pfP2bH6BW5Vt7Fg9Q6m5AMZ43mg8HMW3ApK9+C8/jk+Lyxkx44dFBYWsuPtmVTX1Y8H+uu3d1D41gxm/SNYvmMHhYVvMtNuZ+bbEfP9fSZ1ntD4sD5mDyuAA1t5PNQe5aXu+mdZvSOmHmf0uKePbysiY9xkZjcyfmxjaSCW58fvr/9uppbdx2XjLuO+ZYEuNn2yMwJtjJz/N1soIp8Rc5Rx/Tfn0Q0HO1ctjZi+lNU7HWSceR63Arf06AaOnXyxLGK+5avZ6chg8AW3tv7x2UqpELEksNoO7arxGd7WfXmO8diYWrDMaJ7QbftGZQq4ONuasFfg2C7Gt5cfcgXqdPoDt/HHluvAnZsc3L7Rbvi3rNhlWO+m6vqB92PLLCaNRA+EP6+L1bC+kGqDB4BZNPh+XnKCNTe2udr4gVWjOlkSBj4L0swnPBTA/xakkGlpenSxsWW0ZaUenZvWVzNjQBo/6pVMM1ZbiA5jxMghsCX6lvzcy6Yz/1cXkkugR+uikkuZ/bu5zP/VpfDBfBZtAyjj/adf49ik6cwPluVuWcn7waH5KIVzfjU3WE8hi57eEsj/bi5Tc1fyYihAW7qSwyPnMv930/leTiGLQsFZIYToIJRSbeIvOfzrs46nLsHrfDX1d55pplZvc6K/jrbvWv5vCcXHTmCDFRfxvFF9twSCeWV7Y6YD0I28WxrazwrUEu69dCz/KAIca/nj2Eu5d5nCd+NzrJ4xHjb8kbFjxzJ27B9Znz2FHauf42ZfxDLyp/CdiuBr/t86HBQwZceO6Gn5U1j9wi3B82A2w/OhaOtv69tz819YPWM85e+NDS5rLO8eKGDK6gXcFtnuuVsoooARv9ZPah8UVTggYzyTZ9lx66D73PiiXnMbedngKCsy3G7detxmXHf/bmRQzpFlBts6oxt9laJvdgaUH2FJ1LyB74kZ2X3bwPHZ8n9CGJHAajt0zBN/8TZr0DfVnHCe/DSz4YWjzB0cF0YZf6AYnpl4NInsJBNp5vj5qr0KnwKvrtCJL/fpim12b8K/fTU+47aGflk0qFNDYUoQAu5uM/6wSPDC6dbjy6ymQK/U5ihyGr+pntM5vidtiM2kkZ+aoH2Ed41h2aXdmveQqW/rm0eZW+fHX9v549AMrsxJktv/hUhk6M2BoCYrDXqUlrF5Uxm5I4eQC5BzId8bHuzlSjcu/9Xc+uECcrrRParibuTmBP+7bQubc4YzIpgfcXvEfAxhzNDA60eMlKEHhBCitWT36BH4T0Uhu+JHggrQiyjaH/hvTne5ZkPr95JrrXR9cXmTtk+kiuL1CesLaer0ROX1eR8PXz8+cLv8tFDvy6VMW7QOR8Z4rp0TOc5pER/dsyQw39Iv2OkAIudb9gU7HJCR3S/wXWjOCApwUL4voj0DupGBg2Pb7Ti9ge9Lv71xLGMumcbSqHYfoNwB2Xm3NrhejaVL7rmEdw9AwfU7eHBcBgXXv8UshwN7RG/c4JaImZ8E04NpqBtN3HSIqaBJ+6OjpEIYkTFW2yGPwZicKSYavB08JUGQMPTE+ESXkfRG7jHPtGjUxAyiqlQgeBoKqp4qPWymcP2xApMUGITdVCN9M/0J2tjcAJ47wVipGY10r+xsNQFx92iFGW9D1ezAr2Hdbbzfao1P8eTeWl4amUmOTX4nEqJxgSDp5cHc5iVzeHxJN+bfHvjSXPLBfKZ/EPn6QGCVba8xfXFhVD29Qv/N6REOtJaUlAE9jBcd8TohhOiI2soX85p+IxiTspl1zjI+ff8L8r4/gW5R/S/c7Hv/P3wdHIf1nJGdUd6a1mlsG6HroVvD20ZwpyXT/+wu5uELsrE1aUsBONi/6T8oZVRf8CVKNyxPND0UGtV1PerbSSA/hxH5YP/qI56rrq4v/MtHbL9zDGfl3YauLw02rYz9SgVv2X+VI+U/ZwxHeDW8f+uDsEopbsvrBpRxZIleH8R8bAtFV09m/IydrL74Kcb84CUAbKkZJJkj2x2sP7svfl0PPAvkBPfD3O+fw1zg4TfWc22/QC/bKfY1/P6C+/ibpT6wGnecJpquVLBQQXh7BKaH54y4XkXPn2h6x0mFiCWB1XYo1SCYafcpnH5FSoJAaJVXNwyhhZ6oHn0JrVfi1hmcYdwOv4Jj7vjQnFmDZLOGyddw0LapNCA32cQPe9Xfmh9bp97Aco57jcOHoWlmo/oUgTegZgxgnWnVjLehSzeYWu9gnb/RbRRbfiIh1Ya2QVv1aYWXJwanY5MBVYVo1PtPz4cfTOfynPppI0YOgRVllBAIrI74wVymDo2ds5BFiwsjygpZ9OBKw2Xk5kqvJiGEaPPq+jDp+0PZ9uo2nMfWsfyVbxg+agyD+qXh/+YAm79ex76qwBBbKaMuZrhWQ/xjbkWH8a9iyqcOb/oDrDzF7Frc0AvUafmSkTnuIXbteihuuuOUP3DoN9xwThHPf/wLxkQsc99bZ3H9EylYYxeX3ZM7gCUxk/0eB3WRz1C2pZKRlPgOU4Cicgf7t1zMjfue5+P7x/OTBbfxt3uD39cTBv0SrH9wsjLuexRBJeieJIQIkcBqO5RnM7PL64ubvsXuY1wX49vOt1T7MLoWh3uBgmH56govF2cb33J+yOnHq8fP1DUpUGeoR2VsvSlmjb+PafqT6DOspqixRJWKr1Nv4P37mFs3XLcQm0mLe6Ny+hVOPyQ1o5Pkmelmw+V8VO7hjl7G47U6fIpSd8OBV6P1PZHPKkZta8s/yvl0xXe7y63/QjTViJHw+OJPGREcUxXKeH9FIeQOJ5duMLIb/1zxKSVDg2OlPhgYV3X2ZdH1lHy4ks1Q32M1Uk4Pcku3sLn0QnJzAj1iF3Ez80ee7rUTQoi2r830dvIex9PvZu655mX+8u4+nLVH2bLqXbasinmdCZwbl/Lk/iFcfeOl9G16l8V2R6ng8GJt4KnkLZ4e3MSRqivo2cXN188O46Y/NrSlTCSlpGIzegq9UmhLiym7fyxdC3zouik8PdBjsozipSr4VPvo+SJ2BLqK6BSjFKGvm/a1z3DxtGUR8/nw1jhRKemB9oRm0XVUsN5QN5/6/RuuONwbMzCPQieyXa/ykwsXB/O388Knv2TMlC9ZUHQx05aFXhfsuFRezKsGx88j7+7i2r4Rm+7APxg95TcxrwOvswaXOZX00ANDlI5auorCqWMY1y0fXZ9LcfkvGJvdF59SmELz+wLLLzu6GKUM9seechycSd7NftRrpvDydF2Bo4IiXYdyBwzK41ZdsTS0/nrgu7OjvChiu7WB47SFUiGMSGC1HRqeaWFnTXxgdek3LsPAqlKw9IjLMBg3rFP9IWJU/kGZh5kD0wyHGXg9QZ0FaYFf4lLNgV++Yl/j9CuK3TpjGhh7NKTCoxP7u55R71qj4GNIVYIeqyHdbCZKYoKbfgU/2+rgr6MyG21jyMA0S7h9kbbZfXh041v3Pyh1N6m3atz6NrlVJzdPa7JIL1UhmiX3sunMZj6PR/Y2HX4z828fEi6fWjKnvnz4zcy/rBvQje9N6sbji+cwHciddDPfy3mNw6Vxi4CcC5n9g6NMf3oO/wTIuZTZvxoC27ac3pUTQgjRLK6qctJH/ZhZg7by7zc+YN2hSnw6gIWUM87kkisnk7f1Dyxc44Tjhbz3Blx9Q8cNrrb2rcetm77OrmMzGNvFxtn37Wb3fQ1vqyP/+QlXz16XoL4iKhwwZvhsPP55gVvn/R5mDy+AA/9gbsJ2EJUPCeQDdeZn98bp1UkOBnX9nof5x+4bML07iimPGs0Xn4+d/urRMn5JNnm3KlgWLPd7cDh1ktOSCTyq+VXuPq83b26ZQreBkfXcTl5XcOwqMtyuc68fxdwE27D+dXew6KtfMrbsDYZeNy+8HXRvH7IzA3VDoCcrY0Yw2+1jXpIZpXx45oyggCL+8Wioz2nMei4tpvx/xzL4/FvxLluORQPdewvnDc7EsfNzXgU4Ws4vxwzmvJu8LPmbBZSO7+bzGJzpYOdnr8btl46SChFLAqvt0MSuVv5W7Iqb/nG5h9/vreWB/mnhaX4Fv9jm4ECd8Rie53QKBDeNgncAlV6dOzZW88rZmVGBwcXfuBIGa8/NCtSZZNK4sruNd0vcUeUK+PlWB6+MygwHIyP5FSw46OSfJW4Ou/yYNbgxL5mZA9IStrWhoQAqPMbDIIT8qFcK9293xE3fUO3lT/vr+Gm/VEKrroBCh4+3it0cdPqZ0sPGd7sHPoF2spowa+CNWZhTV1yztprXRneic8S9IyvLPfx2T22rBlZP9VuHIvAwsORmBkUVgYB7aiNj+gohGpZ72XTmX5a4fMTtc5nflPkuC30VuJn5sUMHDL2Z+b8zmBbxutzLphsuRwgh2rP/OWjfAAAgAElEQVS29aXch6P8KK70gXz3ruFMNtffhqV0L+46B96ev+Tm2v/jta1OqCrkvdfh6hsuoU8HDK62rX3XwpSfgxV2oGkdSpS7HJ+uEjzfYzF3f3QtX0++gXfmzOKKGcCTK7gh38HaZx5L2BEmWDOoiNvSlR+Pw4E7ZTF3LziPz/73Br5asI9Rd7wIwBPv30CBYy1/eERFfF+qr4OIaZH7N2raI1vYf821ZBf4UCrYnWfue+yenM2XT4ziBy8HJt356qRAEPORiA47/r5kZ0JZ8eJG1qshi/l851TGjglsrzd0hfI7uGlBcHl3L0YBi+9eybVfX8sN7z7MrMtnAU+wYkoBjnV/4LFw9NOHq9aHJS2ZwM2ej/H2uku5f/w9vHDDAn7wMtz56j2Mz6yvl0feZu3F9zP+3he4adEPeJE7WXzveDIP/IO7l3Tgc0KIGBJYbYcmdLGSazPFjd2pgL8ecvFhqYchGRZ8CjZV+6jyGt9qfkFXK/nB3qUJI6sEhhGYuKqKczpbSDZr7KnxU5QgUJth0ZicW3/b+6wBabx/zIM7ZsgAu1cx5atqxmdZGZphIdtmotanKHT4+LLKS23EGLI68OYRN/cXpNaPtRnT1qhbRmLYvbrhuoUmfScniby9JooNxkJdcMDJ+6UeBqSZceuKfbX+qNetrfTiVTA510aSCabnp/KHvfGjVH1T5+fi1ZWM7mQl06px2Kmz0+FrOLCpEvz/RJ3myOrLh5y8eNDJca+iZ4qJOYPSOS+r8V7JCw86eeWQk2qv4owUE48MSmdCE+YTQgghhBAN89ZUcizRc6ksqQy84ZfcTDC4eryQrUXj6XNmaou2sS0IBd7ibk2P0S7Lr3qGe84LBVXL+e/sy3jgXzEzXvV7Pnz8O2QDZ1z7As+sM3hNqP5HrmMkb7Npyh72TAlML3pnJHe/2kD7tPA/KKV49K21XPqrCczYs4eb3hnJdY/czflqAat+NYM9e2YE5nGs5Q/n383iyCrQogKroWn1+zd22qNsLrqW64Y/gk/9Bktk+2ftYc+sUAMdrH36Oh6LqMv/2EgK2M/bEcHWE9n+i+86n8WPBbZXYM32MIMi3h55HY+FX/Uo141UvL3pBvbsuSG4Ud9m5F0Rg93e/iJrfzWYHU+fz91L6utm4SruD69LYD3qO/gu5u7zYcGq+5mxJ7h8x1r+cO2jhl8T2+Txe4rLhTCiqQ7981v79Um5h/u2xPeybCoNeGdc5/Bt+/dtcfBJueek23V/QSp39kmJmjZrRw3vHHUnmKPpVp7XhVybiUu/qIoLKieZNFaf38Wwx+Ndm+x8UemNmz5/eAaXBMeP/dsRF3N31Z5Qu87pbI0aMuCCz6uo8DQ8bmpT/HNcZ/qlmbl27XH21EQHsk0arD4/K2rs2YbU+RVjPq2Mm941SeOziVkn3daPyz1M3+KIegPWgA+D+yyR90s93L8t+jg2a/D+hC70SG7GALdCtFNfb9/D2WcNaO1mCCGEaMSKFSs466yz4r64t/m8NY2sLhZ2v7eIj5jET67Ko7K89sTrO8V5r9dLfn4+p1NBQQHp6emndRlt2t2LWXvfCAIdld1sfnYsP1hwAq/5tnrsbTZfq/PmWdfzmyZ+t0L5+PXb27m88hkmTm3wSV7N8oNFn3PdkYlc98gpq1I0U01NDfv27WvtZohTyG63A7Bp06ZmzztyZOBBEhKZaKcuzE7iyu62cEfT5v49NCAtHFTlBOuI/RucYTF8SNPjg9MZlG45qbq7JpmiAnSx5SaNBLejwMAEy448OW7qmcwVOUkn1LZYcwenYzGd/PY0aaHfU7UmLbcxxnWcml/l3ix2h4djCP3pwE6Hcc/mkA/KPHFt8qnAcAtCCCGEEN9WsT2f2mzeV0dFpZeBk3/BLyb3w1lR17baJ06/BQv5995AJxj33n+z0Chg2pTXfFs9ch1vF/Xn8hdvw9ekL1kK3y2LuLxgPx+ewqAqwOKpElQVoi2SoQDaKQ14akg6h+r8bLc3ckt5BJMG1+Ymc3tsAPREo3VBmRaNF0ZkGD6gSQOWjM7khrXVCYcQaIjNpPHrgfXjxqaZtLi2Zpo1w2UDTOlh45WDzrjelIPSo0+Pp87KoMxdzfrjTQ/qmTS4Ojd6IKqLulqZ2juVFw7UoTdhm6aZNWr90S+0mqBXSiD0e2a6mV0xgUaLptHUH1QBUswaWVYTlTE9abslnZrfXixgePyYtYY3QOL5TkGjhBBCCCFaUOQDUKLGdGzreW8t5UcDvVRDPUbbUvtaQuQT4jueT5lz3TnMOenXfHvNuebvjNh6Ly/dvoSprzb26h/y0k8nUPaPYczpyIeNEB2I9Fhtx8wa/G1MJ6b1S2lSD0iLCf5vWAa/HZJm2E/RaJ6CNHOj9XazmfhoYhe6NhCkSzVrvDO+M5N7NK+X7fBMC/89rzPfyUkK1/XbIelR7QX44/CMhH0v+6WZybaZouodmmmJu9XcosErozrxk75N254KeGJIOlPy4kf4n56fwpNnpTc6f/dkE6su6EKKObpX6oQsa/iBWb8elEaaJbp8Yldrsx70pAHPj8iI2m4KuM2gh/GJ+FEf4212VkbDv+1ckxt/PACM6CRjrAohhBDi26u1e3i2t7wQp9cjTB52bhOCqgB/Zeq5w5j869PdJiFEWyFjrHYQx9w67xx1s+wbFyXu6J/O+qeZ+XHvFC7plhT1VPpI0zY7+NhgjNWXz84k06LxzL46vqz0RnUuHN3Zyi8LUji7k7XJPQwV8I3Tz9+Punn9iDtuLFKLBudmJTE5N4lRna10t5kw6oha6PCx+LALr4LbzkhmVKeGA3h2r2LxYRfbHT7O72rluh42UhI0WgElLp23j7pYcthNZczDv4ZkmLmrTwoTshJvz5Byj87rR9y8eMgZ9UCuHJuJn+Wn8r3uSSSbNUrcOi8fdHHI6ePy7ja+m5MU1QP3qEvnlcNODtf5uSrXxpU5NsPt0hAF7Knxs/CgE13BrWckM7rzqevU/km5hxmFtRz36vRKMfHi2Zn0TjE3Ot/KMg8zCmtw+BR9U838ZUQGfVMbn0+IjkDGWBVCiG+HFStWMGTIECDQ4zIyMCj5E8/7fL4WGWM1JSWl8RcKIdo9p9MpY6y2M6dijFUJrHYwCqj2Kur8Cg1It2hkNOGe8Xs2O/i4LD6wumBkBhcGH/BU51fYfQpdQSerRtopuF+72quoCd4Gn2yCLlbjQGprUcDx4PY0EVjv5vQUDdejoNyr4/IrUs1am1vPU8WnoNan6NRIwNlovhqfajRQLURHI4FVIYT4dogMrIpTpyUDq6GArtHDtGJTKZdyKW+f5RJYbX9ORWBVxljtYDSgs1VrfoAqQfi9LmLsz1TziQUVG9LJqjU7CNeSNKCLVaPLSbZR007deKZtmUXjhPanRUOCqkIIIYT4VtN1PeEXeUlPLG3JfQfELTOUj02lXMqlvP2XCxHS/iM54pRQCf7cMiC3EEIIIYQQjdK0tjUuaXvLn26JgiySSippx0mFMCI9VsVJac6T54UQQgghhOioIr+Yx35Jl/zJ5U+32B6rkkoqacdNhYglgVXRZEaXke42eYiQEEK0lmRbUms3QQghhBBCCCE6LAmsiibJStLiIqsWDYZ3ksCqEEK0FovFTOVxO1mdM1u7KUIIIRohvZ1OPavV2iLLUUqhVOuPKSuppJK2biqEERljVTTJ9/OS48ZX/V4PG7b2+Oh6IYT4lujSKZPyqurWboYQQgjRKjIzW+aHRaXaxi3IkkoqaeunQsSSHquiSUZ1tvD7oenM319HtVdxabckZg5Ma+1mCSFEh5bdJZPj1Q52Fx0mu0sn6bkqhBBtmHwpP3lKKZxOJxUVFfTu3ZtOnTqd9mVarVb8fv9pX44Qou1rqV7y4ttFAquiSTTguh42rutha+2mCCGEiNC/b08qqqqpOG7nWHkVLrentZskhBAiRkpqGoWFha3djG89TdNIT0+nd+/e9OvXr0WWOXr0aL766qvwbcBKNXyLsJRLuZS3z3KlFKNHj0aIWJqSn06FEEIIIYQQQog427Zt4+abb+bYsWOkp6djMsloekJ0JLquU1NTQ/fu3XnttdcYOnRoazdJnEJ2ux2ATZs2NXvekSNHAtJjVQghhBBCCCGEMDR06FD++te/8tBDD7Fq1So8HrkzRIiOJCkpifPPP5+nnnpKgqrCkPRYFUIIIYQQQgghhBBCdCinoseq3McghBBCCCGEEEIIIYQQzSSBVSGEEEIIIYQQQgghhGgmCawKIYQQQgghhBBCCCFEM0lgVQghhBBCCCGEEEIIIZpJAqtCCCGEEEIIIYQQQgjRTBJYFUIIIYQQQgghhBBCiGaSwKoQQgghhBBCCCGEEEI0kwRWhRBCCCGEEEIIIYQQopkksCqEEEIIIYQQQgghhBDNJIFVIYQQQgghhBBCCCGEaCYJrAohhBBCCCGEEEIIIUQzSWBVCCGEEEIIIYQQQgghmkkCq0IIIYQQQgghhBBCCNFMltZugDg9tpbaeXzVXtYXV+HTVWs3RwghhBBCCCGEEOJbxWLSOCevC7PP78+wnMzWbo5ogySw2g5tLbVz9fK1mFIzMGVmY9G01m6SEEIIIYQQQgghxLeLUqytdHH18rW8d8tYCa6KOBJYbYceX7UXU0o6pqRkFKCp+h6rCogMs0pe8pKXvOQlL3nJS17ykpe85CUveclL3jhvSkoGpXh81V5emzIKISLJGKvt0PriqsCJT/RFQfKSl7zkJS95yUte8pKXvOQlL3nJS17yzcubkpJZX1yFELGkx2o75NMVZkBTChUxXQPJS17ykpe85CUveclLXvKSl7zkJS95yTczL8+vEUYksNpOaTFp7HTJS17ykpe85CUveclLXvKSl7zkJS95yTctL4QRCay2U0qpwFVAIamkkkoqqaSSSiqppJJKKqmkkkoq6cmkQhiQwGo7Jee8EEIIIYQQQgghhBCnjwRW2ymldEADpSSVVFJJJZVUUkkllVRSSSWVVFJJJT2ZVAgDptZugBBCCCGEEEIIIYQQQnzbSI/VdkuBklRSSSWVVFJJJZVUUkkllVRSSSWV9ORTIeJJj1UhhBBCCCGEEEIIIYRoJumx2k4ppdAAhUJDoUDykpe85CUveclLXvKSl7zkJS95yUte8ieQF8KIppRSrd0IcWr1/eOHmNM7tXYzhBBCCCGEEEIIIdoFf001B35+WWs3Q5xCdrsdgE2bNjV73pEjRwLSY7XdCvRY1YK/sBD8hUXykpe85CUveclLXvKSl7zkJS95yUte8s3NC2FEAqvtlGaYqgTTT225su/HdfR4dIMy+pKcl3Xi9TtLcFYlkZyXFT3dV4lnnwfLoFy0Flq/012u7Ptx1XQmOa/rKalf2ffj8nYnpWva6W+/rxLPvgP4AXOP4SRlWhLMX4tv1y682YMi2qXAvh9nsK0NLV9VbMRrbah+AC968RZUl1FYUk7F+nnQi7dG1Nc2j5/6fC3+XTvxBqeFzsG2075TUV6Lb9cxtIJ8zJY21j5nCa5DRzBi7R04hozPn9D1LKbceRRX8BqYePmR26Mt7J/4cr1iI+7y+G3R2Px6xYbAfBl9SbIdwN/o+d8217/Z5b5KvMFraqTw9dVZ0shx0Rrt9+Iv3orHQcR1J9H5u6v+GhWSPYiUrukJy43Pn8D12WMb1Oj7R+tvn9DnpKq4dWor7WuL5apiI65yg/3vLMF5qDh43KQFPkfEfgalM0nh62LkcRWaHr/8xuoJfA4ZRlKmtU1sHymXcimXcilvmXIhjMhQAO1Q3z9+iCk1o9WWP/WKs5nVKyl6ousIc5/awssRX/6aZeIQ9vfz8MSre1kUOf2s/mw6N4n/LCxk5ok3uU2ZesXZzOrmiF/Xk6kvtZz8vx8+BbU1xIu/dz+2Xt6TTMC+92uG/deD2fDnm158cFce/Uv30eet8vBrmtrWedeP48q6IkauKG3gVTksuaMfOUVfMenzE1yl01rf6VSLb1cPVj49mAGhSe5jzH1y44mfg21SLz64K5vSL77m9u2t3ZYYFw5n/8AUw6K9u79i0qcGBQ1dzxJdA6O04e1BIKg6b+o0bsmun7Zn3fNcumYUluSG5vQy77qJ3JQNeOxscmSS3+j5306c1Z9N53YlM2Zy+Pp6UVOOi5alHEm8eu/ZTEwGXEf4zXNFvJxhNXhl8H0gdnL5Dnovt2NJNi43PGZc6Sy+6ywm2g/S952SNv1kVuXYz/9c833m9K/fJnvXPc8ljZ4HHdu868dxU1fYs+UjLv8qLTxdHzeQA8O7QEUx+X8/bPwZFC+fv/8hdxzKQlVk8uGMwcHjysvn7/6b24/lxh0zjdXzZJM+hwghhGhv9DqHDAXQzshQAKJBGqEu6y2bAuCqCH/R04B5N4xjzoNgWvQNLyeDwhvoXeIIvNzSZxRWg+mmvGHYMqxERv81vPiKt+K1nYGl/AzAhL6rBDUoFy1Rva4SXJVJWG0H8JYD5GEL9QrzVeLedwAdCPVGMFlaefsl3I+1+CN78AR7aChfJd59Hkx5dXiLj9evh68En1uBrRpXRS3JXdNi1rd+O6iKjXiT+mIuPhCoP3tQ4PUEt9/B4uBC80galIs5rv09WX5hT0p3fMXIz3vxwV1nsbz0a+7Y3sB65vRiaf5u7jiUFfelRgP8FRvxBHu3mfOGYc2wgmM/un8cuI/icejYMqyGrwsHD/VKPLsC6xt5PCXaDomWGxuM1FwlOA/Whbdz49un5VLd0YeVTxfQvfgQBf86igLuumo0cx4ajmnhN7yUnHj9jY4DW9Ix3JHHlaWR4yXReRg8TrXsYnzB7WvtMwpzMvHHWUZfbHlZmILnO7Y8vOXBsuxBpHRNwldcjaIrevl+dF8b2w+fbiH/00D+ievHcROBL/0NnsehvGM/rpjtHX38GW1fb9veHnh5auo0bso4zhMLd/EioIYNZtP4aay0fcQVX6UlOG68+IpN9Exz8/m7L3Hrts48NfUW8t1H8TgcmIsroSAfiwV0x37cjs7Rx03WKMzJDV03j6MyjqM7gtungetCa53P4OGLYLA8ML0vH9w1hOVHN3FHcJVCvfli97OK6CEcvv6d0HkYOn9DvWc7Yw1u99j2Tr3hLCbWFpP/6mHmXT+On9/g4ZUVpQnfB/bu+IrLPw9N78Grdwzmo0s+Z9IXBuXDBvP1+GmstP6HSeuC7QLUhXlMdDrZm5PJPMdhHg5d50OfF4LHVOT1vHX2Zy0/vuZ6Hu7v4/WFG5kJKPL54K7AOl2+LovY8zvc69fwfb47+r5d+CDqOpLw/c1VgrOyDrPjOP5gvcqxP3h9j9mvTdzfLXcegN3tZUBuAYqS4HlZy5O5XbC7PWRGvC70GfTF0Pznn8W+C8Zw15J99L9nMOz+KnB9vnAo+665mKee38FMS/zyGqonkkYt3l3B/RDcF8ldk9CLt6JnhT7fBs5Hf1rE51KD88xfsRG/uzN+x/HA8ZriaFP7QVJJJZW0o6dCGJHAanulFCp4BVChSS2Uj2hEuHzG66WMursnN128n5e+sKJXmFjy0LRAjxZgz7plXLY+H1NdWtR0+95tDP+oBlN4IR58xWaWz5zGuU4nezunkAnc8vQkzAs382C5Qb3r8jFfegnF/eysdl7JeVkAVSx/ciOzs5Lw5Q+ncNqVwR5BXj5f+Rk/2JfWprZfoNyL/0gPPnz6kvpeiKX76PNmGeYRY9k+zcSWgxlM7GMBPIFeFX0nMae/DRhM8T1dyX99K96eketbxfJHv2RWXhZP3jWNK6uOUdr/ykBPjtId9H6tGktyLb7xF1M8PdRnys7yZzYzO9Ma0z4TmgaqZh+eI5koctA0RahPfOz6goe9VSYmXjicOxcc5qXIzn1KodfsZ96Pp3FLTuhY+IKh/1bcc/MNgWk551J480FGLF8d1Qsu9LrQbZXKdg6FT19Z34v2AzdmS238dnjsS2b1CHzJNFpuqD6UAmcJzgsuo3h6Ml9++Sk3WZqyfU7P8RKf93LndWcwwH2cJ/5ZHC5f+K8jXPTDPtw86TAvfZp4/QPHQVnUcTDXeQFz+lgAN5+v/Jwf7Etr4Hgh4fltHh44To9VdmFAVrDs638zaV0W+CvxRB5nriPM/b+dvNI1n+UPTaRbTQ0DstMDZaX76POWhddm9mEAMOCaG1i+5lNuMhvsh2BPudY6n6NPaYXCi7/Y4Dx+qwyzAvDRc8oNFEeexwezouow3r7ntfHt0YteGWA/XMify50kZ6fBlkJWnDmeG3sPRX21H93w+h1YrwlJwDXT2HiZj+xUgud/DaV5VkpXfc3tO2HqlCnM7l7N44v38aLWneUPTiTn0CouXZ5gew8fy/Zp6eC2kWlz8vqCL/hVgusjrXX8hA+giPcDXyXHnN3p3k2hdEC5uPgn05jdJdjmeRuZnZ2Gsu/nCaNr2WiD83DTv5m0NhC8MzwPs5Pw5w9nu8F7ZVz7zSbwV+M5sg9djQOzCRX3fkZERgX+q0Cxh0P23gzt1Mu4fEshf+41mlmDzmHq2n28CEAt83K7sLd0DRsZz1XXdWXWh9VoCnRHGkuNPlO01v50FXBTfxt7d69hRnjf7mPS7nT2DzmPqWsLWRBzfuM8wm8XHealUYH9tvVwBuf1Cl6P3/2G3GmXBK/Bwc8DDby/ceklFPezYU9JItNj54m/fIQvqvds8Bq/vxn7u6XyAKU17O2VyTzXUWbZAttzdE4t2w5bOTcVom7CCx03gH6sFvuZaRQoxYzX19SfzyvK2TMwj15nK9hisLxQPcHX6yXBeiKv7MqD72gPVsZ9NrOwfMZEuu1aGehhq2qZ9+NpnFO1hkkfJXq/S+Opu6ZxZZqXzGQr9uIihm1Nit8P+9Na5/iVvOQlL3nJC2GoLd8tJU5S6LzXtJbNx7VDA9jPhgro3ukMNK2WJ+88l4nOUvIXrKFgdx0Dxkxh+VC468ZgT5cFayhYWEpp/wJ+F1GxXmFm2cxzyTmwhoI3NjNpdQV2HPxtwWZm4uWpu85lombniYh6l50V7KeU0pNhroMULFzD61VduOXH/dE5I9DLsnANBQvXkL/Lx8TRw9rg9gON3rw2azDdiw8Gts+aKuw5vVg+MvTKLkzMrKRg4RqeKDYx8YLR3LlyM08c9kBFMQVv7AffQD66picUR2yHh0ZzZ7CbRWb/rpStWUP+glL25gxm5UW1aNpgPhqTzBdfrCF/wRrmFady1S29Ddp/lFt2VTFgzBQKZwyme/ERbtuaeH0BSguP8KXWk5smlITfsELumjKFW3LqeH3hGvK/tEP/c1l5US0v/ms9f6sA++EiRv7zEFOnTOGWjOPMi3zdJd7w8gb0T2PFgjUUrLFD/yGB48FoOzwY2A53fd94ueFmq0o8Ey6leIjOEwvWc/u2pm6flsqfwSU9bNjLqgM9xiP2z22vrOHyz2hw/QPHQSobF64h/8sq7DmDmRM8rv5WaWPiyMHhfWR8vCQ4D4eE+gt2obsztFwYMHgcdwEMGU3hmBS+XLOG/AUH+VLryZy7BoZXbECGL1hfLeT0YvmIo9z2SjF78fDF6vXcvjXBfmjx7W+cJ5xPcB6PCL3C4Dz2RVwfEl4/2/r2OMonFT4y+59L8Z15uHZtxLV7I7/4y0ryX9+PlvD6fYjbXiniCxfsLVzDuKWR5/82Nlba6NapFg0v/dM17JqNAhdoriS6pdSy8bPGtreN0qI1FCzczAxXf1Ze05PSXWsiro9jmNoq2ysyr9DLA9vLtXsjrjMyGZbio6wqWJ7Sk5yy4Hnj7sItdw9GA6aGrmXh61/gWhYQcx6eGTwPz0pwHobeK3esCR53gfdKo/YuevMIe3IGU/jQ97klw86f/3m0wfc7VbsxfDy4ducxOgdK644SKar+A3bsKcn0D9Xn6s/onFo2fgozdx2HHllMDV7LQp8pChYGrlOl/Qv4XYvvv4j8d7IYQA0bP40p/3Qz+a8U8qIGv5t2LhNdwfN7YQl7U3pyc/iOwy4MMx2pvx5f04eyL2M+Dxgdxw8Gj2MNSNHYtmZNYHlXXM6c/r7A+92CNbwevMZrzdjfLZkHN6XuLoy+MHAcq4syGVBVyycxr0e58O2uP2f+p2cWmR6d/eH6vPiLN+KakMkAvHyzNcHyQvUEj8//OSNYD5F689rMwDWmIPy+GXiP+rTcy4C8gYGXRRynjb3fZVLDEwvWcPa/MN4PrbT9JS95yUte8kIYkx6r7VVkD49gxCqcj01PcXlkG+rLvYEypVBqMOfkwJ51b+DaBezy8/lvz6N7F0+gpwvHce3aANoGLvljxJhjysklPzmXocU7GPGJClzgVP2yFLn0SoO9+7azSAGflPFF7z4M69cTagBq+M97xSgNZmyv4IqJWTylKtFMQM0GnLuAnUfpOygX02ncPie2/UBRzG3Pb8R1uDjwut2ZHBvfH/TQTF6+2LkPpWDRe6Xc+JNsLhm+n09C8ysFQ5PJwVG/HXZWcsWELlwyfD+HASrLuW2LArWP1w93ZlbPwSjdAmio8g24dsH84goW9MgKb/9Q+/wVG5l3xngAMvmGuX/dg7Iew+XpTnLoNmcVs56qmNsO5LB/zIU88dlWisLTPRSk2bAf2s8MXcGW7fxn0ARu6jkYpQ6GXgSqJxfn2rAfXs/8XZtg5wb+VXAfV2Xkhnuu2L8pY4YK1jFgAlfm9wQtYjsQuR12cTi0XBW7XFdgqanjKDzLx2t/2skiG6Catn1a6vgJ9dE5dvwgKKvx/EMTrX/oOHAE199J6YQ0tm0PHFf7ajyQRv1CK8u5bbMCIo4XVRt9Hn4cPA/ze8LBwHG67VAxSsGMow5uzA/UNzW/C5nOY/z3zQ24FEzZcivFQ5O5Uw/cD2svq2aRUvBJNXsHZofPj9C5ohLtBwzWvxXO73A7Y8/jXcHzOLw+xufxS4ypxXsAACAASURBVOF1beD6abQ9yhIcly28/gpY9N46FmkFfHD3YIqfDgboyws545VykjJ7JL5+7wyvWEwPTsVep5cb8waie2s4AwcryjIYfYkHnc4MqHRwuV4MRtfNiO1dWhWs97IsBlDF8gUbcGrwi8/O4IrJGfT3KpS1lY4fHcDGxGvupfia+kNp764vuW0LcD5ADRs+UaCK+bi0BxNSQSkP/WOvZQMD1zJ2BNZ726FilN7Iebj5VoqHJXOnqgu/V7p2AbuP0ndA/biU4fa6SnCdPzTQcy8FPn9nJQu8SfiKPFhCr49YP4ABY+6leEz9utmLDzLyk4jzO7TfQ5P8enByYLp+USYDSg9y4a4NsNvPlhHncNFgDy/usoY/Uzh3bQC1gUv+NAqLLeoQOr37L7ZcAU4ne+Le3+vnm7H0X9xfdCD41u6nxJlLbsTxGrp+7qvxgAq+Z2tOSsenBSqMPI6JOY4VgJvDW4LL/3gdfZZtxVsTWP7OyrOhCyhlCuxvR8z+bsXrR0Adn5R7mZU3EKV2BXoql3wJ6aODh0Rw5pSezHn6XuaE53Py+gvbWRhuf29em3U+E5LAXrSa++1+ktKtcctvqJ55gQWCKua2v2wM3NavATszOTYhcI1ZeKiW+8628mOvYlEwCHx55Hn2xgZcRLzfhVa4zh14vwvth9jzrtU+X0i5lEu5lEu5EEYksNoRRAYgW6088KUZlzk8ecCY+6K/TGX1YdF76+h/0wSKnxkCwN61S7l0fT5mgJQzyKmqhh4Z/NhRxsuZsQ/DyCAn6lkxBzlc04ehociK08neUJEe/GJGMbe9ksIHd99H8VgAB8sf/YxZEQGZtrH9AGrxTbiI4p93iSj0UBYur+PwRsAK+Pz1VUb+tNYthczIhW2s5diE9HDW7nCE/69CAVttH5O+HMKma+4LfLF3lzD3mW28kp0W0b5anrzzPr7rPEj+Alj6oz7MudMO9guY0/U4+a9Hj0cW5dNNvJ4zgasmp/OncNP60CsdqKtf/70ON6QbV5HZ/zyKnz6vfsLxTgSj6YEAI1bCwf3Y7aBFboeI5QbFLndAnoUvqzoxekIJ+sZcTE3aPolX/9SXm0GD7mndUByP+gFCr9iInj4KS8L1D7DX1NEUdocjvPzw8RJ7HmrB8zA8wcXhLRj/5JtyBnOevi/qS+wALXBMltqLDWaI1MB+aO3zN0qC8zj8/wTncQyj62e04PaYfB/Fk4k/LpvT/lN1/drtwDQIJr2wLzg9jyU/GkLhDXsY+X4j1+8EFh2q5adnJzN1WDLDNA931LjZlNGNO/UU7M7joDW2vWOPxy7c8sx93BIu99F7FLD1ZNf/JMrx8MXqDdy+LeL1kdvF5Sb+Chu8ljnrp0Rfy5p5HrKX215O4YOfhI674HtlXhZaRPv1iy6ieJCPJxZ8Cd8bw6zJFzHvnVquui+LFS9s/v/s3XtcVXW+//EXYFsp1MSwjRqZklNUBjGD00SMUU6SJ2yOlya7jWlBx3F8TJOl+euIpzEqs3k0zhwhTU9j2eTlNNB46VTkMbpIxzaV7czZmmHC9kZeEHBz2b8/9to32Fw2giC8n49HLb77u/Za3/VZa23ws7/r+2VugN3ZrB+7JgR0H1fD42vAGWmin3uFunKyzQNg0ADP3w0AJ4ZGUv/NSVb841Nip1xP6fPG3xSfvsbNRcMJc//5cLY/n8NCIbwXI6qB3j71teU4DsF5g/tSH3st1pnj/SYs8/zt0tx589PEdQx+14uzIoLX5s70DjsAcBSg1Hu+ff82ajj5YSf8feS6589j+snLSRxUw6E9NP7boPooT7+ymxVNXk+l3L2qFEIG8+p9N2Cd9E/itxxpvP+WthMCns/03wb4jPnyODuvi+amuB3EmgdgO/Sxd5Xwofz7kob3mWs3J04Zv4NDSpu+75qIT6P2qV71qle96tu/XqQBJVa7LZ+vVDpt6f2qp/5oDVHhcOjUAXCOAE5T+K4xXlftDzj27iM0JoHQUxYeWeFgbt/zgEv5n4wpvF73KfcAVB9l7VvfEDvlZ8y+4wdefu+kz1gWTnBWc6gaok6X42QAIVUDGHIBcNpYK7wXI6qd0AfqL+xFP0IJoYLab/6Hm/8y3DUz/Y3XsHfu9Xz7yi5Xr6kuEj/X8koKkgZgs37ELz4A58lB/M+jMd716MPQOAfsPg9n3HlcTAiHw9zXgdO13jEHJwih/qQD+p5H/Y9CvOsB/cLPo97pJJRTjAjvDaFhUFOOY/17jPrC1dtoRtqP+ffMq/mvdXt92ncNPx50mi/f3wfO87h7VW/+JyOOfx90mo+22QIcn0/BCXN3HWfc9Vdz5yGnUXeA/ZWXcrXjlKs9tT8w3N0eT1ycuJOI/7Rs5BdFAwjhFLW7d1MffTWmvkMBd4LxB0Jqohjqvh6ajEPL+7Xt+Yq7j19F8fVjyP7fL5gfXtGK+JzN5QG2Hh3Cz8x9eeDkIc9s3M4Te8meMZOf/PARvyhv/jrwXC8NzpN3R81cL86q5u/DRtszyqEhcMjGpesOEdYL6o9acDiG0Tv6Cl7zPUC/8+/Tvpofuth5aLB0x62t97FnM2E09fnZq8+l3n11uXhcQ8ESE58+/X/MH+hOdu+mYL+Zn0X2beHzu867Mb/PRyd8cYydCQMYHlEPlafghz4QNYCbLghhp+VAK+Lts92wUKj6nj+8VMLKPrgm9Sk7H9NInxnDu8zvA/w16lphfJadPkU9TkJrfD7LGh63b7nJ+9BE3e4mflf6tOe5SwZwovRrljudhLxVxIjJP+OuCQM48d1u5vqdvwYHE/C4A9TX/MADffrA6Wr24MR5ZSLjB9Xw0cefcs8XxjqjrqD4+iE8s/Fr5gb6m6LWZ92zfR63VmD70cUk/rSMeovZGD/+FLVDrsU6PYI//9dRxvx8KJTsYfjmg1Ddl78+dA1mvxMV4PPY93Oxuev4RrzrAQ9OvppkjvJ07jes4BQP3JzC/xvgBGcFta04351yH3xxjJ0J0Yy5o5LLT59i3RdOGOKOSxNx8ixrqCvbiXNAgutpKOduSk5cys/69QMON3F/NXV9Gu3hSgp+EuAzxrgPtx4ZzG+GXsugQaf47E3jjU3eZwN4xrNdJzhPddHzoKWWWmrZw5ciDWiMVekYzipqd1uoNv7LfiiOyx3HWbsVYA+fHetNcvwQV/3Qa7EumUnBOHju32ZivaOX8b7jQC3ff+G/6bm7jkNsDNlHT0FYCFBL/W479ZTyfTVcfuW1TNttofr6oSSH1/JVibun2wB+nGK0Z/AAOFbBXEZRsOROXhtqtLUCqK5x/cHamRrEr7rsB5zG9yDOCtdrD0wZxuU4wd35lt5cM9wVu2mXDKSfo5KtX+D6A77uONVHT8EXNRxiAOONGGePGupdD2DQQLJ3W6jePYTEQWA7tAeuS8a65GbjdQu1dSGcqK5u0GDXOb1mmPvc7eHgaVebovrYvU1syhdf8efSUC4f1Nvz0p7qWvrFDnXtd+i1jHe3B1zfIjrsOE5+x9ajtd5zvnsI7y2ZiXWqt/dev8GDeGC3heqhfbnGfT00E4dm9+vT3i3HBjD+jgjqrm1NfM6uFW8dxRY+lNmee8nCtDvu5K5BVXy2lZavg9YKdL20eB820eaSSk4MutRzL2bPmEnpE8mucR+b5Jr7vP7o3i55HgJrxX08IqLxfezR9Odn147HHj47NoC7MoZ4P9d2D+HO2N5Gu4K4bjz3f43rfVXnM/6KARw6VepKujCAa0JOGXFrKd4+tlZgCx/Knde775kplC5J47kOi0nHatVnWQNN34et+10591AV/QYPMD6PLXxz3DW2cr8Laqlt4+XnPnfu6312bG9s+75iBTVMHzaAfqdP+d8jxudbYsoPPNuKvynOrj2sLa3l8iTvvVm9ewjvTRgKR4+xgjDXUwYOu6vupuEkh4OzvqbFLXsEcx33CvX5e+NyfhXbG5z1OLvq30aA657vTXLsAE4cORZkmy7lb0/MpOB6b+wTW3FfNK/5z5gVJacgdiiX/1Dh6bHd+t93Xfk8iIiIiJt6rHZTfjOjnm1hoY0fcTp9nKdX7mS5UXz8b/sYOi3O8+jeiQP7GPu+EzjIdZk3ULrE9Vi3bdeHPO4EQntBSD04nTg/38mfY0bzxL+N4om/1XDo+ou5a0kaoTmfGdsd5tm3bdeHTP0c1zh01RUQN5PSJUZ7VtlwAmN3Xce37sdlqeKNHFvnfhnVVPxW7WTtgYE8keR6NO/EgYN8dPpiBg1y4jziBE5yqL87dlW8kWPEu6KWJ66Io/TfBnLZ32yM/agPn/+s8XrPACfKwxhvPD544sA+rn3fCRjxdj9WePo4T6860ChGrth7z92JA/u47LsBfP6zNJ797LMGj4D2AkIh1Dtm4vL87xkzbRg/C+uF0+lkef52RvzqBs/jjN5rBPZU1dIv9gasd+3jWmM9T7yOHeSy/APAEAgB25FezF4ykyfxuR5oOg40uV9X71h3mx//20Guy7yW1w9t588HWo7P2WVjbA6843MvuY7RfR6auQ7CgLAw4zOkwXkKCwXj/EBT1wtN34ejerm26TRGgm1wX187oOG9uJPlDGGMT9z921TNodO9SZ7wK17/qCueB0MYgDtutqbv4/JeQBU7w66ldEkiftelT6ya/vzs2vF4/G8f4vzVDf6PbB/Yx7VvHTDqm7huGtx7fvf/Wwd4/GAtU66oZfP7TpwcYH/YMK4+UsbyVsXb53r03Bfux59r+eijT12/gzpLaOPPykb17nsI/O7RJj9D23QfwvLW/K58/zOevn209/P49HGezvmBMdPiKLj1Q8Zu9V3Z+BO0qWMz6i9Pcp8PF9su93YuJXVwb054zrVnDXYcu5g745JZt+oghwL9TdGJludvh9t97k3874Op317Mt1cYbT52kDeOXUDagEtxnmhw3vw+j32vk2au4wbXy/L8o0zJdP+9UcUbu6qIvawfDzp3dsG/jfD8bnr8YBVTBpzHzu8ONP7dFBYKIb73ta8DTF0ZzjuZ3mvK93eX//6a245ve5r5jLECO0r5Mv5CLj5o817nzdxn/r+DbV3vPIiIiEgjIc5OzcBJRxj24ruE9g5vecWe5MZR7B1xmqf/65vu+U3/1T+iOLk3m3O+YF4bN5E9+QbSTu0hfpO9XZsm3ZOuFxERkWZU26m+bDS7JgxkS07DL5hFRORcVH+6in2zb+nsZkg7OnHiBADFxcVBvzc+Ph5Qj9VuS/nyBsLCmu95cK4L7QWEndnxhQFhobp2pHV0vYiIiDRtXBqlV5yPbVdhp/eUFhERkY6jHqvd0LAX3yXU5Jri1Yn/JKYqq6yyyiqrrLLKKqusssoqq6yyyioHV653VKvHajejHqvSJKezHtdHgBOnsVRZZZVVVllllVVWWWWVVVZZZZVVVrktZZHGQju7AdJxWrrtVa961ate9apXvepVr3rVq171qle96lV/ZvXSc6nHanfldH234vpmhQBL1ate9apXvepVr3rVq171qle96lWvetW3rl6kMfVY7bacjb9SCVG96lWvetWrXvWqV73qVa961ate9apX/RnVixjUY7WbcjqdhDjBiZMQXN+thBgzxnvLqle96lWvetWrXvWqV73qVa961ate9apvqV4kEPVY7aZCAEKchPiWGy5Vr3rVq171qle96lWvetWrXvWqV73qVd9ivUggSqx2U06nE5zGEqexbFBWvepVr3rVq171qle96lWvetWrXvWqV32L9SKBKLHaTYWEAPh846KyyiqrrLLKKqusssoqq6yyyiqrrHKbyiKBaIzVbsr9DUuje19llVVWWWWVVVZZZZVVVllllVVWWeXgyiIBqMdqNxZi/C9EZZVVVllllVVWWWWVVVZZZZVVVlnltpdFAlCP1W6oV2gItU6n58sVLbXUUksttdRSSy211FJLLbXUUkst277sFar0qjSmHqvd0I8HDwAaf7OipZZaaqmlllpqqaWWWmqppZZaaqll8Et3rkXEV4jTMxindBdfHjrB1Ff/l/LycnoNNBMSGtbZTRIREREREREROac46+uoPWonMjKSNff8nGsG9evsJkk7OnHiBADFxcVBvzc+Ph7QUADd0jWD+vHqvyayYN07FO38iJra2s5ukoiIiIiIiIjIOeW8Xr1IumI4C/81UUlVCUg9VkVERERERERERKRHaY8eqxpjVURERERERERERCRISqyKiIiIiIiIiIiIBEmJVREREREREREREZEgKbEqIiIiIiIiIiIiEiQlVkVERERERERERESCpMSqiIiIiIiIiIiISJCUWBUREREREREREREJkhKrIiIiIiIiIiIiIkFSYlVEREREREREREQkSEqsioiIiIiIiIiIiARJiVURERERERERERGRICmxKiIiIiIiIiIiIhIkJVZFREREREREREREgqTEqoiIiIiIiIiIiEiQlFgVERERERERERERCZISqyIiIiIiIiIiIiJBUmJVREREREREREREJEhKrIqIiIiIiIiIiIgESYlVERERERERERERkSD16uwGSPvbu3dvZzdBRERERERERKRbGT58eGc3QboYJVa7KbPZ3NlNaLOTJ0/icDgYMGAAoaHqVH2mFM/2pXiKiIiIiIj0PHa7vbObIF2QsgLS5fTt2xeTycQPP/xAfX19ZzfnnKd4ti/FU0RERERERERAiVXpopS8al+KZ/tSPEVEREREREREiVXpspS8al+KZ/tSPEVERERERER6NiVWpUtT8qp9KZ7tS/EUERERERER6bmUWJUuT8mr9qV4ti/FU0RERERERKRnUmJVzglKXrUvxbN9KZ4iIiIiIiIiPY8Sq3LOUPKqfSme7UvxFBEREREREelZlFiVc4qSV+1L8WxfiqeIiIiIiIhIz6HEqpy56mpOVvskkWpOc/JYFSdP1XXI7pS8al+KZ/tSPEVERERERER6BiVW5QzUc+TLEu78x/fc8I99LP9nFQBHig9ww7sHuOH9QxzpoD0redW+FM/2pXiKiIiIiIiIdH9KrEobVbPrg32kfePgawDqWfr5AR755BiVoSGuVUJCOK8DW6DkVftSPNuX4ikiIiIiIiLSvSmxKsGrOc6mtw8w5WA9p3uZeGFMHF/9LIJbQ+Dd749w176OGQIgECWv2pfi2b4UTxEREREREZHuq1dnN0DOMeWHWPLBCV6pgd69z+fVWwZR99luHjvvIp6+vTcjthzlPx1nt0l9+/bl5MmT/PDDDwwYMIDQ0DP8vuBgKTM/qGT41bH8/or2aWN7OPLpXlJP9uOL1Is6dD/tEk8jhh80fD3ywjNr/679jLKFUfAvg2lqK2crTq3V7teniIiIiIiIiHQJ+he+tNrpfQd45H1XUjVuYCRbb7+Qb7bu41dltWwssTN5aw2T/mUIL/Q3hgJwOPjkwNnpvdqePQM/t1YyMiqcV+wdNUJs25wXGgKhYWdlX2ccz7BQwggje+wobPe5/4tievkxluw6g4aNuhzb5MuIbmaVsxmn1lLPVREREREREZHuRz1WpRXqOLDje2Z+W8Ne4NbhQ3jhR5U8n1fKqhrvWntPnCBtYw2v/OIy3v6ihMnfOZjz8T52/uhifn9NRIe3sn16Bh6h4Gg44+65AF79gf8+eBH/erFP7ad7Sf3OlRi78dKL+ctP+jb7+ucFNu4tx//1g6XM/KCOhyZdwrXg3wtz135G2eB+TvNKNUAoWTcO519/2M+N39YBRxlVUHdWemO2RzzrayqprHSXovhF1GH+89RJoJn4gCsmO08DcH9kb16pNOLzxT+JdcfKr1dsM3Hy2RZ9zvf0dv28wMZLlaF8UF3vv+8Oop6rIiIiIiIiIt2L/mUvLTq96wBTvq1hL2E88uPhPB1Zzt2bf/BLqnrWPV3Fr/5RQuHgS3j7qt7E4eSVb+wst52dtp5xz8Bd1ayKuoBrqwfxwHB4f/9Jn7r9pB66gI+N3pcjvzvCfx9s+vUjn+7l3vJw1t03CtvYvoR9d9DVWzMslDB8JvYKC4GQUFc5LASqTxN25Shs98WQHV5PlvUIjLqcj4eHQVQUttsGn2mYWq19e1qWsuUwxPaPBIz4VPV1xc03Phxhyc7TTE9wxWBk1Wn/+ISEch4n+e9PKxmZYPSGTegdOE4HS5m5s9boORtDdkglqQWunsjnhcIHIa7ztjI58gyPrXXUc1VERERERESk+1BiVVoUPiqaZ6LCWZH2IyZW7Gfy/1VR3NwbnLU89fE+lhJN/pj+TB8SxUNxZ6u13uTV0aNHqasLbiiCz+3VTB8yCAcOIoedT8jBUxzx1J1mTHR/LqyspLIyisfvi+OuIU2/fvBUPWOGD+SaykoqB8bwb1G0cniBcG69spLKygtIiQ6DkDBwVFPrBJz1VFaf3UFs2x7POuZvtTFqvfu/Y+wdHsPjcTXAST46VO+NmxGffadOwq5qXgnvywNGDCZdER5g2704LwSc9ZVUVlZSeeUIbGmDG8XpyP7TfBB+PikDXdv61yvCoarWc065wMSFlZVUnQ7wLUEHOZPrU0RERERERES6Dg0FIC2qd4Rzy60joPY0nx1xDQfQMidrDp7giVFDeXyok5pqB2c7heR0OoN8xxEKjsCqI1Ze9mSOw7jlIKRffJLvTgF9nbhScA6qKwGafn2P8boDoPY0g/uGwYkwoLb5ZoT3YogDoIb6YA+hAwUfzzCyx17F5Gjgy38Sa4GZ119A9ekaoBchwNa933Ol7wXlrOEIrvp6IwanAwahH5MmOXh2tY1RnwP0ZrV7aAUf54UAVSe54W8+PY/pw0EgBBjTrw9nL6XqL/h4ioiIiIiIiEhXosSqtEItp6tdycCQBjVDBw0kP6k/UMfHhd8x85hvbQj1NaepPsuZq5MnT+JwOLjooouCGsfyyKcnWRXel48nX0aU8drhwq+43nqE9Iujib3gIO82eldkq1/ffyJwavnICVci0ctJV0q5tTWe4DPG6pUjWPf9TiZv+M4zxinA9IRRzLvG9w211OysAntLW67hdFUUc++L5gmAL3cT+49SCv5lsHeIBbeoKGxpvtNd1VNbWe3qdd0JgT6TeIqIiIiIiIhI16F/1csZiY3oQ58IE30iwhnYBdL07qRV8JMDneSjQ3U+j/S7/ruwnwmOVvM5NQztF8ZW+3HjMfIjLFlvY8muFl7/9iifAxwsJecITB/qngmrmrd3Gfu1d93HwdsezwYc1VxzaxTTqytZvQugH2Oiw3j5axsllZVUVpbw1F+/YNoHR6mJu4DpVRWsNOLz399UB9jgEZas38Wab41zVQ9EhBPdYK2LLjufMYfLedVY7+N/fEHs2r2Utv1Izki7xVNEREREREREOl0XSIXJOc0JtbUtPNp+lpxR0urgKd6pCuPWYX2p8Xk4vCbuAqYXH2HFpyfJSY5j3dtfkrreNRPXz4fHsHwU1IU08/rJL5lsvD5meAyPxzmorr+Up4fv4mc7bazaGcai4eFQ1nITL+pvgm99ZrvvYO2dBHRUR/HA8HJu2Lmf1Csu4cfX+8eNqCj+mRxJ1ekQHk84xUhLc/EZzPyE04z8wEYWAH1Yd8/F1FQ7/OP0ixiWJ+zlcs964ay79zKiq05z6IyPKDhKqoqIiIiIiIh0LyFODfTX7ezduxez2dwh27Z+YONXB73lMSOG8qeEPgDs/2gP40u9l9OIwYN482f9OqQdDZ1x0qpXb8JNodQ7qjjtlyc20ef8XoTU1VB1ugZTn/PpZWzeabwGBP36eb3DOS8sBHBSV+ckLNRJTdVpakx9OD/M+Nm9Xkida8IqUx/O7xUK9bUdPoFVR8XTddxOaiurceAfH7/jch8rTv5v05f8ioF8PWaAf3w864D78X6H73vd22tiPVOf8wlz1pyViauUVBURERERETm32e12hg8f3tnNkHZ04sQJAIqLm52iPaD4+HhAidVuqSMTq36JMMBZ56DKyJyd1+d8zvPNGdXXUHkWBlhV0qp9dXo8D5Yy84NKPnCXw/vy8cRLuKCDk8kdpdPjKSIiIiIiImdMidXupz0SqxoKQILiqK6kqfRWTXXlWZ9hXUmr9tUl4jnkMlbeF+adKM1Z5+nBe67pEvEUERERERERkQ6hxKqcs5S0al9dJp61p6nqGsP2npEuE08RERERERER6RD6176ck5S0al+KZ/tSPEVERERERES6P/2LX845Slq1L8WzfSmeIiIiIiIiIj2D/tUv5xQlrdqX4tm+FE8RERERERGRnkP/8pdzhpJW7UvxbF+Kp4iIiIiIiEjPon/9yzlBSav2pXi2L8VTREREREREpOdRBkC6PCWt2pfi2b4UTxEREREREZGeSVkA6dKUtGpfimf7UjxFREREREREei5lAqTLUtKqfSme7UvxFBEREREREenZlA2QLklJq/aleLYvxVNERERERERElBGQLkdJq/aleLYvxVNEREREREREAHp1dgOkY9jt9s5uwhk7dOhQZzehW1E825fiKSIiIiIiItKzKbHaDQ0fPryzmyAiIiIiIiIiItKt6TlWERERERERERERkSApsSoiIiIiIiIiIiISJCVWRURERERERERERIKkxKqIiIiIiIiIiIhIkJRYFREREREREREREQmSEqsiIiIiIiIiIiIiQVJiVURERERERERERCRISqyKiIiIiIiIiIiIBEmJVREREREREREREZEgKbEqIiIiIiIiIiIiEiQlVkVERERERERERESCpMSqiIiIiIiIiIiISJCUWBUREREREREREREJkhKrIiIiIiIiIiIiIkFSYlVEREREREREREQkSEqsioiIiIiIiIiIiARJiVURERERERERERGRICmxKiIiIiIiIiIiIhIkJVZFREREREREREREgtSrsxsgIiIiIiIi0lU5HA6OHTtGVVUVTqezs5sjImdRSEgI4eHhXHjhziAFAAAAIABJREFUhZhMps5ujnRBSqyKiIiIiIiIBOBwODh06BAXXnghAwcOJCwsrLObJCJnUV1dHVVVVRw6dIhBgwYpuSqNaCgAERERERERkQCOHTvGgAEDiIiIUFJVpAcKCwsjIiKCAQMGcOzYsc5ujnRBSqyKiIiIiIiIBFBVVUV4eHhnN0NEOll4eDhVVVWd3QzpgpRYFREREREREQnA6XQSGqp/Nov0dKGhoRpjWQLSbwgRERERERERERGRICmxKiIiIiIiIiIiIhKkXp3dAOkodvJ/ey9Lvw7iLaYIzBeZiYm/kZt/mU7qsIgOa1378z3eOGa9+iLpF3fQnj7JZU35BB65zdwxOzhbdubyy9+tp8Ioxj/6BotvjezUJklj3eZ6ExEREREREelm1GNVvBwV2EttFG1aRfaDv+TOrALsdZ3dqC7kcBG5M8dz75Pr+c7R2Y05Uw4KN+Z7kqoAxe9vp7zT2iONdKvrTURERERERKT7UY/VHsFM2u9mkdxsZ8Sj2HYUs/39QqzHXVmc8g+zmf2XSF7+bTznUt/VjmL/8DXW7+4mGa6qIj5413UspnATjioH7FhPwf40Jl3SyW0ToJtdbyIiIiIiIiLdkBKrPUIksYlJJLXwaHzST9OYmlmB7fX5zH7FigMof2shr6W+ScbVZ6WhZ8BM+p/eIb2zm3GOKN+WRwEAEaQ/MJnCv6zCTgmvbbQyKTOuk1snIiIiIiIiItL1aSgA8RcWQew9C/h9ksl4oYL8guJObZK0NzuFG41zakpl9O3JpA12FSveyqOwqvNaJiIiIiIiIiJyrlBiVQKIJPnWZE/JscNKSSe2RtrZ/kLyjEnNTCkJxIXFkDw+xvWCo4C8bRppVURERERERESkJRoKQAIyXeAzqmrpUcqBmKZWrivH+u46XssvxLrPToUDMEVgHhZH6qRpTEiJJTKsFTutq8D27musyi+geHc5DsDU30zcDVPJeCCN2P5Q/KexzHkLIJ3F78wi3vNmO/m/vZelXwPEMevVF0kPNPTBwWLy31zH5kIrJQcrcOBta/LYyUy4LR6zyf8t3n16Wf9yL2P/4vo5/Zl3mJUYYF/lVjavfY18n32Z+puJuTKVyb+eQOqIZga93bGUsXPzvduPKWLVn3JZ/0kJDkxEjoxn3J2zuDvFjKnprQRk3fKakSg3kZychAmIuT6NmOW5lADF6wsouXVS0+c7gIp9BeSv2czmz63Yy42xWyNjib8pjcm/TCe+hWEoqLNT/FYe695pcA3FJZF2292kp8QQ0cI1VL6ngC1vbGbzZ1bsx91tMBN3bRppU9NJHdbUSMG+107D66qhYpaOnYNxZhqv2/C8Jbpis+7ldRR8XWK0yzh/kzKYHOC42ny9iYiIiIiIiMhZpcSqBFZX4/25v6nJ5F3F7vUsfDSX4oaPjzsqsO8uYs3TRaxZnswjzy4grblJkUoLWPjYEgoP+k/W4zhup3jTCzz87hrSHn+R5Cbe3rIKrK/MYc6rNhpNB2S0df3uItYvN5P2+Is8ktLsTF8t7su2diGzlxc32pfjuB3bJ2vI/mQNuTc8wuIn04hpKel8opils+eTf9izFcp3F5FvLWdaijm4ptVZ+eDtCtfPpmRuvM44s5ekMikxlxd2APvyKNw3ianDWrG9Chvr/zCb3B2NJ1lylNso2rCUog25xD/4IgumxAacBK182wvMfnYz9kbBqsBeXMCq4gJeezmNeX98hOSoABs4XsyqJ+azJsBET45yO8Xvr6L4/ddYlfIbFj3Rini3mwqsy+cwZ23Da851/tY8XcT6l9NZlDOLeM0OJyIiItJtHd6QyejNY9m+YiKB/pwN1mfPxfHnEdtYOfGidtiaiIicCSVWJSDrZx94C9ddRWyAdSp2LGX63HzcD46bLk4ifdLNJJgjqLBbeC8/n6L9DjhcyAuZs6lZ/iLpgwNtqJilj2ZTaCQOTf3jSJ44jpsvG0iFvZC8V9/DetzO5qceZnsb/xIpfzfbm1QNjyHppptJvj6WgeDfVoedzU/NIWbly0wyEsEx4xexKAmOfryUFzbZATDf9gizrh8IQORlfgdD8Z+mM+ctT1QwJ6Uz+ZYEzOEV2IvfI29TESVVUP7hCzz8aA0vP5+OuZlk35bn5+NwgGlkGhmTkjE7bLyX/wGXjw9+kinHJ3nkH3f9HHH7BJLD3TWRjL4pHnYUA3bWbbEytaVJrKqKyc2cz3p3MtwUQdwNkxmXGstAjvLVxvVGD1sHxctnM9/0Mi/e4Z8Itm+aw/Q/ehPQpkuSSE93X0Puc+/AcXAzC2efx+KXGiQhK4pZ+vAcb9LZZCbpljTj3B7FVrCFdR9aqXA4sG97gYfLW453e7G9Op8tO204MBHz03QmpCZgDj+KrSCf1953XYuOg/nMz76K1YtScafyg7veRERERKSnue4xKys7uxEiIgIosSoBVOxYysINRq9GIki/Nalxj9XyArL/3Z1UNRF3/4ssuse3R2ISqXdkUPL3OTz8l2IcDitLH80ldnUGcX5JrQoK/+TtjRl5ywKWPZrsM3RAEqm3P0TRX6Yz/61yyg/TBlbW5RS5knf901j08iMk9fetTyL1jrt9EqIlvLbRyiQjsRg5IomkEWC3RwKuRFfkZQkk/bRxb9Hyd7OZ706qmuKY9sdFTB3pkwn8aSrpD5aQP/9hlu5w4Ni5lNkrY3njwaaTmA6Hg8jbF/Pyb+ON+CaRdOvUNsTBQVFhoZHEjGBcsv8+I1MmkPp8MQUYk1jdH+eTeG3M+mq2J6lqGjGJRc9mEO8T16SfpjHZk3x3YF2+lIKURaS6M4jlBSz9izupGknyo4tZcKvvAARJpN4+lfxHp7N0pwMO55P9+s0+sSqnINt77ZiunsaLWVOJbdCGqYcLyZ69kILDuOKdE8PqmfFBD6EQLOtOK0SlMu+P80j1GQoh6adpTL13PbMzc7E6wFH0GgX7Uz2J/GCuNxERERE51x1h7YwU5m5zlWa8buUJY9inwxsyGT1vG5DCjBmwgkz2Phbv02MV1s5IwTZyGitWrDI2sIa9jzU9sJWIiLQvTV4lLnUOKvZb2ZzzMHf69EKNvH0B0xIbp6Csa5dSZHQzjLh1QYOkqlfMHYtZPMXIpB1ez6p3G0yMtH8Lq943NjRsGov9kqqGsAiSZr7IrKvbmAo7aMNq9NIkJbVBUtUtgvgHZ5FqisA82ExsmIOKQKs1p84ngUsEaQsaJFXdwmJIX7SYSUbv2/K1q9jc7HxR8fz6nviA8Q1K+XvkvWvEevBk0q5uUB+exI23GDFuaRKrqkLy1roTyEn8/mn/pKpbROIsFrjPv6OIvG12T13JplWeayhyyoIGSVVDmJn0J39PktGs8r+/R3GdUbdzHUvdG+ifxoKn/JOqHlHJzHt+FnGebaxiy8GmD639RDDpCf+kqsclk8i43X1GS/igWBOGiYiIiPREnz2XwlyeYvtuK3tfn8aKuzJZawfsG3h8Hjyzzcre3ZmwYluT21ixe7jn/azIcb1fRETOCvVY7RGsLL1nLEuDeo8J863zeHFmgIReXTHvveVOO8bz0ANJzSb94ib+mvi1L1AMFG8sxH5rOu6+d96JlCD13klNj38ZZiZ9ejqrfrc++ISn79cHX1opqYsPvJ/wZOZtbPsorhS/53nMnsSH+HVSM1EJi2Py/fGsf74YKGbLNjtpdzTRI3HEaBLOZMhXQ/mnBRQbP8eMTw4wOZWJ5PHpRLzrinFzk1hVfLiZAuPniNvv9vZCDSBu7ATMb+XBgBjMEe6H/q1s/rv7L754fj2xmWEHIpNJu8GE1RqJ+bKBUAH0B+vHWzzXQvyDv6a5cDM4nYzbVzF7QwVgJe9/S0ifEsz0XG0QKHntIzYuCTYYUaxrPD6siIiIiHR3R7DthhkPG2OvJk7jmZQUtnx4hJt4h60zMllpBojnwewUVuwJvJUxaT833j+WGTSxkoiIdAj1WBV/4ZHE3zSNecvfYHWg3qMA+62enoatSvpFXkWCe2zVr7/C5pnoyo51hzs1lsToa1vokXr1aFLb0mk1Kp4b3RMx7VvFw/fPZ9XbVkoaTrh1hkq+LvKMFRr7kwRaDMuPErwJZmuASbXc4mI584fASyhY706rxjPpliaSilfeyDh3r899r7F5Z+DVbN8Ue36+8boWxmIdNpXV+W+w+pXFzHPv97BPL+IWryETyU9s5M1XV7PsqalGz1jfayeOG+NbzjzH/Xyc5wuAks9twSfog3VNbMCktJvpAs1YJSIiItKzfY/NryPqRcSOdP20f0/TPVQbih2mSaxERDqLeqz2CGbSfjeL5Aa5pwq7hffW51PknnxocBoLnnuE5ECPLvs6ZMfzdMmFDko+KfL0Og3sqHd9rJQcBIYB2Clzf6FqMhMZ8BF9/+O4dATwdUvrNRTDuMx01hlDHDgOFrHm+SLWPA+myFjib0pjwthk4odFYjqDSY3sdu9RRlSVUPRJ81Gh3OcZnW9KsEPARJw5sh26q+4rJG+f8XNiKqOb2mRYHGl3mFn/ih2oIL+gmIyrG47RVE6JzZ0GjiP20ja058B32Nw/tylx7HPtEEtMS9cswODLiQOKAL63Uw5nPrxCM0zhHT2Kq4iIiIic24YSm4L372KjBysj4JIRKajzqYhI16fEao8QSWxiEkmNkk+uSZtsr85n9itWHKWbWfiAhfQFy5jVzHPV9tLvvIUdq5i/I5i22Dl6FFdi9Xi5N+E64tJWJNfMmGNoQ2LVNdbnskUm5v9hvU+PWXCU2yjasJSiDUtds9rfMo1pU9OJb02izo8du08etfiV+RQ3vXJjpUcpJ3BiNTLizBN01i3rvLHe8QJ3jn2hVe9zvL2ZwgfjG0xi5YC6pt7RSnU03UM3WP1NrZuIqn+k9xprJt7tJXaIJpsSERERkea4eqjOXbaBB1dMJGrHKuZuS+GZP1xEFGMZMy+HtfflMMVczPJ522BGZmc3WEREGtBQAD1eBLH3LGLR7e4Jhuzkz5/O0h0d/qA0OCo6/nFsH5FJGSx7cyOr//QIU38aS2TDGe8dFVg3LWXOPXeS3dzETecavzFxg9TSJFYiIiIiItKybU8yemQcw93/zdjAYeC6x7bxDEbdXauY8XoOU8yAeSLPZsPclDiGj3yH2OyUzj4CEREJQD1WBYggfuaLzPp2Okt3OoBy8v89m6tWLwo4KVFkpBmwAmC+/2VW39PGfn9RMcS6t/T1d9ihhV6r/r1C2yTMhPnKNKY9lcY0wHHQRvHH75G3cQvF+yqMXpTlFDy7hNFXBz7+wCKJNGP0pjUzbflqpg5r4S1nieOTzWxxdw+9JIn0xFb0pLQXk28MZdDcJFZdwnFH63q/Hi7xPmZ1ZWt6SIuIiIiInLmoiTnsndhU7UVMWWFlSrPvO8LaGSmMSfsDANc9ZmWlsc6UFVafd8TzxO6c9mq2iIi0ghKr4hJmJn1OBu89uBSrA3AUsWRJAfGLUhtNwmSKiiQC1+Ts9pISHMS07lHsRsxEj8AYO8hO+XGg2XFW7XzXzuMMmS6OJemOWJLuyIDyIpb+Zj75hwFHEXkflpN6e2szqyYiozxR4bsSBwzrCmNsVlC4qcBIPJpInb6AWTe0ol1VhVSkL6QAjEmsJpHhmeHeTEwsRhLZxndlQLNDJ5Sw5v6HySOSyJipzHsqjZihlxKHkVT/toRy4pud7MuxLZtf/slK5AVmkn+3gIx432vHiq0U4gc3swHwH9e1b0Tbxletc1DTlveJiIiIiARjx2KG37XKW56xhr0TNUmViEhXo6EAxGtwOvMy4zxJUkfREpa8G+Ax8GFXkeRe6cMPKKpqvIqfOiu5k8Zz5/33cu+cVRR7nko3E5foTm8Vsf3zFvod7rNS1IaBOUvezyV7zr3ce+cvWdrceLCRSUye4jPDfV1wO4uNS/LErvDjopZ7Ue7M5Zfpd3Lv/fcyZ2VxxwyLUP4Bm4uMn03J3HhdK5O94UnceIt73QryNxb6HU9sXJLxk4OCT60062Ax20sdlJfasdX3diVQL44lzp1E37md4uPNb8JaXIjjuB17qQ16R+B/7djY/mXLwxVYPynwHEPMtbFNJFZtlBxuZiP7bVha3JOIiIiIyBlKnMPe3Vbvf481nFBWRES6AiVWxY/5tnlMu9JdclD0x1wKG2b8wpO4McVIujkKWPpq84k1+6Zc8o+7Emv2Y32J9Mloxf083dNTsWD1ekqanBSpgsI1r3knYAqCOaycgmI79vIKCj4sbj7h6ZtMDQuux6npuhtJdofl3aWsanaSLTv5L+dTUVWOvdROeURkh8xQX/Lues8kWqZb0xpMQtUcE8m3jPMm2d/1T6BHXJeM+0+7ir/nNb5GfNvwTh7uKyQ+Jd44zjhuvMWbVH/trWbGeKgoZPPbxnnpP44bR7p+jLt+nCdmxcv/i6LmMtOl+eR6xpmNIe1634ENIojo6/7ZxnfNNMVvEjARERERERER6dGUWBV/YWYmPTLNO56mo4AlOUUNelOaSP51BnFG1q187RzmrLUF7HFZUZzLwhyrkcyMID0z3X+szpGTmXWTsaF9q5jzfCHljZKrFdhenU/2+22bR970kxtJNXZR8VY2S5qajKk0n+yV7ofF4xl3g//D6ebBl3p+dgRKAIcnM83T47ec9Y/PYf3uAFGpq6B4+UJyd7qThenMur0jRjAtoegdd5bQxLgbgvyWO/5m0j1DMzSYxCoyjWlT3BOeFZD95BpsAQ61omgpc14x2tA/nbtTvDGNmzLL0/O55JU5gScMqyth/ZPZFBihirtnAnFhRt3Vk5nl3sDxzSx8cg22QD1fDxeS/agxxAUQeccs0i/xXSGCuJ+4eyo7yH9lVcBjKXl7IQs3nL3p1lq83kRERERERESkU2mMVWls2FR+PyWP2Wtdia6Kt5ew6pbVzIr36cF5cTrzfmdh9rOFlOOgePnD3Lk2juSJ47j5soFw3MZ7W9ZRuLPC00M08vYFTEts2As0guTfLiJ95xzyD0P5uwu591PvdirsFt7Lz6dovwNMJkyOVk5U5MtIeBb+yYqDcgqeupeiq5NJ//lorjJHQJWdrz5+j/wPrVQYG4+5fxZpDQf97HuBZ2xZ28qFLI2Yxuj+EDkyiVhjXfNt8/j9jtlkf1gOVcXkzryT165OZvK4m4ntD0e/fY8tGwqxHvdEhfR504hvdU/SIOzczGv7jJ/7p3NzsE8PhcVx460RrF/rSiY2nMQq7oEXmWV1TXjm2LmKh6e+R9JtE7g53kxElR3Lu+vIL7Ib5yvAcUamMu8/vmL63HzKfc6Lb6zyXy/AZvSUNV09i3m3+045FUnqvEV89ZDr2nG1YTNJt6SRfH0sAzmKrWAL63zOq+nqaSy6P77RmMDmWyaTunyhK4H79RoenlpE6l3pAa7BOOJGWLE22xu5nbTiehMRERERERGRzqPEqgQUd8880t93JaygnPznVnHz6gxvb0HAfMsClvXLZf4f1mOrAsdxKwUrra4Jj/yYiL1nEYvviQ/8uHtEPLOen0f5o9kUHm5iO6ZYJj07Gcfvsslvw/GYb1/Ei1ULmb28GAcOKnYWsGZn45a62rqYxfcE6EE6Mo3Jw9azah/gsJH//HzygbiZq3nxDiPhF2Ym9cllRCyfz8INNs++VgXaV3gsU/9jMdPiO2IQALAWbvH0Io645Ua/c9dacePuJmZtLiXQeBKrMDPpT70Iz89n6YflUFVC0YalFG1osBFTLJMWLSYjwHFGJM5i2SKYvzAfm6PpWEXe8AiLn0zD3PAYIuKZ9dKLRDw+hzW7HeCwU7RpFUWbGm7BhDnlNyx6Io2YQHGISGbWs5MoeXw9NgdQZaNg5Qv+12B4PBnPLyB2yy+ZczYSq6253kRERERERESk02goAAksPJ6Mx7zjn3J4PQtXNh5LNTIpg2VvrmbxzEkkjTQT4ekKaCLi4liSJs5i8asbWXZ/PBHNJfYGp7JgtXs7kZ4ehab+MSRNfIRla5aRcbVPN73BA5udRb6xCGKnLGbjq4uZdVcq8YMjfXotNmxrXOAEcFgMU/+4jFk3xRLp0/PSWtJg1M2wSJIyl7n2NTGJ2IsjvPsyRWAemcSkmYtZ/eayDkuqUlVInmdM0QjG/Tyu2dWbdEkSacPchcaTWBERS3rWG7yRM4+pP43F3N9z5oi4OJ7UB+bx8pplAZOqbpFJs4xrKM3/vIRHEvvTScx6ZjVvZDWREAWIiGPaXzYGaAOYIo3z+sqbrH6ymW0AEVdnsGzNy8y7x/ecuY9jEavfXMykkR10vgJp7fUmIiIiIiIiIp0ixOl0Oju7ESKtU8zSsXNcPVavnMXqP6WjfnsiIiIiItJR9u3bx7Bhw1peUUS6PX0edD8nTpwAoLi4uIU1G4uPd423qKEApFPZ/z6H2W9WEBsfx82/nEVqc59RpTbP7PLExiipKiIiIiIiIiIinUaJVelUEREmykttFJXasA+ZQOqwAGObGkoKNmMzfk6Kiz07DRQREREREREREQlAY6xKp4q4Lhn3ZPUlryxh/f7A61UULWXOKyWugimVtBvO4liXIiIiIiIiIiIiDajHqnSuyJu5+47/ovjv5eCwkvvAeN67aRJp11+FORwq7F+x/X/zKdxZYUyaFEn6f8wiObyF7YqIiIiIiIiIiHQgJValk5mIz1zGgqrZZL9tx4ED2/trWPp+gFXDY5n0/xaRkajeqiIiIiIiIiIi0rmUWJXOFxZJ8qOreXNqMVveeI11n1ixl7v6p2KKwDwsjuSxk5lwezzmsM5tqoiIiIiI9Cz79u3r7CaIiEgXpcSqdBmmwfGk/y6e9M5uiIiIiIiIiGHYsGGd3QQR6QL0JYsEosmrRERERERERERERIKkxKqIiIiIiIiIiIhIkJRYFREREREREREREQmSEqsiIiIiIiIiIiIiQVJiVURERERERERERCRISqyKiIiIiIiIiIiIBEmJVREREREREREREZEgKbEqIiIiIiIiIiIiEiQlVkVERERERERERESCpMSqiIiIiIiIiIiISJCUWBUREREREREREREJkhKrIiIiIiIiIiIiIkFSYlVERERERESkgxzekMnwkXGN/nt6x5lt97Pn4nhgw5EzXkdERNquV2c3QERERERERKRbS3mK7SsmEuUu71jM8LsWM273HK5r4yave8zKynZqnoiItI16rHZDZRuzyHjJ4i6xaUEGGRkZPq91IksOGQs2UdZBmy/bmBXc9u2byMrIoQtEptvwv/6C5HM+/LbT1c5TZ7fnTPffzu23vJRB1sZAd52FnIwsNtnB/VmUcyY7LfuWGX/9Z9vbfabvFxEREWkviWOZwR5sdvcLR1g7I3BvVm+P10yefi6T4c8VAw16o+5Y7NMbdjGfGe+btAK2zkvxrPfZc959eHuyuvb9wIzMdulJKyLSkyix2u3ZKbEnkJmbS+5DCZ3dGJHmmW8jKzcTXakdrKfGOfoyVtx3ec87bhEREel6drzDCkYQa3YVP3suhbkj17B3t5W9r09jxV2ZrLUD9g08Pg+e2WZl7+5MWLEtwMaKefquPcY6VrZn7+HPG44QNTGH9TNgTPY2Vk68yJVo3f0U23db2bvtKZiX4pdE3Toyk727rTyReDYCICLSPWgogG7NQo7RK82SkcWEhVncZvzixr6JrAUlTPAkVyzkZGxntFG2vJRBjvFLNjo9i6zx0bh6nGVRckcumQnu9+QR47vdAPsGIDGzUWLX8lIGeQeiKbOXefYReL8tbM+SQ0aOBYgmwf1HQAvH11DZxixy8suAaJ84uY43z/0tsnkCWQtvI9qSQ8bfY1w/N9qX/3sSMt2xamV8jG2ZEy1YdrSwDc9xN16vbGMWWflljeLY1OtBn2+aaCc5xvZzyHjJ/5yXbcwi68AE4zXX8eNuszumD0PughImZGKcD2M76c2dJx8Nz7vvubJvImtBntGbuYn3+zGOP2kC9nzX+/yvySbOhfs6wR2zwNetb8z9rme/diaQ2ZoEaGv2n5hAwg673/mbkJtJgiWHjL9DAhYs9uZj43v9uNdL2JHlOo4dWWThG58yNi0wPn8WZMHCDNfLpZvIygkQz7Yc95f/JNZS5fo5vC8fT77MeLyujOy/HuZlgKhwph92EDv2KibzLTPeqWXmfZeT8OU/id0F06ni5SqAMLLHXsXkhqf3y38Su6sX2REnmXcYIJx1nuTsMdatK2Ge0QS/Nvi0bXpUOC9X9ApY599uERER6ba2PcnokU/6vJDCM9tyjGEAitmyAma8Hu+qSpzGMykp2A7A4X3vsHVGJivNAPE8mJ3Cij3N7ypqYk6AIQKO8P7mbYxJ+4Pr7w7zRH4z40n+vO8IGP+GGjNi6BkepIhIz6Meq92aOzkRIFFiTiDJbGG7O+Nj2Y4lcTQJGMmrHUYv14UTID8ryMd3XQkVe3oWucY2onfkGY8DN1wziazcXLLGR7v2e2ACWY3228z27JvIyrGQkJlLbm4GMQfKWjy+xiwUkUFubi6ZiWXkLXMNJWB5KYu8IZmufeZmkmDPI88CJIwmwV5kJKGgbEcRZca2/d6TmYAlJyvAcbcUHwv2IVlGe8Dy9wBDG9g3kZVjZ8LCXHJzc8lKj/auZ8khq8gV19zcTMz5ua5tN/F62893gHYmZJKVHh0wkR6dmET0gTJXG+1l2M3RUOo6srJSO9FJCXhyWgG3E/g8tU4Zm5blYc7MNc6Nmbz81l3UlvwSJnhik9v4fPqdiywmkEfWSxaaPc+WHO+1npvFhAPu828hZ4G3nZmJFnJaGtrC7x7w3T9YXsrBkui6HrOG2Jt+BN5ugTuM95vLAsfGkkNWvtl1nbjPQb6F6PFZZCYGSjpHc9vCxp8/liLIMO6PMk8823DcZd8yw1LF9IRR2O6LIZuTXL/Z9Q7L5sO8HBWF7b5RfNzX4UotebzgAAAgAElEQVSwBlJVBVcY7w+vY15xE3usOsnbfWOw3TeKdVFVTPbsp4R5Ea792O6LYnrVSVZ8CVBGtk/bYiuqvNsq+5YZFgfZYxu3W0RERLqxFKOn6G4r62cAMzKZ0uCL7BV3uR/TT2HuNrDtO8L+PYF6qDYUzxPbxrIlxXj/jA0cbmLNrfNSPEMBTFoBW/d876mLHXZRW49ORKTHUmK1x4omISkau5HYsnxqIeEnrgSW/UAZ0ekTXElI821MSHTVB7Pt2xbmepMs5mia7Bg4JNpIppVhKSrzJteM/bra18z2ykooM09gQoKx3zvcSbimjy9Qe5MSXdv2XSfhId/hE8zEeHZqJsZcRtGOMk+7Xe+zsH2HzzYSJjDBXEZJo5xJS/EJ3B4/5tvIyvUmq6IHe7dg+dTik6RMINNYr6nX236+W9FOvzZHY3YnpMtKMN8xAYoslFGGpQjPttptf81JaJz4bXKvfrFxn3evsh1FlJmTSDC72njbHQlwoIyyVt8H0dzmTjxatmMhgdHuSyh9AtH2EgJ8J+HTgAD3wI7tWLCwfUc0E9JdG4seP6GZHqDufbrum8CrZLq+YDCK5iEtna/APNdggs8XHW057iO1bA3vy4xrAC5k8hXhcLgCC2VsORxGdryrfVHJkUxvciPhjDPePyY6rJmdhTMz+UJX2+L7MuZwBRYgIW0UtrRozzqx4caPX1bwcsO2GQ7vqWRr+PmMifapq6hu8h8/IiIi0v1c99gaZqyY6jPGKbh6sLoSr+7/Vk68iEtGpLRuo+aJrDTetz3tHUYb47A2NON1/33sfSz+zA9IRKQH01AAPVh0YhIss1A23s72HQmMfgigjLIDwBDveuYh0XAgyI03eEwdookJ1IYh/qmmsvwsMvJ9X7ED0U1ur6zUDgG33NTxBWImOlDGy+/RZBcjRUVCUjR5B+xgL6PInmAktVwsORlk+LajtAwSGiShmo1PE+1pwO9RcgBzDIHOn0vrX2/9+W5dO70SGJ2Yw/YysHxqJybdDGzHTjQldjOjzdB8Ji3Y/fly9Z7MyXCfm1Y+ag6YB7cigWjPIysjz/8lcA0bEeg8J2SSVZrleU/jYS/8riDK7BiJ28Ya3QPRMURT4uoVTFN3RwPmmKa//PDuyX9oDPA8NhaMpuMZ3HEfPu7A71fYRb0YQy2UVbMHiG1NY8J70aoH3ppar+xbZrxzkq0+L00P1LaGqk5y/V+/8N0B34OGAxAREekx4nni9WkMv2sVn02cw3XEM27GNib9tZgpj8WDfQMPpDxJ7OtWnrhhLGPm5bD2vhymmItZPm8bzMj035x9Aw+k7OU3u+cYQwsEeqz/Im5KS2Husg08uGIiURTz9Mip2LK3sXLi2ThmEZHuSYnVnsycQBK5WDaasSSOxvXrOZroBsk3+4EmHlNtMnFjIcd4NNl3bM7WCDyeaNPb8+2p2UjA42st16PjpGeR6zveqFEbnZhEdP52LD/BMwyAUdOKsTvbHh/vJnKMx/d9xxJ17b/h+XO3q7WvB3++Wy/hJwnklVooO2Am2hwNQ+yUbdzehvPTOv5JR9dwB4ArXgs2+YxF2jS7JzHeVHKagEMftHSeo8dnkTse3NdWzuBcVwz8xkhtWaN7oKzE9WVAcz3F26BsYy55TCAr19U215i57biDII87qr8Jv289jtSyFZgZ3YcRVLZjw4CqWm/i070fjrGu8CQMj8GWfCHu8VZtgdrWqPFRPj1dRUREpEcyxlGd9NxY9j4Wz3WPbeOZGSkMH+mqHpO9zZhEaiLPZr/D6JQ45jKNZ7JToOEYq+aJPJudyeiRca5yylNsX+F6rP+SESlsnZfCA2xj5cQc1u+J8471OmMNeydeBBxBRETaRkMB9GjRJCRBXr7/Y/LmIdGU5ee5xmO0byJvh/+j1+7HxMt2FLVqjMuyjXlNj+3o1xafcUKN3mtZGxvvwW97CaO9Y59Sxqa/+/cODHR8bWLJ8++pZ4zhmpPju+0ERif6jE9p30RWRkaL45W2Lj7NbsHvuM1DoikrsvjFMcfSwuvteL6bFR0DRXkU4eohmfATM0VF9jM/P37cY+u6hmlwv5aT0WC8W88wFM3zxMxuocge3WjIgujEJL8xci0vZZARYHxQ3/NctjGLjJca9GSNpsH1bKznO/lVINExRDe8BxJHk9Dgejzz68yXhbz8dhwXtC3HfVEvxnjGND3Gul1VEBVBAtGMi/KOl3q4sLzpMVZbrYotX7p+snzv3k8DXx72TmJ1TYTPeKtG2wxRI85nzOFy1hnhs2z+gth132ooABERkW4samIOe1dMbPB0ykVMWeH7KL5R9hkGwO/9u63s3T0NNm/z9Ea97jHvet51rH77cr/uXu+6xwINA+Da9xNteBpJRKSnU4/VHs7V87LEM7YhuHrSZR7I8DyWG52eZfS4i+a2hydQtCCHjAz32JNFAbaawIT0aLKMR+Kj0zOZYM4JMNZog7YY+/U8Up34/9m7/+Cm7zvf9y98wuTEbZI2sYgUYtZrO25WZcHCG2gvu8IpcQImg3uPKQcyGe4Y1FiZjXdO9wQvPwKIEAgxmd2ZS+9ETkU8x5cBhuI5NUMIieON0V7aQmvLUNY3cWxfNw6Vgpy0cVr3Zthr3z++kizJkrHARrZ5PmY8sb4/Pp/P90vi0pff3/fXGaoWtSQfz2yT02lTZWifbXWZLFFLSnR947wzKv2+TY3uUGuCIqecRT41RqoXQ+0ATppjxrY961LZLpfCTzSP3Ltx3p/xFrHZylRmdoX+jCwqc5bJ4jZ6Utri7qNltUsumyTb2Ntv/M877s49aJZOulX5RoIqTrNNi9WoC+E+m5Z5UkAJ/3xixlk9zvtiLlXl6guhexvqL3pBkmxyOs+rcleljKu3yVlrTGpUXpYl7blqm/uxXKF7Y3PWGtXIMSF7qVzOj+PGNiovk/05l66qHPXvicscOnd3mVy7wi0LLCrbfZ2WBeH5wy0ozGVyha7F9qxTtsrU/vySsawqk+2kO/Tvj/Hfne9nfvllC4XzLrkU/wIrox9x4y6XtLsy2dA3dt2Wv5TH9pHyfZd0yCfprrv1i1AVqG2lSZvqg8qvD6o4925tutkK1rvukj64pPzwPD8w5vnBI0Ft9X2s/J6PJZNJPzX9Wf/HF3+QZNFW2x9Da/tPeiX3rpEK1vC6my5pqzG4frrhL2XS9f9dBAAAt6HWA8pdXzfyOVJlCgCYCmYNDw8Pp3sRSJ+Z/n/kZ/r1YSL45H5Dco76dyTU/uH7idpTTEM+tyrdGndv2RnjNx8p3yf9dMPDN3bdv/lI+R/coV/84C9vuAeq7+1L+oF4/B8AgOmot7dXOTk56V4GgCmAnwczz8DAgCSpvT3xC//GUlhoVP1TsXobM15+NFK5N9PM9OvDBPGdlx6djA6v6Rb/simj/+/M/6/B6HUaeSxf/0mvlHz71l53/EutoqpcAQAAAAAzBxWrAAAAAAAkQIUagDB+Hsw8E1GxysurAAAAAAAAACBFBKsAAAAAAAAAkCKCVQAAAAAAAABIEcEqAAAAAAAAAKSIYBUAAAAAAAAAUkSwCgAAAAAAAAApIlgFAAAAAAAAgBQRrAIAAAAAAABAighWAQAAAAAAACBFd6R7AQAAAAAATFW9vb3pXgIAYIoiWAUAAAAAIImcnJx0LwHAFMAvWZAIrQAAAAAAAAAAIEUEqwAAAAAAAACQIoJVAAAAAAAAAEgRwSoAAAAAAAAApIhgFQAAAAAAAABSRLAKAAAAAAAAACkiWAUAAAAAAACAFBGsAgAAAAAAAECKCFYBAAAAAAAAIEUEqwAAAAAAAACQIoJVAAAAAAAAAEgRwSoAAAAAAAAApIhgFQAAAACASRJscCq3wDrqa1/rLZg80KCNBQfUFvrYVmPVxob+CRu+rWb0deVGzTc9tGvfrfrzADDj3JHuBQAAAAAAMKPZ9+i8p1ymdK9jMjiOqKe6MPIx2ODUkpr2mG0AMFNRsQoAAAAAQLq0Hhip9nQ0KBja3FZj1UaHUe1qVJn267gjfNwB7XNEV1lG7YtUX7Zrn32HWlSnNQUH9K8NTq3xSC1b7ZGq1eiK05FKVmOsfTVR66ppH/flmHLypM7u0HUY1aCJxompdh1ze2g94WttPRBTFRtdhTvW9YTvpTFO1P2qaRr3tQFAPIJVAAAAAADSIdCgjevr5DjaoZ5Or/Zrh5ZEhYwtKtH5zg69WZ6lYMOL2qI9Ot/ZoZ7nJI93ZJi2GvvIvqMV8qx36nigUNu8e1SsCp3o3Kzvlbt1wiEVv+INjefUms7QOd490lZ7zOPwns7cyHjyuHU8ML5LamuukwryZFK/jjueVtcrXvWE5igOj9N6YGTuTq/2d461PUuPrbSrq9cISoO93Sq2S10BSepXV6ddK5aGrsdToRNJrqelwKmezg5tK4q7X8slz43++QG47RGsAgAAAAAwmbw7tKQgQTXllR612Pfoh0WSlKW1z1VInqaRHqUFeaH2Af16/22vHM+F2gkUVWi/PXxQv7o6FbfPqzPnxuqlaoxXvHKZcY65XM87FAkvJY3sKyqRY6xr8zwd02N1Tecena8uNK7HY4TCkiRznvITDpCltR631pqTbzfl5Knl7bMKSurrztPzz8m4vsBZnVGJHjNLfd1eFb9SoUVR1+NpHgmpi/MeGuN+jXWBAJAcwSoAAAAAAJPJHq7CNL7CYWOwtzv2uLm5Ko76OBIGfqIur5KI35el/ILxLatlq30kEPVILd2fRPbl52SNbxDHkch19XR2qCe6l2x0m4OCp0cqQ4s26/zKpkjYHAmak24vkcPboz6160xnrrLn5krdnxjBdKg6tqszdlnZebFp6cj1jHUvASA1vLxqpvl9i17ddlQ9mTY59zhly0xwzKBP7h1u+TTGMZPOr9O7XGpM9DhJxmzdMydbi57apPWPjvN/zKe10L2Y61Tts7akR/neqJQ70ZsqZ2fK8heLVbKuTEuzb/APc+ADnX7zsub9tzWan9KJobWrTK7dpbKM81oAAAAAhPqRRrvSoxZJz4868iHl26WuhKPE7wuFjHkJD47hOGo8Gh9rrErXVLRrX6jNgTFHu/YVuCN7TeVu9ZQb8x132LUvxzgu8fZCrXC41dWaq66CPJnMUn5nt46rTo7lmyVpVJjc1+2V5EywrrHuJQCkhorVmeabxaraaFPmH32qP+zT4KgDBuU7XC/fHzO11JGuUDValnK/s1iLo78WZkuf9ajF49LBX46+gttbprIXxN6v+Q/eof6eFtW/vF0Hf35jfwny/9sxNf7f/bo2wasFAAAAMIa5uSr27tBPwi9Uer1OcpQYj7PHMPqMel4PvdyqtU5bvCP78gsUt8/oO5pc3Hihl0yNvPBp4gUb3JGK1WCDM+6FWHblz02+XZKy86QzrzdJeQ9JKtSKgiad6azQiqLwfrtattYZbRQCDfqxR3IsL0ywkrHuJQCkhorVGSjz0Q3a4PtQ7la3Dv38X1T1v4ykp4M/PyR366CyV7u04a/SuMiIbD1RsUmjahsHz+ngf6/X5ZOn1fedNcpOx9KmpHu1qHyTSuP7Dw1ckHv3Ifn+T7dO5744ev+ksah0d61Kb9V0AAAAwExiLtebR3uUu95qhI72cH/S0UzlL2v/23YtKdghOfZof1TV5aJqr/Y7QvtkVKIaPUvzlK8dWlMgnejcHAof7door94sd+tEtzVyjhxH1FOepYmrWC3UD1+xa0no2opfOaL99qfVdUVaW/6y9jvsyg1VmRa/4tWbZknJtksyLS2RtjZpxctGYJydZ7zc683I/TGuZ01BXeTc0dW44WOj7qV9j/Y7qGAFcGNmDQ8PD6d7EZgE4cf9B7NVtisUtAVO6+XdjeqbWybXi6WySJKuqf+XJ3To5Dn1fHZNypitrNylKtu4XovvDw/mk7vSrcBql1yrLFGTxG8PPwa+Qc47f6ZDPx+Qvm7T+t1OLf16/ALDrQBsctY6Rwerki64K3XIF7v/2tULOuo5qgu/HdQ1zVbmX8xX6doNKsnPjB030RoyenT6UL2aPvRr8Jo0++sWfet76/S/rXxE90TVbg982KQjDad1+bpzbNJe2wdyH7ugvj9ek+7M0vwnN2nTqlxFRdnqea9eR965rL4Box7UmHdD1HGptAKwqGy3K3FwerlePzp4Tvq7H+lfnnkksvl692xUi4Gi8DpSWPtYrQAGx3ffAQAAgKmmt7dXOTk56V7GaIEGbbQ3aYU30UufAEyGKfvzADdsYGBAktTe3n6dI0crLDR+CUasMVNl2uR0LFXmUJ8aPafll1+nPY3q+882bfrHcKgq+d96VdvrWhT4+lKtcWzShqfma/ZvW3ToxZd1+nc3OLevXoe6HlGZY4NKv7dEfz0qVB2PAX3xuaSM2Zod2nLtUr227TqkC199S6XPbNKmZ0r1ra8u68SB7XL74loGjFqDX6dffVWNvXdo/soN2uTYoNKHr+nyyX/Rq/+zL3LaoM+tXf98Qr4/h+b4wVKZf+9LPMeHR7X3f/Qo63vrtemZMtm++YUun3xVh3458kB9z0/36tWfXtZ/PFyqDY5N2vSDEuVl+nX55Ks6+P7AjdyY5Ob/rZZ+Uxr88EP5U7hneY9v0hrbPZJyVezYpE2P503g2sd33wEAAACMra3GOvIiKPsO5R8lVAWAdKMVwEz2VxtUvapHrrca9eNd59QfyJTNuUGLw+WUv2/SoZN9yrRt0l7n4lAF4mIt/btzOvhP9Wr8nxdU8veLI8HmuA09ovVbN2npjfZv/apfH5x068RvpcyiRfqWJKlPjcfOacC6QQf+fmmk0nHx3xXr3MEfqf6np9Vni2oZEL+GwGldCEg2x4va9Gho26M23fvPP9LRD38jv7JlGbqsE/U+DZpL5dpVJkuGcT8WL1uio7teVUv8HH+8V8W7XCp7MLSWpRa5/94t36XL0ndskj7Q+dYvlFm0SduftYXu42It/rt5OvjfDunyR93SYxP5gqcsZd0vqcuvgCTLeO9Z7mLNzz6tE7579ciji0PVwRO09oDv+vd9Au8AAAAAMFMtqu5QT3W6VwEAiEawOsNZnqpU2SWXGvv6lfl3P5Iz6m1VA+1t6tM9KnlisWIy0HuW6rHvnNDln5/Xha8Wa+mdKU5q/pZyxx2q+uSurEy8a85SbXomFOr9rk2+zyTLw9f0QeuFmMMGZ98jfXZZvwmsUXb4N7bxa/hmlu7PkHwnD+nc/WVanJOl2RmZWvqPtVoaPubDNvkGpfk/KA2FqiGzc7Xqe9lq+el5ne9Zo+zc8PpsWvxg1HEZZs2bI/mu+OWXTRY9ovX7f6z18dd1Z7by5kiXvxrUNSn14Dqpe3TvvVEfU71nMSZo7eO57wAAAAAAANMQwepMl2GRzWZRY59U8vgjMbv+NPhnSfNkmTv6tPuz7pX0mb74vaRJfbwkS7nfyVXM+yrvmaclNpu+lZOl2eGA81O/0UL9l0d16JeJxhmQ/+oYa71zsdasPaePj19Q/asXVJ8xW/dkz9djJav0t0XZRjXn/zuoQd0ji3l0XHjP/VmS+tT/RdTGjHFGokPXNNjfp57f+vXxR7/Rby5fVs9nkvSF+qUJrNjsN+5B2M3eM+nm1z6e+w4AAAAAADANEawizbL1RMWmhC+vSsTmrJXzBp+etzz2Ix342wH1tP9fer/lgi7/1qdGj0+N75TJta10Uh5J97//L/rn4x9oYEjS7Ezd8/X7NW/BYs2/dE6XJ3y2fvV/Jsk8LyYrvdF7NlFrv+59J1wFAAAAAADTEMHqbexrmXdJ+lj+K5JyY/d91v+FpG8pa87Iti9+/4ViahSvhioib4V7s3SPpO6uHsmWe93Dk5p9j3IfLVXuo6XS0DX1ndyrl99uUtOHpdrwnzOVqQH5A9ek3Nhq1IHP+iVlyfJACnP9vkmHjn2g/5i/Xq5ni2WJtFTo0YnJCFYvX5BvUMr62782/pRu5p5N9NrHuu9/lepgAAAAAAAA6Uet2G3snsJFytaAzr17QTHvux84p/d/OSh96xE9kiFJdykzUxr8uE/R74L3//KCbtl73XOXaMn90sDP39WFmMUO6oL7R6r8h4M698fkp19rPaTN//Aj1Ucnghmzdf/9UU1Jv7VItkzp8jun5R+KPrlHb/1rn/T1+frr6J6q19PbrT5J3/pOdDApXes6L9/vUxhnPAYuyF13ToMZuSr5Xuj1WjdzzyZo7eO67wAAAAAAANMQFau3s2+WaNPq83KdPKTt+7pVWpKnzKttanrbJ7+yVbauWPdIkh7R4qJMnfu3E3rVfU2lRffqC1+TTn94h7K/Kf3HLVlstkp/YNM5t0+Hql364PuleuTOfv3m5+/rQs+gslev0dKvJz979vwlemT2BZ1zu/TFY0u1ZN69+uLjc2p57wMpu0wlfyVJ87Vmg00+92m5dvlV9sQiZX3VrfffaVHPQKZszrL4wt6x5Tyi3AyffP/DpfovSvXIvdfU72vSaV//Tbyx6gu1NRySP+rFXIP+y/rwt4O6pkzZnFUq/mZ4z/jvmVG9/KHe/ek5XSv6ay2eoLWP774DAAAAAABMPwSrtznLqn/S3vtP6NDJczrhaZEyZivLWqKqp9do/v0jxz3y9HZt+v/cOvqrRtX7ZivzLxZrw7YS9f/vLl1IPvyEyrQ5tXdzk+qPn9aFnx7SOUmz78nW0op/0vrvZI198p3ztWlXle6tPaFz75/Q5WuSZmcq+zubtPfpxZGXZ2XanNr9j0060nBapw/7dE2zlfkXS7XhH9ZoaXbmWDOM9s1iVf33QR1687TO/fSQzmXM1j3Zi7V+yz/q3n/bpYPnutX3lWIqQq9vUH2X4iqF77xH2fNL9MR/LdPiObGp53jv2T1LVqnY61bLe/Xq+bBMuS+WTszax3nfAQAAAAAApptZw8PDw+leBAAAAAAAU01vb69ycnLSvQwAUwA/D2aegQGj4WV7e3vK5xYWFkqixyoAAAAAAAAApIxgFQAAAAAAAABSRLAKAAAAAAAAACni5VUAAAAAACTR29ub7iUAAKYoglUAAAAAAJLgZTUAJH7JgsRoBQAAAAAAAAAAKSJYBQAAAAAAAIAUEawCAAAAAAAAQIoIVgEAAAAAAAAgRQSrAAAAAAAAAJCiO9K9AEy83/3ud+leAgAAAABMugcffDDdSwAA3MYIVmcg/nIBAAAAAAAATC5aAQAAAAAAAABAighWAQAAAAAAACBFBKsAAAAAAAAAkCKCVQAAAAAAAABIEcEqAAAAAAAAAKSIYBUAAAAAgEnSVmNVboFV+1rjdrQeUG6BVbk17akP2npAuQVOHQ9MyBInTFuNVRsb+tO9DAC4ZQhWAQAAAACYRMV2uzzNsQFqW3Odiu32GxitX8df75bDIZ05R4gJAOlEsAoAAAAAwGRaWSKHp0ltkQ3tOuOp0IqVoY+BBm0sOBCzf1/M5yiBszqjEv1wQ4m0tW7UMeEK2fgq2cTb+3XckWB76wHlOhoUDH0MNjgjlbVtNVZtrDmgjaFzwscFG5xa45FattqpWgVw2yBYBQAAAABgUuUp316nM5HgskkeR4keC+82L9OKBPsXJRgpeK5JWrlMJnO5nndEnaNQuKkj6unsUI93j7rWG+Fssu1tNXZt0R6d7+xQz9EKedaPr71Ai0d6PjRWsXeHftIqmcrdOuGQil/x6s3yrBu8TwAwvRCsAgAAAAAwqR7SYytH2gG0NdfJsbwwan+WHltpV1dvf5L9Yf16/21pxVIjuFy0vCKqxUC/3n/bO3KeuVxvdm7WojG2d3VKjufKZZKkogrtt3vH114gHPqal2nFjXQzAIAZgmAVAAAAAIBJZlpaouLObgXVrjMeu/Lnjt6vt8+G9ldoRVGCQQJndcbr1RZ76DH89XVSpMXAJ+ryJpp5vNuzlF8wvmspzntofAcCwAxHsAoAAAAAwGQzL9MKNen9hiZ57CV6zDzG/iRtANrqd6jFEXqkP/R1wlGnHzf0S3pI+QmrR8e73ahgTaSvO2EyCwC3PYJVAAAAAAAmXZbyC7zasrVOxSuXGY/fx+1/bKW0ZWuyNgDtOuPRqH3ZeXa1vH1WwVDFaaQ1QKBBGwucOh64zvbXQy+paq3TFq890mZA3ia9HxiZFwAw2h3pXgAAAAAAALeDRcsrJE/3SHgZx7S0RMXKS9wGoLVJHlXoRFGCc7bu0E9ay7Wt2qv9DrtyQ4/0O452aK1Z0nW2LynYEbvdvFknHFatsVu1RRXa/4pd6r7+9WXn2dWy1a6N4gVWAG4Ps4aHh4fTvQgAAAAAAKaa3t5e5eTk3LL5gg1OLel2qqc6UcUqgHS61T8PMPkGBgYkSe3t7dc5crTCQuPnNBWrAAAAAACkWVuNVWs8FTrRSagKANMFwSoAAAAAAGm2qLpDPdXpXgUAIBW8vAoAAAAAAAAAUkSwCgAAAAAAAAApohUAgIjBP3+lQPAzffmnQQ0N8V47AAAATB0ZGbN099cyZTbdr8y77kz3cgAAIFgFYBj881f6qLdPcx8wKechszIyKGgHAADA1DE0NKTP//ClPurt08M52YSrAIC0IzkBIEkKBD/T3AdMyrrvXkJVAAAATDkZGRnKuu9ezX3ApEDws3QvBwAAglUAhi//NKj7vnF3upcBAAAAjOm+b9ytL/80mO5lAABAsArAMDQ0TKUqAAAApryMjAzeBwAAmBJIUQAAAAAAAAAgRQSrAAAAAAAAAJAiglUAAAAAAAAASBHBKgAAAAAAAACk6I50LwAAAAAAgKmqt7c33UsAAExRBKsAAAAAACSRk5OT7iUAmAL4JQsSIVjFNPALada/SsPbE+71vVEpd2v8VovKdrtU6ner8mfz5NpdKss4Z/O9UanGuS65VsWf4ZO70i1fkVO1z9oiW/1vueS6UhazDQAAAAAAADMbwVUf0nkAACAASURBVCqmtl/ulb7bJv1A0tpZ0v/ql9abRx8XF3ZGmJ2qnei8s7VRpwM2lSZYBgAAAAAAAG4PBKuY2r6zXfrFXum7L0q/GJa+k+L5vnDFqk2+XS5dkEX+gF82Z62ccqvS7QsdaJOz1inzWy6j+rXVJZcSVa1aZCuSGl8/LVuSKlj/Wy65Tvojx5ftdqnU7NfpXS59vLhMgZON8kuyrHap7EpovtD8RgZsHNsYCK3MWSvnFC6GvXh4pzyXku21ylGzTgvVIU/1MWnDS3LMv4nJrp7V3ndN2v6MNfn+15oVWLBOBxMcc/HwTnkCy7X9hWUiFwcAAAAAADeDYBVT2ydHpO9KGvYbFav/eAPhahT/3DLV7rbJeKw/oLLdtSo1G2Fo7Vt+uVa55LySrBWAYd7qSs173aVGX+nowNPnluukWc5al2wKtSk46VPps0aM57sguWprZfG5Vel2qXG1S7XPyghS3/LLtsoi3xsuNc51GusMHXd6t2tqV8jOuV5YaZWj5qWbnCSod+qbFTCvu/6hl47Jc/kmQ1wAAAAAAIAxEKxianvoaWk49P3x4eTHtbpVWTnyMVmVp2Vu4ujPssol17gXZVHp922qdLvlq3XGhok2p2prRz6a51qkK1FnLrYZVa6WebJIKguFt5a54SN8Ot8q2cKLt5WpzOzSx36JEsvUXKw/pos167Qw3QsBAAAAAAAzEsEqZoZkPVbjmB8MV6Ha5Nztl2tXpRolyVyW0guuZHPKWVSpxrf8qozZEfsYv7G2RPOPzeeujBnX8ju/ZBv36qag2FYAgfcOam9ggZ4KNOvUVUnhR/cvH1NVfcfIaZFKWOP8i5J09ZiqqsMtBhJb+MRyffpus069F9TCx01jrmxUK4OY6tvwutdJ9aH5FV6vRtYkaWF8m4NwW4KYc5K0MAAAAAAAANMOwSpuX+ZSuWpLJYX6or5hGVc4G2ZbXabGXbVqjApO/W/VqlFlctUaIa3/LZdcV5IOkUS4L2uq500zl5r16yeqdDAcfF4+pqr6oJ564SU9OUeSgnrntYPae9ikg89Y5aip0juvHdQp8zgCSvMybXrikva+e0zvLKgKjTdapOdqTWyQGp4zclx9s5564SU55oRC4XePqaraFLut/qDeeSE0VyhUVeT6jGupeo3+rgAAAAAAzBQZ6V4AkBaB03JVuuWL2pSsTUBS5lJVrpZ8rf4kB/jUeDLZvmRsWlLkV+NJX9Q6K+X2jX3W9GTVU1HVpIFAUJJJ5kgIatKTL7x0w1We5seXa6GCOlV/VoGER3ToV5ekhSuig06rHl0gKRCMPWfB8kg4a16wQGZJ5ifWxW0Lqu+q8fniu80KzFmuTZHrM+nJDctlvtqsU5dv6HIAAAAAAMAUQ8Uqbk/mUlWudskVbsxqLpNrt/GovXmuRf6TLrmU/AVWYZZVlSq74DLaCUiyrCqT7aRbrspGSTY5nTb5fuaXP4UaRduzLpXtckV6xlpWuxL2i51SrjZrb3Vz3EaTnnohebWo5lj0QNRH84IFMr/bLE/1ztGP1d8QqxwbrKqqb9ah96zaPqolQPQLtTpiHutX3JrN5qhz55iMdZuTtRgwAlvzE9bYP/U5Vv3NnGb9OhCU5o/dngAAAAAAAEx9BKuY9mzP1qo26U6nakOhpGV37FGWVS7Vrhp9SrLtkk3O2viE06LS3bUqjTkmdp6E85tL5Yr6aHu2ViMjx485DcyZgEfc5yzT9hqTEXDW71SVpOuGs9czf50cC3bKE2oJEL++mP6qoWv49PBOeRKXuKYk8O5BVb07ejttAAAAAAAAmBkIVgFMIaOrSE+9dkzmMV5UdT0Ln1mnhdXHdOrdDjmid1w9q1OXRr906tMbnCee+YmqBFWyAAAAAABgpqDHKoApyirHC8tlVlCBqzc5zgardOnYSHWqJF31KyCrHo1pOWA8xn9zTMqeE+4ZGzu2p3qnPPRYBQAAAABgRiBYBTAlBN47qKroPqcKvwRqgRbeaCuAsPnr5FgQt22ORWZ16NR7IwHoxcOh+a/6b6JyNfSiqkvHtDd+7DnL9dRN944FAADAtBRo0MYCq/a1jnVQv447rNrY0J9gX7v2Xff8CRZac27M1wG13dSgxjXe0usAgElCKwAAU4L58Spt10Htrd4ZtdUqR024d6tJT66w6lT9MVVVp957deETy2W+1KxI+9Q5y7R9g19V9VG9UBes0/YnmrX3XaNK9oYD3TnLtP0Fae9rUWNPRB9aAAAATFtt9TuU76iQp7ld24oK072cFNi13+vW2tBfZNtqrFpTU6Ke6ul0DQAwOWYNDw8Pp3sRANLP9+8fyfbth9O9DAAAAOC6btXfXXt7e5WTkzMBI7VrX0GTVnSW6EyBW/lRQaUUCis9kuwVcqhOXSu9erM8S0Z1p11bvJIcFXJ46qSjHdqmA8p9vVvFXq9a7Ht03lMuU+sB5a6vMwYMb5OMqlP7DrUYO0ZC0mTbowUatNHepBXR+1oPKPf13JHxk80bfV2Sil+Jvaau5zq0rSh8fnfi+YEpZOJ+HmCqGBgYkCS1t7enfG5hofHLJVoBAAAAAAAwmVqb5HGUaJEK9cNXpDPnRh71DzY4tcZToROdHep5OVdd3pHT2mrs2qI9Ot/ZoZ7lkid6TK+0wtuhHk+5TIEGbVzfrf3eDvV0erVfO7Skpl1Sv46/uEP5RzvU09mhnqN52lI/1vbra2uuU/HKZSOh7fo6OY7Gzxt3Xd490lb76Mf/wyFtJ6EqgOmJYBUAAAAAgEnU1lwnx3Kjusm0tER6+6zC3fj7ur0qfqVCiyTJXK7nHeGz+tXVKTmeC1WAFlVovz161Dzlh8LI4LkmtdhL9JhZkrK09rkKqbNb8a9TVdHmxI/wJ9suSfJqi32kx+qazj16tTzL2HWlRy32PfphUdS8nia1JbkuT3NUeNvboI3rpRNRFa4AMN3QYxUAAAAAgEnTrjMeyeOxRlWc2vV+oFxrzUZ4qrxE531iVK8+l2RYe66yoz97d2hJwY6oDRXqU7nWeo5oX4FVuaFtJzo3a5GykmxPOFHsY/qtB5RbcEAnOjcru7dbCo0gSZqbq2L1KBwKR19Xdp5d6h757Hlb2u+o05nWzVpUlOQaAeAWCD/WfyOoWAUAAAAAYJIEG9zy2EOP84e+zr+i0KP3WcovSHbmQ8q3J9uXgONIZHzjKxyUFmpbeNtRaY2jIVTJmmz7dRSVyKFudQUkU05cInylJ9SzdfR19XV7Yz47nivX2g171LX+gNpSuEwAmEoIVgEAAAAAmBT9ev9t70hP0hBTTl7kkflFyyvUsrXOCBcDDfpxpKw1S4+ttMvzeijwbK0zXmKVgGlpiYo9bh0PGJ/baqzKdTQoqHbtK3BGtkuSCvJkSrp9HFqb5Am3IZibq2LvDv2k1bjW46/XSY4SLZJRoRp/XeF2CBHmcj3vqNOPG/rjZwGAaYFWAAAAAAAATIbAWZ3x2rXi5azY7UUlcuhp/bihQm+Wb9YJh1VrCuokVWj/K3adCR1mKn9Z+9+2G4/42/dov0PqSjSPuVxvHu1Rrt2qLZKMR/uN3qXbjubFbTfCzWTbRzN6rG6JfDZaA4R7p755tEe560NtDux7dD7Uq9VU7taJ7vB1ScWveLUtwSP/i6qPKL/gRR1fygusAEw/s4aHh4fTvQgA6ef7949k+/bD6V4GAAAAcF236u+uvb29ysnJmfR5AEx9/DyYeQYGBm56DFoBAAAAAAAAAECKCFYBAAAAAAAAIEUEqwAAAAAAAACQIoJVAAAAAAAAAEgRwSoAAAAAAAAApIhgFYAkKSNjloaGhtK9DAAAAGBMQ0NDysiYle5lAABAsArAcPfXMvX5H75M9zIAAACAMX3+hy9199cy070MAAAIVgEYzKb7deXToPo//4LKVQAAAEw5Q0ND6v/8C135NCiz6f50LwcAAN2R7gUAmBoy77pTD+dkKxD8TFc+DWpoaDjdSwIAAAAiMjJm6e6vZerhnGxl3nVnupcDAADBKoARmXfdqdx5D6Z7GQAAAAAAAFMerQAAAAAAAAAAIEUEqwAAAAAAAACQIoJVAAAAAAAAAEgRPVYBAAAAAEiit7c33UsAAExRBKsAAAAAACSRk5OT7iUAmAL4JQsSoRUAAAAAAAAAAKSIYBUAAAAAAAAAUkSwCgAAAAAAAAApIlgFAAAAAAAAgBQRrAIAAAAAAABAighWAQAAAAAAACBFBKsAAAAAAAAAkCKCVQAAAAAAAABIEcEqAAAAAAAAAKSIYBUAAAAAAAAAUnRHuhcAYOoY/PNXCgQ/05d/GtTQ0HC6lwMAAABEZGTM0t1fy5TZdL8y77oz3csBAIBgFYBh8M9f6aPePs19wKSch8zKyKCgHQAAAFPH0NCQPv/Dl/qot08P52QTrgIA0o7kBIAkKRD8THMfMCnrvnsJVQEAADDlZGRkKOu+ezX3AZMCwc/SvZzxCTRoY8EBtUVtaquxKjfRtpp2qfWAch0NCo4xZFuNVRsb+q87dbDBmWSsfh13WLWvNbV1AwBGIz0BIEn68k+Duu8bd6d7GQAAAMCY7vvG3fryT4PpXsb4mPOUr251BcIb+tXVaVexvU5nWqO3SY7lhVLRZvV4ymWa1EVlaa2nQ9uKJnUSALgtEKwCkCQNDQ1TqQoAAIApLyMjYxq9D6BQKxxenTkXqjANnNUZlej5lXZ5mttDx3yiLm+FVhQptmI10KCNBVblFliVW+DU8UD0uGe1L7yvpl2pia5YNb7PDY1lVMK2a599h1pUpzVUrQLAmEhRAAAAAACYJIuWV6il+xPjw5UetRTkadHSEhV3dhsBamuTPPZcZcec1a/jL+5Q/tEO9XR2qOdonrbUjwSoLVt7tKKzQz3ePSr2PD32Y/1jCDa8qC0FR4w5Oo8of2ud2lSobd49KlaFTnRu1qIbGxoAbgsEqwAAAAAATJa5uSr2NKlNUltznfHIv3mZVqhJ7wekYG+3ilcuG/vx/6LN6qkuHPnsKDECT/MyrbBP1EILtY0gFQBSQrAKAAAAAMBkMS/TCnu3ugL96uoMPfKvLOUXeNV1Rerr9io/JyvupCyt9RyR1ocf0499JL8476EJWZqp3K0TejrSCuBGK18B4HZFsAoAAAAAwKTJ0mMrpa5zZ3VGI4/8L1peoa7e9qiwNV6htnWGWwFIa8K9VyfYouqOSCsArY/v5QoAGAvBKgAAAAAAk8iUk6eut5uk6Ef+5+ZK3U3qKihJ8Ph9u/bFv7CqIG/sdgE3oK0m/MKqsDzlmyd4EgCYwQhWAQAAAACYTEUlyvfGPfJvXqYVnXXqSvhYf6G2Hc3TFnuoFcB66UR0j9Xx8u7QkgJr5FH/3Liq10XVR5S/1R7a/7R0NNRj1ZynfNVpTVwLAgBArFnDw8PD6V4EcF2/3Cs1fU/a8d0EO31yV7olZ62ctpufyvdGpRrnuuRaZUk4j6/IqdpnRybyv+WS60pZzLbpyPfvH8n27YfTvQwAAADgum7V3117e3uVk5Mz6fMAmPr4eTDzDAwM3PQYVKxi6tszS/rnNuk3r0mzyqVP0rye1kadpu8QAAAAAADAbe2OdC8AuK4dw0a4uvNlaXh7yqf733LJddIf+mRR2W6XSs2SfG5Vun2h7TY5a50yv+WSu1VSq0suJapatchWJDW+flq23aWK35t8Pr9O73Lp48VlCpxslF+SZbVLZVdC84XmN2pejWMbQ+GtbYIqcSfLxcM75Qks1/YXlmlS2zFdPau975q0/RlrkgOCeue1gzp11SpHzTotjN99+Ziq6oN66oUqPTlnMhcKAAAAAABuB1SsYuo7Wi7p51LfX0qz9qZ2rs8t10mznLW1qq2tlbPIr8aTPkk+ud0Ble02trtWB9T4ll+WVS45i4zQc3Soapi3ulJlalSjL8HOpPOFdl+QKmtrVeu0yX/Spca5LtXWulRm9qnxLSOM9b3hUuNcp2pDx/ncLipkFdQ79c0a323okOdwxySvBwAAAAAA3O6oWMXUt74h9M13pVQ7Atucqq0d+Wiea5GujD7Mssol17gHtaj0+zZVut3y1TpjqzSvM59lsc2ocrXMk0VSWSi8tcwNH+HT+VbJFi5RtZWpzOzSx35pcstBZ5hLx+S5/JIc89O9EAAAAAAAMFMRrGKGi32sXpJUJEk2OXf75dpVqUZJMpfJleTR/oRsTjmLKtX4ll+V45rPYH5wfDP43JUx41p+55ds417dlHTx8E55LkVtmBPXPuDyMVXVdyTY3yFP9TFdlKSrx1RVneRR/7AFy/VUoFmnzpxVYP512hPEzylTTKuAi4d3yqN1cuhY1NqN+RV9PQvW6WBMi4KoNSe6VgAAAAAAMO0RrGJG879Vq0aVyVVrhKb+t1xyhStIzaVy1ZaGjnPJ9YZFtc+Ov5mpbXWZGnfVqjEqOB1zvnGL6gM7Q0T6sNaEw0UjeNx72GQEkpH+py+FQk2jX2p4v6Omyuifao4PMBMx6ckNy/Xr15p16D2rtj9uSnzYqDlD63ztmMzRwe2lYzr1RJUOPmMy+ry+1ixP9U6ZY7Yd0973qkJzhULVqLD14uGd2lvtHzsQBgAAAAAA0wo9VnEb8akx/FKpwGm5Kt2KbpNqmZtikmkuVeVqydfqT3JA1HzjZtOS6L6sgdNyVVbKnaif67TRoV9dkhauiK7YtOrRBZICQQUkBQJBSSaZIy+VMunJF14aR4iaxJxlemqBFHj3mN65mviQi+0d0oLlMS+yWlholRRUIOYcq54Kh7NzrPqbOZLmLNemuG3GNUiB95p1UVY5ota+8Jl1WqgOnXoveGPXAwAAAAAAphwqVjFjxD8+b3PWyrmqTLaTbrkqGyXZ5HTa5PuZX35zqSpXu+SqDJ1hLpNrt/GovXmuRf6TLrmU/AVWYZZVlSq74DLaCUiyJJsvhYfAbc+6VLbLpfDSLKtdco6/kHYKsspR81Lo+/hH5I1/mBcskPldoxJ04YaJ6Y268Jl1Wlh9TKfqz2phgsfwFz7zkg6Gvo9tUxBX4TrHogc0ss9sDv0z4axBXWwPSguWx1WmGkGyJxQgAwAAAACA6Y9gFTOATc7oN0ZdZ19tOKRc5VLtqtFnWJJsN8aKTzgtKt1dq9JxzGfZHf1Wq1K5oj7anq3VyMjxY05/McFlqN/op4d3yhPuRTtnmbbXmIzQtX6nqiTF9ztNnVWODVZV1YdaAsQnoTH9VUNzXTXaA9y0S8dUVZ1g+4KbHxoAAAAAAEwNBKsAJtfVszp1SaMqUT8ddeDoytZT8f1OUzV/nRwLdsrzbrMubojeEdQ7ZzpGv3QqSduAlI16mRUAAAAAAJhp6LEKYHJd9Ssgqx6Nebzf6LuanFWOF5bLPKrfaerC/U09kepUSQqq72q4p+qIi+0dujmhVgGh3rHR873z2k7tpccqAAAAAAAzBsEqgMk1xyJz3IubLh4O9Vm96tenkgLvHVRVdO9VSRffbVZgzgItvOFWAGFGS4BYJmXPkS6eOTsSgF4+FmpXYISuN2rhM+u08Gqz9h4eCWkD7x3TqatRL8ECAAAAAADTHq0AANy8q83aW908arP5iSptf3yZtm/wq6r+oKreDe1YsE7bn2jW3neNitSFj1dpuw5qb/XOqLOtctSEXzpl0pMrrDpVf0xV1TfQe3X+cj01p0OnIoGpSU++sE591cei1m1UyZ56rVmfBoLS/BsNQa1y1KyTpzq6z6qx7YZbGgAAAAAAgCln1vDw8HC6FwEg/Xz//pFs33443csAAAAArutW/d21t7d30ucAMH3k5OSkewmYQAMDAzc9BhWrAAAAAAAkQZACQOIXLUiMHqsAAAAAAAAAkCKCVQAAAAAAAABIEcEqAAAAAAAAAKSIYBUAAAAAAAAAUkSwCgAAAAAAAAApIlgFAAAAAAAAgBQRrAIAAAAAAABAighWAQAAAAAAACBFBKsAAAAAAAAAkCKCVQAAAAAAAABIEcEqAAAAAAAAAKSIYBWAJCkjY5aGhobSvQwAAABgTENDQ8rImJXuZQAAQLAKwHD31zL1+R++TPcyAAAAgDF9/ocvdffXMtO9jJS11ViVWxD+cup4YPznBhucynU0KHgT8yceo137Imvp13GHVftaxxgk0KCNBQfUdhPrAICZ5I50LwDA1GA23a+PevskSfd9425lZPB7FwAAAEwdQ0ND+vwPX+rKp0E9nJOd7uWkoF/HHXZtKTiins5CY1OgQRvtVnUd7dC2ovSubkSW1no60r0IAJhWCFYBSJIy77pTD+dkKxD8TFc+DWpoaDjdSwIAAAAiMjJm6e6vZerhnGxl3nVnupczfq112qI9Ol9dOLLNXK43j/Yo9/UG/dBTLlPrAeW+3q1ir1ct9j06H962vk6SXQ5H7JBtNVat8RjfF7/i1ZvlWQoHuGdkV4vXK0fKoa1xftdzHdpWFAqDvdFzfKJ99h1qkdRSIJ3o3KxFij0uMmfM9fyTtutVffrcyHraaqw6s3wqhcoAcGMIVgFEZN51p3LnPZjuZQAAAAAzRltznYpXemWK3zE3V8XeJr0fKNdaSfJKK7wdetMso6J1fV0oqDTCS6lEkvFI/5rOPTrfWS5ToEEb7XbtyxkJKVsKnOrxuG9qzcGGF40KW0+hjHYBdWor36xt3j3qsvfo+c7NWiSprcZuhMad4SDYqXyve9T1BBt+oSXN7dpWZIx3xlOhFdU3tUQAmBJ41hcAAAAAgFvNnKf8mA15yjeHvr3Soxb7Hv2wSJKytPa5itCOfr3/tlfFK5cZQa25XM87pK7e/sgoxXkPJZ/Tu0NLCqJ7vT4tz3UXWqhtoSA1Vr+6OiXHc+XGWooqtN/u1Zlz4bWMXI9paYmKO7uN/q6tTfI4ShKMBwDTD8EqAAAAAADpZs9VuHNssLd7zENbttoj4egaj9TS/UlkX35O1hhz7NH5zg71RL6OyJHgMFO5Wyf0dGSOxC+0+kRd3ujPWcovSHw9Mi/TCjXp/YBRwetYXigAmAkIVgEAAAAAmCSLlleo5e2zRrVmtNYmeewlesw8+hxTTt6YYzqORoejHeqpnvigclH1SPiq9U4dD8Qf8ZDy7dGfjQrWxLL02ErpzLkGow0AvVUBzBAEqwAAAAAATJaiCu3XDi2paR/ZFu6hGn6MftQ5JXJ4d+gnrZLUr+Ov14V2ZOmxlXZ5Xm8IBbXt2ldg1caG/kSj3LC2mvgxo9oURBgVqpG1tNZpi9euFUsTV8yalpZIW3fQBgDAjMLLqwAAAAAAmDRZWuvpUH6NVbmRR+Xt2u/t0NoE1aqGQm07WqHc9VZ5JDle2aPit409pnK3TnRbtaRgh7HBcUQ95VmSJi5cXVR9RPkFduVuDU1xtMMIQ815ytcOrSmQTnRu1qJqr/Y77JG1OI6GrulKgkHNy7TCLuXTBgDADDJreHh4ON2LAAAAAABgqunt7VVOTk66lzEzBBq00d6j5xO+CAuY+vh5MPMMDAzc9BhUrAIAAAAAgMnTekC56+tGKl8BYIYgWAUAAAAAAJOnaLN6OjenexUAMOF4eRUAAAAAAAAApIhgFQAAAAAAAABSRLAKAAAAAAAAACkiWAUAAAAAAACAFBGsAgAAAAAAAECKCFYBAAAAAAAAIEUEqwAAAAAAAACQojvSvQAAU8fgn79SIPiZvvzToIaGhtO9HAAAACAiI2OW7v5apsym+5V5153pXg4AAASrAAyDf/5KH/X2ae4DJuU8ZFZGBgXtAAAAmDqGhob0+R++1Ee9fXo4J5twFQCQdiQnACRJgeBnmvuASVn33UuoCgAAgCknIyNDWffdq7kPmBQIfpbu5QAAQLAKwPDlnwZ13zfuTvcyAAAAgDHd94279eWfBtO9DAAAaAUAwDA0NEylKgAAAKa8jIyMW/o+gN7e3ls2FwBgeiFYBQAAAAAgiZycnHQvAcAUwC9ZkAjlaQAAAAAAAACQIoJVAAAAAAAAAEgRwSoAAAAAAAAApIhgFQAAAAAAAABSRLAKAAAAAAAAACm6I90LAKaEX+6Vmr4n7fhugp0+uSvd8o3ablHZbpdKzXGbA6fl2tUov7lMrt2lskR2+HV6l0uNgSTnxUzpVuXP5sm12ybfLpc+/n6tnLYbujIAAAAAAABMAoJVYM8s6Tf/RVKbNEtSX4P00OjDbM5Uwk2LLLogX6BUlnCAGvDpgixRQesYbE7V2iTJnyDQBQAAAAAAQLoRrAI7ho1wdefL0vD2CRrUrMWLA7rQ6lfpKiNK9bdekBYvlvnkhZHDfG5Vukei00h4G1WxOtVdPLxTnkvJ95ufqNL2x01J9gb1zmsHdeqqSU+9UKUn54w1h1WOmnVaOM51Bd47qL3tC7T9hWUyq0Oe6mPShpfkmD/OAQAAAAAAAMZAsAocLZf0c6nv/5Fm7Z2wcNXyoFn+n/nkX2WRRX75LkiLn7Po45OhAwKn5XIHVLa7VqVmyf+WS66fnZbfVjq+qtapZM7yUIB5o+dLv37tmMyJgtPLx8YMbpMxP16lg4/f6IIAAAAAAADGRrAKrG8IffNdaTj5YT53pSqjN4zqoRrHtkQ2d6PRDkA+XdBiVZqljyPnl8pVWxo53PLgDceS05/ZpAeuduhXl6WFMRWlQb1zJqiFC0y6eAPhKgAAAAAAwGQhWAXGKVmPVd8blXK3hj4UOVW7OnKGlhS5dd4v+X93Qf65ZaNC2JhzJck8b8LXPT0s0KMLOuRp75DmW0c2X+3Qr7VAT5kvjQ5WLx9TVX1H1IbYdgKxrQAAAAAAAAAmFsEqcJNsz9aqNnpDwD+y71Gb3L86rXlX/LJ93yZFv4rK55a71SZnrVO20OfKn92aNU9FCwutUv0lXZQ10g4gcOmSVLhODyguVb18TFX1QT31wkuRIPXi4Z3yJGsnAAAAAAAAMMEIVoHJZJknS2ujGmVLWO06wq/TN+ejxgAAIABJREFUP/NJmqYVq1ebtbe6OcGOsV9KFWP+Ai3Usah2AEFdbJf+ZoNJ8bnqxfYOacG6mHEXFlqlS0EFrkoLxzMfAAAAcAsEG5xastUbu9G+R+c95Ur2iteJ0a/jDru6nuvQtqKJGK9d+wqelo5O1HgAMP0RrALjNKrHqpK3B4gw27TY3KjGuUs06jBbmcrMLrkrKyVZVOYsk8X9sQLS7ffyKkmSSdlzpFPhdgCXm3VKC7Q9QUi68JmXdDD0/cXDO6NebjW5fzUFAAAAbkhckNpWY9USh25BuAoAmEwEq8B12eSsrb3+YWHmUrkih1tUurtWI6+osslZa0uyTyoNn2dzKnyYZXcKc09rJi0sNOlUe1ABSZ+2d8hcuFxmSYH4Q2P6q4aqYq8a7QEAAACAqW5R9RE5Cp7WT1rLQ9WfRnXpllBhq+Noh7YVtWtfgVv5XrfWmkOVr2+XhMLYkWrUFc1W/VgVkqdOLVLyatjWA8pdX2d8H3NM7NxJ9zkq5IgMFntO8StevVmeNeH3CQCmuox0LwDA7eHi4Z2qqo76Otwx6hjzggUyX72ki1c79KtLJv3NgkS/vw/qnTNGK4CDNS/pYM04Ww0AAAAAU0ahVjikrt5+SVJbjV1btEfnOzvUc7RCnvVOHQ8UaoXDq64rxhl93VKxetQnSfpEXd4KrQg9kt/ikZ7v7FCPd4+KvTv0k9a46QIN2ri+To6jHerp9Gq/dmhJTfvI3AVH1NPZoZ7OI3JEnR+zruWSJzRcsOHFmHPyt9apbRLvFgBMVVSsArgloh/fHxFXYTrHpAcU1K/rmxWYs0BPJQxMg+q7Ki1cYY3ZerG9Q7QCAAAAwPTTr65OyfFcqEq0qEL77XadOdevV/Ps8jS3a1vRQ+pSiZ5f2aQzrdIiNcnjKNE2yQg0HSVaJEnmZVphl7rip7jSoxb7Hr1aJElZWvtchbasb1JbdaEWVXeoJ3LgQ8qPnJ9oXXWjx1ahtnUWTvRNAYBpgYpVAFOIVY8ukAJXgzIXWpP0bDV6sV48c3akRcDlY6E+q0boCgAAAExtRmhp+ERdMe+2ylJ+gfGdaWmJiju7FQyc1RnlaVFOnrp6+xXs7VZx3kORM6K/TyTY2x27YW6uisPfBxq0scCq3AKrcguiWgKMWtcIU7lbJ/R06Byr9sVXyALAbYKKVQA372qz9lY3J96X4outFhZapUvBJG0AJMmkJ19Yp77qY1FzWuV4YblOvdasTwNBaT6VqwAAAJjKjNAy/zmjL2l+TJVpKHTNk1GBqjr1XZGUt0yamys1n9X7ndKKl8ff09SUkxe74UqPWiQ9r34df3GH9IpXPeVZCvdONdbyUNy6Yi2q7lBPtSS1a1+BU8dDvWAB4HZCsArgpiR+xH+8THryhZf0/7d3/8FV13e+x59kZKxR8bYk9ESMzZxgoNmIJFnBXXaPWIUiOKZ3oIwwHTrAWUnnlp273Ur5ITWWggiddubijKH3IFPWIQ4ls8VpqYqsMXvpFtxwELNZRXImNcUcSdQS2/Q67E3uH+ckOQlJ4KghAZ6PmczkfL6f7/fzPseZzPHF5/v+fjV1qOghtm/tOytw3yq235c6Ukh46w/Or2Xr3YOcM/B8SZIkaSQc27qESGgjR5K35k8qgDVPV/N3kQVk1+1iTW2ILcngdFJBI089Xcukbz2SDFof5QVm82Q6IebEYLL36gLWlbax9+ldEN5DCf2C07pdrKmF8LcSdd1zf6hfXYljx7YW8lR+6gOr8plkqCrpKmSwKkmSJEnScKrdwIyCDb2vQxs5ElnQ84SAktW1bAmHeuaEqxp6dn+W3JtPTSSfb0cAsphELdz/w/SeLhBYwDNVMYKLCxMPoApt5MjqRF/URL/VEMG1QHgP+8K7eKqpDUqzyF7wQ7b8OllXaCNbwokgtmT1HiYVJM9J1lvyCT8aSbqcjenq6uoa6SIkjbzof7xN8V/cNtJlSJIkSRd0qb67NjU1kZeXN+zrSBr9/Htw5Wlvb//U1/DhVZIkSZIkSZKUJoNVSZIkSZIkSUqTwaokSZIkSZIkpclgVZIkSZIkSZLSZLAqSZIkSZIkSWkyWJUkSZIkSZKkNBmsSpIkSZIkSVKaDFYlSZIkSZIkKU0Gq5IkSZIkSZKUJoNVSZIkSZIkSUqTwaokADIyxtDZ2TnSZUiSJElD6uzsJCNjzEiXIUmSwaqkhBuvz+SDP3w00mVIkiRJQ/rgDx9x4/WZI12GJEkGq5ISAtnjOf1eK20fnHXnqiRJkkadzs5O2j44y+n3Wglkjx/pciRJYkxXV1fXSBchaXTo+PPHxFvf56M/ddDZ6Z8GSZIkjR4ZGWO48fpMAtnjybzu2kuyZlNT0yVZR9LlIS8vb6RL0Geovb39U1/jms+gDklXiMzrriV4680jXYYkSZI0ahikSAL/oUUDsxWAJEmSJEmSJKXJYFWSJEmSJEmS0mSwKkmSJEmSJElpMliVJEmSJEmSpDQZrEqSJEmSJElSmgxWJUmSJEmSJClNBquSJEmSJEmSlCaDVUmSJEmSJElKk8GqJEmSJEmSJKXJYFWSJEmSJEmS0mSwKkmSJEmSJElpMliVJEmSJEmSpDQZrEqSJEmSNIxaq8sJFhT2/CyvbruIs9rYGy5kc90wFFS3jWC4mtYLTDu2tbfW1N8lSQnXjHQBkiRJkiRdqVqry5mxNp99JyspAeA4mwtCLKeWZxZkjUxRpY8Qi6R3SsnqBp4Znmok6bLljlVJkiRJkoZJc2MthGcnQ1WAafzdEyFqfv0qrfTfCTrALtWmapaft9M1MW/AHbDx3vk9u1LrthEMlyfGw9W0puxYTaxfzebuc7YeBxKB8MII1KwNsby6bcA6u9fvqbduG8HwNjb3HCtnb3yAulLHJekyZrAqSZIkSdIwKbl3GUSW9Ln1PntBJbHIArIv4vzI2hjfPtlArHYjrH2UvXForX6UNQV7iJ1sIHZyD5PW7uIYAMfZHDrI3NoGYicb2Fewge91h6G1JMYHWLdm7UEm1SauFY4sYXNdosZ9YZj1xPk7a49tDbGGjRw52UCsahmRxSlBae0u+FYDsZO1bAnVsmb3caCNvY9uYFJVoq5YVX5yXJIubwarkiRJkiQNl9JHEiEjG5jRfyfpRZj1xLLEbtfAAr4druWFw/37nE5j3clHEnPqDhIJzeaeQOJIyeqGlFA0n0mBQRYJl7MokLjW3z0RInJoqNCzjVMnIfytZEBbuowtodS6ljG3FCCLe+4PDXyJ0keIrZ42xBqSdHkwWJUkSZIkaVhlsSiS3K2Z3Ek6Y+vF7diclHd+H9bsBZXsY8l5t+K3NjUOfqFQkNxBDs3Kv+Wiakn4PadqU19nMangQutksSiyBxZ3twLYltxhK0mXN4NVSZIkSZKGRRt7w+f3Ey25dxmcbBxg12r/0BJONfX2NT11MuUaqxt6WgGQvBU/Oy//E1VZ0/j7nt+bG2uHmAlwC5P6bETtW9fgprHuZHcrAFiYxq5dSRqtDFYlSZIkSRoWWdxzP6x5NDVEbGPv07ugIL+n12n3g6yoO0ik3xV6jsVf5YXaEHNnZvV7kBT03OY/Mcis2oO8kgxyj23tfRjVkCIHe3q0vhCB8L1D3aaf2KEaebr7wVi7WJOsa3DH2dz/gVUp71+SLlfXjHQBkiRJkiRdqbIXVHKEcmYUbOgdDO/p6TFasnoP4YIliePhjWwJwamU88P3w/cKCqkBwlUNiV6oq/cwqSBEcG1yTlVDTx/WZ6piBEOFrAEIbeRIZBrUHRyyxllheCq5xqwnanmmNDGemx+iZm2I5dTy7ZT5Jatr2RIO9bynnrpOD7bCNNZV5ffWxTL2nbTHqqTL35iurq6ukS5CkiRJkqTRpqmpiby8vJEuY1gd21rIU/m1KQ+5kjSQq+HvwdWmvb39U1/DVgCSJEmSJEmSlCZbAUiSJEmSdJUqWd3AMyNdhCRdptyxKkmSJEmSJElpcsfqlebDGp5cV0Uss5jyjeUUZw4wpyNK5YZKogwxZ9i1cOCxCvbHBziUMZZxE3IpeWAFi++0z0/PZzWxnB0PF490MZIkSZIkScIdq1eez89i1fJiMv8YZfezUTrOm9BB9NndRP+YyczwSIWqqbII3jWd6ak/d+TC+zFqIhVs/+3570CSJEmSJEkaae5YvQJl3rmUpdG3qKyrZOdvfsKqv+5NTzt+s5PKug5yH6xg6ZdHsMgeucxZtoLz9mF2HGb7P+6m/vkDNN+1kNyRKE2SJEmSJEkahMHqFSmT4m8spfitSqL/9GMOBB9lXgCIH+DH/1QPuWWsmJ+TnHuOtt/uY+fzh4m9fw4yxpIVnEnZ8sVMH999vSiVKyuJP1hBRc95A41337K+lPJrf8HO37TDDcUsfrycmTek+xZmMuOO3dRH22iDZLDaQezl3ex5sZ7m9nMAjL0hh8lfWcqK+UF64uOOGAd27ubgWy10nOue8xDfvH8K4zIuZk47NdseoeqPZVQ8Po/ud9z+ypM88lyM3K9t4tH7u1sUJOd+bilPrZrJWKD9rYPsqT5A/e86OMdYMr9UxLxFS5k9qbvCoT+nttd2U/ncUZr/eI6xny9i4d8vTPPDkyRJkiRJ0nCzFcCVKrOY8vBMMjub2R85QAstHIjsp/lzxaz4Tm9Y2PKrJ1m/q4b4DTNZGF7B0geKGPu7GnY++kMOvPsJ147uZuepKZSFlzLvKzO4Pd1QFYB2zn4AZIxlbHIk9vNNPPnzev7rtnksDa9gxddnk5/ZQv3zT7L9lfbud8SBJ59kf9M1FN2/lBXhpcy77Rz1z/+EJ/+5+SLnjGNyYQ7E3+Ct9t6KGt+OAdB86i3O9ZR5jCOnIFh0O2OBjmglj/14H9E/T2beN1aw4uszCXwYZd+29VRG+7U1GOBzan/lSdZHDhO/YToLwysom9rBr36yk2Mff5LPUJIkSZIkScPFHatXsi8vZfX8GBW/2s9Tjx2mLZ5JcflSpndvnPzwIDufbyazeAWbyqcnd3xOZ+bfHmb793az/5+PMvt/TO8JNi9a5xQWr13BzE/av/XjNt58vpJ9v4PM0hImA/AmR+rOklm6gvUPFydrms70v72V7f9zJ/VvN8I9xRCPcjQOxeFHWXFn8np3FnPTj/+BqrfeoIVcci5mzpeLGPf8Qd5shFnFifXf+E/IvCGTjlgjjcxkCnCu/g1i5LJw2jjorGff7igdgXlUPFZGTkayxrtnUPXYk9T8/ADNxSltDfp/Tp317H4+BrllrF83L3H+ndOZeVsl6yPdobAkSZIkSZJGA4PVK1zOAyspO1HB/uY2Mv/2HyhPeVpV+/FjNDOO2XOm0ycDHTeTe+7aR/1vjnD04+nMvDbNRQOTCV50qBqlcuXKgQ9NmMmKb3SHqFNYvOUpFvefc20u+ROg/uMOzgFjP5/F+AyIPr+Tw+PLmJ6XxdiMTGZ+Zwczu8+5mDnBIm7PPEj0P96E4ikQjxHryGLW1ydT8/MYsThMCUB9fT0Eyij6PPCfx4h2QNHXk6Fot7FB5n8ll5qfH+FIbCG5wUE+p6Y3eaMDir4+u8/5mXfOYWZ1lIMX+5FKkiRJkiRp2BmsXukyciguzmF/M8y+b0qfQ3/q+DNwKzkTzz9tfNZNwPuc/RAIDGeBWQTvCpKVOjTuVmYUFzM5L4ux/ZtVdJ6jo62Z2O9aeOftN3ijvp7Y+wBnaQNyrp3OwkWHeWfvUXY/eZTdGWMZl1vEPbPn8zeluYkeqxczhync/mU4XF9PjCnkxhppyZzMQ1+ZQsvPD9MYOweBRt74Txj311MSrRX+bwcdjCMncP4e33Hjs4Bm2s4O8VGcbaN9wPOzyBo/4BmSJEmSJEkaIQarGmG5zFm2guKLmNnyyk/48d43ae8ExmYy7obx3Dp1OkUnDlOfMi/nnn9g29+0Ezv+f3il5ij1v4uyPxJl/4tlVCRvsb+YOUVFRVBXz5vxhXS8VQ+TVzAlYwrxSVD11lsQeJM3OjK5vSg4WMmfkesY+7lhXkKSJEmSJElpMVi9il2feR3wDi2ngX7Z4PttZ4HJZE3oHTv74VnoeewVcKaFtuEvM+HDg+x87k3+q2gxFQ/PIqenPUGMff2CVQDGjiN45zyCd86DznM0P7+JH/76IAffmsfSL1/cnLFFtxOkisbYm3S8BcGvTgHGcWveODjRyNEJ9bRnFjO9+3qfyySTdlri5yDYd9dp+/ttQBY5XxziPd6UxTiiA5zfPOB/I0mSJEmSJI0cg9Wr2LhpJeQ+t4/DLx1lXnlKn9X2w7zy2w6YPIUpGQDXkZkJHe80084UxiWntfz2KM30iVqHT1MjzUDxXamhKpw7dYRoSruCc3U7Wfezem5/+CcsLUpOyhjL+PE3AWcveg4A4yZzewD21+zj7IfjmPKlxDsPTp4CLx9l/+E2+HIZPQ0WJpdQnHmYwy8eoOWust4+qedi/OpfmuGGWdx+8xDvMVhCyQ0Hqel3fkf0JQ5/mP5HJkmSJOnTa2pqGukSJEmjlMHq1ezzs1nx4BEqnt/J+s2NzJudT+aZYxz8dZQWcil7aFYyRJ3C9NJMDv/rPp6sPMe80ps4Gz3IgbeuIffz8F+Xota8KQQzokR/VsHus/OYctM52qIHORBtg5TNnWOLZjBl7FEOV1Zw9p6ZzLj1Js6+c5ial9+E3DJmfxnGfnzhOQk5TCkax/6Xm2nOmM7XuneM5uUT5Cix96HowaLexTOKWLi0mGjlASoea6FsTglZHzfyyos1xNozKS4vu8Cm0yBl3yjmaOUBNj3ewrz7SrjpzGF+8fKbdHyWn6UkSZKki5aXlzfSJUgaBfxHFg3EYPUqlzP/e2wav4+dzx9mX6QGMsaSVTibVUsWUpTywKQpS9az4v9VUvXafnZHx5L5peksXTebtv9VwdFLUejnZ7HqHzvY+cwBDv98J4czxjIudzqL13yHm/71MbYfbqT5Y8i5togVj63iph37OPzKPurPAWMzyb1rBZuWTE88JOti5iQFi24n8+XDdBROYXL34LjJTJkAsTNFlBT3veU/s7icx79zkD3VBzjwbJRzjCXzSzNZ+vcLmZmbyYUkzj/Az352gP3PRuHaLIoeWErW0d3UfCYfpCRJkiRJkj4LY7q6urpGughJkiRJkkabpqYmd6xKAvx7cCVqb2//1NfIuPAUSZIkSZIkSVIqg1VJkiRJkiRJSpPBqiRJkiRJkiSlyWBVkiRJkiRJktJksCpJkiRJkiRJaTJYlSRJkiRJkqQ0GaxKkiRJkiRJUpoMViVJkiRJkiQpTQarkiRJkiRJkpQmg1VJkiRJkiRJStM1I12APnvvvvvuSJcgSZIkScPu5ptvHukSLqi1upwZa2vPGw9XNbCudAQK6nGczQVLYIA6jm0tZGGk//xl7Dv5CCVDXbJuG8GngxyJLCB7iGnHthbyVH4tzyzI+kSVS9JoYbB6BbocvlxIkiRJ0lUjtLFv2Fi3jeDibcy9UFA5ksJ7iK2e1vOytbqcGVuP9xk7T+kjxM4LZCXpymUrAEmSJEmSLqXS2YRp5FS8e6CNveFCggWJn811kNhRWs7e5JzW6nKC4WpaU+Yn5vU9t/+c5eHylGumzN16MK2Ss/Py4WRjn2v3rZdEYJxc/9jWQpZv3cbyfnW1VpezMAI1a0Msr26DeHXvnJT3K0mXA4NVSZIkSZIupbqDRMhnUiDx8tjWEGsK9hA72UCsahmRxeXsjU9jbriWU6cTc5obYRYxmgH4PadqlzG3tN+5J/cQrt3A/67rXaqmoJzYycTt/se2hljDRo6cbCB2L6SzufTYoV1QkE82/a7TU+/559RE4NsnG4jVbmRWsq7sBZXsC8OsJ2p5ZgHsfXQDk6oaku89nzW7j3+ij1SSRoKtACRJkiRJGk61G5hRsCFlIMSW2spkG4DjvBCBcFXyFvvSZWwJhTh1Gu7JDxE5dJx1pbdwitl8+/6DvFAHJRwkEp7NOoDVDcR6rnsLk0JwKmWlWfm3JH9r49RJCH8r2ZKgdBlbQrv6zO0jsoRgavIa2siRyLRBrhPihcNtLMrrd43w7MR7DNzN3H51Daj0EWIj2ndWktJjsCpJkiRJ0nBK6bF6bGshCylnUaDvlMjiwj47SGfd30b2zNnM+nUjrfFGXiCfZ/JiPNXURiuNzMpflpgYr2Z5aAM1KeeGv9X7+6S87gdE/Z5TtUDKsSH167Haq/91sphUMPAlekPdwWSxKLKHzQWFBIGLekCWJI0itgKQJEmSJOkSKVm9h3BkSaK/aI8QW2qTt8Mnf55ZkJXY6UmM5tMxyL8FJgah8VVe+TXMnZkFtLH30Q3wRG3yvFq2hAZbObGb9dPrf53EDtZPbhrrut93FSzs6RErSaOfwaokSZIkSZfMNNZVLaNm7S6OJV/PDdf29hZNPswp8UCoLCYVNPLU07sSO08DdzOXg7zAbO4JDHDpul2sqR1s3SzuuT9E5OlkcDnk3KEkdqj2vU4oGfSmq+8DuoCePq6SdDkwWJUkSZIk6VJK9jdduDURppasrmXLySUECwoJhhI7UNcle42W3JtPTfJBVZDFJGrh/ruT4WMWi761jJq1ocS5h2azLwynmtoGXDZ7wQ/ZwgZmFBQSfDrIlvAnK79kdW3vdRbvIlxVeV5rg6Hk5oeoWRtiefUtrKvKZ02oMFH/Ytg3YPsBSRqdxnR1dXWNdBGSJEmSJI02TU1N5OX1fyKTpKuRfw+uPO3t7Z/6Gu5YlSRJkiRJkqQ0GaxKkiRJkiRJUpoMViVJkiRJkiQpTQarkiRJkiRJkpQmg1VJkiRJkiRJSpPBqiRJkiRJkiSlyWBVkiRJkiRJktJksCpJkiRJkiRJaTJYlSRJkiRJkqQ0GaxKkiRJkiRJUpoMViVJkiRJkiQpTdeMdAGSRo+OP39MvPV9PvpTB52dXSNdjiRJktQjI2MMN16fSSB7PJnXXTvS5UiSZLAqKaHjzx/zdlMzE7+YTd4tATIy3NAuSZKk0aOzs5MP/vARbzc1c1teruGqJGnEGaxKAiDe+j4Tv5hN1hduGulSJEmSpPNkZGT0fFeNt75P8NabL8m6TU1Nl2QdSdLlx2BVEgAf/amDvFsCI12GJEmSNKQv/LcbOf1e6yVbLy8v75KtJWn08h9ZNBDv9ZUEQGdnl7f/S5IkadTLyMjweQCSpFHBFEWSJEmSJEmS0mSwKkmSJEmSJElpMliVJEmSJEmSpDQZrEqSJEmSJElSmgxWJUmSJEmSJClNBquSJEmSJEmSlKZrRroA6ZP7NxjzL9C1fsCj0Z+upLKu/2gx5TvKKR722j4rUSpXVkL5Dsovn6IlSZIkSZKueAarujz9dhP81TH4OrBoDPz3FlgcOH9eaTk7Hu5NJFt+VUHFT6N9xiRJkiRJkqR0Gazq8nTXevi3TfBXj8K/dcFdF3dazs0BONpCC8XkJHeDRrsPpoSwfXa7Djke4MBjFbzzteSO0mgliQ2miV2x0Z+uZP/ECirm5ySPJVcLlFHx+DxyaOHAYxUcJYeWeAvF5TsoL06M7Y8DpcWjfnft689+n8iJgY8F5qxi/X3Zl7agkVL/HKt2t/LAd1fx1QkjXYwkSZIkSRpuBqu6PP1+D/wV0NWS2LH6nYsLV6OvRWHijGSgWUn8wQp2zM+B+AEqHtvPgXgx81oqqTxdRsWO7uBzxxDjFRRPz+Houy1QnEPLu3FyAgFa4lAcaKHldA7TH0xevzLaJzit+GkOOx5O7LJtmVjGjse7w9sK9pNcJ1rJyjpGfbjKhHtZ/9276bNn+MyrbPrRdjZxFYWrkiRJkiTpqmGwqsvTLUugK/n73q7B59VVsnJlyutAGRXJAHPe4zuY1zOewwCNBIAc5j1ekfi1ZZDxmwO0/CJKy/wc4qcDlH0N9te1MK80ylGmszIARN+hJVDGyuLkuV8rZn/lEaKUJa42sXv1FlpOQ/HX5pEDUFxGWSDKOxf8QEahCXezYs4JNh1vIH7f3YN8vpIkSZIkSZcng1Vd2fr1WO0j9dZ8AHK4FaC4nIp3K6hYuT8x+mDyVv5Bx2dQXHmEOFGOnL6VsgeB1+Jw8zu0TJxBDtDybhwSV08udSs5KXFp4Oac5G9x3ol/Nm991DjTwnuQDFZbefFH2/nlmZTjUx9i+zcKe172by3Qv53AoMcHuhV/gLHXn/0+EXrXjL+8nU0vtQ6yXqLe5mn38t5Lh4gDdyz9AeGi7ms3JOdl88Acd+VKkiTpfK3V5cxYW3veeLiqgXWlFzg5Xs3yUIxvn3yEkuEpT5L0KRis6ioVpbLn1vzk62RgCpAzv4Id84FkD9TKmxPzBh4vZkbpflqiLcQn5pATgMDpFg4QpfjO8sT1bu63X7Plnb4bYHsEuDXA5blDdQDvxVthwlS+CPSEqoGH2P7dZJB65lU2/eg5Nr2cCDNff/b7ROL3sn5rcodrsp1AJJAIM4c+PpU7eI7mM0B3iHo8EXz2jrUSj0NgWiIETYS02Tzw3R8kgtdB2he8/tKJ3jnQE6r2hKxnXmXTjw4BhquSJEkaQGgjRyILer8t1m0juHgbcw1MJemyljHSBUijQcuv9vc8xKrlVxWs/Gm/naw5g48DBCbC0V8chYkBoJgZE49y9HQxM7o3y+bcSk58P/ujAC0c+EUUSmcM0Ds1h+LpOUR/cSARvEb3Jx5idTmqf47ICQhMK0yGoA38+5lsHpjTuzuVCYX85QSIx1vpDj0JZPe2DZhwN+u3JsPLCx7PJndCb5gKDbx2IpvAhGTAm1LDX07NhjOv8ssTcMfSlB2uE+5mxZxs4i8d4vXU9zL13pQHUrXy4gsNMPWh5Lq950mSJEkXpXQ2YRo51fNdv4294UKCBYmfzXUAx9kc2kANu1hYsI1jyTmbux+my3E2F5SzN04iqA2Xs7ygkGC4mta6bQTD29jcc820QvAvAAAGyklEQVTkPEjsgi0YYFySlDZ3rOoqVUzZgzlUVK5kJZDzYDllgUreaYF581dS9lhFT2/WnAcrqAgAg40DOaXT4fmjTC9NJK2BidBCSnAamEdF+TusTK5HoIyKh4thgH2rOfNXUnY02XIgUEZZ6WXQY/XMITatPnTecM+OTkiGoHcn5yd2ePZ8hwsAZHPHtGx++dJzrFpdSHjrQ9zR52oXefx4K3EgcKaV9yZM5YFpJ4gk+7xy4gTxCVO5YwJQ30KcbP5yQp+LEJg6lcBLh3itHu5I1h4IpIamrTSfgTvmFvY9L5ANtCJJkiRdUN1BIuSzL/n/E8e2hlhTsIdYZFpyN2s5k2orWVe7kVM9rQDaODXUNWthbm0DzwSAum1QuwuqGohF2tgbDrFm93EWrb6FvY9uYFJVA8+UJuYFdx9n0eppw/+eJekKZLCqK1bxwzvYMcTx3tv6k+Z3z87p+2Cr3jMGGScRnO7oPZIzv+L8tYvL2XHeYOKaQ68z4Iqjy4R7Wf/dCz2gql9/1akPsf0b2Ymx5FDgvlVsDyRus4+s/v55177g8alTCbx0gtfPJEJUpj3EHVMh8FKizyvx1t4dtAAkdrSm5Uwr70GyvUHqZ5BDwGBVkiRJA6ndwIyCDSkDIbbUVibbABznhQiEq5LhZukytoRCnDoNTExnkXwm9flCvoy5pQBZ3HN/CBoHOKX0EWIX6vMqSRqUwaqkS6P+EL88k9334VIDBZFFD7F9a/c5z7Fq9yE2PZvd+4CroY5PyOaLyR2lgXgrX5yWnRw7xGv1DXCCxFiPVuJnSOxg7SPRVmBAE7LPD1UBzrTgXVSSJEkaUEqP1WNbC1lIOYv67UqILC4kkvJ61v1t6QWroSC5Q70GIItFkT1sLigkCMAy9tnnVZI+MXusSrok4skHWfUJMc808O9nBj0Fih5i/ZxsiLcOHFqed7yQO6fC68ef47UThdyZ0nv1vRcO8TrdY/TsMG3ut378xAniQ+5k7d/LNeX9SZIkSRdQsnoP4cgSlle3pYyG2FLbQOxk788zC7KGvlC8cejWAIOaxrrudapgYbja+64k6RMyWJV0SQQC2XDmEL+s7x5p5cXdyT6r8VbitPLij77PqmdTA8sGfvlS9+37FzqecMe0QjjRwOsTcpI7SxO9V+NnWmHq1N6+rBPu5oGp8Pru7bzYHa6eeZWdL7USmHNvv/6tqbL56txCOPEckfq+50mSJEkXNo11VcuoWbuLY8nXc8O1rNl9PHE4+XCp3odU9RU5lJjXevggNWmvnfLAq24F+fgYVkn6ZGwFIOnSKHqI9XO2s2n391mVHArMWUU4vp3IiRbe426++t1V8KPtrFqdct7Uh9h+X+Kr3oWOA8mdqA2QErZ2P1jqjml9Hzh1xzd+wPqXt7PpR9/v6fPa54FbQ7yX7UufY1XPe8nmgTmF/NJwVZIkSRcj2Ud14dbZxFZPo2R1LVvCIYIFicOznqhlXSlAPpPYwMIC2HfyERb9cCMvhJYQjMCsJzYS5mCaC09jXVU+wVAha4BEKwAfXCVJn9SYrq6urpEuQtLIi/7H2xT/xW0jXYYkSZJ0QZfqu2tTUxN5eXnDvo6k0c+/B1ee9vb2T30NWwFIkiRJkiRJUpoMViVJkiRJkiQpTQarkiRJkiRJkpQmg1VJkiRJkiRJSpPBqiRJkiRJkiSlyWBVkiRJkiRJktJksCpJkiRJkiRJaTJYlSRJkiRJkqQ0GaxKkiRJkiRJUpoMViVJkiRJkiQpTQarkiRJkiRJkpQmg1VJkiRJkiRJSpPBqiQAMjLG0NnZOdJlSJIkSUPq7OwkI2PMSJchSRLXjHQBkkaHG6/P5IM/fETWF24a6VIkSZKkQX3wh4+48frMS7ZeU1PTJVtLknR5MViVBEAgezxvNzUD8IX/diMZGW5olyRJ0ujR2dnJB3/4iNPvtXJbXu4lWzcvL++SrSVp9PIfWTQQg1VJAGRedy235eUSb32f0++10tnZNdIlSZIkST0yMsZw4/WZ3JaXS+Z11450OZIkGaxK6pV53bUEb715pMuQJEmSJEka9QxWJUmSJEmSJF31vvnNbw567Gc/+9l5YzZRlCRJkiRJknTVGyg8HWrcYFWSJEmSJEmSOD9EHSxUBYNVSZIkSZIkSerRHaYOFaqCwaokSZIkSZIk9XGhUBUMViVJkiRJkiQpbQarkiRJkiRJkpQmg1VJkiRJkiRJSpPBqiRJkiRJkiSlyWBVkiRJkiRJktJksCpJkiRJ0nCIV7O8oJDgAD/Lq9tGurrztFaXE9x6PPGibhvBcDWtI1uSJI1q/x9BsOPVNhTzGAAAAABJRU5ErkJggg=="} | headers=HTTPHeaderDict({'Content-Length': '78996', 'Content-Type': 'application/json; charset=utf-8', 'cache-control': 'no-cache'})
01/28/23 10:51:39 PM: DEBUG: Finished Request
01/28/23 10:51:39 PM: DEBUG: DELETE http://localhost:64722/session/5f7c3af010ebca59f1a8f68a79daedad/window {}
01/28/23 10:51:40 PM: DEBUG: http://localhost:64722 "DELETE /session/5f7c3af010ebca59f1a8f68a79daedad/window HTTP/1.1" 200 12
01/28/23 10:51:40 PM: DEBUG: Remote response: status=200 | data={"value":[]} | headers=HTTPHeaderDict({'Content-Length': '12', 'Content-Type': 'application/json; charset=utf-8', 'cache-control': 'no-cache'})
01/28/23 10:51:40 PM: DEBUG: Finished Request
01/28/23 10:52:25 PM: INFO: ====== WebDriver manager ======
01/28/23 10:52:29 PM: INFO: Get LATEST geckodriver version for None firefox
01/28/23 10:52:29 PM: DEBUG: Starting new HTTPS connection (1): api.github.com:443
01/28/23 10:52:30 PM: DEBUG: https://api.github.com:443 "GET /repos/mozilla/geckodriver/releases/latest HTTP/1.1" 200 2635
01/28/23 10:52:32 PM: INFO: There is no [win64] geckodriver for browser None in cache
01/28/23 10:52:32 PM: INFO: Getting latest mozilla release info for v0.32.0
01/28/23 10:52:32 PM: DEBUG: Starting new HTTPS connection (1): api.github.com:443
01/28/23 10:52:32 PM: DEBUG: https://api.github.com:443 "GET /repos/mozilla/geckodriver/releases/tags/v0.32.0 HTTP/1.1" 200 2636
01/28/23 10:52:32 PM: INFO: About to download new driver from https://github.com/mozilla/geckodriver/releases/download/v0.32.0/geckodriver-v0.32.0-win64.zip
01/28/23 10:52:32 PM: DEBUG: Starting new HTTPS connection (1): github.com:443
01/28/23 10:52:33 PM: DEBUG: https://github.com:443 "GET /mozilla/geckodriver/releases/download/v0.32.0/geckodriver-v0.32.0-win64.zip HTTP/1.1" 302 0
01/28/23 10:52:33 PM: DEBUG: Starting new HTTPS connection (1): objects.githubusercontent.com:443
01/28/23 10:52:34 PM: DEBUG: https://objects.githubusercontent.com:443 "GET /github-production-release-asset-2e65be/25354393/92a198d5-7258-42ff-bc89-3d2ff8166d6b?X-Amz-Algorithm=AWS4-HMAC-SHA256&X-Amz-Credential=AKIAIWNJYAX4CSVEH53A%2F20230128%2Fus-east-1%2Fs3%2Faws4_request&X-Amz-Date=20230128T172300Z&X-Amz-Expires=300&X-Amz-Signature=9d169fedad09cfa21ac49b1fa9a52214711022a6e56c3c609fca505835feea01&X-Amz-SignedHeaders=host&actor_id=0&key_id=0&repo_id=25354393&response-content-disposition=attachment%3B%20filename%3Dgeckodriver-v0.32.0-win64.zip&response-content-type=application%2Foctet-stream HTTP/1.1" 200 1661089
01/28/23 10:52:41 PM: INFO: Driver has been saved in cache [C:\Users\HP\.wdm\drivers\geckodriver\win64\0.32]
01/28/23 10:53:16 PM: INFO: ====== WebDriver manager ======
01/28/23 10:53:17 PM: INFO: Get LATEST geckodriver version for None firefox
01/28/23 10:53:17 PM: DEBUG: Starting new HTTPS connection (1): api.github.com:443
01/28/23 10:53:17 PM: DEBUG: https://api.github.com:443 "GET /repos/mozilla/geckodriver/releases/latest HTTP/1.1" 200 2635
01/28/23 10:53:19 PM: INFO: Driver [C:\Users\HP\.wdm\drivers\geckodriver\win64\0.32\geckodriver.exe] found in cache
01/28/23 11:34:51 PM: INFO: ====== WebDriver manager ======
01/28/23 11:34:57 PM: INFO: Get LATEST chromedriver version for google-chrome 109.0.5414
01/28/23 11:34:57 PM: DEBUG: Starting new HTTPS connection (1): chromedriver.storage.googleapis.com:443
01/28/23 11:34:57 PM: DEBUG: https://chromedriver.storage.googleapis.com:443 "GET /LATEST_RELEASE_109.0.5414 HTTP/1.1" 200 13
01/28/23 11:34:59 PM: INFO: Driver [C:\Users\HP\.wdm\drivers\chromedriver\win32\109.0.5414\chromedriver.exe] found in cache
01/28/23 11:34:59 PM: DEBUG: Started executable: `C:\Users\HP\.wdm\drivers\chromedriver\win32\109.0.5414\chromedriver.exe` in a child process with pid: 14688
01/28/23 11:35:01 PM: DEBUG: POST http://localhost:64842/session {"capabilities": {"firstMatch": [{}], "alwaysMatch": {"browserName": "chrome", "pageLoadStrategy": "normal", "goog:chromeOptions": {"extensions": [], "args": []}}}}
01/28/23 11:35:01 PM: DEBUG: Starting new HTTP connection (1): localhost:64842
01/28/23 11:35:45 PM: DEBUG: http://localhost:64842 "POST /session HTTP/1.1" 200 789
01/28/23 11:35:45 PM: DEBUG: Remote response: status=200 | data={"value":{"capabilities":{"acceptInsecureCerts":false,"browserName":"chrome","browserVersion":"109.0.5414.120","chrome":{"chromedriverVersion":"109.0.5414.74 (e7c5703604daa9cc128ccf5a5d3e993513758913-refs/branch-heads/5414@{#1172})","userDataDir":"C:\\Users\\HP\\AppData\\Local\\Temp\\scoped_dir14688_1276753758"},"goog:chromeOptions":{"debuggerAddress":"localhost:64849"},"networkConnectionEnabled":false,"pageLoadStrategy":"normal","platformName":"windows","proxy":{},"setWindowRect":true,"strictFileInteractability":false,"timeouts":{"implicit":0,"pageLoad":300000,"script":30000},"unhandledPromptBehavior":"dismiss and notify","webauthn:extension:credBlob":true,"webauthn:extension:largeBlob":true,"webauthn:virtualAuthenticators":true},"sessionId":"c323bd132b2e05959626cc5b45b7a046"}} | headers=HTTPHeaderDict({'Content-Length': '789', 'Content-Type': 'application/json; charset=utf-8', 'cache-control': 'no-cache'})
01/28/23 11:35:45 PM: DEBUG: Finished Request
01/28/23 11:35:45 PM: INFO: Getting set up ready for test_account_registration
01/28/23 11:35:45 PM: DEBUG: POST http://localhost:64842/session/c323bd132b2e05959626cc5b45b7a046/url {"url": "https://demo.opencart.com"}
01/28/23 11:35:53 PM: DEBUG: http://localhost:64842 "POST /session/c323bd132b2e05959626cc5b45b7a046/url HTTP/1.1" 200 14
01/28/23 11:35:53 PM: DEBUG: Remote response: status=200 | data={"value":null} | headers=HTTPHeaderDict({'Content-Length': '14', 'Content-Type': 'application/json; charset=utf-8', 'cache-control': 'no-cache'})
01/28/23 11:35:53 PM: DEBUG: Finished Request
01/28/23 11:35:53 PM: DEBUG: POST http://localhost:64842/session/c323bd132b2e05959626cc5b45b7a046/window/maximize {}
01/28/23 11:35:55 PM: DEBUG: http://localhost:64842 "POST /session/c323bd132b2e05959626cc5b45b7a046/window/maximize HTTP/1.1" 200 51
01/28/23 11:35:55 PM: DEBUG: Remote response: status=200 | data={"value":{"height":744,"width":1382,"x":-8,"y":-8}} | headers=HTTPHeaderDict({'Content-Length': '51', 'Content-Type': 'application/json; charset=utf-8', 'cache-control': 'no-cache'})
01/28/23 11:35:55 PM: DEBUG: Finished Request
01/28/23 11:35:55 PM: DEBUG: POST http://localhost:64842/session/c323bd132b2e05959626cc5b45b7a046/elements {"using": "css selector", "value": ".d-md-inline"}
01/28/23 11:35:56 PM: DEBUG: http://localhost:64842 "POST /session/c323bd132b2e05959626cc5b45b7a046/elements HTTP/1.1" 200 485
01/28/23 11:35:56 PM: DEBUG: Remote response: status=200 | data={"value":[{"element-6066-11e4-a52e-4f735466cecf":"c9acb65b-1992-4fc8-a07d-4d9d699482db"},{"element-6066-11e4-a52e-4f735466cecf":"6ffa5a06-245f-4137-8d8f-131952163ca8"},{"element-6066-11e4-a52e-4f735466cecf":"5022c999-197e-4fdb-9eb4-fae123133a35"},{"element-6066-11e4-a52e-4f735466cecf":"719d4cf4-a741-4708-9c3a-1ee51b15036d"},{"element-6066-11e4-a52e-4f735466cecf":"bfd789bd-55b2-4072-a4cc-77b7fdf9c002"},{"element-6066-11e4-a52e-4f735466cecf":"1c62f186-951d-4782-9d7d-91bfc288608f"}]} | headers=HTTPHeaderDict({'Content-Length': '485', 'Content-Type': 'application/json; charset=utf-8', 'cache-control': 'no-cache'})
01/28/23 11:35:56 PM: DEBUG: Finished Request
01/28/23 11:35:56 PM: DEBUG: GET http://localhost:64842/session/c323bd132b2e05959626cc5b45b7a046/element/c9acb65b-1992-4fc8-a07d-4d9d699482db/text {"id": "c9acb65b-1992-4fc8-a07d-4d9d699482db"}
01/28/23 11:35:56 PM: DEBUG: http://localhost:64842 "GET /session/c323bd132b2e05959626cc5b45b7a046/element/c9acb65b-1992-4fc8-a07d-4d9d699482db/text HTTP/1.1" 200 20
01/28/23 11:35:56 PM: DEBUG: Remote response: status=200 | data={"value":"Currency"} | headers=HTTPHeaderDict({'Content-Length': '20', 'Content-Type': 'application/json; charset=utf-8', 'cache-control': 'no-cache'})
01/28/23 11:35:56 PM: DEBUG: Finished Request
01/28/23 11:35:56 PM: DEBUG: GET http://localhost:64842/session/c323bd132b2e05959626cc5b45b7a046/element/c9acb65b-1992-4fc8-a07d-4d9d699482db/text {"id": "c9acb65b-1992-4fc8-a07d-4d9d699482db"}
01/28/23 11:35:56 PM: DEBUG: http://localhost:64842 "GET /session/c323bd132b2e05959626cc5b45b7a046/element/c9acb65b-1992-4fc8-a07d-4d9d699482db/text HTTP/1.1" 200 20
01/28/23 11:35:56 PM: DEBUG: Remote response: status=200 | data={"value":"Currency"} | headers=HTTPHeaderDict({'Content-Length': '20', 'Content-Type': 'application/json; charset=utf-8', 'cache-control': 'no-cache'})
01/28/23 11:35:56 PM: DEBUG: Finished Request
01/28/23 11:35:56 PM: DEBUG: GET http://localhost:64842/session/c323bd132b2e05959626cc5b45b7a046/element/6ffa5a06-245f-4137-8d8f-131952163ca8/text {"id": "6ffa5a06-245f-4137-8d8f-131952163ca8"}
01/28/23 11:35:56 PM: DEBUG: http://localhost:64842 "GET /session/c323bd132b2e05959626cc5b45b7a046/element/6ffa5a06-245f-4137-8d8f-131952163ca8/text HTTP/1.1" 200 21
01/28/23 11:35:56 PM: DEBUG: Remote response: status=200 | data={"value":"123456789"} | headers=HTTPHeaderDict({'Content-Length': '21', 'Content-Type': 'application/json; charset=utf-8', 'cache-control': 'no-cache'})
01/28/23 11:35:56 PM: DEBUG: Finished Request
01/28/23 11:35:56 PM: DEBUG: GET http://localhost:64842/session/c323bd132b2e05959626cc5b45b7a046/element/6ffa5a06-245f-4137-8d8f-131952163ca8/text {"id": "6ffa5a06-245f-4137-8d8f-131952163ca8"}
01/28/23 11:35:56 PM: DEBUG: http://localhost:64842 "GET /session/c323bd132b2e05959626cc5b45b7a046/element/6ffa5a06-245f-4137-8d8f-131952163ca8/text HTTP/1.1" 200 21
01/28/23 11:35:56 PM: DEBUG: Remote response: status=200 | data={"value":"123456789"} | headers=HTTPHeaderDict({'Content-Length': '21', 'Content-Type': 'application/json; charset=utf-8', 'cache-control': 'no-cache'})
01/28/23 11:35:56 PM: DEBUG: Finished Request
01/28/23 11:35:56 PM: DEBUG: GET http://localhost:64842/session/c323bd132b2e05959626cc5b45b7a046/element/5022c999-197e-4fdb-9eb4-fae123133a35/text {"id": "5022c999-197e-4fdb-9eb4-fae123133a35"}
01/28/23 11:35:56 PM: DEBUG: http://localhost:64842 "GET /session/c323bd132b2e05959626cc5b45b7a046/element/5022c999-197e-4fdb-9eb4-fae123133a35/text HTTP/1.1" 200 22
01/28/23 11:35:56 PM: DEBUG: Remote response: status=200 | data={"value":"My Account"} | headers=HTTPHeaderDict({'Content-Length': '22', 'Content-Type': 'application/json; charset=utf-8', 'cache-control': 'no-cache'})
01/28/23 11:35:56 PM: DEBUG: Finished Request
01/28/23 11:35:56 PM: DEBUG: GET http://localhost:64842/session/c323bd132b2e05959626cc5b45b7a046/element/5022c999-197e-4fdb-9eb4-fae123133a35/text {"id": "5022c999-197e-4fdb-9eb4-fae123133a35"}
01/28/23 11:35:57 PM: DEBUG: http://localhost:64842 "GET /session/c323bd132b2e05959626cc5b45b7a046/element/5022c999-197e-4fdb-9eb4-fae123133a35/text HTTP/1.1" 200 22
01/28/23 11:35:57 PM: DEBUG: Remote response: status=200 | data={"value":"My Account"} | headers=HTTPHeaderDict({'Content-Length': '22', 'Content-Type': 'application/json; charset=utf-8', 'cache-control': 'no-cache'})
01/28/23 11:35:57 PM: DEBUG: Finished Request
01/28/23 11:35:57 PM: DEBUG: POST http://localhost:64842/session/c323bd132b2e05959626cc5b45b7a046/element/5022c999-197e-4fdb-9eb4-fae123133a35/click {"id": "5022c999-197e-4fdb-9eb4-fae123133a35"}
01/28/23 11:35:58 PM: DEBUG: http://localhost:64842 "POST /session/c323bd132b2e05959626cc5b45b7a046/element/5022c999-197e-4fdb-9eb4-fae123133a35/click HTTP/1.1" 200 14
01/28/23 11:35:58 PM: DEBUG: Remote response: status=200 | data={"value":null} | headers=HTTPHeaderDict({'Content-Length': '14', 'Content-Type': 'application/json; charset=utf-8', 'cache-control': 'no-cache'})
01/28/23 11:35:58 PM: DEBUG: Finished Request
01/28/23 11:35:58 PM: DEBUG: POST http://localhost:64842/session/c323bd132b2e05959626cc5b45b7a046/element {"using": "link text", "value": "Register"}
01/28/23 11:35:58 PM: DEBUG: http://localhost:64842 "POST /session/c323bd132b2e05959626cc5b45b7a046/element HTTP/1.1" 200 88
01/28/23 11:35:58 PM: DEBUG: Remote response: status=200 | data={"value":{"element-6066-11e4-a52e-4f735466cecf":"91877ec0-05a5-4d79-b5a0-1c195560ced8"}} | headers=HTTPHeaderDict({'Content-Length': '88', 'Content-Type': 'application/json; charset=utf-8', 'cache-control': 'no-cache'})
01/28/23 11:35:58 PM: DEBUG: Finished Request
01/28/23 11:35:58 PM: DEBUG: POST http://localhost:64842/session/c323bd132b2e05959626cc5b45b7a046/element/91877ec0-05a5-4d79-b5a0-1c195560ced8/click {"id": "91877ec0-05a5-4d79-b5a0-1c195560ced8"}
01/28/23 11:36:03 PM: DEBUG: http://localhost:64842 "POST /session/c323bd132b2e05959626cc5b45b7a046/element/91877ec0-05a5-4d79-b5a0-1c195560ced8/click HTTP/1.1" 200 14
01/28/23 11:36:03 PM: DEBUG: Remote response: status=200 | data={"value":null} | headers=HTTPHeaderDict({'Content-Length': '14', 'Content-Type': 'application/json; charset=utf-8', 'cache-control': 'no-cache'})
01/28/23 11:36:03 PM: DEBUG: Finished Request
01/28/23 11:36:03 PM: DEBUG: POST http://localhost:64842/session/c323bd132b2e05959626cc5b45b7a046/element {"using": "css selector", "value": "[name=\"firstname\"]"}
01/28/23 11:36:03 PM: DEBUG: http://localhost:64842 "POST /session/c323bd132b2e05959626cc5b45b7a046/element HTTP/1.1" 200 88
01/28/23 11:36:03 PM: DEBUG: Remote response: status=200 | data={"value":{"element-6066-11e4-a52e-4f735466cecf":"12f3c112-5681-4ca7-8c32-ab5bcc4e4704"}} | headers=HTTPHeaderDict({'Content-Length': '88', 'Content-Type': 'application/json; charset=utf-8', 'cache-control': 'no-cache'})
01/28/23 11:36:03 PM: DEBUG: Finished Request
01/28/23 11:36:03 PM: DEBUG: POST http://localhost:64842/session/c323bd132b2e05959626cc5b45b7a046/element/12f3c112-5681-4ca7-8c32-ab5bcc4e4704/value {"text": "Diana", "value": ["D", "i", "a", "n", "a"], "id": "12f3c112-5681-4ca7-8c32-ab5bcc4e4704"}
01/28/23 11:36:19 PM: DEBUG: http://localhost:64842 "POST /session/c323bd132b2e05959626cc5b45b7a046/element/12f3c112-5681-4ca7-8c32-ab5bcc4e4704/value HTTP/1.1" 200 14
01/28/23 11:36:19 PM: DEBUG: Remote response: status=200 | data={"value":null} | headers=HTTPHeaderDict({'Content-Length': '14', 'Content-Type': 'application/json; charset=utf-8', 'cache-control': 'no-cache'})
01/28/23 11:36:19 PM: DEBUG: Finished Request
01/28/23 11:36:19 PM: DEBUG: POST http://localhost:64842/session/c323bd132b2e05959626cc5b45b7a046/element {"using": "css selector", "value": "[name=\"lastname\"]"}
01/28/23 11:36:19 PM: DEBUG: http://localhost:64842 "POST /session/c323bd132b2e05959626cc5b45b7a046/element HTTP/1.1" 200 88
01/28/23 11:36:19 PM: DEBUG: Remote response: status=200 | data={"value":{"element-6066-11e4-a52e-4f735466cecf":"7e85ccfc-160a-41a8-bbb8-072abd8b23b4"}} | headers=HTTPHeaderDict({'Content-Length': '88', 'Content-Type': 'application/json; charset=utf-8', 'cache-control': 'no-cache'})
01/28/23 11:36:19 PM: DEBUG: Finished Request
01/28/23 11:36:19 PM: DEBUG: POST http://localhost:64842/session/c323bd132b2e05959626cc5b45b7a046/element/7e85ccfc-160a-41a8-bbb8-072abd8b23b4/value {"text": "Deerajkar", "value": ["D", "e", "e", "r", "a", "j", "k", "a", "r"], "id": "7e85ccfc-160a-41a8-bbb8-072abd8b23b4"}
01/28/23 11:36:20 PM: DEBUG: http://localhost:64842 "POST /session/c323bd132b2e05959626cc5b45b7a046/element/7e85ccfc-160a-41a8-bbb8-072abd8b23b4/value HTTP/1.1" 200 14
01/28/23 11:36:20 PM: DEBUG: Remote response: status=200 | data={"value":null} | headers=HTTPHeaderDict({'Content-Length': '14', 'Content-Type': 'application/json; charset=utf-8', 'cache-control': 'no-cache'})
01/28/23 11:36:20 PM: DEBUG: Finished Request
01/28/23 11:36:20 PM: DEBUG: POST http://localhost:64842/session/c323bd132b2e05959626cc5b45b7a046/element {"using": "css selector", "value": "[name=\"email\"]"}
01/28/23 11:36:20 PM: DEBUG: http://localhost:64842 "POST /session/c323bd132b2e05959626cc5b45b7a046/element HTTP/1.1" 200 88
01/28/23 11:36:20 PM: DEBUG: Remote response: status=200 | data={"value":{"element-6066-11e4-a52e-4f735466cecf":"104f5b21-3f63-40a6-ae2b-838d82db20cf"}} | headers=HTTPHeaderDict({'Content-Length': '88', 'Content-Type': 'application/json; charset=utf-8', 'cache-control': 'no-cache'})
01/28/23 11:36:20 PM: DEBUG: Finished Request
01/28/23 11:36:20 PM: DEBUG: POST http://localhost:64842/session/c323bd132b2e05959626cc5b45b7a046/element/104f5b21-3f63-40a6-ae2b-838d82db20cf/value {"text": "dianam5mirajkar@gmail.com", "value": ["d", "i", "a", "n", "a", "m", "5", "m", "i", "r", "a", "j", "k", "a", "r", "@", "g", "m", "a", "i", "l", ".", "c", "o", "m"], "id": "104f5b21-3f63-40a6-ae2b-838d82db20cf"}
01/28/23 11:36:20 PM: DEBUG: http://localhost:64842 "POST /session/c323bd132b2e05959626cc5b45b7a046/element/104f5b21-3f63-40a6-ae2b-838d82db20cf/value HTTP/1.1" 200 14
01/28/23 11:36:20 PM: DEBUG: Remote response: status=200 | data={"value":null} | headers=HTTPHeaderDict({'Content-Length': '14', 'Content-Type': 'application/json; charset=utf-8', 'cache-control': 'no-cache'})
01/28/23 11:36:20 PM: DEBUG: Finished Request
01/28/23 11:36:20 PM: DEBUG: POST http://localhost:64842/session/c323bd132b2e05959626cc5b45b7a046/element {"using": "css selector", "value": "[name=\"password\"]"}
01/28/23 11:36:20 PM: DEBUG: http://localhost:64842 "POST /session/c323bd132b2e05959626cc5b45b7a046/element HTTP/1.1" 200 88
01/28/23 11:36:20 PM: DEBUG: Remote response: status=200 | data={"value":{"element-6066-11e4-a52e-4f735466cecf":"f668dd42-8e93-4890-bb17-6673f7c5d2b5"}} | headers=HTTPHeaderDict({'Content-Length': '88', 'Content-Type': 'application/json; charset=utf-8', 'cache-control': 'no-cache'})
01/28/23 11:36:20 PM: DEBUG: Finished Request
01/28/23 11:36:20 PM: DEBUG: POST http://localhost:64842/session/c323bd132b2e05959626cc5b45b7a046/element/f668dd42-8e93-4890-bb17-6673f7c5d2b5/value {"text": "Dia@8383", "value": ["D", "i", "a", "@", "8", "3", "8", "3"], "id": "f668dd42-8e93-4890-bb17-6673f7c5d2b5"}
01/28/23 11:36:21 PM: DEBUG: http://localhost:64842 "POST /session/c323bd132b2e05959626cc5b45b7a046/element/f668dd42-8e93-4890-bb17-6673f7c5d2b5/value HTTP/1.1" 200 14
01/28/23 11:36:21 PM: DEBUG: Remote response: status=200 | data={"value":null} | headers=HTTPHeaderDict({'Content-Length': '14', 'Content-Type': 'application/json; charset=utf-8', 'cache-control': 'no-cache'})
01/28/23 11:36:21 PM: DEBUG: Finished Request
01/28/23 11:36:26 PM: DEBUG: POST http://localhost:64842/session/c323bd132b2e05959626cc5b45b7a046/element {"using": "css selector", "value": "input[id='input-newsletter-yes']"}
01/28/23 11:36:26 PM: DEBUG: http://localhost:64842 "POST /session/c323bd132b2e05959626cc5b45b7a046/element HTTP/1.1" 200 88
01/28/23 11:36:26 PM: DEBUG: Remote response: status=200 | data={"value":{"element-6066-11e4-a52e-4f735466cecf":"266c77a2-2102-4e53-9f9f-f79cd965f9e2"}} | headers=HTTPHeaderDict({'Content-Length': '88', 'Content-Type': 'application/json; charset=utf-8', 'cache-control': 'no-cache'})
01/28/23 11:36:26 PM: DEBUG: Finished Request
01/28/23 11:36:26 PM: DEBUG: POST http://localhost:64842/session/c323bd132b2e05959626cc5b45b7a046/element/266c77a2-2102-4e53-9f9f-f79cd965f9e2/click {"id": "266c77a2-2102-4e53-9f9f-f79cd965f9e2"}
01/28/23 11:36:27 PM: DEBUG: http://localhost:64842 "POST /session/c323bd132b2e05959626cc5b45b7a046/element/266c77a2-2102-4e53-9f9f-f79cd965f9e2/click HTTP/1.1" 200 14
01/28/23 11:36:27 PM: DEBUG: Remote response: status=200 | data={"value":null} | headers=HTTPHeaderDict({'Content-Length': '14', 'Content-Type': 'application/json; charset=utf-8', 'cache-control': 'no-cache'})
01/28/23 11:36:27 PM: DEBUG: Finished Request
01/28/23 11:36:27 PM: DEBUG: POST http://localhost:64842/session/c323bd132b2e05959626cc5b45b7a046/element {"using": "css selector", "value": "input[name='agree']"}
01/28/23 11:36:27 PM: DEBUG: http://localhost:64842 "POST /session/c323bd132b2e05959626cc5b45b7a046/element HTTP/1.1" 200 88
01/28/23 11:36:27 PM: DEBUG: Remote response: status=200 | data={"value":{"element-6066-11e4-a52e-4f735466cecf":"8b20d53d-cf05-492f-a953-762d73a5474f"}} | headers=HTTPHeaderDict({'Content-Length': '88', 'Content-Type': 'application/json; charset=utf-8', 'cache-control': 'no-cache'})
01/28/23 11:36:27 PM: DEBUG: Finished Request
01/28/23 11:36:27 PM: DEBUG: POST http://localhost:64842/session/c323bd132b2e05959626cc5b45b7a046/element/8b20d53d-cf05-492f-a953-762d73a5474f/click {"id": "8b20d53d-cf05-492f-a953-762d73a5474f"}
01/28/23 11:36:27 PM: DEBUG: http://localhost:64842 "POST /session/c323bd132b2e05959626cc5b45b7a046/element/8b20d53d-cf05-492f-a953-762d73a5474f/click HTTP/1.1" 200 14
01/28/23 11:36:27 PM: DEBUG: Remote response: status=200 | data={"value":null} | headers=HTTPHeaderDict({'Content-Length': '14', 'Content-Type': 'application/json; charset=utf-8', 'cache-control': 'no-cache'})
01/28/23 11:36:27 PM: DEBUG: Finished Request
01/28/23 11:36:27 PM: DEBUG: POST http://localhost:64842/session/c323bd132b2e05959626cc5b45b7a046/element {"using": "css selector", "value": ".btn-primary"}
01/28/23 11:36:27 PM: DEBUG: http://localhost:64842 "POST /session/c323bd132b2e05959626cc5b45b7a046/element HTTP/1.1" 200 88
01/28/23 11:36:27 PM: DEBUG: Remote response: status=200 | data={"value":{"element-6066-11e4-a52e-4f735466cecf":"8ba8c641-776c-439f-96d3-b06f40e79d67"}} | headers=HTTPHeaderDict({'Content-Length': '88', 'Content-Type': 'application/json; charset=utf-8', 'cache-control': 'no-cache'})
01/28/23 11:36:27 PM: DEBUG: Finished Request
01/28/23 11:36:27 PM: DEBUG: POST http://localhost:64842/session/c323bd132b2e05959626cc5b45b7a046/element/8ba8c641-776c-439f-96d3-b06f40e79d67/click {"id": "8ba8c641-776c-439f-96d3-b06f40e79d67"}
01/28/23 11:36:30 PM: DEBUG: http://localhost:64842 "POST /session/c323bd132b2e05959626cc5b45b7a046/element/8ba8c641-776c-439f-96d3-b06f40e79d67/click HTTP/1.1" 200 14
01/28/23 11:36:30 PM: DEBUG: Remote response: status=200 | data={"value":null} | headers=HTTPHeaderDict({'Content-Length': '14', 'Content-Type': 'application/json; charset=utf-8', 'cache-control': 'no-cache'})
01/28/23 11:36:30 PM: DEBUG: Finished Request
01/28/23 11:36:40 PM: DEBUG: POST http://localhost:64842/session/c323bd132b2e05959626cc5b45b7a046/element {"using": "xpath", "value": "//h1[normalize-space()='Your Account Has Been Created!']"}
01/28/23 11:36:41 PM: DEBUG: http://localhost:64842 "POST /session/c323bd132b2e05959626cc5b45b7a046/element HTTP/1.1" 404 992
01/28/23 11:36:41 PM: DEBUG: Remote response: status=404 | data={"value":{"error":"no such element","message":"no such element: Unable to locate element: {\"method\":\"xpath\",\"selector\":\"//h1[normalize-space()='Your Account Has Been Created!']\"}\n  (Session info: chrome=109.0.5414.120)","stacktrace":"Backtrace:\n\t(No symbol) [0x00A46643]\n\t(No symbol) [0x009DBE21]\n\t(No symbol) [0x008DDA9D]\n\t(No symbol) [0x00911342]\n\t(No symbol) [0x0091147B]\n\t(No symbol) [0x00948DC2]\n\t(No symbol) [0x0092FDC4]\n\t(No symbol) [0x00946B09]\n\t(No symbol) [0x0092FB76]\n\t(No symbol) [0x009049C1]\n\t(No symbol) [0x00905E5D]\n\tGetHandleVerifier [0x00CBA142+2497106]\n\tGetHandleVerifier [0x00CE85D3+2686691]\n\tGetHandleVerifier [0x00CEBB9C+2700460]\n\tGetHandleVerifier [0x00AF3B10+635936]\n\t(No symbol) [0x009E4A1F]\n\t(No symbol) [0x009EA418]\n\t(No symbol) [0x009EA505]\n\t(No symbol) [0x009F508B]\n\tBaseThreadInitThunk [0x7682FA29+25]\n\tRtlGetAppContainerNamedObjectPath [0x76F57A9E+286]\n\tRtlGetAppContainerNamedObjectPath [0x76F57A6E+238]\n"}} | headers=HTTPHeaderDict({'Content-Length': '992', 'Content-Type': 'application/json; charset=utf-8', 'cache-control': 'no-cache'})
01/28/23 11:36:41 PM: DEBUG: Finished Request
01/28/23 11:36:41 PM: DEBUG: GET http://localhost:64842/session/c323bd132b2e05959626cc5b45b7a046/screenshot {}
01/28/23 11:36:42 PM: DEBUG: http://localhost:64842 "GET /session/c323bd132b2e05959626cc5b45b7a046/screenshot HTTP/1.1" 200 86144
01/28/23 11:36:42 PM: DEBUG: Remote response: status=200 | data={"value":"iVBORw0KGgoAAAANSUhEUgAABVYAAAJkCAYAAAD6LHo6AAAAAXNSR0IArs4c6QAAIABJREFUeJzs3Xl8VNXd+PHPzCSZ7JMVwmYCUQhhNQhCcUNBwQ0Vg4hWeZ62LrX0qVaNSx+19vFptdpfWx6tTdVWVKBVwYUKKGjFBgVllWWUJSRABDIwmZlkMpnt/v64M5NZ7mRhSwjf9+sVhrude+beO3fO+c455+qOHj2qIIQQQgghhBBCCCGEEGcIg8Fw3GnoT0A+hBBCCCGEEEIIIYQQ4owigVUhhBBCCCGEEEIIIYToJAmsCiGEEEIIIYQQQgghRCdJYFUIIYQQQgghhBBCCCE6SQKrQgghhBBCCCGEEEII0UkSWBVCCCGEEEIIIYQQQohOksCqEEIIIYQQQgghhBBChHnvvffaXUcCq0IIIYQQQgghhBBCCBEQDKq2F1yVwKoQQgghhBBCCCGEEEIQG0xtK7gqgVUhhBBCCCGEEEIIIcQZL14QNd583dGjR5WTmSEhhBBCCCGEEEIIIYToTgwGw3GnkXAC8iGEEEIIIYToas5DVB8x0Lsgj9TErs7Mac7j5NC+aizkMXBAbzmeQrTFeQjzHgs+AFLpVzqQLOkbK4Q4Q0hgtSczL2Xh0fHc/L28rs6JEEIIIYQ4qdyYP13K6n1qaMOQlEXJ5TOZ2LeLs3U6OvwF/3hvCw1+dbJKn0XJlKu5qDC1a/MlWnkc1G7byPZDXjL6lTCytC8ZesDv5tDezXyz8whkD6H03IHkSVD8pLNs+YTVW+yh6QL/HK4dmdSFORInw6HNVVgGTGRYTlfnRIjuRYYC6JEsVC1czDZHcLovF91xNSVtbbFmIYu3hjYgY/gNEpAVQgghhDhdNKznrX+s52jYrLMuvYOpZ3dZjk5P/mo+eu0jqlui5hsHMeX7kxkYpxVesCwdW4ZuLZf3vegOrm6rQB6HmjYMu/5mJuZ3fvsex2lm+VurqXWFzUs+i4uuKuXwyuWYbWHzjX25qPxqSqJi4uYPKtmYFXmuzB9Usnp/VL2pvoqFS2o56/opsHIxtYXt1JFC63fkXJlZWrkaNK8L9bppd38dUV/FwpUw5eaJ5BFZ74u4Xs1LqdxzNndc2fmLNDk5EbfbBy2bWfLXzzmUYCQpoQNhBkM/LiifwtkaMdjo+in9L2rNW6eO84lyAs+JVurdvj5+lC8WvcWWxmxKplzVsR+a6qtYuGQboXeVMYwbAtfhyTqe5g8qWc1Fx3QdizOTDAUgNJk/WMw2RyHTpsKa+lyy1m9g9cIq8kI3sej1K1m9v5BpFT9mJABbWPT0YhbS3W7mQgghhBBCS902c0RQFRIwpsRf37JmIYsbzo0KVLRWgCMq9RHL4v1gHx0kUqfrQsszIgKDavkzcl8xgZSo7cK3iQxShu8r4/gCkNbDHI0OqgK01FJdAwMHam9mTNSDyYS+dheW7+W1lrnrd7E/8JYSjqkBn4VdtXoKi2D/Hgvkd9eyeVtBwhPJjfnTNZFBVQBXLavfro1dvaWO1au2MOiakYQf/v69TKzeFX6uLNgcJkymOqrNUBJ4D5Y9+3GYzqFsgJGv9aBPNLadPWMievS0t1pgZbUyrnldGEnsyP7aDTBaqFq1n3Ou/yH9ceCqr2LlVj1lt1cwhY948dWVVJ0zS912zGym1TzLUnNJp8+hywNJCQmQWETfjM855GjB7e3AhnodSWmAJyrXaxayeGtOWP0Utix6msoPUO9ZnTrOJ0oHz8kxOOH18ZMSeE5ErwP8VswfvYl97HSuHpUVf3XzUipX11E4tYIfj1Jnbfn70yxeSCC4enKOp9EAcILPUZcE8sXpRAKrPY4FmwNAwesF/MMor5iCQfHS3OAgugxCfRWb9psou72cIVYrVgCGUD51O88uX4f5e1e22dJVCCGEEEJ0vYz0ZKApbI6J3F7a64YCmIXBymcg+HJ7BVMKgIPhAZfIZYdWvsjfNH6wN3+gBjbPCgaJ6m00Uci0ilmBQIGCt7kBh0vd/2pHGXMqptCbLSx6Wt3XZVfcTcVVulCaW/7+NMuYyNQBUP1x2DYHP+LFVxdSlXuzmr+Fq6krmkbFTSNh8yKeXrKU3HZ6a8WVHK/fuJGM9rq/ZmeRtbeGXfXjyQtWvm0N2IoKKdxbwzF1EzSvY4uumNsGH2H+h+swn99dy+ZtBQlPpIPUHexIxC7MdweoYSTnhM3KKy3GtMGCDdTruH4XeylmQvFuPrdbgnOxNdgwFQ8j25XNZXdWYPA10+CIqVGdBPkd2197AUbzOrblTODnWQ71s7dnP3ZTMcNMVqxMYkLRBj4PBuyb7Ay5sIw171VhKdFukBOXz4Pbp+a7T2/YGP37SDy5vejriZ1tczig6Hth9VPUvL1ejZmSLvoMdPCcdNbJqI+fgMCz+3A1m83b2LfPgt0HeNyBcwz4W6hb+w/etE3lqovOIrbtqoWqTXWYxsyhfKgVa+AkDrlxGtufXcY680ROqwalXRLIF6cTCaz2OEbU4mgta9eZ0BV7sQfvZBpav1ztOEPfD07sQ8upGAUtVjvOmF9oIn+RNn9QyUb6wv46HBnDuOFcK4s3Ql/qqHNotzII78qhNtfvS9/9ddotDSJaSQSWUcXCJVbODRWa1a4E1nOjfyV3c2jzF2w86NR490nkloxnrIyXJYQQQojTXP7E/+Su/Hd5bem3ang19xxK0gB35HrmDypZbS9j2pjdLLME5/Zn6l13gitQATYNo9i0gd17LJAfuSxzaDGm9WEBKQDzUlYbCikkLHhos2Iz5ZIdFhhRqS0wy66bRKbVipUhlFeMQGluwOFoaG0EUF9F1d5Cpt1fgsPuVAMt2XnqNqY8stiAwwbk23A4TJRNH4LVaoWhF1P2+fyIVoedkjOC0vyv+Lw+an52KcN7Q2wrhTBKCSVFK/hij4XxgZal5t21FA65AmVvTeh9dawMqzLX7MdUPImsYYcp/HBF7PvSKicHytARLYAjuuBGtiYOb/0b3Y3WsmYhi2vOUrc1L6VyNfTtX0ddRGtjqFr4EbUAKytZGt1q1X2ILV9spK5Z45gl5lI6fixndbg4bkCna3+tSLqYSq8rJ48sdmOph+J81AB4dgklpfD5e7uwjMsjDwuWBsganI2L/az6U1i35UBrPJVGK+kdS6ncHFje/1i6Je9nebv7M7N00SZswKZFC/FotKYz1+yncMiNOFxqXcjWYIPsPLJd4MKBTwnMC1wZzpw8suxr2VVP648DneKiID8Xdh3p0Npp/QaSSsxtit65JtiwnQ0UhoKKzpxJ3Fmhw221E6rZtXGc2657DmOYbVtg6LywVvjBeu/wDLZtDdRMQ633w88Jajd2U6AOTFQ6Ufvv278vdfvRbO3fofp4KG9h3eqj3lNrfbwv+Y66Nq+LNvkP8eW7y9lYr9V0P5LVvJw3my/l5ivOjvxNpX4X++0miodmYm9qvWk67UMorxgJbiv20O+A21hauSVwP4o8hvHvYdDWfaw1H+oxI6wHRtvXhda9L5cv2vmciZ5h06ZNnd5m9OjRAMiz+nqcfC4bXwiA3W7DtnEhlQursMRZO/zLNUKTHWvwJh7zC436i3SwO5PRAI79CUysqKDi7qn0T0oARx0J36ugouJupg4Ib5lQQUXFHMocq1m4xhLanv1N9L69goqKCqYVOdi2KphnM0uXbCNnqrqsYmoO25YsxTygjHMCXXWAQDerQkaMiX6HBrwN+6itqdX428cRr4xmL4QQQojTn6vRgc/lIlgVzj2nhIzoaAVQNquCirsmke2P2BpHg9qaVJ2sw2KDrF79Y5bt/3o3NlMuvUPbmlm6uomyC0siWmRajtrAtpEFlZVUVlaGyn1go8GehX9zJX+srKSy8vf8+Z+7iG4AZl6/Dd2YixliV0MoI4YUwt4dbALYd4gGTOQWQLA64/cGQi1NHvyA3R6v9NuOlnQmlN/IyPzWUFxCdinXzL4otrwcw8/QwYXYqneFyrHVNYWUDAs72B0uwwa3N1Fcmo2raSgXjzGxr8YcsVyznAxgXhroSh0oX+duY/EHZtRA7mqaxswJbFNI3eqFVAUCyUYDYGhtlmVU++qqHWuTEoA6mnq1buvYupKq+v5MvXsahUDh1ApmR7+XBC8NB7TK4rXU7jtC54rjZzO4qJNtg/oPImaoYVcpJUU29u4JnKndtRQOLg0EFmvYVQ9gw2orpGS4i8hu4IFr/vaw474qvL5lY1PDCHXZ7WWY9q9mqTk6A+3pyP7KmH17GSZMlN2u1rkiqddPTl5rAxM9YMrJC/0+kJ9rIiIkEDguNXuO8fMDpPbt2+GO2L375McEVQHyJl1HmWkfqwP3j8qFVVhcDhrCg6ptHOfIuuc0CvdH1z234fhesO5Zx+pgfdmYiB4H22p7q9veXoZ+6+JAuuHnRP1/qA5cMYcyUx2rPwhkwLw00LVfXdbbUQckaB6XDtXHsVC1KuyzfnsZpv2bIj63rfXxW/iPNq+LtlV/0rGgamDPZPXNj22xamvARhZ5OdFvyondGh5UBdvGBkbEOYba9zCIuY/dXkZT2H0MCARV1d4Wd1/RX92qvetC897X3udMCAms9kAuHKXl6s02OMuxjcVxgqt6AEVp88f3DikaSonVijU03EAhQ0utWK0NOFwWdtU6KBwfaJlgzWTS+EIctbta81Q0gUtNVqxWK9k5JtAFCnDmauoopGSousw6tJyKitmUubIZVtxauLTsqcFWVMLQpuiMGTn7mjlcU5IWM7/fJbcyc6S0VhVCCCFED+Dczgef1eIFMA7mgvEZaFWNnXa1vNZWt3TzB6uoLZpG+fDwEqKZpZWVLN5so3D8paFWQ5Y1m2gacx2TciIitdisNiiaFqr0tgYn9EANmxomhi1bGVMh3lRbyIRLskJBFOewciqm6tRAyxIrEyru5NI8gHxyTTY2rQlUuOu3UW0DdMfaZ7OFRl0/psz5ORX3/oSf/KyCn//oSorRGFJLg3NYCYX2BmwA5mr2mXLIDS+fdrgMG9i+aAKTclyAk6yhxZhqqjGHLdcsJwPmmjooKlG7FlutDLmxgopZZYFArtqSTN3mYspMDnX81g4pZMKkwLY5OZjQkWh04WjwogCKNzJoAoDxbK6+7RoGZ0TP78ekW2YyvFPF8RbOuWxabFrxGAuZdu25xDZydZKbYwq01rRgawgEIAOBxQYbYP6W2jj1iwRsbPjk89bjftdU+oeWmyi7cKi6zJRHFsc6vm57+3Nib1E/d/6WhpgfJ6i3YScrdlheRdH6b4ATf6gV67Fx9+1FQYfW7MdZRdqfKpfDxKQ7w4KIjm0srqyk8oPwCHW846zWPU3FwwJ1zyFcPMYUWfc0lXFJaeCzcUEZJsf+QDBdVTjh0kDr+ElMKIK6Gu3IuGnMJWod2JpJXjahwFzk5y+TSwMNn7R0rD7en6l3VQS61Vux7rNgQxfZNT1UH7fR0NZ10Rb/t5ijntyXYMyl39nFFJ9diCn8OtanMfjqOdw2oTeRd//Qm0LpwL5NYy5haJxjaBpzces97IIyTPsD97/o+5hpEndWhAU9G9YGgqp3MslkDQzd0IHrQlM7nzMhkKEAeqYmu3pzmXqEP9eXUrxrGRts+zW7dOTnmmD3YSwM7Nw4OtEUP5Gd7RX8oUKIjQY71K54jj9GrHMWNoL3XV/oJhX+BW+x28E0qLVA2mTHGvh/dmkxpsA4O4kNNgqHDMVJdJd/L832RIqvnsM1/I33zU0Eg6qzz03F0dTRX+OEEEIIIboBv5tDe/dAQQm9gwEpTx1V76/mQAuAkcJLLqPI1YJWz+v2mD+oVFv0/GgIdnt4uaqM2RUTMLCFhU8/x1sX3cHVuVWsrD2b639kwuGoi0hnRHkF59Gids83qWM5Lq8xQ4kRNSBSElgWPuxA4DFCe/ZjLxpPicMVKtmZ33yW1YYrqKi4GdjEgqefYctFd3B1SR6XTi9jz/zVVFauhsyzKDQRKPR2rgbsq/uSpR9v5JATMCSRldcHE3a+s1jVsQVTezPswilMbGsYqaZccky1fGsGT80+TMWXkMfBsBVcHSzDWqjatA/s+3gusgDNpjUWSr6X10Y52YKtAUzFua2BabtV/X94SzIXoRa+6DsaiFbwBQvt/g6OGutpxp5YzLW3XcN789/nWweBoOpszk1z0Nip4rgfp76Ya2+bxpsvLaOmrW2NhUyZU84QnT3m6EJgnNX3LVjq69lLMdfmAS4nQwcXsuIbM5ZsO6acXI1thzGzIoE3n16mXnMQ0w091ILapRzb2Lqd3J8mow6t4Jbt6GFAjUwfPhobQM3PNcGR42h/5elPr2yosSVgNLbxtO3cQRTpAZ/WQheOhkDGTZO4s2IKuoMf8eKrq9WHa/VVF2kfZ7XumZWbjQv1RwmPH9DpMYLalT47j6wm9SPgDAwL0foRMJGTG/ghxeUgJ8cER+J8PvwenCQDrrA6bPTnz4XDF/8q6Fh93MWXC/7Y2oU909TaiCoopj5+DKxW7MEoqbEfF82exYR8A36/H4V6Pv7Lq2xwA/pcym66nUt7u3E0umIDq71yMbGHw/UwsL1u820cQ1vNfH6/PnxlE7Z6Yu9jLgcN4de5TYfeZGPDJ19w3tTg56QD14UQx0gCqz2Vy0GDVwF/tvrLj027vKQO3L6bXfXnRwZdw8dVPe5BmnuTawLdhApmjQqf76PFamdbG1v2z8+CTUc4BKRHLXPlDKPY9BrVZjPUFFJ6gzPymQ0hHpzB4Kr+Lbb0upqZgaBqzJeAEEIIIUR35D6E+asv2bi9DocfMB1hevlE8qwbWfbPL6kLxiDGlFNeqsfepBmtaIM61ue2nGlU3Fmq8dBTJ3arE8gm1wR77BYstv3Y7TZefW5D62qhMTatrZV8lzqWoylXbdOXa7JhqXPC2YDLGxXYs7Cr2kbh+PBgo5nq/VB4udo6DYZSWrSCFTXqgKOOrEDgBUDZxMJnbOTmd7JZUf0XvPnBltaggs9Nw6EaGiIOwSG2ffQehumzGB83WJDH8GITr9UshRoTxRdm44oIrHawDFu/i/328Id/qQ6tfJG/7VSfZh+/nNyf3tmw+YhGCbpADXgc2gdFp3KcQI8zFFz94M0t9L56ZiCoegylcY8Te+IQyn9I/OCqsR+TbilneGIjTVp9zQmMs2ozY7OBLbskMO4oOPNyMK21sQsovjCP2AC9E7tVHSvSAIGHvUUG/E6sE7e/6KCpHjDlRl4Ih44ce2tVAPyZ5OcCVhPFE89FO4sJFAwuJcPTqNGy3szSyo1kB8eyDAbNAq1SlXZb/6p1zz31+2FgnFCl9RD7KVIDmfsO0QBkhxbaOHIQguNHdP54tPH509Ch+jjBB1zdpT5g8LuPeHH+7k7mqwMykkMBon4TZnBeuhNrQ/C7xK3eq1OKmXL7DYxMasTujPM9kzecYtNGdu+xcH5Ek2n1e0Ydp7atIIN6DE1nz+Guyb3D5gcegpjSzn2saAJ3ztTx92eWqZ+TEujQdSHEMZKhAHocC1ULK6msDIyvxCEOWQFTMSM0ngzrypnEhCIbW4LjMQXTWLUNR5H6FFZ69SILG9U7Ao3kzWZ1cPoOUwuYNWuWsjPQlP/zN57m6ReWtZuOa3gJhai/+gPqF0xlYPyUYFeq1atju1nF8OC0Q/GVt1EuQVUhhBBCnGZqPlvK6q2BoCqAbRvvvvoyL78dFlQdcSO3XpJDY5PGY7bbYf5gMdtyp1FRPiRsaCdQgxxhY9fVb2WPzUTx8P70n3yn2lU3OF4dwTE21fLo0rDy29oaE8WleQTLhbW7g+PofcYmm4niYcHasY0Ge+S4kFBGaRHUfBMM4G5g+95goNZC1V+f4/XP1TLmzg8+p9ZUzPBO1pvrvvmmNajaFr+d7Vur21gh0CK1po59pmKGxYwxSIfKsMEhAoLdYIN/mUOLMQXGAI1fTnZROrgQar4Nle8tawLPXcgbTrGpdWzR6OOfn2uCGnNgOwvbdh9nkC2cx4mdYq68vfzYg6oRaQ2hfM4UCqPjM8beTCifzblpjTS529hHoNv/t7ttFA4ubb3m84ZTzF5qGrTGiCRwnF9m2bfWsG7oJnr3j131hDjW/QXqcIfDurjnlRZjqlmrfp4jPpettIKtndOiPsCKI2xfuZKVmn/LWbXpqOZwJVDGiCJH63jBAZaPv6CGQoaOaG//6j3Gtqd1rOPPNtowFY8g9K5se0Nd/83rN2OLqiuH7k/1VXxZA4VDhnXi/Ud//ixUrYtf6+1QfdyYiA4bln2BuvS/NnACP5mt0odyTq76X0OCl8aW8MBpPudNu5E5d17P8AQHDlcbP965spk0vhDb5sUR4wtb1qxkm6OQiVe0d/Gqx9C2fiWfB+59O//5Ak8//TpfuggEbsPuY4GhakL7Unw0NAyhfGohdauDx7Xt6+Kk3vtEjyctVnscdfD4xmeWsXolQC2bKWTag5PIjml5ALgclNxYQcEnL/K3ykoCnUswlc2h4tIsrHYnUMrFY9Yyf/1iKjcDhedSZtrXzlgkETshe9KdTDv6DIsrg+1TC5n24FT6NzjY0damTUMpv72ev7xaSbDnS+HUB5k6oAGHK1Bw3bABioej9XtyJA9Ou9wghRBCCHH6Gdi/AHYfiJzpCVRs9WkUT76ZGSPSaHI0H8OPx2qLUFjG088uC81Vn4ZdxuzbG9WyWGB+4dQHmZTTgMPhCit7qWNs4rVib1LLo28+E1l+m5Sjjk+XPelOpr31TKhbc/gy6i3YyKIkomDnZOiNc6j/y99au0IXTePBSXk0OGDq9WW8ND+4rzbKvW1wdWJ4KK+77c7daovUDewuHhZqBRm1RjtlWDPrNtsovDx2iIBg2hvWmxmfXxa/nGwoZ86Rv4SV74Nlbw8D75zGkWcC5Xoij3/epAkUbljO6spKVpPJ6LJC6FDDuGEMLfqIFSsrWRj2BO4YHicnrDjucdKYNJzyW7wsfOMTdSgMfS7jym9jQo6DRld7nwQnuTmwbwOcOzHsOLuyycu2sYHxlLqI7V49YCp3T32LZ5ZUhnremcbczo154Djc+bdRu7L1swUEnn4e1k65rf0xgmLTJjYsquRw9FPRXaWUFH3IDhsEI4qunElcN2Y3rwbSMo25nUk5rrBxI82Ya0xxWup2lIWNO44AkFA0iTlTh0QEHQ599hpLtjXx3cYqaodP4qyY7Z0MvbGCPlH1UzLLmFNxKVlW7aEdwt54WN1zizqraBoPTsoOjLUJFGXRsCR43KPvGSYK2RS615jGzKF8mDN27OA2OIeVM+3bZ1kW/jnaEOe+0ZH6eK/LmFC0ieUfV1L5MQy4fBqFtcs4ehjI1EizVxvXRVvcGXzv0pF8/eYWmhxWgkNGBBaS3LsfuhY77XeICDz3peBjXgy7P3X8HKrHMPIeZqLs9tmUYcfpymZS1H3MNGYOPxoDm2tCKWAfejFln89n9QdmSq4safO6aPPed6zHU5wxdEePHj3+YV9EN5NKZrYRw+ZFvFg/ibsm59HSzs0rOSOLlITWYd0Vb3PrF0/0cp8Xrz4BnUcdnD41MxsjLYEgLJCWSXYSMftMzcymdZgdX2h59PbJGVmkGHytXdCSM8hKSQgNOu9zhw2Kn7yXFX9cS+6tt3NeqowkLYQQQoieKcG1kTfmfxnZSkmfgGnQJK65+lwKdM00dqJHTnJGFik6d6D8FSg7Rq0TKg+2VRYLUdMgtCwyzehtwsuFkWW7DLJSdLhjyq7JZGSlECqu+sLKnhH587Vb7tVSu6qS5R3tWVs4hTuuGBiZu4jjqebV4AuWp6OPDe2UYTXWb92Tehz8gfffxrmJLN+HH5e2zk34MgWv10+CQVHL5dFl/OQMslIM+JrVoGzwnEbXI042vTGdDOvnLHh3D/2uu40Lsx042g2qqtRjhNq9OCzLMfWb6HOalkl2UusnJvKz0npM2j6X2p87FC/NDR4SO7K/sM+F1ucyde8Kfv9NIXdc0RoJCr8uYs6VeRmVm/P5/u3nkXLMp7CGj15aQbUfyDuf22eNjQjP7Vr2f4HPWl8unHM1Q+N07Y+un6rHJbx+2PZxjqh7ht0vqldU8hFXcP+s0YFjH/bZsK/j74uqGXTrnVzeL/oYhV8DRH3GY6+Z1v0reDcs4rl1ucy+aWzcwQHaq49H3jNbIKn1/ca7XuNdF23Rp2Sg7F7GkupirpvYp+Mbar+piPtTxDmMuU/GiQuEjokS9TmN/PwEj1dkGlH3S+JfF23e+47jeIruz2BQz/qmTZs6ve3o0aMBCaz2bGmZZOndp7Rgc8qdkC9/IYQQQohuztjMzlVrqHVDWt4g+g0oZEhRLkmKG5ezGZdXBjk6Hqnuaj7+9x7t4fojpDHogksZmHScj4mRMuwJpU9OJyPZgN/V8aDqGSHNxVevvEPLpbPU8UrbYV5RSU3Jz5le2LkW35FSMRxZy6ebm+h34WSGJDYSPsxtquEoaz/dSMugy7ikEBo7P3LJcVEDq7E/jgChwOrAWTcxTqslaAdZ1ixkccO5gQeMWahatJhtOZfz08uLjuO4nip6klLTSTF4sDmO5RGIQpxeTkRgVYYC6Mma7JED7vcw5g8qWb3fRNltM8l2Hc+XvxBCCCFEN9eSzegrr2cMoPh9+Hxe3A4rTokhnRCujOFMuW4UunbXVPC1NNGJkQNiSBn2xPO7GrHJgYzVlMWk6Wfz0jtVWGZNbOOp84B5KauZxv2ljuNskedE338CVw7UaX5WnPp+TLiyCJ3XRZMzzpPFTnP9r5hI4XPLW4cuMZUx58ZSXPbj/EHmlPDjdtrpmWdGiJNDWqyK05bajD+6S4AQQgghhBDdl5RhxSmVnEFWMrjaG3c4LZNsgzesa3TPFNttPkzMEAPHvJfIYR4iusALIboTabEqzmhOu7XT42cJIYQQQgjRlaQMK04pl4OGjkT0muxYT3pmul6bn7+OHqv294LdKp9yIc4U+q7OgBBCCCGEEEIIIYQQQpxuJLDlf3bRAAAgAElEQVQqhBBCCCGEEEIIIYQQnSSBVSGEEEIIIYQQQgghhOgkCawKIYQQQgghhBBCCCFEJ0lgVQghhBBCCCGEEEIIITpJAqtCCCGEEEIIIYQQQgjRSRJYFUIIIYQQQgghhBBCiE6SwKoQQgghhBBCCCGEEEJ0kgRWhRBCCCGEEEIIIYQQopMksCqEEEIIIYQQQgghhBCdJIFVIYQQQgghhBBCCCGE6CQJrAohhBBCCCGEEEIIIUQnSWBVCCGEEEIIIYQQQgghOkkCq0IIIYQQQgghhBBCCNFJCY2NjV2dByGEEEIIIYQQQgghhDhlTCbTcaeRMGDAgBOQFSGEEEIIIYQQQgghhDg92O32405DhgIQQgghhBBCCCGEEEKITpLAqhBCCCGEEEIIIYQQQnSSBFaFEEIIIYQQQgghhBCikySwKoQQQgghhBBCCCGEEJ0kgVUhhBBCCCGEEEIIIYToJAmsCiGEEEIIIYQQQgghRCdJYFUIIYQQQgghhBBCCCE6SQKrQgghhBBCCCGEEEII0UkSWBVCCCGEEEIIIYQQQohOksCqEEIIIYQQQgghhBBCdJIEVoUQQgghhBBCCCGEEKKTJLAqhBBCCCGEEEIIIYQQnSSBVSGEEEIIIYQQQgghhOgkCawKIYQQQgghhBBCCCFEJ0lgVQghhBBCCCGEEEIIITpJAqtCCCGEEEIIIYQQQgjRSRJYFUIIIYQQQgghhBBCiE6SwKoQQgghhBBCCCGEEEJ0kgRWhRBCCCGEEEIIIYQQopMSujoDQojT3xa7l+EZCeh1XZ0TIc5MFqsdq82O1+vD1eLu6uwIIYSI4mu2kZOT09XZ6BESExPJzMzEZDKdsn1u3bqVX//616xfvx6Px3PK9iuE6HqJiYmMGTOGhx9+mOHDh3d1dkQ3pFMURenqTAghTm+NPoX3Drq4sU8KSdIOXohTatfeA/gVP3nZJnKyMrs6O0IIITQsX76c888/v6uz0SN4vV5cLheKonDWWWed9P1t3bqV6dOnk5eXR3p6Onq9FHaFOJP4/X4aGxuxWCy8++67ElztYex2OwCbNm3q9LajR48GwPDEE088cUJzJYQ44yTpdVRZvfzjOxcTc5JIkqarQpwSR6w2nC4XgwcOICXZ2NXZEUIIEceuXbvo169fV2ejR9Dr9SQlJeF2qz00kpOTT+r+7r33Xpqbm8nIyECn0xFslySv8iqvZ8arTqcjKSkJg8HA9u3bmTFjBqLnaGlpAeDgwYOd3ragoACQMVaFEGG+avBw7Tor16yz8umRznUnvrMwBbcfrl3XwLLDLScph0KIcEdtDvKyT11XSCGEEKK7SE5ODrU0OpnWr19PWloa0D2CPPIqr/LaNa9paWmsX78eIaLJGKtCCAD2NPn42TYHSmD6F9808svB6Vyal9Sh7XXAr0vS+fFWO0/tbKKytplpvYx8v18yKQZpwSrEyeD1+qT7vxBCnCaClXNxYhgMhlMy3qnH44loqSqEODPpdDoZY1loksCqEAKAeXudhBcX/Qq8f6ilw4FVgPQEHX8clslze5r42OLm1X3NvLG/mUGpCRSnGRiZmUBpegIDUw1IrFWI4ycPqhJCCCFOvmBQNTrAKtMyLdNn1rQQWiSwKoTAr8B6mycisArwXYu/02llJep4YnA647Nb+EtNM4fdfr5p8vJNk5cPAkME6IBeRj1ZiToyE/RkJujITNCRnqAnSQ9JOp36qteRqIOEsO+w6PFb9TpICMwz6iDFoCPVoKaXk6hHhnsVQgghRHegKEq3CAz0pOlTJbpLcPR8mZZpmT7zpoUIksCqEAK3ouDV+J5w+o7ty8Ogg6t6Gbmql5F3D7awvL4Fc6OPFn+gUAocavFzqAXAd8z57kg+zk4zMCojkYtyExmVmSgtZYUQQgjR7bQXMJTl0hVfCCFE9ySBVSEEfgW0yqq+zjdYjTG9wMj0AiPNPoVPjrhZftjNAZcPh1ehyafgP4llZK8CZocPs8PH3+tcXN3byKPnpJ28HQohhBBCxKEoStwWUO21iJTl2stPFb//BBSKhRBC9EgSWD2D+BXwKgoHW/zsa/ah10FxagJZiToS9To60pDPp6itDQ06Itb3KtDo9fNNow8FGJRmIDtRT+Ixtg5UAI9fweJWqG1WWzSelWIgL+n48+pRwOrxs7vJi4KOfkY9fZL1HU43KHg861x+Drh86HU6+gTSStDpOtwy0q+AR1HY4/Rz1O0jJ1HPoDQDSVH5ifd+opfrdaAPm+9VoMbp46jHz8jMBIwafeOVwF9M3lBC84+3oWeKQceVvYxc2csYMX93k49vm7zUNKvHsd6tYPf48SnQFKfFbLNPCb1fBbWQ7ScQIG4jD6ssbgmsCiGEEKLLdHXX+Z42LYQQQnQ1CayeId76roVX9jVj9/jxRJVFjHoduUk6fj4olQty4j+o6J2DLbyw14lXgQKjnv8bkUFOop5X9jWz4ICLRm9kEC7ZoOPsVAMvjMiIGRezLR/Wu/l9tROHV8Ed1ZzRqNeRnajjN0PTGZoe//L9n51N/OuIG0WBvsl6XhllIlGvPum+6qiHZp8SEYBL0uvISdTxqyHpjMxs+2PhU+D1Ay4WHnDh8PpjutAn6CDVoGNKfhI/G5hGkl47HYAVh938v2ondq8aSAxK1EG/ZAO/H55BH6OeRXUuXqltxqtAn2Q9L4zIxBQ28OjrB1zM36cuNyXq+L/hmfRL1vPWdy5e2NscClAm6eGhs9O4KhDc/NcRNy/Vujjq8WsGJBs8Cleva0CHOnbq3IGpnJ+V2Obx6aziNAPFaYZj2tavqAMJeP0KHkUdumD54Rbm73dpBmWn9ur4g7iEEEIIIU6k8FaX4QFCmT6+6VNBgrlCCCHi0SnyLdGjObwKP/7azreN7Y9jqddBmSmR/xueQfQD7zbavNy1xR4xb1RmAnlGPavq234qdbJex5MlaVyc23ZQ63CLn4odjWx3eNvNqw6Ykp/Efw9Oiwna/mlvM6/ua44IFPZN1pOVqG837QQd/MdZKfzwrBTN5dVOHw9sb2Rfc8fGBe1l1PPCiAwGpEQGDr0K3L/NwedWT5vbJxt0PHpOGk980xgReD0nzcDrZSYA1lo93LvNEbE8zaDj2gIj/6hzER1fNOhgxfhsPra4+c2upk53xf9taToXtXMuu1qjV+EX5saI49vbqGf+uZlkJbYR6RbiNLNx207OHXZOV2dDCCFEO5YvX86YMWOAyMBg+GtQ1yz30dLkw5BixKDrjvnTXt7Y2MigQYOO9/S0qbi4mD59+gBd30L3VEz7PU4am9z4g8t1iaSlp5Cg6x75k2mZ7srpuro6du/ejeg57HY1zrVp06ZObzt69GhAWqz2aN+1+Lllg41GracSafAp8GWDh5nrbbx6biapYX3Zlx5uiWnRuMnefgAUoNmv8OD2Rn43LIOJOdqtHfc6ffx0q4ODHXwKvQKsqHfT6FP4bWlGxFPjP6xvITqVAy4/B1ztp+1R4JXaZoakG7gwqvWuudHLf21txOrp+BhLh1r8/Lmmmf8pSY/I+9ytDtY3tB1UBbXL+y/MjTHzdzWpY5RmJOiYv98V02q20aew4IBLM02vonaxX3G4JSbo2hGfWz3dPrCanqDj4rwk1gQCqxkJOp4fIUFVIYQQQnQdv98f0/Iy+vVUL2/at55Vn1Sxy9Jark9I78PwC67kwqGZJHZx/jqy/FSIt8+eOD3lNx/yxCW5YXMtfPzL6fz3h90jf2fytN/dhFufitHQPfJzpk8LESRRhh7K4VX40WY7jkD3/M787W1WW2WGxw+tbn+n0wn/8wMP7Whkf3NsULLZp3DfNgfftXR+H/8+6uH3e5wR6XmUY8+nEtj+xb3NEWk2ehUeNTeGusx35m9/VED3t7ua+KrBc1x59AFH3Gq6Rzt5bkAdEiBBrzumfSdEN2fuhnwKLD2k/hiQlajjtXNNDEiR250QQgghuo4uqgzVtdNe6te+wctvfhoRVAXwNn7HpuUvU/nuNmz+eNt3v+mTra2Ab096jX2wQh5DytKx2Wyd+HPQHKhMau7H1xKxfouv7XwpHie2Jnfo2QrgwxUxfbJffbhsTXj8HVnfj8dpw+U9gfsPHK8b/m81/6iwYXN68Mes56Ul/By4vB1K3+9uCjsXTtw+7fcTWueUHvfu9yqEFmmx2kMtOODiUAdaaMazzurhs6NuLs0La5l4nPcSl0/h+b1Ofj00PWL+wzsa2acRcAW1+3b/FAMev8Iep0+z9e2bdS6u6mVkaEbwp7v4eU0x6Dg7zYBRr+NQ4CFeWvY61bFTgy1hn93tpNZ5bMezj7E1oGf3Krx70H3cxzKcEvqnfQYdXN7LSHainhsKjKxv8MaMY9ve9hfnde/WqqBeE1tsXs5KMfBaWWTrayGEEEKIrhBeMe/qllaNG9/i9TWH1Ync4Vx++UWMHpSN6+AmvvxoNZ/XOmjZ8yFvfJzJ3ZcN6PL8dnXLMb+/tR6gKErMuexJ0yseupoVgf/f+IcP+fm4DPpds4Kt12gdmfiO/Otxrnnko9j9eV3YHn6Lbde3DuGwZ8koZv4mlSSDdv5m/+kz5g4xM+/yn7JAUfC6HuDNz87in1f8FwtOwfHxuh7gza2XY/3jFfxkYXvrz+aF1XPJWVnGzb9NRn+8+/e5aXroH2wNHa+tbJ28lt9eeA+LU5NAUdSgqr2Ct7fNYGBww+q3GT3zWVISYu89oWChx8kNz3/GA+MyAksdrH36Yua+Y0StWSu4nTfw/GcPcH5olbX89uK5LA40m+3q6/VUTwuhRZpw9UCHW/z8paZZs7Vhol7HJXlJPF2azq9K0hlpSkCvi11PAX6zqynUxVxrefBPp4NBaQZ+MTiNZ0vTuabASLJBuzXkR/Vuvm1qDWY6fAqfW2NbbwJc38fIe+OyeHFkBi+PzuSdsVkMSNHHtt5U4Le7m0JpxsunQQeLxph4ZXQmfxqZwdtjTUwvMGqu2+JX+LZR/ZWvxQ8rLe64aZ5rSuDxIWn8NvDesxP1JOjV5RkJOu4uah2v9cHtjbT4tVsRFyTreaA4leeGZTC7fzJpCW23KA3X3noZCTouzU9iydgsnhyShg64JC+J187N5NoCI0PSEzS31eugJN1AmSmR6wqMvDU2i/NM3fv3mK8aPDy328nwzATeGmuSoKoQYQ6unMfcBx8L/T21sv7U7HjrIuY++ykHT83ehBBCtMVfzdrP69T/972c++67mQuG5JLo95PZbxxX3XUft45Qy6+uLSv57BR9VZwOujqAfKqn39pTx7GyN27VSN+P59G32HZ9Pl/9YQITJkxgwtK9DLr+3zw/0xc3Pwt+MoUJU+ayIDD9i8UzGHQC3l+Hpn0tVLw9g/z1f+MnCzuy/QLmvvIV+de/xUNufwfWb3vaN/N5/n39IPYuncAfv3JQ/f4E3j9yPg989gI3BVuXeh7mrW0zyFs/Tz2mE95n78AZfPb8THxx0/cx8/nPeGDcEd6foJ6Leevh/Iq3eDjwtGvFO1MNqh55P5DuPL7ifB54++GI1rvH8/5O52khgrp3hEQck8+OejQbMOqAylEZDM9oPe1TeyXx9zoXz+xyxqx/xK2wweZhXFZiW41AublfMj8blBrqNXJxXhL/MSCZGV/ZNMfwfPegiweK0wB4aHtjzPigABNyEnnknLSIeaZEHa+Vmbi4yhqTl28afWqQF+3AI8BjQ9Lpm9z6W4IOuLc4lSUHWzTfV71bTeWVfc00xxmM9OXRJkozDKH3fkleEn4FvIr6lHqjXhdq9droVY+nVkpjsxJ5YUQGwedwXZSbyH8MSOaadTac7QyE2ta56WPU86dRmfQ16tGKLw5KM/Dfg9Nw+hQurLLGLM9M1PNa4CFZp4Nqp4+5WxuZ2iuJXw5Jj+3JJMQZ7ODKeTz1YT4/fGYuowDYzksPzuMp5vLo5Pwuzp0QQvR83aZSXrOLzS6Avlz1/QtIOVrP0WD0pbmZRruR4vKbGLvrb3zZ3EDNviNckJfThRnuesFWa1oP1erRr2vqODBrCP06fcSOUPfVfhQlOt3ZvHDpINj7HvcsCIw5/KubeG/4Wq69/mG8bz6NXiMfeF3YPQYyUxPxOO2BIet8tNictKQnk6TXofjduBpduIPbJaViSk4IpeN12XDq0klVGnG6g+knk5qRhM7toNEVZ7tH32TGwGrem/U6SjBfihenw4lXF5lOQnB64U/4ZPoXTH5+Jk/99O+t84/h9dEbzifD8SWv/MqP7nlA8fPUu19xyX8N5YLZCgsXKMz+02QGUc1797yBX1HQ6Z7ipqXDWXv1dB72LOLpBI30/Y8wfVwGjvV/5anA9f3GPX9lwkc/ZfKfbuLXP1mE7hfTOT/DwVevPIXfr6DTvcE9L09g5c8m88LMX/PTN/Xd4zo9ha9CaJEWqz3QF0c9KAoxf/85ICUiqBo0s28yk3KTNLfZbAuMuaSxTFFgaHpCRFA1aECKgScGp2tu87VNLbm5/ApfWmPzagCeLU1HS5pBx8Nnp8Vs0+xTqDqqPqhIa58G4CKNB2elGXSMzUrU3CZY9F112K25/KcDUxgWFlQN0usgSa8jzaCLeKiW3avg9cemk5+k5/mwoGpQVqKeP4/M0M5bWLk83nIDOhaMMTEgWTuoGq29/XR337X4mbPRzh2FKTw+JD3meApxpjt0sB5GjgwEVQFKufryfA5u2h5qSbr59XitWbfzUlhL17mvb1dnb13E3Gfn8dSDj7W2SD38qTodPi8m/UVsPrlvVwghRBxHGw6p/8kdwkD9UZpiRsZqwWY7i6JAz+N6S1P0CmecYFD8jHtd+zV1jg4dokjOA3y7TCM9fyF5GVD99VMR85/aUg2DRvGoXzsfs1/8Nzuq/sxs5RYqq3YwYxCQMZ4Htv+bytmg+N003/AC/96+nR07drB9+3Z2LHkYm7N1PND/XrKD7W8/xCPvBJbv2MH27W/xsN3Ow0vCtlv8ME53cHxYL4+OKIa9X/NUMD+KB+cNz1O1Iyqd5shxT5/aWk3G+dN5tJ3xY9t7VWN5Pny+1rqZsuAeJp8/mXsWqE1sCvMy1DyGb/+rLVQziFGPKdrpz+pLPg7Mn70RNv8NqswOMkomMhu4uU8+OMysWRC23cIqzI4Mhl40u+uvzy56FSKaBFZ7oG8avZrduq/opT02pi6wTGubYLd9rWUKMCkvMW6rwHHZ2t3La11qms0+tRt/9HI/8INNDm7dYNf8W1Dn0kx3k6114P3oZQl6HfEeCD8xO1EzvSCbxgPAEnRwY9/kOO9c22ab9gOrykwJcQOfxWmGYx4K4OfFKWQmdDy62N4+urPDbj83fWXjoXPSmDMgmU68bSHOGKNGl8KWyC75BZPnMu/+iylAbdH60sHLePSZJ5l3/2Xw4Txe2gpQz4pnF3Ho8rnMCywr2LKKFYGh+TgM593/ZCCd7bz07BZ1+pkn+WHBKl4OBmgPr2Lf6CeZ98xcru61nZeCwVkhhDhDKIrSLf6SQ78++3E746znbWzteabTd3me4/2daefu1P+9Tt2hYzhgddX8SSu9m9VgXv2uqPkA5NP35rbOswLK6/z4snG8Uw041vGHcZfx4wUK3pkvUPXQeFj/B8aNG8e4cX/gq7wZ7Kh6gVnesH0MmsGUI4F1fv8lDoqZsWNH5LxBM6j6882Bz8GjjBwE1V//T2t+Zr1I1UPjsbw/LrCvcby3t5gZVZXcEp7vJ7dQTTGj/tt/XOeg+ogDMsYz/RE7LX7we1vwRqxzC33zwFFfrXnc8vvcop322flkYOHAAo1jnZFPkaJQlJcBlgO8HrGtWk/MyCvqBtfnqf8TQosEVnugQ+7Ym7dBB0WphrjbDEozaN446lsC48Io2gWKkZnxR5PIS9KTZojdzuZR8Crg8Sv4iV3u9StstXvi/u1u9GrnNfjLokaaOhT0cULAvY3ahUUCN84Wf+yyRL3aKrUzqpu1v1TPy4ptSRtk1OsYlBonf4ROjeayy/I795Cp0/XLo77Fz39utPOH4RlM65Uk3f+FiGf4LDWoySqNFqX1bN5UT8HoUgoAel3M1SMDrVzJ54r7n2wdLqBXPr0jEs6noFfgv1u3sLnXSEYFpkfdGrYdpYwdrq4/arQMPSCEEF0lr08f9T9HtvNN7EhQKn811XvU//bqLfds6PpWcl31+lWdpUPHJ9yRuq/iphfU0fnxlrdOe/nFDePV7vJ3B1tfvsHdL32JI2M81z0WPs5pNR/f9bq63RtrMDuA8O0WrGGHAzLyBqp1ocdGUYwDy+6w/JyTTwYODm2z0+xR60v/M3McYy+9mzci8r0XiwPy+s5u83219/r6XZfy3l4ovmEHD56fQfENb/OIw4E9rDVu4EhEbU+c+YHXYDOamPkQlUCHzseZ8iqEFhljtQdya4zJmaKnze7gKXGChMEnxse7jaS308c8M0FHY9QgqoqiBk+DQdUTpY9RH0o/mjpLAY2wm9JO20xfnDx2NoDXEmes1Ix2mldmJeqBmD5aIdrHUOl04Fcz7W7ebrXRq/CbXU28MjqTXkb5nUiI9qlB0isCU5tff4ynXs9n3q1qpfngh/OY+2H4+mpgla2LmDt/e0Q6A4L/7dUnFGg9eLAe6KO967D1hBDiTNRdKuaNA0cxNmUzXzbX8+mKNfS9cQL5Ee0vWti9YhkbA+Ownjc6C8XT2DWZ7Sb8/mDX8O4R3DmVr8u+reMXF+Vh7NCRAnCwZ9MyFEUrvcAqil9zebz5wdCo3++PqJ2o048xahDY137MCzZb68IXP2bbD8YyrO8t+P1vBLJWzx5FCXTZf40Dlv9iLAd4LXR+W4OwiqJwS998oJ4Dr/tbg5i/3EL1NdMZ/5CZqklPM/a2VwAwpmaQZAjPdyD9vCJ8fr/6LJBjPA9P3ngeTwK/ePMrrhuotrKdYf+C3150D39PaA2sxlyn8eYrSmChAqHjoc4PbRl2v4rcPt78M+dViGgSWO2BUjWCmXavQrNPISVOINTq8WuG0IJPVI+8hbY62OJnaIZ2PnwKHGqJDc0ZdJBs0KH3th207SgdUJCs5/YBrV3zo9P0t7GfBo92+DA4z6CVnoL6BdSJAawzE3Xax9Dl15jbqsbpa/cYRS8/lpBqW8egu/r0iIf/HZqOUQZUFaJdK56dB7fN5YperfNGjS6F5fUcRA2sjrrtSX44PHrL7bw0f3vYsu289OAqzX0UFEirJiGE6PachVx+43C2vraV5kNfsvBv+xlZNpYhA9Pw7d/L5o1fstuqDrGVUjaJkbpGYh9zK84Y/6zD8sORHX+AlbuOb+a3tYJyUioZmedX8M03FTHzHSf8gUO/ovy8av70yc8YG7bP3W8P44b/TSExend5/fg+8HrUbJ/bgTP8GcrGVDKS4vcwBai2ONizZRIzd/+JT+4bz52Vt/D3Hwfq63GDfnHef2C2ot32KIwSp3mSECJIAqs9UF+jgW883pj5W+xezs/W7na+xeZF614cagUKmsurjniYlKfd5by22YfHH7tRbpKaZrBFZXS6KQYdi8d2/En0GYn6iLFEFSU2TX8b39+HWvya7y3IqNfFfFE1+xSafZDUiUaSJekGzf18bHHz/QHa47U6vAqHW9oOvGq932Mpq2jlrTv/KOf1K1zZW7r+C9FRo0bDU/M/ZVRgTFWoZ8Xy7VAwkgLyYXQ+S5d/ysHhgbFSH1THVX10cmQ6B1euYjO0tlgN16sPBYe3sPnwxRT0UlvEvsQs5o0+2e9OCCG6v27T2snTgHvgLO669q+8+N5umpu+Y8tn77Hls6j19NC84Q1+s6eUa2ZeRlHHmyz2OIoSGF6sGzyV/JS/1mzigHUq/bJb2Pj8CG76Q1tHSk9SSipGrafQKwq6N+qov28cucVe/H59aL7aYrKeujeUwFPtI7cLOxH4lbBGMYpCsLppX/cck+5eELadF09jM0pKupqf4CZ+P0og3WAzn9bzG0o41BpT3UbBT3i+XuPOi+cHpm/lz5/ey9gZn1NZPYm7FwTXCzRcstTxmsb18/h733BdUdih2/sOY2b8Kmo98DQ34jKkkh58YIjiR3njM7b/cCzn5w/C73+SOsvPGJdXhFdR0Ae396r7r/9uPoqicT52WnBQQt9ZPpRF+tD+/H4FHEeo9vvB4oAhfZntV3gj+P79at3ZYakOO27d4Do9Ra9CaJHAag80MjMBc2NsYPWN/S7NwKqiwBsHXJrBuBGm1ktEa/mH9W4eHpymOczAP+KkWZym/hKXalB/+Ypep9mnUNfiZ2wbY48GHXH7if5dT6t1rVbwMcgap8VqUL5Rz8Go4KZPgZ9+7eDVssx28xg0OC0hlL9wW+1e3H7trvsfHm7pUGvVmPfb4Vwd3zZdKUFaqQrRKQWT5/Io83gqvLXpyFnMu7U0tPyHBx9rXT5yFvMm5wP5XH15Pk/Nf4y5QMHls7i61yL2HY7ZBfS6mEdv+465zz7GUoBel/Ho/aWwdcvJfXNCCCE6xWW1kF72nzwy5Gs+ePNDvqw9itcPkEBK/xIunTadvl//jr980QwN23n/Tbim/MwNrnZ11+Ouff0H3xx6iHHZRs6951u+vaftY3Vg2Z1c8+iXcdKr5ogDxo58FLfv12rXeZ+bR0cWw953eDJuPoiYDlKn1TQH5Z1Fs8dPciCo63P/gne+LUf/XhkzntDaLnY6ev5r39VzL3n0na3AgsBynxtHs5/ktGTURzW/xh0Tz+KtLTPIHxyezq30zQXHN9Wax/XJG8p4Ms4xbF3v+7y09l7G1b/J8Ot/HToOfk8heZlq2qC2ZGXsKB5t8fLrJAOK4sX92CiKqeadJ4JtTqPe5xt1WH4+jqEXzsazYCEJOvB7bmbi0Ewc5n/zGsB3Fu4dO5SJN3l4/e8JoPjxzprI0EwH5tWvxZyXM+VViGgSWO2BLshN5O91rpj5n8Tk5hIAACAASURBVFjc/HZXEw+cnRaa51PgZ1sd7HVqj+F5nkkNbmoF7wCOevx8f4ONv52bGREYnL/fFTdY+70cNc0kvY5pvY28d7AlYrkC/NfXDv5WlhkKRobzKVBZ08zSgy3sc/kw6GBm32QePictbl7bGgrgiFt7GISgOQNSuG+bI2b+epuHP+5x8pOBqQTfugJsd3h5u66FmmYfM/oYubK3WgI1Jeox6MATtbNmv8K162wsGmMiK6zvyCqLm//Z2dSlgdUT/dWhoD4MLLmTQVEFNeCe2s6YvkKIthVMnsu8yfGXj7r1SeZ1ZLvJwarALOZFDx0wfBbzntGYF7ZeweS5mvsRQoierHtVyr04LN/hSh/MlT8ayXRDazcsxe+hxenA0+9eZjX9PxZ93QzW7bz/D7im/FIKz8Dgavc6d6eY4qPmiB3oWIMSpcWC16/Eeb7HfO74+Do2Ti/n3cceYepDwG+WUz7Iwbrnfhm3IUwgZVDCuqUrPtwOBy0p87mjciKrf17O2srdlH3/ZQD+d0U5xY51/O5xJay+1JoGYfPCz2/EvMe3sOfa68gr9qIogeY8T77Pt9Pz+Px/y7jtr+qsH7x2uRrEfDyswY6viLxMqK+b3877ast8/m3+IePGqsfrTb+C4nNwU2Vgf3fMRwHm37GK6zZeR/l7v+CRKx4B/pflM4pxfPk7fhmKfnpxNXlJSEtG7ez5S5Z8eRn3jb+LP5dXcttf4Qev3cX4zNZ0eXwJ6ybdx/gf/5mbXrqNl/kB8388nsy973DH62fwZ0KIKBJY7YEmZCdSYNTHjN2pAK/Wulh52E1pRgJeBTbZvFg92l3NL8pNZFCgdWncyCrqMAIXfGblvKwEkg06djb6qI4TqM1I0DG9oLXb+yPnpLHikJuWqCED7B6FGWttjM9JZHhGAnlGPU1ehe0OL59bPTSFjSHrB9460MJ9xamtY21G5TWiy0gUu8ev+d6Cs6b0SqLvLj11GmOhVu5tZsVhN+ekGWjxK+xu8kWst+6oB48C0wuMJOlh7qBUfrcrdpSq/U4fk6qOMsaUSGaijn3NfswOb9uBTSXO/4/VSY6s/rW2mZdrmmnwKPRL0fPYkHQm5rTfKvkvNc38rbYZm0ehf4qex4ekM6ED2wkhhBBCiLZ5Go9yKN5zqRJSGVx+L7MIBFcbtvN19XgKS1JPaR67g2DgLaZrepQeufyq57hrYjCoauGjRyfzwD+jNrzqt6x8agp5QP/r/sxzX2qsE0z/8esZzRI2zdjJzhnq/Op3R3PHa23kTxf6B0VReOLtdVx2/wQe2rmTm94dzfWP38GFSiWf3f8QO3c+pG7jWMfvLryD+eFJoIsIrAbntZ7f6HlPsLn6Oq4f+The5VckhOf/kZ3sfCSYQQfrnr2eX4al5fvlaIrZw5KwYOuxHP/5P7qQ+b9Uj5f6znbyENUsGX09vwyt9QTXj1ZYsqmcnTvLAwd1CaN/FDbY7a0vs+7+oex49kLueL01bf7yGfeF3ov6Plob+M7njguh8rP7eGhnYP+Odfzuuic0q4nd8vo9wcuF0KJTzuif33quf1nc3LMltpVlR+mAd8/PCnXbv2eLg39Z3Medr/uKU/lBYUrEvEd2NPLudy1xtui4VROzKTDquWyNNSaonKTXUXVhtmaLxx9tsrPm6P9n787joyzv/f+/ZiYrWSABQggQIAkqkVVcCkalWBdqi7WKuz1HwarleDzH01bEb+0O2iM9D2t7jgKKtioWbfsT61KriIKAIBgWI2AImwxJyMZkmcnMZO7fH7NkkswkGZhkQng/Hw+8/Mw1c9/Xfd3Xfc/kM9fct6vD409NSmOW7/qxfz7q4Bd7G0+qXecPim9zyYBLN9RS7ez8uqnd8feLBjE2xcJ3ttTxZUPbRLbZBB9fktnm2rOdaWoxuODDmg6PD04w8VFR5im39YMqJ/fvrG/zBmwC3vPts3D+Uenkwd1tx7HFBP+YnsHwpAgucCvST332+ZdMPXdcrJshIiJdeOeddzj33HM7/OHe5+P4FDIz4tj3xgrWciX3XJNDTVXjyS8vyrHL5SIvL4+elJ+fT2pqao+uo0/7/h/ZsmAy3onKzez4w4V8b9lJPOd09fO/seM7Hl4797v8spt/W2G4+cnfPueqmqUUze/0Tl4R+d6KDVx3tIjrfhq1RUqEGhoa2L9/f6ybIVFks9kAKC4ujvi1U6Z4byShzEQ/ddmQBGYPSwxMNI3030PjUgJJVU5yGe3/jU+LC3mTpl+PT+Xs1LhTWvbgBHObBF37erOJMD9HgbPCrDv44LhpRBJXZyWcVNva+8X4VOLMp96fZpP/+1RTt9bbldDLiM63cq9ZmwOXY/D/8wB76kPPbPZ797izQ5vchvdyCyIiIiKnq/Yzn/ps7G6iusbFWdf+B/9x7Vjs1U19q33S85Yt561S7ySY5tK3WB4qYdqd55yufnodfztQwFXP3oa7W39kGbhvWcFV+WW8F8WkKsAf5yupKtIX6VIA/ZQJeLwwlcNNLXxu6+In5UHMJvhOdhK3t0+Anmy2zic9zsQzk9NC3qDJBLw4LZ25W06EvYRAZxLNJn5yVut1Y1PMpg5tTbeYQq4b4PrhiTx/yN5hNuXZqW0Pj8fPTeN48wk+ret+Us9sgm9nt70Q1czB8czPHcAzB5vwdKNPUywmGlvaPjHeDKOSvanfc1It7G2XaIwzmejuF6oAyRYTmfFmatrNpB2aEJ3vXuIg5PixmDrvgPCvi0KjRERERHpR8A1Q2lzTsa/HrkaqjnlnqfpnjPal9vWG4DvEn3k+5NHrzufRU37O6evROX9l8q4f8NztLzL/T109+1947t+mc/z/m8ijZ/KwETmDaMZqP2YxwZ8vGMh9Y5O7NQMyzgz/MzGNXxWmhJynGOo1+SmWLpc7NNHM2qIMBneSpBtgMfH61wZx7fDIZtlOSo/jnxcP4oqshMCyflWY2qa9AE9OSgs793JsioUhieY2y52QHtfhp+ZxJnj+vIHcM6Z7/WkAiwtTuT6n4xX+789L5rFzU7t8/bAkM+svzSDZ0nZW6vTM+MANs35ydgopcW3riwbHR3SjJxPwf5PT2vSbAdwWYobxyfjX0aH77Ny0zr/bmZPdcTwATB6oa6yKiIjI6SvWMzz7WyzSs37KtRNndCOpCvAC82dM5Nqf9HSbRKSv0DVWzxAVzR5eP9bMy185KG9u+9VZQYqFu3KTmTU0oc1d6YPdt6OeD0JcY3Xl1HTS40ws3d/EphpXm8mF0wbF85/5yUwdGN/tGYYG8JW9hb8ea2b10eYO1yKNM8GMzASuzU7gvEHxDEs0E2oiakm9mz8eceAy4LaRSZw3sPMEns1l8McjDj6vd3PJ4HiuG55IcphGG0C5w8Pfjjl48UgzNe1u/lWYZuHu0clMzwzfn35VTg+rjzbz7GF7mxtyZSWa+fe8AXxrWAJJFhPlzR5WHnJw2O7mqmGJfDMroc0M3GMOD88fsXOkqYVrshOZnZUYsl86YwBfNrSw/JAdjwG3jkxi2qDoTWpfV+VkYUkjdS4Po5LNPDs1ndxkS5eve/+4k4UlDdS7DcYMsPD05DTGDOj6dSJnAl1jVUTk9PDOO+9QWFgIeGdcBicGFZ987Ha7e+Uaq8nJyV0/UUT6Pbvdrmus9jPRuMaqEqtnGAM44TJoajEwAalxJtK68Zvxe3fU88HxjonVZVPSuMx3g6emFgOb28BjwMB4EylR+L32CZdBg+9n8ElmyIgPnUiNFQOo8/WnGe92RzJTNLAcA6pcHhwtBgMspj63ndHiNqDRbTCwi4RzqNc1uI0uE9UiZxolVkVETg/BiVWJnt5MrPoTuqFuptW+VL3qVd8/65VY7X+ikVjVNVbPMCZgULwp8gRVmPR7U9C1PwdYTi6p2JmB8aaIk3C9yQRkxJvIOMU2mkzRu55pXxZn4qT2Z5wJJVVFRETktObxeML+Ia/y5Mre3HdAh3X64/al6lWv+v5fL+LX/zM5EhVGmH/NuiC3iIiIiEiXTKa+dV3S/hb3tHBJFpUqVZ45pUgomrEqpySSO8+LiIiIiJypgv8wb/9HuuJTi3ta+xmrKlWqPHNLkfaUWJVuC3UaGZaomwiJiMRKUmJCrJsgIiIiIiJyxlJiVbolM8HUIbMaZ4JJA5VYFRGJlbg4CzV1NjIHpce6KSIi0gXNdoq++Pj4XlmPYRgYRuyvKatSpcrYliKh6Bqr0i035CR1uL7qt4Ynktgfb10vInKayBiYTlXtiVg3Q0REJCbS03vni0XD6Bs/QVapUmXsS5H2NGNVuuW8QXH894RUnipr4oTL4PKhCTx8VkqsmyUickYbkpFO3Yl69h04wpCMgZq5KiLSh+mP8lNnGAZ2u53q6mpyc3MZOHBgj68zPj6elpaWHl+PiPR9vTVLXk4vSqxKt5iA64Ynct3wxFg3RUREghSMGUF17Qmq62xUVNXiaHbGukkiItJO8oAUSkpKYt2M057JZCI1NZXc3FzGjh3bK+ucNm0an3zySeBnwIbR+U+EVa961ffPesMwmDZtGiLtmQx9dSoiIiIiIiLSwe7du7n55pupqKggNTUVs1lX0xM5k3g8HhoaGhg2bBivvPIKEyZMiHWTJIpsNhsAxcXFEb92ypQpgGasioiIiIiIiIQ0YcIEXnjhBR566CHWr1+P06lfhoicSRISErjkkkt4/PHHlVSVkDRjVURERERERERERM4o0Zixqt8xiIiIiIiIiIiIiERIiVURERERERERERGRCCmxKiIiIiIiIiIiIhIhJVZFREREREREREREIqTEqoiIiIiIiIiIiEiElFgVERERERERERERiZASqyIiIiIiIiIiIiIRUmJVREREREREREREJEJKrIqIiIiIiIiIiIhESIlVERERERERERERkQgpsSoiIiIiIiIiIiISISVWRURERERERERERCKkxKqIiIiIiIiIiIhIhOJi3QDpGbsqbfx6fSmfWmtxe4xYN0dERERERERE5LQSZzZxfk4Gj1xSwMSs9Fg3R/ogJVb7oV2VNr69agvmAWmY04cQZzLFukkiIiIiIiIiIqcXw2BLjYNvr9rCG7dcqOSqdKDEaj/06/WlmJNTMSckYQAmo3XGqgEEp1kVK1asWLFixYoVK1asWLFixYoVh47NCUlgGPx6fSmvXH8eIsF0jdV+6FNrrffAp+1JQbFixYoVK1asWLFixYoVK1asWHFksTkhiU+ttYi0pxmr/ZDbY2ABTIaBEfS4CRQrVqxYsWLFihUrVqxYsWLFihVHGOv+NRKKEqv9lKld2f5xxYoVK1asWLFixYoVK1asWLFixd2LRUJRYrWfMgzDexYwUKlSpUqVKlWqVKlSpUqVKlWqVHkqpUgISqz2UzrmRUREREREREREeo4Sq/2UYXgAExiGSpUqVapUqVKlSpUqVapUqVKlylMpRUIwx7oBIiIiIiIiIiIiIqcbzVjttwwwVKpUqVKlSpUqVapUqVKlSpUqVZ56KdKRZqyKiIiIiIiIiIiIREgzVvspwzAwAQYGJgwMUKxYsWLFihUrVqxYsWLFihUrVnwSsUgoJsMwjFg3QqJrzJPvYUkdGOtmiIiIiIiIiIj0Cy0NJzj4wDdi3QyJIpvNBkBxcXHEr50yZQqgGav9lnfGqsn3DQu+b1gUK1asWLFixYoVK1asWLFixYoVRxqLhKLEaj9lClkaYR6Pbr1hK8NxrK5tg9LGkJSTefLLt5djr00gKSez7ePuGpz7ncSdnY2pl7avp+sNWxmOhkEk5QyOyvINWxkO1zCSB6f0fPvdNTj3H6QFsAyfREJ6XJjXN+LeuxfXkLOD2mWArQy7r62drd+o3o4rvrPlA7jwWHdiZJxHXHI0ts+Jx7oraHl9c/y0xo207N2Dy/eY/xjsO+2LRn0j7r0VmPLzsMT1sfbZy3EcPkoo8bneMRT6+PGfz9rV24/h8J0Dw68/uD/6wv7pWO+p3k5zVce+6Or1nupt3teljSEh8SAtXR7/fXP7I6531+DynVODBc6v9vIuxkUs2u+ixboLZz1B551wx+/e1nOU35CzSR6cGrY+9PHjPT87E8/u8v0j9v3j/5xU22Gb+kr7+mK9Ub0dR1WI/W8vx37Y6hs3Kd7PEe0/gzKIhMB5MXhc+R/vuP6uluP9HDKRhPT4PtE/qle96lWv+t6pFwlFlwLoh8Y8+R7mAWkxW//8q6eyaFRC2wcdR/nF4ztZGfTHX0SKCikb62Txn0pZEfz4uQUUz0jg7eUlPHzyTe5T5l89lUVD6ztu66ksb0AVeX89EoWldcZFS+5Ydl01gnTAVvoZE//pxBLy65tRvHt3DgWV+xn9l6rAc7rb1iXfvYjZTQeY8k5lJ8/K4sU7xpJ14BOu3HCSm9Sjy+tJjbj3Duf9J8Yzzv9QcwW/eGz7yR+DfdIo3r17CJUbP+P2z2PdlnYum0TZWckhq0r3fcKVH4ao6Ox8Fu4c2EYf7g+8SdUl8+/jliGtj3259f+4fPN5xCV19koXS64r4qYhgNNGcX06eV0e//3EuQUUzxhMeruHA+fXmd0ZF73LqE/gTz+YSlES4DjKL//3ACvT4kM80/c+0P7hqi/IXWUjLil0fcgx40jlj3efS5HtEGNeL+/Td2Y16su4c84NPFrQ2ielW/+PWV0eB2e2Jd+9iJsGw5c713LVJymBxz0XncXBSRlQbSXvr0dCfwbFxYZ/vMcdhzMxqtN5b+F437hysWHNW9xekd1hzHS1nMe69TlERET6G09TvS4F0M/oUgDSKRP+Keu9WwLgqA78oWcClsy9iEd/DOYVX7EyCQxc3tkl9d6nx40+j/gQj5tzJpKYFk9w9t+EC7d1F67EkcRVjQTMePaWY5ydjSncch3lOGoSiE88iKsKIIdE/6wwdw3N+w/iAfyzEcxxMe6/sPuxkZbgGTy+GRqGuwbXfifmnCZc1rrW7XCX4242IPEEjupGkgantNve1n4wqrfjShiDxXrQu/whZ3ufj6//Dll9K80h4exsLB3aP4JVl42g8otPmLJhFO/efS6rKj/jjs872c6sUbyUt487Dmd2+KPGBLRUb8fpm91myZlIfFo81JfhabkImo/hrPeQmBYf8nmB5KGnBude7/YGj6dw/RBuve2TkSZHOfZDTYF+7rp/eq/01I/m/SfyGWY9TP6bxzCAu6+ZxqMPTcK8/CueSwq//aHGQWJCBc3B4yqui/ES7jj0jVPTECtuX//Gjz4PSxIdx1naGBJzMjH7jncSc3BV+eqGnE3y4ATc1hMYDMZTVYbH3cf2w4c7yfvQGy/+7kXchPeP/k6PY39cX4ajXX+3HX+h+tfVt/sDF4/Pv4+b0upYvHwvzwLGxPEUf+0+3k9cy9WfpIQZNy7cVjMjUprZsOY5bt09iMfn30Je8zGc9fVYrDWQn0dcHHjqy2iuH9R23GSehyWps/NmHUZaHZ56X/90cl6I1fEMTjb6kuXex8fw7t2FrDpWzB2+TfLP5mu/n42gGcKB899JHYf+49c/e3YQ8b5+b9/e+XPPpajRSt6fjrDkuxfxwFwnz79TGfZ9oPSLT7hqg//x4fzpjvGsnbWBKzeGqJ84ns++dh/vx7/NlVt97QKMy3IostspzUpnSf0R/p//PO//vOAbU8Hn89jsz0bumvNd/l+Bm9XLt/MwYJDHu3d7t+mqrZm0P74Ds35Dvs8Pw7N/L25ocx4J+/7mKMde04Slvo4W33KN+jLf+b3dfu3m/u694wBszS7GZedjUO47Lht5LDsDW7OT9KDn+T+DPut//SXnsv/SC7j7xf0U3Dse9n3iPT9fNoH9c77O4//3BQ/HdVxfZ8sJZqIR117ffvDti6TBCXisu/Bk+j/feo/HlpSgz6UhjrOW6u20NA+ipb7OO16T6/vUflCpUqXKM70UCUWJ1f7KMDB8ZwDD/1AvxUGNCNQvXF3Jed8fwU1fL+O5jfF4qs28+NB93hktwJdbX+Ybn+Zhbkpp87itdDeT1jZgDqzEidtqYdXD9zHDbqd0UDLpwC1PXIll+Q5+XBViuVvzsFw+C+tYGx/bZ3NxJkAtqx7bziOZCbjzJlFy32zfjCAXG97/iO/tT+lT/eetd9FydDjvPTGrdRZi5X5Gv3Ycy+QL+fw+MzsPpVE0Og5wemdVjLmSRwsSgfFY7x1M3upduEYEb28tq362iUU5mTx2933Mrq2gsmC2dyZH5RfkvnKCuKRG3F/7Otb7/XOmbKxauoNH0uPbtc+MyQRGw36cR9MxyMJkMvDPiW+/veCktNZM0WWTmLfsCM8FT+4zDDwNZSy56z5uyfKPhY1MeMvg3pvneh/LmkHJzYeYvOrjNrPg/M/z/6zSSDyfkidmt86ifbcZS1xjx374+SYWDff+kRlqvf7lYRhgL8d+6Tew3p/Epk0fclNcd/qnZ8ZLx9jFvOtGMq65jsV/twbql795lJn/MpqbrzzCcx+G337vODjeZhz8wn4pj46OA5rZ8P4Gvrc/pZPxQtjj2zLJO04rajIYl+mr++wtrtyaCS01OIPHmeMov/ifPTw/OI9VDxUxtKGBcUNSvXWV+xn9lzheeXg044Bxc+ayavOH3GQJsR98M+VidTy3PaQNDFy0WEMcx385jsUAcDPi+rlYg4/jQ5ltlhG6fy/u4/0xilFpYDtSwu+r7CQNSYGdJbxzzte4MXcCxidleEKev73bNT0BmHMf27/hZsgAfMd/A5U58VSu/4zb98D866/nkWEn+PUf9/OsaRirflxE1uH1XL4qTH9PupDP70uF5kTSE+2sXraRH4Y5PxKr8RMYQEHvB+4aKuzDGDbUwPAAhoOv33Mfj2T42rxkO48MScGwlbE41LlsWojjsPgtrtziTd6FPA6HJNCSN4nPQ7xXdmi/xQwtJ3Ae3Y/HuAgsZowO72cEBYb3fw0w+JLDtlwmDBwVun5nCb8fNY1FZ5/P/C37eRaARpZkZ1BauZntfI1rrhvMovdOYDLAU5/CS6E+U8RqfzryuakgkdJ9m1kY2Lf7uXJfKmWFFzN/SwnL2h3f2I/yqxVHeO48737bdSSNi0f5zsdrviL7vlm+c7Dv80An729cPgvr2ERsyQmkO20sfnot7jazZ33n+LII9ndvxQCVDZSOSmeJ4xiLEr39OS2rkd1H4pkxANr8CM8/bgBPRSO2c1LINwwWrt7cejy/U8WXZ+UwaqoBO0Osz78c3/M95b7lBJ/ZDSfuY8N5v8NnszhWLSxi6N73vTNsjUaW3HUf59du5sq14d7vUnj87vuYneIiPSkem/UAE3cldNwPZSmxGb+KFStWrFgkpL78ayk5Rf7j3mTq3bhDO0wAZWyrhmEDR2IyNfLYvBkU2SvJW7aZ/H1NjLvgelZNgLtv9M10WbaZ/OWVVBbk85ugBXuqLbz88AyyDm4m/9UdXPlxNTbq+fOyHTyMi8fvnkGRycbioOW+fK5vnlLyCCY6DpG/fDOrazO45a4CPIz0zrIs2Uz+8s3k7XVTNG1iH+w/MJHLK4vGM8x6yNs/m2uxZY1i1RT/MzMoSq8hf/lmFlvNFF06jXnv72DxESdUW8l/tQzcZ7F2zgiwBvXDQ9OY55tmkV4wmOObN5O3rJLSrPG8P7MRk2k8ay9IYuPGzeQt28wS6wCuuSU3RPuPccveWsZdcD0lC8czzHqU23aF316AypKjbDKN4Kbp5YE3LL+7r7+eW7KaWL18M3mbbFAwg/dnNvLsm5/y52qwHTnAlL8fZv7113NLWh1Lgp83yxVY37iCFN5Ztpn8zTYoKPSOh1D98GNvP9x9Q+j1Bppt1OCcfjnWQg+Ll33K7bu72z+9FY9k1vBEbMdPeGeMB+2f257fzFUf0en2e8fBALYv30zeplpsWeN51Deu/lyTSNGU8YF9FHq8hDkOC/3zBTMYZvevF8aNv4i7AQqnUXJBMps2byZv2SE2mUbw6N1nBTZsXJrbt7xGyBrFqsnHuO15K6U42fjxp9y+K8x+6PX+Dx0TiMMcx5P9zwhxHLuDzg9hz599vT+Osa7aTXrBDKzzcnDs3Y5j33b+4+n3yVtdhins+fswtz1/gI0OKC3ZzEUvBR//u9lek8jQgY2YcFGQasJmSiTfASZHAkOTG9n+UVf9nUjlgc3kL9/BQkcB788ZQeXezUHnxwuYH5P+Co4NPFXe/nLs245jZDoTk90cr/XVJ48g67jvuGnO4Jbvj8cEzPefywLnP++5zKvdcXiO7zg8N8xx6H+v/GKzb9x53ytDtXfFa0f5Mms8JQ/dwC1pNn7/92Odvt8ZjdsD48GxL4dpWVDZdIxgbZZ/0IYtOYkC//IcBUzLamT7h/Dw3joYnsl837nM/5kif7n3PFVZkM9ven3/BcVXZDKOBrZ/2K7+wx3kPV/Csyb4zX0zKHL4ju/l5ZQmj+DmwC8OM5hoPtp6Pp4zmuOb2n0eCDWOf+wbxyYg2cTuzZu967v6Kh4tcHvf75ZtZrXvHG+KYH/3ZgzNVDZnMO0y7zg2ZqYzrraRde2ej+HAva/1mLlzRCbpTg9lgeW5aLFuxzE9nXG4+GpXmPX5l+Mbn3eO9C2HYLm88rD3HJMfeN/0vkd9WOViXM5Z3qcFjdOu3u/SaWDxss1MfZPQ+yFG/a9YsWLFikVC04zV/ip4hocvYxWI25dRrg9uQ2u9y1tnGBjGeM7Pgi+3vopjL7C3hQ2/uphhGU7vTBfqcOzdBqZtzHoy6Jpjhp1Z98xggvULJq8zvCc4o3VdBtmMSoHS/Z+zwgDWHWdj7mgmjh0BDQANvP2GFcMECz+v5uqiTB43ajCZgYZt2PcCe44x5uxszD3YPyfXf2Bg5bb/247jiNX7vH3pVHytADz+F7nYuGc/hgEr3qjkxnuGMGtSGev8rzcMmJBEFvWt/bCnhqunZzBrUhlH7OBaVAAAIABJREFUAGqquG2nAcZ+Vh8ZxKIR4zE8cYAJo2objr3wlLWaZcMzA/3vb19L9XaWjPwaAOl8xS9e+BIjvgKHcxhJ/p85G+2207By28Esyi64jMUf7eJA4HEn+SmJ2A6XsdBjwM7Pefvs6dw0YjyGccj/JDBG8PXsRGxHPuWpvcWwZxtv5i/gmrTswMwV21fHWWj4ljFuOrPzRoApqB8I7oe9HPGv12i/Xod3rQMuouRcN6/8bg8rEgGje/3TW+PHP0enou4QGPGhXz8h3Pb7x0G9b/vtVE5PYffn3nG1v8EJKbSutKaK23YYQNB4MRrbHocf+I7DvBFwyDtOdx+2Yhiw8Fg9N+Z5lzc/L4N0ewX/fG0bDgOu33kr1glJzPN4fw9rO36CFYYB605QetaQwPHhP1aMcPuBENsfg+M70M72x/Fe33Ec2J7Qx/FzgW3t5PwZqj+OhxmXvbz9BrDija2sMOXz7vfHY33Cl6CvKmHk81UkpA8Pf/7eE9iwdjM4DUrtLm7MOQuPq4GR1PPO8TSmzXLiYRDjauq5ymOFUOfNoP6urPUt9xuZjKOWVcu2YTfBf3w0kquvTaPAZWDEx2j8eAASKZrzA6xzWodS6d5N3LYTuASggW3rDDCsfFA5nOkDwDCcFLQ/l53lPZfxhXe7dx+2Yni6OA533Ip1YhLzjKbAe6VjL7DvGGPGtV6XMtBeRzmOSyZ4Z+4lw4bX32eZKwH3ASdx/ucHbR/AuAt+gPWC1m2zWQ8xZV3Q8e3f7/6HWjy+h72Pe2amM67yEJft3Qb7Wtg5+Xxmjnfy7N74wGcK+95tYGxj1u/OIy6xzRDq2f3Xvt4A7Ha+7PD+3vq6hS+9yYMHDvre2lsot2eTHTRe/efP/Q1OMHzv2SY7lV9L8S4weBzTbhwbAM0c2elb/wdbGf3yLlwN3vXvqZkKGWAYZu/+rm+3v2N4/vBqYl2Vi0U5Z2EYe70zlcs3Qeo035DwvTh5BI8+8QMeDbzOzupnPmd5oP25vLLoEqYngO3AxzxoayEhNb7D+jtbzhLvCsGwctvT270/6zcBe9KpmO49xyw/3MiCqfHc5TJY4UsCXxV8nL26DQdB73f+DW5q9r7f+fdD++MuZp8vVK961ate9SKhKLF6JghOQMas3vtHMw5L4OFxFyxo+8dU5mhWvLGVgpumY11aCEDplpe4/NM8LADJI8mqPQHD07ir/jgr09vfDCONrDb3ijnEkYbRTPBnVux2Sv1VHt8fZli57flk3v3+AqwXAtSz6mcfsSgoIdM3+g+gEff0mVgfyAiqdHI8UN/Eke1APOBuaV1k8FdrQ5NJD17Z9kYqpqcGQlt9feD/DX/C1rSfKzcVUjxngfcP++ZyfrF0N88PSQlqXyOPzVvAN+2HyFsGL/3raB6dZwPbpTw6uI681W2vR9bGh8WszprONdem8rtA00YzKhVoat3+0vpmSA29iPSCi7E+cXHrA3UD8WXTvQlG4gkk99v3gym4H4LW69N+veNy4thUO5Bp08vxbM/G3K3+Cb/50a+3gAmGpQzFoK7NFxCe6u14Us8jLuz2e9kamugOW319YP2B8dL+ODT5jsPAAw6O7CT0V77JI3n0iQVt/ogdZ/KOyUqbNcQLgnWyH2J9/LYR5jgO/H+Y47idUOfPtnz9ce0CrNfScVxG0v5onb/21WM+G658Zr/v8Rxe/NdCSuZ+yZR/dHH+DmPF4Ub+bWoS8ycmMdHk5I6GZorThjLPk4zNXgemrvq7/XjM4JalC7glUO8m9zxg16lu/ynU42Tjx9u4fXfQ84P7xdFMxzOs71xmb32k7bkswuOQUm5bmcy79/jHne+9MicTU1D7PTNnYj3bzeJlm+BbF7Do2pkseb2RaxZk8s4zO1gYYnWlJZu8NwT0b1f77WvHyEwg3f+ElhqWZGdAVkbgcwOAbWQmnr31rPj7VgpunI71Cd9niq0vcfmWPCz+jw+9fX62mCE5jnwHkBhU767BWQnxOWl4CiZTsuCaNjcsC3x26Wy/tRFmHEOb8WI0pPLSwgWtlx0AqAawtu7v4M9G7W9+GIPPR95jPp559eOYluWicj8dPxs4qln8wj5WhB1PVm5baQVTDi9+72JKbviSKe9UdVx/V8sxQeCc/u8hzjG7TrD7vOF8vXAbBdkZlFZuan1K8kgeXdr+OPOuxtboew82WcMfd2H6p0P7VK961ate9dGvF2lHidV+K+grlZiVrV/1eKpdDE2GysajYOQDzWx4z3e9LnctzrKDmHOnYm78jAdXOFmYFg+M5t17bmRVy1ZuB3BUs/qNvRTcOIMHvlPLs+/XB13LwgDDQaUDhjbXYJCByZ7BiBSg2fes5DjyHQYkgWdQHOmYMdGAe++7XP6HPO+d6S+ZSNnC6Rx4YY931lQf6T9vOZ61F2ZQWrKRK9eDUZ/Fuz/MbX0eSYwsdMK+eIzCeIZh4rjFPw4M7/PqnNgw4al3Qlo8nrNNrc8D0pPj8RgGZhrJT04EswVcNThfe59JO72zjebPPp9H753A86+WBbVvIudnNbPrg4NgxHPbykTevaeQR7Oa2fhRaYjtCwoMWLjnBFdPn8BNlYav7ihHmkYzwdnobY+7ljx/ewL9YuBPIn752ZtcuSUDE4249+3DM3wCCWkjAX+CsRaTaygj/eMhbD90vd7S/Z9z24lzKZ4+kyUf7uSR5IZu9E9vlkdZVz2CGdlp3FVfGbgbt2ErY8n8BVxQu5ErazofB4Hx0m4/ta6ok/Fi2Ds/DjsszxebTVBZyuhXK7HEgaf6M5zOMSQOP4eXgjewzf4Pap+rto/th3alv99O9jgOLMZCuPNnXNLo1nX1uf6YyNqlCWxd/CmPDPYnu/ex9kg2MzLTujh/t7QurM350YCddeyemkFeqgeaGqE2CYZm8PUUE7s/O9qN/g5arsUM9q/41bLDPJeE96Y+xwaQcFbQHcP7zPsBbXWYWuE7lzU34sHA7Ao6l7Xf7uA47HGYQMu+MO+VQe35zagMbNYvWG4YmN7YQv7cGdxybQa2Q/tY2Gb/tduYkNsdot5Vy11JSdDsYD8GxvhpXJPlYuOmrdy+0/ecSedQPH0Ej735BQtDfaZwBz23t/fjugZKzx7GtK8dw/NZtu/68Y24R0ymZF4qv3++mpmXjYTD+8l7uwIcafzx+xPJbrOjQpyPg8+LnY3jS2h9HnD33AkUUc3iZ/aygkbuuvxS/l+GAUYD7m7s75gcBzvr2D11ODO/08S45kZe3WnACH+/hOmnQOmi5dhujIyp3l9DGfs4bBvNjPR04HiY4yvc+PS1h/GsvSDEOcZ3HK6ryuHfRk4mK6uR7X/zvTDscZbBY4HlGmA09tH9oFKlSpVneCnSjq6xKj3DsOPe9xkO378l3y9knPMEq9cB7Gd7XSJFU0Z460dOpmTpAtZeDb/5wQJKvhPne90JwM1XO9sueuGeE1CQy5LqRrCYADeefeV4sPKVA8aNn8yd+z7DMX0kRcluPj/sn+mWwfmX+tqTkwF1DSxkEmuX3sRLI31tbQAcLu8H1lhq13+OY7UYvu9BjAbvY3fdOIZxGOCffEsiE/O8fXfnqMGkO5tYtxPvB/iWEziqG2Gni0oyuMbXx0smjWx9HkDWYJbs+wzHvhFMy4LSyv1wXhElSy/3Pf4Z7hYTNoejXYO9+3TiGP++209Fs7dNQ5PKW5sYzs7P+b3VzLisxMBD+x1u0gtGetc7cjLX+NsD3m8RneU46w+xrtrdus/3jeD9pQsoubV19l56ThZ37fsMx8g0JvrHQyf90Ol6g9r7Tl0G13wnlZbJ3emf3rXijWpKk0fyQOBY+ow7v3MTt2TZ2b6OrsdBd4UaL10eh2HafLgJW9bowLG4ZP4CrIuKvNd9DMt773NPdVmf3A+hdeM4zk/teBwHhD9/9u3+2M/2ugxuuWdE63lt3whuKkj0tSuCcRM4/l3e19kHcM05GVQ2Wr1JFzKYaGr09VtX/R1kXQOlySO5abr/mLkR69LZ/KbH+qRndetc1k7447B775ULK+2k52T4zsefsfeE99rK6Slu3Cc5/Pz7zj/eHyhIpPTg56zAxbwxGaQ3N7Y9Rnznt2mX1vJ4Nz5T9K79rLa6GXdh67Hp2DeC968dCdV1rMDi/ZWBs9xb9/U8ipLB8Li6XHJAJOM4zhz0eWMcNxckguHB6KufjQDvMZ9IUUEGtqq6CNs0mlcWLWDt9Na+n9aN46JznZ9jVhxuhIKRjKttCMzY7v77XV/eDyIiIuKnGav9VJs7o/Y2i7njT5yaT7D4ud0s94UPvXKQkXcWBn66Zzt6kCs+MIAKzrv3YqxLvT/rLt3zMQ8ZgDkOTB4wDIwdu/l97kUs+sEkFr3ionL6MG5ZOhvz09t9yx0TWHfpno+5dQfe69A5GqBwAdalvvasLMUArthzHgf8P5fFzp+fLo3tl1Hh+m/lblYfHcyiC70/zbMdrWBj8zCysgyMKgOop3Kgv+/s/PlpX383uFl0TiHWHwxm7CulXLExiR0zOj7vMcBWY+Ea388HbUcPMvkDA/D1t/9nhc0nWLzyaIc+8vZ9676zHT3I2EMZ7Jgxm8e3b2/3E9A4wAzm1msmLl/zFTPvHMMMSxyGYbB8zSfk33xx4OeMrWME9tvdpBdcTMktB5nse16gv+oqGLvmKDACTFBaFccDSxfwE4LGA+H7gbDr9c6O9bf5oVcqOO/eyayq/ITfH+26f3pXKVc8Df8MOpa82+jfD52MAwtgsfjOIe32k8UMvv0D4cYL4Y/DSXHeZRq+K8G2O64nZ7Q/FneznBHMDOr3tm1yUNmcSNG1N7NqY1/cDz4WAH+/lYY/jmviADu7LZOxLp1Gm3EZ1Ffhz599uz8eeuVjjJsvbvuT7aMHmfzGUV99mHHT7thrc/y/cZSHKtzceI6btz8wMDjKEcsYJlQdY3m3+jtoPAaOC//Pn91s3LjV+x4UK+aO58oO9f5jCNoco2HPoSd1HMLy7rxXfrCdxd++qPV83HyCxU/XMvPOQtZe9TFXrAt+su8jaLht89WPu9C/P7xK9/iXM5pZOYnYAvs68Ay21Q3jpsIiXl1ZQWWozxQxtHzNJ/DtoGOTtsfBrQeGceAcX5vrKvhzXQqzM0Zj2Nrttzbn4+Bx0sk4bjdelq+p5sZ7/Z837Px5j52Csencbezug5+NCLw3PVRh58aMeHYfOtrxvcliBlPwcR3sKLc+l8w/720dU8HvXW3X19lygtvTyTmmBNhmZdeUQQyrKG0d550cZ23fg0v73n4QERGRDkxGTDNw0hPGPPke5sTkrp94JrlkEmX5zSx+fm///KZ/wtkUFyXy9tM7efgkF7Fk7sXMbtzPlLfKo9o06Z80XkRERDrhKMcx9iL2XDuYd55u/wWziIicjjzNdg4+8I1YN0OiyGazAVBcXBzxa6dMmQJoxmq/pXx5OxZL5zMPTnfmOMByattnASxmjR3pHo0XERGR8K6ejfWcAZTu2RDzmdIiIiLSczRjtR8a8+R7mBO8t3g1aHsTU8WKFStWrFixYsWKFStWrFixYsWRxR6nQzNW+xnNWJWwDMOD9xRgYPhKxYoVK1asWLFixYoVK1asWLFixScTi3RkjnUDpOd0ddirXvWqV73qVa961ate9apXvepVr3rVq/7U6uXMpRmr/ZXh/W7F+80KIUrVq171qle96lWvetWrXvWqV73qVa961XevXqQjzVjtt4yOX6mYVK961ate9apXvepVr3rVq171qle96lV/SvUiPpqx2k8ZhoHJAAMDE97vVky+O8a3xqpXvepVr3rVq171qle96lWvetWrXvWq76peJBTNWO2nTAAmA1Nw3L5UvepVr3rVq171qle96lWvetWrXvWqV32X9SKhKLHaTxmGAYavxPCV7WLVq171qle96lWvetWrXvWqV73qVa961XdZLxKKEqv9lMkEEPSNi2LFihUrVqxYsWLFihUrVqxYseKTikVC0TVW+yn/Nywdjn3FihUrVqxYsWLFihUrVqxYsWLFkcUiIWjGaj9m8v3HpFixYsWKFStWrFixYsWKFStWrPjkY5EQNGO1H4ozm3AbRuDLFZUqVapUqVKlSpUqVapUqVKlSpUnX8aZlV6VjjRjtR86PycD6PjNikqVKlWqVKlSpUqVKlWqVKlSpcrIS3+uRSSYyQhcjFP6i12VNm598UNqamqIG5yNyWyJdZNERERERERERE4rhqcFd3U5mZmZvHz7ZUzMSo91kySKbDYbAMXFxRG/dsqUKYAuBdAvTcxK58XvTuOnr/6TLbs34nK7Y90kEREREREREZHTSnxcHBeek8fPvztNSVUJSTNWRURERERERERE5IwSjRmrusaqiIiIiIiIiIiISISUWBURERERERERERGJkBKrIiIiIiIiIiIiIhFSYlVEREREREREREQkQkqsioiIiIiIiIiIiERIiVURERERERERERGRCCmxKiIiIiIiIiIiIhIhJVZFREREREREREREIqTEqoiIiIiIiIiIiEiElFgVERERERERERERiZASqyIiIiIiIiIiIiIRUmJVREREREREREREJEJKrIqIiIiIiIiIiIhESIlVERERERERERERkQgpsSoiIiIiIiIiIiISISVWRURERERERERERCKkxKqIiIiIiIiIiIhIhJRYFREREREREREREYmQEqsiIiIiIiIiIiIiEYqLdQMk+srKymLdBBERERERERGRfiUvLy/WTZA+RonVfio7OzvWTThp9fX1OJ1OMjIyMJs1qfpUqT+jS/0pIiIiIiJy5ikvL491E6QPUlZA+py0tDQSEhKora3F4/HEujmnPfVndKk/RURERERERASUWJU+Ssmr6FJ/Rpf6U0RERERERESUWJU+S8mr6FJ/Rpf6U0REREREROTMpsSq9GlKXkWX+jO61J8iIiIiIiIiZy4lVqXPU/IqutSf0aX+FBERERERETkzKbEqpwUlr6JL/Rld6k8RERERERGRM48Sq3LaUPIqutSf0aX+FBERERERETmzKLEqpxUlr6JL/Rld6k8RERERERGRM4cSq3LqHA7qHUFJJFcz9XV26htbemR1Sl5Fl/ozutSfIiIiIiIiImcGJVblFHio2nWYm/7+FRf//SDLv7QDUFV8lIvfO8rFH1RS1UNrVvIqutSf0aX+FBEREREREen/lFiVk+Rgz/qDzN7r5AsAPDy14ygPbq6jyWzyPsVkIr4HW6DkVXSpP6NL/SkiIiIiIiLSvymxKpFzneCtfxzlxgoPzXEJ/HZmIZ/PSOUqE7z3VRW3HOyZSwCEouRVdKk/o0v9KSIiIiIiItJ/xcW6AXKaqalk6XobL7ggMXEAL34ji5bt+/hx/BAWfzuR/Heq+V9n7zYpLS2N+vp6amtrycjIwGw+xe8LKqwsWN9E3oQC/uuc6LQxGqq2ljGrPp2ds4b06Hqi0p++Plzf/vHMQafW/j1HmFRqYe23cgi3lN7qp+6K+vgUERERERERkT5Bf+FLtzUfPMqDH3iTqoWDM1n37UHsXXeQm4+5efNwOXPXubjhWyP47UDfpQCcTjYf7Z3Zq9GcGbijpImzhibzQnlPXSH25MSbTWC29Mq6Trk/LWYsWFhyxSRKv+f/N5R5NXUs3XMKDZs0jtK5YxneyVN6s5+6SzNXRURERERERPofzViVbmjh6LavWHDARRlwVd4Ifnt2E0+8bmWlq/VZZTYbs9908cKVY/nHzsPMPeTkR5sOsvvsYfzXxNQeb2V0ZgZWsbY6matvT4EXa/lrxRC+OyyodmsZsw55E2OXjB7GHy5I6/TxHWtLuaOGto9XWFmwvoXv3zCKydB2FuaeI0wqhX+hmRccAGZ+dkke3609wiUHWoBqJq1t6ZXZmNHoT4+riaYmfzSUK4ce538b64FO+ge8fbK7GYB/yUzkhSZf/+z8kgJ/X7WZFdtJPwUti6QBgdmuO9aWsqzJzHqHp+26e4hmroqIiIiIiIj0L/rLXrrUvOcoNx5wUYaFB8/PY3FmDbe9XdsmqRp4brOdm/9+mA05o/jHuYkUYvDC3nKWl/ZOW095ZuAeByuHpjDZkcVdefDBkfqguiPMqkxhk2/25VmHqvhrRfjHq7aWcUdNMq9+bxKlV6RhOVThna1pMWMh6MZeFhOYzN7YYgJHM5bxkyj9Xi5Lkj38rKQKJo1jU54Fhg6l9Js5p9pN3RbdmZZW3jkOBQMzAV//2NO8/RbcP1SxdHcz86Z6++Ase3Pb/jGZiaeev25t4qypvtmwUxND91OFlQW73b6Zs7ksMTUxa613JnK8GdabvPvtuaLMU9y27tHMVREREREREZH+Q4lV6VLypOE8NjSZFbPP5vqGI8z91E5xZy8w3Pxy00GeYjhrZg5k3oihfL+wt1rbmryqrq6mpSWySxHsKHcwb0QWTpxkjhmAqaKRqkBdMzOHD2RQUxNNTUN56HuF3DIi/OMVjR5m5g1mYlMTTYNz+cFQunl5gWSuGt9EU1MKlw63gMkCTgduAzA8NDl69yK2J9+fLTyyrpRJr/n/1VGWl8tDhS6gno2VntZ+8/XPwcZ62OPgheQ07vL1wQ3nJIdYdhzxJjA8TTQ1NdE0Pp/S2Tkd+qnqSDPrkwdw6WDvsr57TjLY3YF9SkoCg5qasDeH+Jagh5zK+BQRERERERGRvkOXApAueZzJfOOqfHA3s73KezmArhm8XGFj0aSRPDTSwOVw0tspJMMwInxFFWurYGVVCc8GMscWvlEBc4bVc6gRSDPwpuCcOJoAwj++3/e4E8DdTE6aBWwWwN15M5LjGOEEcOGJdBN6UOT9aWHJFecydziw60sKPoMF01NwNLuAOEzAurKvGB88oAwXVXjrPb4+aA7ZCenccIOTx/9UyqQdAIn8yX9phSDxJsBez8WvBM08JokKwATMTE+i91KqbUXenyIiIiIiIiLSlyixKt3gptnhTQaa2tWMzBrMmgsHAi1s2nCIBXXBtSY8rmYcvZy5qq+vx+l0MmTIkIiuY1m1tZ6VyWlsmjuWob7Hjm/4nOklVcwZNpyClAre6/CqzG4/fsQWOrVcZfMmElsZ9KWU28n2JwRdY3V8Pq9+tZu5fzkUuMYpwLypk3h4YvAL3Lh226G8qyW7aLYPZeH3hrMIYNc+Cv5uZe23clovseA3dCils4Nvd+XB3eTwzrqOQUefSn+KiIiIiIiISN+hv+rllBSkJpGUmkBSajKD+0Ca3p+0ivzmQPVsrGwJ+km/99+g9ASodrADFyPTLawrP+H7GXkVS18rZemeLh4/UM0OgAorT1fBvJH+O2E5+Mce33rL++7PwU++P9txOph41VDmOZr40x6AdGYOt/DsF6Ucbmqiqekwv/zjTu5cX42rMIV59gae8/XPX/c6QiywiqWv7eHlA7595QFSkxne7llDxg5g5vEaXvQ9b9Pfd1KwugzryW/JKYlaf4qIiIiIiIhIzPWBVJic1gxwu7v4aXsvOaWkVUUj/7RbuGpMGq6gH4e7ClOYV1zFiq31PF1UyKv/2MWs17x34rosL5flk6DF1Mnj9buY63t8Zl4uDxU6cXhGszhvDzN2l7Jyt4Vf5yXDsa6bOGRgAhwIutt9D4t2EtDpGMpdeTVcvPsIs84ZxfnT2/YbQ4fyZVEm9mYTD01t5KzPOuufHB6Z2sxZ60v5GQBJvHr7MFwOZ9t+ujKX5VPLGBd4XjKv3jGW4fZmKk95iyKjpKqIiIiIiIhI/2IydKG/fqesrIzs7OweWXbJ+lJurmiNZ+aP5HdTkwA4snE/11hbh1N+ThZ/m5HeI+1o75STVnGJJCeY8TjtNLfJEyeQNCAOU4sLe7OLhKQBxPkWb/geAyJ+PD4xmXiLCTBoaTGwmA1c9mZcCUkMsPj+3/88U4v3hlUJSQyIM4PH3eM3sOqp/vRut4G7yYGTtv3TZrv824rBp2/t4mYG88XMjLb9E3gO+H/e7wx+rX95YZ6XkDQAi+HqlRtXKakqIiIiIiJyeisvLycvLy/WzZAostlsABQXd3qL9pCmTJkCKLHaL/VkYrVNIgwwWpzYfZmz+KQBxAfnjDwumnrhAqtKWkVXzPuzwsqC9U2s98fJaWy6fhQpPZxM7ikx708RERERERE5ZUqs9j/RSKzqUgASEaejiXDpLZejqdfvsK6kVXT1if4cMZbnvmdpvVGa0RKYwXu66RP9KSIiIiIiIiI9QolVOW0paRVdfaY/3c3Y+8Zle09Jn+lPEREREREREekR+mtfTktKWkWX+jO61J8iIiIiIiIi/Z/+4pfTjpJW0aX+jC71p4iIiIiIiMiZQX/1y2lFSavoUn9Gl/pTRERERERE5Myhv/zltKGkVXSpP6NL/SkiIiIiIiJyZtFf/3JaUNIqutSf0aX+FBERERERETnzKAMgfZ6SVtGl/owu9aeIiIiIiIjImUlZAOnTlLSKLvVndKk/RURERERERM5cygRIn6WkVXSpP6NL/SkiIiIiIiJyZlM2QPokJa2iS/0ZXepPEREREREREVFGQPocJa2iS/0ZXepPEREREREREQGIi3UDpGeUl5fHugmnrLKyMtZN6FfUn9Gl/hQRERERERE5symx2g/l5eXFugkiIiIiIiIiIiL9mn7HKiIiIiIiIiIiIhIhJVZFREREREREREREIqTEqoiIiIiIiIiIiEiElFgVERERERERERERiZASqyIiIiIiIiIiIiIRUmJVREREREREREREJEJKrIqIiIiIiIiIiIhESIlVERERERERERERkQgpsSoiIiIiIiIiIiISISVWRURERERERERERCKkxKqIiIiIiIiIiIhIhJRYFREREREREREREYmQEqsiIiIiIiIiIiIiEVJiVURERERERERERCRCSqyKiIiIiIiIiIiIREiJVRERERERERHnkubWAAAgAElEQVQREZEIKbEqIiIiIiIiIiIiEiElVkVEREREREREREQipMSqiIiIiIiIiIiISITiYt0AERERERERkb7K6XRSV1eH3W7HMIxYN0dEepHJZCI5OZlBgwaRkJAQ6+ZIH6TEqoiIiIiIiEgITqeTyspKBg0axODBg7FYLLFukoj0opaWFux2O5WVlWRlZSm5Kh3oUgAiIiIiIiIiIdTV1ZGRkUFqaqqSqiJnIIvFQmpqKhkZGdTV1cW6OdIHKbEqIiIiIiIiEoLdbic5OTnWzRCRGEtOTsZut8e6GdIHKbEqIiIiIiIiEoJhGJjN+rNZ5ExnNpt1jWUJSe8QIiIiIiIiIiIiIhFSYlVEREREREREREQkQnGxboD0lHLW/PsdPPVFBC9JSCV7SDa5Uy7h8uvmMGtMao+1LvqCt7eQ+198kjnDemhNm5/h5ZprefCb2T2zgt6y+xmu+8/XaPCFU374Z/77qsyYNkk66jfjTURERERERKSf0YxVaeVsoNxaypa3VrLk7uu46WdrKW+JdaP6kONbeGbBNdzxk9c45Ix1Y06Vkw1vrgkkVQGKP/iEmpi1RzroV+NNREREREREpP/RjNUzQjaz//N+ijqdjFhN6bZiPvlgAyUnvFmcmo+X8MAfMnn236dwOs1d7SnlH7/Ea/v6SYbLvoX173m3JSE5AafdCdteY+2R2dwwKsZtE6CfjTcRERERERGRfkiJ1TNCJgXTLuTCLn4af+HXZnPrvQ2UrnqEB14owQnUvPFzXpr1N+6Z0CsNPQXZzPndP5kT62acJmo+ep21AKQy5665bPjDSso5zEtvlnDDvYUxbp2IiIiIiIiISN+nSwFIW5ZUCm7/Kf91YYLvgQbWrC2OaZMk2srZ8KZvnybM4qJvFzE7xxs2vPE6G+yxa5mIiIiIiIiIyOlCiVUJIZOiq4oCkXNbCYdj2BqJsiMbeN13U7OES6dSaMml6Jpc7wPOtbz+ka60KiIiIiIiIiLSFV0KQEJKSAm6qqq1mhogN9yTW2ooee9VXlqzgZKD5TQ4gYRUsscUMuuGO7n20gIyLd1YaUsDpe+9xMo1ayneV4MTSBiYTeHFt3LPXbMpGAjFv7uCH70BMIf//uf9TAm8uJw1/34HT30BUMj9Lz7JnFCXPqgoZs3fXuXtDSUcrmjASWtbi66Yy7XfnEJ2QtuXtK6zVckf7uCKP3j/f85j/+T+aSHWVVPC26tfYk3QuhIGZpM7fhZz//VaZuV3ctHbbU9xxcI1rcvP3cLK3z3Da5sP4ySBzLOmcPVN93PbpdkkhF9KSCXvvORLlCdQVHQhCUDu9NnkLn+Gw0Dxa2s5fNUN4fd3CA0H17Lm5bd5e0cJ5TW+a7dmFjDl67OZe90cpnRxGQpayil+43Ve/We7MVR4IbO/eRtzLs0ltYsxVLN/Le/8+W3e3l5C+Ql/G7IpnDyb2bfOYdaYcFcKDh477cdVe8U8dcWP8O2Zjs9tv9+mefvm1WdfZe0Xh33t8u2/G+5hbojtOunxJiIiIiIiIiK9SolVCa3F1fr/AxPCJu8a9r3Gz3/4DMXtfz7ubKB83xZeXryFl5cX8eDjP2V2ZzdFsq7l5z9eyoaKtjfrcZ4op/it33Lfey8z+6EnKQrz8q41UPLCj/jRi6V0uB2Qr62v7dvCa8uzmf3Qkzx4aad3+upyXaWrf84Dy4s7rMt5opzSzS+zZPPLPHPxg/z3T2aT21XS2VbMUw88wprjgaVQs28La0pquPPS7Mia1lLC+n80eP8/oYhLzvPt2VGzuGHaM/x2G3DwdTYcvIFbx3RjeQ2lvParB3hmW8ebLDlrStnyl6fY8pdnmHL3k/z0xoKQN0Gr+ei3PPD425R36KwGyovXsrJ4LS89O5uH/+dBioaGWMCJYlYueoSXQ9zoyVlTTvEHKyn+4CVWXvpv/HpRN/o7ahooWf4jfrS6/Zjz7r+XF2/htWfn8Oun72eK7g4nIiIi0m8d/8u9XPT2FXyy4npCfZyN1PbfFPL7/I947vohUViaiIicCiVWJaSS7etbg/POpSDEcxq2PcW8hWvw/3A8YdiFzLnhcqZmp9JQ/hnvr1nDliNOOL6B3977AK7lTzInJ9SCinnqh0vY4EscJgwspOj6q7l87GAayjfw+ovvU3KinLd/eR+fnOQnkZr3lrQmVZNzufDrl1M0vYDB0LatznLe/uWPyH3uWW7wJYJzr/k1v74Qqjc9xW/fKgcg+5sPcv/0wQBkjm2zMRT/bh4/eiPQK2RfOIe535hKdnID5cXv8/pbWzhsh5qPf8t9P3Tx7BP/P3v3Hx1Vde///1mQ9MKN0kZiZ0TSNKTUplQz5GOwX3BEECWhJnYlUOFabGA047K5fmyFGinNUMQg2HbZ9C4mGshHsGAhWTW5JaAI0hRaST9hUqWpxpDGUJjRxLTQXPg0Vvn+MWcmM5OZJBPAhPB6rMVamfNj7332OYnxnfd57yxMfQT79jy9ku5uiJmSQX7uTEzdzeyr/i1fnB/9IlPdr1dRfcr7dexd2cwc69sTx/TbUqG+AfCwc08ji/tbxOpsA6X2lVT4guExsaTMWMC82clczQf8aVeFkWHbTcNzD7MyZhPP3B0cCPbULGfZT3sC0DGT0snK8j1DvnvfTfd7u1n98Bg2PBsShOxqoOTB5T1B5xgT6bdnGPf2A5r372HnoUa6urvx1P6EBzv7n+8LpfmFlew52kw3MSTcnEX2bAumsR/QvL+aX7zmfRa736tmZfFX2Lp2Nr5QfnTPm4iIiIhcbqataGTzUA9CREQABVYljK76ElZXGlmNxJJ1Z3rvjNXO/RT/0BdUjSHlvmdYe29gRmI6s+/Op+2l5Tz4Xw10dzdS8mgpyVvzSQkKanVx8Gc92Zhxtxex8dGZAaUD0pl91wPU/dcyVv53J53tDEIjO5113uDd+AzWbvou6eMD96cz++7/CAiItvGLXY3kGoHFuMnppE8GjycO8Aa64r5gIf3m3tmina8Ws9IXVI1JIe+na1k8JSASePNssu5vo3rlg5TUd9N9tISHNyfzy/sjBzG7u7uJu2sDm/4z1ZjfdNLvXDyIeeim7uBBI4gZy7yZwX3GWbOZ/XQD+zEWsbovJSDw2lvjC8X+oGrM5FzWPpVPasC8pt+cwQJ/8L2bxudK2G9dy2xfBLFzPyX/5QuqxjHz0Q0U3RlYgCCd2XctpvrRZZQc7Yb2aoq3zwmYq072F/c8OzFT83jGsZjkkDEsbj9I8cOr2d+Od76dCWx9KDXqEgrRajzaCPGzKfxpIbMDSiGk35zB4m9V8LC9lMZu6K77BfuPz/YH8qN53kRERETkUtfBDpuVx2q9n2zbG3ncKPvUXmlnemEtYMVmgzLstKxIDchYhR02K81T8igrKzca2EbLisiFrURE5MLS4lXi9VE3Xccb2e18kG8GZKHG3VVEXlrvEFTjjhLqjDTD2DuLQoKqPRLu3sCGhUYkrb2C8ldDFkY6vofy14yGEvPYEBRUNYyOJf2hZyiYOshQ2HvNNBpZmlhnhwRVfWJJvb+A2TGxmK41kTy6m65wh/Xlo4AALrFkFIUEVX1GJ5C1dgO5RvZt545ydve5XlQq3743Nez8RqVzH1WvGnN97QIypobsH5vOLbcbc9zfIlZnD1K1wxdATud7TwYHVX1i0woo8t3/7jqqaj3+fW015f5nKG5hUUhQ1TDaRNaq75FuDKvzpX00fGTsO7qTEl8D4zMoWhMcVPWLn0nh0wWk+NsoZ897kS/twokl9/HgoKrfpFzy7/Ld0TZ+26AFw0REREQuR0fWW3mMNRxuaqRlex5li+zs8ACeSr5fCOtqG2lpskNZbcQ2ypqS/OdT5vSeLyIinwhlrF4WGim5dy4lUZ0Tg+nOQp55KExA76MG9v23L+yYygNL0/sM+qXkfJvUHT+hAWjYdRDPnVn4cu96FlKC2d/KjVz/crSJrGVZlD9SEX3AM/DPB2820vZRavh+xs6kcNfgq7jSsM//mj1pD/Dt9D5mZXQKC+5LpeLpBqCBPbUeMu6OkJE4eTqW8yn5auj8w34ajK8T5s8MszhVDDPnZxH7qneO+1rEquvQbvYbX8fe9R89WahhpMzNxvTfVfDZBEyxvpf+G9n9ku83vlS+ndNH2YG4mWTMiKGxMQ7TF66GLmA8NP5+j/9ZSL3/2/Q13VybRf5d5Txc2QU0UvWbNrIWRrM81yCEC14HSE5Jh0pjFj/qXR9WREREREa6DpqbwPagUXs1LY91Vit7DnVwG3s5YLOz2QSQyv3FVsqOhW9lVsatxvlzsRHhIBERuSiUsSrBxsaRelsehc/9kq3hskcBjjf6Mw0HFPSL+woWX23VP/+JZv9CVx4a632hsXSm39hPRurU6cweTNJqfCq3+BZiai3nwftWUv5yI22hC26dp7Y/1/lrhSbfZKHfafmSpSfA3BhmUS2flGTO/yXwNvZX+MKqqeTeHiGo+OVbmOfL+mz9BbuPhj+s+e0G/9e3TOunFmviYrZW/5Ktz2+g0Ndve0AWcb/PUAwzH9/Fr17YysY1i43M2MBnJ4VbUvuPPKfcOs//B4C2PzZHH6CP1leTwwalfWL+XStWiYiIiFze/kpzUCLqBJKneL86fixyhmqo5EQtYiUiMlSUsXpZMJHxSAEzQ2JPXR4X+yqqqfMtPnRtBkXrv8vMcK8uB3rfg//tks900/Z6nT/rNLwPeo6nkbb3gEQAD27fH1RjTMSFfUU/+Do+Pxn4c3/HhUpgnj2LnUaJg+736tj2dB3bnoaYuGRSb8sge+5MUhPjiDmPRY08np6rjD3bRt3rfc8KnQHv6LzdhgfCBuJMcRcgXbX1IFWtxtdps5keqcnRKWTcbaLieQ/QRfX+BvKnhtZo6qSt2RcGTiH584MYz4l3afZ9PajAccCzQzIJ/T2zANd+kRSgDuCvHjrh/Msr9CFm7MWu4ioiIiIil7brSLbS83uxkcHKZJg02YqST0VEhj8FVi8LcSSnpZPeK/jkXbSp+YWVPPx8I90nd7N6qYusoo0U9PFetefkuz0f6stZWR/NWDx88AHewOqpzp6A6+TPDyC4ZsKUwCACq95anxvXxrDyiYqAjFno7mymrrKEusoS76r2t+eRtziL1IEE6oJ48ATEURueX0lD5IN7O/kBnYQPrMbFnn+ArnHPzp65rv8J35z7kwGd1/3ybg7enxqyiFU3fBTpjAH6iMgZutEaHzOwhajGx/U8Y33M94WSPFGLTYmIiIhIX7wZqo9trOT+shzi68t5rNbKuicmEM9cZhU62bHEyUJTA88V1oLNPtQDFhGRECoFcNmLJfnetay9y7fAkIfqlcsoqb/oL0pDd9fFfx07QFx6Pht/tYutP/sui29OJi50xfvuLhprSlh+7zcp7mvhpktNUE3cKPW3iJWIiIiIiPSvdhXTp6SQ5Ptnq6QdmLailnUY+xaVY9vuZKEJMOXwVDE8Zk0hacpekoutQ30FIiIShjJWBYgl9aFnKPjLMkqOdgOdVP+wmK9sXRt2UaK4OBPQCIDpvk1svXeQeX/xCST7Wvrzu3ign6zV4KzQQRkdg+nLGeStySAP6H6vmYbf76Nq1x4aWruMLMpO9j/1Y6ZPDX/94cURZ8LIpjWR99xWFif2c8onpPv13ezxpYdOSicrbQCZlJ4Gqo1SBn0tYjUsnOoeWPZre1vPa1ZfHkiGtIiIiIjI+YvPcdKSE2nvBBaWNbKwz/M62GGzMivjCQCmrWhks3HMwrLGgDNSebzJeaGGLSIiA6DAqniNNpG1PJ9995fQ2A101/HjH+8nde3sXoswxcTHEYt3cXZPWxvdJAzsVexeTJgnY9QO8tB5CuizzqqHdy9wnaGYzyWTfncy6XfnQ2cdJd9ZSXU70F1H1aFOZt810MhqDHHx/lnh3bZuSBwONTa7OFiz3wg8xjB7WREFMwYwrrMH6cpazX4wFrHKJd+/wr2JhGSMIHIz77qBPksntLHtvgepIo64hMUUrskg4brPk4IRVP9LG52k9rnYV3dtMd/4WSNx/25i5iNF5KcGPjuNNJ+E1Gv7aACC67peGTu4+qofdfPhYM4TEREREYlG/QaSFpX3fLZtoyVHi1SJiAw3KgUgPa7NotCe4g+Sdtf9mB+/GuY18MSvkO476NBvqTvb+5AgHzVSmjufb973Lb61vJwG/1vpJlLSfOGtOg7/sZ+8w9ZG6gZRmLPttVKKl3+Lb33zG5T0VQ82Lp0FCwNWuP8ous6SU9L9c3fw93X9Z1EeLeUbWd/kW/d9i+WbGy5OWYTO37K7zvg6Zia3TBtgsHdsOrfc7ju2i+pdB4OuJzkl3fiqm/1/aKRP7zVw+GQ3nSc9NH/8aW8A9XPJpPiC6EcP03Cq7yYaGw7SfcqD52QzfDqW4GenmcNv9l+uoPH1/f5rSLgxOUJgtZm29j4aOd6Mq9+eRERERETOU9pyWpoae/6tCF1QVkREhgMFViWIKbOQvC/7PnVT99NSDoZG/Mamc4vVCLp176fkhb4Da56aUqpPeQNrnr9fSVxARCvl1ix/puL+rRW0RVwUqYuD237RswBTFEyjO9nf4MHT2cX+Qw19BzwDg6mjo8s4jZl2CzN90/JqCeV9LrLloXpTNV1nO/Gc9NAZG3dRVqhve7XCv4hWzJ0ZIYtQ9SWGmbfP6wmyvxocQI+dNhPfr3ZdL1X1fkYCx7C3Ct8TkmpNNa4zhVtu7wmq/+K/+6jx0HWQ3S8b92X8PG6Z4v0y5Wvz/HPW8Nz/oa6vyPTJakr9dWYTyPhaYGGDWGKv9H3dzLt9DCVoETARERERERERuawpsCrBRpvI/W5eTz3N7v382FkXkk0Zw8xv55NiRN06dyxn+Y7msBmXXQ2lrHY2GsHMWLLsWcG1OqcsoOA2o6HWcpY/fZDOXsHVLppfWEnxa4NbRz7mpluYbXTR9d/F/DjSYkwnqyne7HtZPJV5M4JfTjdd+3n/193hAsBjZ5Lnz/jtpOL7y6loCjMrH3XR8NxqSo/6goVZFNx1MSqYtlG31xcljGHejCj/yp06hyx/aYaQRaziMshb6FvwbD/Fq7bRHOZSu+pKWP68MYbxWfyHtWdOUxYW+DOf255fHn7BsI/aqFhVzH5jqlLuzSZltLFv6gIKfA2c2s3qVdtoDpf52n6Q4keNEhdA3N0FZE0KPCCWlJt8mcrdVD9fHvZa2l5ezerKT265tX6fNxEREREREREZUqqxKr0lLuZ7C6t4eIc30NX18o8pv30rBakBGZyfy6LwERcPP3WQTrppeO5BvrkjhZk585jzhavhVDP79uzk4NEuf4Zo3F1F5KWFZoHGMvM/15J1dDnV7dD56mq+9Yeedro8LvZVV1N3vBtiYojpHuBCRYGMgOfBnzXSTSf713yLuqkzybp1Ol8xxcJZD3/6/T6qDzXSZTSecF8BGaFFP6/8d39t2ebNqymJzWP6eIibkk6ycawps5Dv1T9M8aFOONtA6UPf5BdTZ7Jg3hySx8MHf9nHnsqDNJ7yzwpZhXmkDjiTNApHd/OLVuPr8VnMifbtodEp3HJnLBU7vMHE0EWsUpY+Q0Gjd8Gz7qPlPLh4H+mZ2cxJNRF71oPr1Z1U13mM+xXmOuNmU/ijP7HssWo6A+5L4FxVb99Ps5EpGzO1gMK7ApecimN24Vr+9ID32fGOYTfpt2cw82vJXM0HNO/fw86A+xozNY+196X2qglsun0Bs59b7Q3g/nkbDy6uY/airDDPYAopkxtp7DMb+QIZwPMmIiIiIiIiIkNHgVUJK+XeQrJe8wasoJPq9eXM2Zrfky0ImG4vYuNVpax8ooLms9B9qpH9mxu9Cx4FiSH53rVsuDc1/OvusakUPF1I56PFHGyP0E5MMrlPLaD7kWKqB3E9prvW8szZ1Tz8XAPddNN1dD/bjvYeqXesG9hwb5gM0ikZLEisoLwV6G6m+umVVAMpD23lmbuNgN9oE7NXbST2uZWsrmz291Uerq+xySz+0QbyUi9GEQBoPLjHn0Uce/stQfduoFLm/QcJO0ppg96LWI02kbXmGXh6JSWHOuFsG3WVJdRVhjQSk0zu2g3kh7nO2LQCNq6Flaurae6OPFdxM77LhlUZmEKvITaVgmefIfb7y9nW1A3dHupqyqmrCW0hBpP1O6x9PIOEcPMQO5OCp3Jp+34Fzd3A2Wb2b/5J8DM4NpX8p4tI3vMNln8SgdWBPG8iIiIiIiIiMmRUCkDCG5tK/oqe+qe0V7B6c+9aqnHp+Wz81VY2PJRL+hQTsf5UwBhiP5dMek4BG17Yxcb7UontK7B37WyKtvraifNnFMaMTyA957ts3LaR/KkBaXrXXt3nKvK9xZK8cAO7XthAwaLZpF4bF5C1GDrWlPAB4NEJLP7pRgpuSyYuIPOysS2k6uboONLtG7195aST/LnYnr5iYjFNSSf3oQ1s/dXGixZU5exBqvw1RWOZd2tKn4dHNCmdjETfh96LWBGbTJbjl/zSWcjim5MxjfffOWI/l8rspYVs2rYxbFDVJy69wHiGMoLvy9g4km/OpWDdVn7piBAQBYhNIe+/doUZA8TEGff1+V+xdVUfbQCxU/PZuG0ThfcG3jPfdaxl6682kDvlIt2vcAb6vImIiIiIiIjIkPjUuXPnzg31IEQGpoGSucu9GatfLmDrz7JQ3p6IiIiIiFwsra2tJCYm9n+giIx4+nkw8pw+fRqAhoaGfo7sLTXVW29RpQBkSHleWs7Dv+oiOTWFOd8oYHZfP6NONvtXlyc5QUFVEREREREREREZMgqsypCKjY2h82QzdSeb8UzMZnZimNqmhrb9u2k2vk5PSf5kBigiIiIiIiIiIhKGaqzKkIqdNhPfYvVtz/+YiuPhj+uqK2H5823eDzGzyZjxCda6FBERERERERERCaGMVRlacXP4j7v/Dw0vdUJ3I6VL57PvtlwyvvYVTGOhy/MnDv+mmoNHu4xFk+LI+lEBM8f2066IiIiIiIiIiMhFpMCqDLEYUu0bKTr7MMUve+imm+bXtlHyWphDxyaT+4O15KcpW1VERERERERERIaWAqsy9EbHMfPRrfxqcQN7fvkLdr7eiKfTm59KTCymxBRmzl1A9l2pmEYP7VBFREREROTy0traOtRDEBGRYUqBVRk2Yq5NJeuRVLKGeiAiIiIiIiKGxMTEoR6CiAwD+iOLhKPFq0RERERERERERESipMCqiIiIiIiIiIiISJQUWBURERERERERERGJkgKrIiIiIiIiIiIiIlFSYFVEREREREREREQkSgqsioiIiIiIiIiIiERJgVURERERERERERGRKCmwKiIiIiIiIiIiIhIlBVZFREREREREREREoqTAqoiIiIiIiIiIiEiUFFgVERERERERERERiZICqyIiIiIiIiIiIiJRUmBVRERERERE5CJpr7STNCWl178n68+v3SPrU1ha2XHex4iIyOBdMdQDEBERERERERnRrGs4XJZDvO9z/QaSFm1gXtNypg2yyWkrGtl8gYYnIiKDo4zVEci9y0H+sy7fJ2qK8snPzw/YNoRcTvKLanBfpObduxzRte+pwZHvZBjMzIgR/PxFKeB+BLUz3O7TUI/nfPu/wON3PZuPY1e47zoXznwHNR7w/Sxynk+n7r9g2/LO4Md9vueLiIiIXChpc7FxjGaPb0MHO2zhs1l7Ml7tPLneTtL6BiAkG7V+Q0A27AaOGOfllsGBQqv/uCPre/royWT19r3UZr8gmbQiIpcTBVZHPA9tHgv20lJKH7AM9WBE+mbKxFFqR0/qRXa5zrP5C5Qt+eLld90iIiIy/NTvpYzJJJu8H4+st/LYlG20NDXSsj2PskV2dngATyXfL4R1tY20NNmhrDZMYw08ueiYcUwjh4uP8fPKDuJznFTYYFZxLZtzJngDrU1rONzUSEvtGii0BgVRD0yx09LUyONpn8QEiIiMDCoFMKK5cBpZaa58B9mrHWQa/+HGU4OjqI1sf3DFhTP/MNONz65n83Ea/5E1ZzlwzDfjzThz0HZ3KXaL75wqEgLbDdM3AGn2XoFd17P5VJ0w4/a4/X2E77ef9lxO8p0uwIzF90tAP9cXyr3LgbPaDZgD5sl7vVW+vyKbsnGszsTscpL/UoL36159BZ9jsfvmaoDzY7RlSnPhqu+nDf919z7OvcuBo9rdax4jbY/6fhNhnDiN9p3kPxt8z927HDhOZBvbvNePb8y+OX0QSovayLZj3A+jnay+7lOA0PseeK88NTiKqoxs5gjnBzGuPz0bT7X3vOBnMsK98D0n+OYs/HMbOOdBz3PQOC3YBxIAHUj/aRYs9Z6g+5ddasficpL/Elhw4fL0PTeBz4/vOEu9w3sd9Q4cBM6Pm5oi4+dPkQNW53s3n6zB4Qwzn4O57jffIdl11vv12Cv5/YIvGK/XuSne0s4mgPixLGvvJnnuV1jAX7Dt/RcPLfkiljffIfktWMZZNp0FGE3x3K+wIPT2vvkOyW9dQXHsPyhsBxjLTn9w9u/s3NlGoTGEoDEEjG1Z/Fg2dV0Rdl/wuEVERGTEql3F9CmrAjZYWVfrNMoANLCnDGzbU7270vJYZ7XSfALaW/dywGZnswkglfuLrZQd67ur+BxnmBIBHby2u5ZZGU94f+8w5fAd2yp+3toBxv9DzZp83XlepIjI5UcZqyOaLzgRJlBispBucnHYF/FxHcaVNh0LRvCq3shyXZ0N1Y4oX9/1BlQ8WQ5KjTbM9VXG68ChR6bjKC3FMd/s7fdENo5e/fbRnqcGh9OFxV5KaWk+CSfc/V5fby7qyKe0tBR7mpuqjd5SAq5nHVRNtHv7LLVj8VRR5QIs07F46owgFLjr63AbbQedY7fgcjrCXHd/8+PCM9FhjAdcL4UpbeCpweH0kL26lNLSUhxZ5p7jXF89Oa8AACAASURBVE4cdd55LS21Y6ou9bYdYfvg73eYcVrsOLLMYQPp5rR0zCfc3jF63HhMZjjpvTL3SQ/mdAv+mFbYdsLfp4FxU7OxCpO91Lg3JqqqB/ZQu6rbyPbPTWnv+xl0LxxkU4XjWRd93meXs+dZL3WQfcJ3/104i3rGaU9z4eyvtEXQ90Bg/+B61okrzfs8OiZ6Ir8C73HB3cb5Jnf4uXE5cVSbvM+J7x5UuzDPd2BPCxd0NpO5uvfPH1cd5BvfH27/fA7iut1/weY6yzLLDTQvSaCYf/C13d4zXLvb2RQfT/OSG/j9ld3eAGs4Z8/C9cb5Yz+isCFCj2f/wctXJtC85AZ2xp9lgb+fNgpjvf00L4ln2dl/UPYmgJvigLEld53tacv9F2yuborn9h63iIiIjGBWI1O0qZEKG2CzszDkD9lli3yv6Vt5rBaaWzs4fixchmqoVB6vncseq3G+rZL2CEceKLT6SwHklsGBY3/170tOnDDYqxMRuWwpsHrZMmNJN+MxAluuP7iw3OQNYHlOuDFnZXuDkKZMstO8+6NpO3N1aU+QxWQmYmLgRLMRTHPjqnP3BNeMfr3j66M9dxtuUzbZFqPfu31BuMjXF2686WnetgOPsTwQWD7BRIK/UxMJJjd19W7/uL3nuThcH9CGJZtsk5u2XjGT/uYn/HiCmDJxlPYEq8zX9rTg+oMrIEhpwW4cF2n74O/3AMYZNGYzJl9A2t2G6e5sqHPhxo2rDn9bF6y/vlh6B34j9ho0N7773sNdX4fblI7F5B1j5t0WOOHGPeDvAzOZvsCj6zAuLEz3PUJZ2Zg9bYT5m0TAAMJ8D9QfxoWLw/VmsrO8jZnnZ/eRAerr0/t9E/4Qu/cPDMZH08T+7ld4/mfQEvCHjsFcd8e/ODD2SmxfBfgMC64fC+1duHCzp300xane8cXPjGNZxEbGMs84f5Z5dB+djeWhmZ/xji31Sma1d+ECLBk30Jxh9h+TPNb48s0uNoWOzdB+7AwHxo5jljlgX9f/i/g/PyIiIjLyTFuxDVvZ4oAap+DNYPUGXn3/NudMYNJk68AaNeWw2TjvcMZepht1WEPZtgf30bIi9fwvSETkMqZSAJcxc1o6bHThnu/hcL2F6Q8AuHGfACb2HGeaaIYTUTYe8po6mEkIN4aJwaEmd7WD/OrALR7AHLE990kPhG050vWFY8IcLuIV9GqylxGiwpJupuqEBzxu6jwWI6jl5XLmkx84jpNusIQEofqcnwjjCRH0KjmAKYFw989r4NsHfr8HNs4eFqanOTnsBtcfPCRkmYDDeDDT5jEx3QR9R9Ki7S+QN3vSme+7NwN81RwwXTuAAKKnCkd+VfAm8JaNCHefLXYcJx3+c3qXvQh6gnB7MAK3vfX6HjAnYKbNmxVMpO+OEKaEyH/86OkpuDQG+F8bi0bk+YzuuttPdRP0n7AJVzCLf4H7/3EMSB7IYMZewYBeeIt0nPsv2Pb+gwMBm5aFG1uos//ga1veCOyAv4LKAYiIiFw2Unl8ex5Ji8o5krOcaaQyz1ZL7pYGFq5IBU8lS62rSN7eyOMz5jKr0MmOJU4Wmhp4rrAWbPbg5jyVLLW28J2m5UZpgXCv9U/gtgwrj22s5P6yHOJp4Mkpi2kurmVzzidxzSIiI5MCq5czk4V0SnHtMuFKm473P89mzCHBN8+JCK+pRgzcuHAaryYH1uYciPD1RCO3F5ip2UvY6xso76vjZDkoDaw3auw1p6Vjrj6M6yb8ZQCMPQOo3Tn4+elpwmm8vh9YS9Tbf+j9841roNujv98DZ7nJQtVJF+4TJswmM0z04N51eBD3Z2CCg47ecgeAd76KagJqkUbm8QfGIwWnCVv6oL/7bJ7voHQ++J4t57Wl3jkIqpHav17fA+427x8D+soUHwT3rlKqyMZR6h2bt2buBewgyuuOHx9D0F89Ov7FAeAh878xmTMXcGDA2X/1BD59/fB3dh78ByQl0DzzM/jqrTaHG1uvwccHZLqKiIjIZcmoo5q7fi4tK1KZtqKWdTYrSVO8u2cV1xqLSOXwVPFepltTeIw81hVbIbTGqimHp4rtTJ+S4v1sXcPhMu9r/ZMmWzlQaGUptWzOcVJxLKWn1qttGy05E4AORERkcFQK4LJmxpIOVdXBr8mbJppxV1d56zF6aqiqD3712veauLu+bkA1Lt27qiLXdgwaS0CdUCN7zbGrdw9B7Vmm99Q+xU3NS8HZgeGub1BcVcGZekYNV6czsG0L09MC6lN6anDk5/dbr3Rg89NnC0HXbZpoxl3nCppHp6uf7RfwfvfJnAB1VdThzZC03GSirs5z/vcniK+2rrdMg2+bMz+k3q2/DEXf/HPmcVHnMfcqWWBOSw+qket6Np/8MPVBA++ze5eD/GdDMlnNhDzPxnGBi1+FY07AHPo9kDYdS8jzeP7PWSAXVdUXsC7oYK57whXM8tc0/Ts73zoL8bFYMDMvvqdeavvBzsg1VgfsLHve9H7l+quvnxBvtvcsYvXV2IB6q8bYDPGTxzGrvZOdxvS5dr9B8s6/qBSAiIjICBaf46SlLCfk7ZQJLCwLfBXf+BxQBiDo/KZGWpryYHetPxt12oqe43qOaQzqy7fdd9y0FeHKAHj7fnwQbyOJiFzulLF6mfNmXrb5axuCN5POfiLf/1quOcthZNyZyXwwm7oiJ/n5vtqTdWFatZCdZcZhvBJvzrKTbXKGqTUaMhajX/8r1Wl2I1vUHLk9kwW73UK+sc+SlY05YEjhrm+AM0Pm3RaqnEZpgjQ79jQXVf7sRaMcQLUpqG3LAw6yixz43mjumbsBzs9Ak9gs2WSbHMY9MpNtz8bs9NaktITMoznLgcMCWPrePvj7HTJz15qg2kn+s2GyOE0W0qmizldn05wAHsLen6B2sgY4L6ZM8rPqjLk16ovWAViw2w+TX5SP9+ot2Eu9nXozL7Mj1ly1TGzDYcyNxV7qzUYOCrJn4rC3hbTtzbyMdJ8z5+f3ek4cJuPc1dk4inwlC8xkr+6nZIGvf18JClM2DuNaLA/YseRHd/8iMc/PxlLtNJ4f7/ed6yU3bixGcN6Bg9AFrLz1iKuKHLA6P1LTg7tu8xcos7xDsusNNrmAsVfyeyML1JIRz7It7SRvaWdW0pUsO98M1rFj4a03SPb1s8Dbz4Lr2yl0tZHc0gbx8eyMP8t/nfo7YKbQ0mWMbTTFSWN7Mlh94977BoXextm55AvE0/+zKCIiIpeh+g0kLSrv+ezPMhURkeHgU+fOnTs31IOQoTPS/0d+pF+fXAgunM+CvdczYpR/uDtceYpLkMtJvpMB15YdMd58h2QX7FzyxcFd95vvkPzWFfx+wRcGXQPVtfsNFqDX/0VERC5Fra2tJCYmDvUwRGQY0M+Dkef06dMANDSEX/CvL6mp3qx/ZaxexryLH/Vk7o00I/365AJxHYabLkaF16EWutiUt/7vyP9u8NY69b+Wz2iK537lk73u0EWtArJcRUREREREZORQxqqIiIiIiIhIGMpQExEf/TwYeS5ExqoWrxIRERERERERERGJkgKrIiIiIiIiIiIiIlFSYFVEREREREREREQkSgqsioiIiIiIiIiIiERJgVURERERERERERGRKCmwKiIiIiIiIiIiIhIlBVZFREREREREREREoqTAqoiIiIiIiIiIiEiUFFgVERERERERERERidIVQz0AERERERERkeGqtbV1qIcgIiLDlAKrIiIiIiIiIhEkJiYO9RBEZBjQH1kkHJUCEBEREREREREREYmSAqsiIiIiIiIiIiIiUVJgVURERERERERERCRKCqyKiIiIiIiIiIiIREmBVREREREREREREZEoKbAqIiIiIiIiIiIiEiUFVkVERERERERERESipMCqiIiIiIiIiIiISJQUWBURERERERERERGJkgKrIiIiIiIiIiIiIlFSYFVEREREREREREQkSgqsioiIiIiIiIiIiERJgVURERERERGRi6S90k7SlJRe/56s/wQ691SydMoGjhgfj6xPYWllxwVr/sj63teVFNDfpaGBJz+p+yEiI84VQz0AERERERERkRHNuobDZTnED/U4LgbbNlpWpPo/tlfamb6+IWibiMhIpYxVERERERERkaFSv6En29NWSbux+cj6FJbavNmu3izTDnbYfMdt4ElbYJZlwD5/9mUDT1pXcYBycqdsYH+lndwyOFBo9WetBmac9mSyett6cn3AuNY3DPhy4hMnQ9Mx4zq82aDh2gnKdu1zuzEe37XWbwjKig3Mwu3renxz6W0nYL7W7x3wtYmIhFJgVURERERERGQoeCpZuqgc2/ZGWppqWccqpgcEGQ8wl8NNjWzOmUB75Q94jDUcbmqk5UEoq+1p5sh6a8++7XmULbKzw5PK47VrmEUeFU3LmZ3jpMIGs4prjfbs5DYZ59SugUJr0OvwZU1J/vYoc7LDM7BLOrKvHKZMJp4OdtgW01xcS4vRxyxfO/UbevpuqmVdU1/bJ3BbhpXmVm+gtL31GLOs0OwB6KC5ycq8Gcb1lOVREeF6Dkyx09LUyONpIfM1B8oGe/9E5LKnUgAiIiIiIiIiF1PtKqZPWeX/6AtucqKFA9Y1PJUGMIGFD+bx2KK9HPG9Rj9lslE+oIPXdtdie9Dp/ZyWxzprOc3GvuYmsD2YE7DPyp5DHSycEWlA3vZmZTzhPceUw3dsq/h5awekGWPMuNVoby42jkW+trLFJAVGJq1rOFzmHf/CskYW+rabJpNMuOzQCSwsc3q/PBFhe+JkDmz8De05ORw/NpnvPAg/P9TBwhm/YQ9zecoEx4/VMqv4CaYFXE/uvgYeT7vOez2Tr/Nfe+/58s2liFyOUlMHX7pEGasiIiIiIiIiF5PVl4Xp/bc5ZwLgzb4MMjGJWQEfe4KBf6W5lghC900gecrAhnWg0Op/dT63DA4c+6t/X3LihIE1Ytvmv66WpkZaAmvJBpY5mLK4JzM0bTmHM/YyPfS1/Yjb52KrbeE4DexpSmLSxCQ49ldvYNrIjm1uCh7WpMnWoM8919PXXIqIREcZqyPN3w7w1OPbaRlnwb7GjmVcmGPOuHCucuKij2MuOjc1RQ6qwr1OMmoMV10ziWlfX8aimwb4H/NLmjEXE+2UPmCJeJTr2Xyc4VaqHDMO8+fTmXtPNjMmDfJmnn6Lms1HSfjfuUyN6kRj7GTjWJ2JeYDXIiIiIiIiRj3SQCdaOAB8p9eR15FsJUJWZeg+I8g4OezBQWzbva/GB+sId+ggNPCkUebA20cDT05x+vfG5zhpyfH2t8Nm5clE73Hht6cyz+akuT6J5imTiTdBctMxdlCObc5ygF7B5OPHagF7mHH1NZciItFRxupI89lZFCy1MK7LxZYXXJzpdcAZXC9swdU1jhm2oQqqBppA0s3ppAf+u3ESfNDCgTIHJa/3voLL2zgm3RA8X1OvvYKOlgNseWIlJb8b3C9B7t++SNWfO/jwAo9WRERERET6MDGJWbWreM63oNLGcrDN9b7OHsRbZ7Rso7G4VX05j9X27EueQsg+b93RyELaMxaZ6lnw6cJrr3T6M1bbK+0hC2JZSZ4YeTvApMmwZ+NemHwdkMq8KXvZ05THvDTffisHCsu9i1p5Kvl5GdjmhHu9t6+5FBGJjjJWR6BxNy1hiettnPVONv3upxT8fz3R0zO/24Sz/gyTshws+fIQDtJvEnfkLaNXbuOZQ5R8bwtHq2s4fnMuk4ZiaMPSeKblLCPTFLL5dB3O1ZtwbXVSk/SD3vsvGjOZq0vJ/KS6ExEREREZSUw5bN7eQtKiFG/Q0bqGwyvC1/qLz3mCdbut3lqttjWsC8i6nLailnU2q7+Oq217IwtNAJNJZhW5U6CiabkRfLSylFo25zipOJbSU/vVto2WnAlcuIzVVO4vtjLduLZZxdtYZ11M8wlYmPME62xWkows01nFtWw2AZG2A/Ez5kLhXuY94Q0YT5rsXdxrs39+vNeTO6Xcf27vbFzfsQFzaV3DOpsyWEVkcD517ty5c0M9CLkIfK/7n5lEdpERaPPU8MTqKo5PzMbxg0zMAHxIx+sVbKo+RMsHH8KoMUxImkH20kWkX+1rzIUz34kny4Fjvjmgk9DtvtfAl2D/9Ets+t1piLWwaLWdGbGhA/SVArBgL7X3DqwCdc58NrmC93/4fh3by7ZT9+4ZPmQM4z4/lcyFS5ibPC643XBjGNVCzaYt7H3bzZkPYUysmS/Nvof7Mq7nqoDc7dNv72VbZQ1H++1jGWstb+F8sY7jXR/Cpycw9c5lLJufREAom5ZXt7Dt5aMcP+3NB/X2uyTguGhKAZjJXu0IHzg9uoVHSg7BLY/w03uv92/ub856lRhI840jirH3VQrgzMDmXURERERkuGltbSUxMXGoh9Gbp5Kl1r3Mq3UaAVQRudiG7c8DGbTTp0+fdxsKa4xU4yzYbTMY9/FxqspqcOOmpqyK4/9mYdl3fUFVcO96ipXlB/DEziDXtowlX5/KmHcPsOkHT1BzcpB9u7awqfl6sm1LyJw9na/2CqoOxGlOdQKjxjDG2PLhG1t4vGgTdf/8Epn3LmPZvZl86Z9HqdiwEqcrpGRArzG4qXnqKapar2BqxhKW2ZaQ+cUPOVr9U5761XH/aWdcTop+UoHrrNHHghmY/uYK38fb21n7fAsTZi9i2b3ZWD57iqPVT7Hp9Z4X6lt2ruWpnUf51xczWWJbxrIFc5k8zs3R6qcoee38v4GDTJ3JjM/Cmbffxh3FnE2+fRm5lquAJGbZlrHs9skXcOwDm3cREREREenbkfUpPQtBWVeRvF1BVRGRoaZSACPZl5ewYn4Ljl1V/LzoEB2ecVjsS0j3pVP+bS+bqo8zzrKMtfZ0IwMxnRm3HKLk+1uo+lUdcx9K9wc2B+zj61lUuIwZg63f+s8O3qp2UvEujEubxpcAOE7Vi4c4nbKEDQ/N8Gc6pt8yi0Mlj7BlZw3HLQElA0LH4KmhzgMW2w9YdpOx7SYL43/yCNvffhM3kzB/fJSKLS7OmDJxFGVjHuWdj/Rbp7O96CkOhPbRNZ5ZRQ6yrzXGMsOM8yEnrjeOws0W4C0O159iXNoyVj5gMeYxnfRbEij535s4+s4xuO1CLvA0gQlXA81uPIB5oHOWlM7USTVUuMZz/U3pRnbwBRq7x9X/vF/AGRARERERGammrWikZcVQj0JERAIpsDrCmb+eT/YbDqqOdzDulkewB6xWdbrhCMe5irl3pBMUA71qBrfdXMHR3x2m7p/pzPh0lJ2avkTSgIOqLpz5+eF3XTODZfcaQb2TR3B9AOYvfshb9XVBh50ZcxV8cJQ3PblM8v3FNnQMn53A1aPAVb2JQ1dnk544gTGjxjHju6XM8B3z9hFcZ2DqgkwjqGoYk8T82ZM4sPMwh1tymZTkG5+F9GsDjhtlIuEacJ1w48aCmetZtO7nLAq9rk9PYvI1cPSfZ/gQog9cR3QV48cHfIx2zoJcoLEPZN5FRERERERERC5BCqyOdKPMWCxmqo7D3NuvD9r1P2fOAgmYJ/Y+7eoJ44EPOPU34KK+XjKBpJuTCFqv8qoEplssfClxAmN8Ac733N4S6q9vZ9Pr4do5jfv9Psb66XRyFx6ibUcdW56qY8uoMVw1aSq3zZ3PzLRJ3mzO/3eGM1yF2dQ7XHjV1ROA43ScCtg4aoAh0Y8/5EzHcVreddP2zpu8efQoLR8AnKIDLmDGZod3DnzOd87g/Mc+kHkXEREREREREbkEKbAqQ2wSd+QtC7t4VTgWeyn2Qb49b77tETbMPE1Lw0FeO1DH0XddVJW5qHo5G8fjmRfllXT3az/lJzve4vTHwJhxXBV7NQk3pDP1jUMcveC9ddDxAWBKCIqVDnbOLtTY+513BVdFRERERERE5BKkwOpl7N/HjQXacJ8AkoL3fdBxCvgSE67p2Xbqb6cIylF838iI/CSMn8BVwLHmFrAk9Xt4RGOuIummTJJuyoSPP+R49Vqe2L2XvW9nsuTfxjGO07g9H0JScDbq6Q86gAmYPxdFX3/by6YX3+JfUxfheGAWZn9JhRYqLkZg9WgdrjMwYeZXvXfpfObsQo+9r3n/crSNiYiIiIiIiIgMPeWKXcauSp3GJE5z6JU6gta7P32I114/A1+6nutHAYxl3Dg403acwLXg3a/X8Ymt6540nelXw+nfvUJd0GDPUOd8hPz/LOFQV+TTP6zfxPL/fIQtgRHBUWO4+uqAoqRfmoZlHBx9uQb3x4Ent7Br/3GIncpXA2uq9qf1GMeBL90cGJiED5sP4/pbFO0MxOk6nOWHODMqibmzjeW1zmfOLtDYBzTvIiIiIiIiIiKXIGWsXs4+O5dlWYdxVG9i5ZPHyJw7mXHvH2HvbhduJpF9zyyuAuB60tPGcei3FTzl/JDMtPGccu2l5u0rmPRZ+NcnMthJZC6wcMjpYtMKB2/dncn1n+7gzd+9Rl3LGSZl5TIjNvLZY6ZO5/oxdRxyOjh12wymJ4znVNshDrz6FkzKZu6XAaaSu8SCy1mDo8hN9h3TmPDPY7z28gFaTo/DYs8OTeztW+L1JI1y4XrewZZTmVw//kM6XHupcXWcx4pVpzhSuQl3wMJcZ9xHefvdM3zIOCz2AmZ91rdn4HPmzV5+m1d2HuLDtK+SfoHGPrB5FxERERERERG59Ciwepkzz/8+a6+uYFP1ISrKDsCoMUxImUvB4lymXt1z3PWLV7LsIyfb/1DFFtcYxn0+nSWPz6XjZw7qIjd/QY2z2Fm7fC9bdtRQt3MTh4AxV01iRt73WXTzhL5P/vRUlhUVML60gkOvVXD0Q2DMOCbdvIy1i9P9i2eNs9hZ/d29bKusoeYFFx8yhnGfn8GS/8xlxqRxffXQ22dnUfC9M2zaXMOhnZs4NGoMV01KZ9Fj32X8b4soOXSM4/8kKCO0f2c4/kZIpvCnr2LS1Lnc8c1s0q8JjnoOdM6umj6fWbVODry6hZa3s0n6QeaFGfsA511ERERERERE5FLzqXPnzp0b6kGIiIiIiIiIDDetra0kJiYO9TBEZBjQz4OR5/Tp0/0f1A/VWBURERERERERERGJkgKrIiIiIiIiIiIiIlFSYFVEREREREREREQkSlq8SkRERERERCSC1tbWoR6CiIgMUwqsioiIiIiIiESgxWpEBPRHFglPpQBEREREREREREREoqTAqoiIiIiIiIiIiEiUFFgVERERERERERERiZICqyIiIiIiIiIiIiJRUmBVREREREREREREJEpXDPUA5MI7efLkUA9BRERERETkorv22muHeggiInIZU2B1BNIvFyIiIiIiIiIiIheXSgGIiIiIiIiIiIiIREmBVREREREREREREZEoKbAqIiIiIiIiIiIiEiUFVkVERERERERERESipMCqiIiIiIiIiIiISJQUWBURERERERG5SI6sTyFpSgpP1ofsqN9A0pQUktY3RN9o/QaSptjZ4bkgQ7xgjqxPYWllx1APQ0TkE6PAqoiIiIiIiMhFNMtqpWxfcAD1yL5yZlmtg2itgx0bj2GzwZ5DCmKKiAwlBVZFRERERERELqaMudjK9nLEv6GBPWV5zMswPnoqWTplQ9D+J4M+B/D8hj3M5f4lc6GwvNcxvgzZ0CzZ8Ns72GELs71+A0m2StqNj+2Vdn9m7ZH1KSxdv4Glxjm+49or7eSWwYFCq7JWReSyocCqiIiIiIiIyEU1mWRrOXv8gcu9lNnmcptvt+lW5oXZPy1MS+2H9kLGrcSbcviOLeAcjOAm22hpaqSldg3Ni7zB2Ujbj6y38hhrONzUSMv2PMoWDay8wIEy+I7R1qzaVTxXD/E5TipsMKu4ls05EwY5TyIilxYFVkVEREREREQuquu4LaOnHMCRfeXY5qQG7J/AbRlWmls7Iuz36eC13TBvhjdwOW1OXkCJgQ5e213bc54ph81Ny5nWx/bmJrA9mEM8QFoe66y1Aysv4Av6mm5l3mCqGYiIjBAKrIqIiIiIiIhcZPEz5jKr6RjtNLCnzEryxN772f0bY38e89LCNOL5DXtqa3nMaryGv6gc/CUG/kpzbbieB7p9AslTBnYtsyZfN7ADRURGOAVWRURERERERC42063MYy+vVe6lzDqX20x97I9QBuDIllUcsBmv9Bv/Kmzl/LyyA7iO5LDZowPd7s1gDef4sbCRWRGRy54CqyIiIiIiIiIX3QSSp9TyWGE5szJu9b5+H7L/tgx4rDBSGYAG9pTRa9+kyVYO7P4N7UbGqb80gKeSpVPs7PD0s32jsUhVfTmP1Vr9ZQao3ctrnp5+RUSktyuGegAiIiIiIiIil4Npc/Kg7FhP8DJE/Iy5zGJy+DIA9XspI4+KtDDnFK7iufocHl9RyzqblSTjlX7b9kYWmoB+tk+fsip4u2k5FbYUcq0pPEYe64qtcKz/65s02cqBQitL0QJWInJ5+NS5c+fODfUgRERERERERIab1tZWEhMTP7H+2ivtTD9mp2VFuIxVERlKn/TPA7n4Tp8+fd5tKGNVREREREREZIgdWZ9CblkeFU0KqoqIXCoUWBUREREREREZYtNWNNKyYqhHISIi0dDiVSIiIiIiIiIiIiJRUmBVREREREREREREJEoqBSAifmfO/hNP+wf843/O8PHHWtdORERERIaPUaM+xZX/Pg5T/NWMG/vpoR6OiIiIAqsi4nXm7D95p/U4Ez8XT+J1JkaNUkK7iIiIiAwfH3/8MZ1//wfvtB7ni4mTFFwVEZEhp8iJiADgaf+AiZ+LZ0LceAVVRURERGTYGTVqFBPixjPxc/F42j8Y6uGIiIgosCoiXv/4nzPEfebKoR6GiIiIiEif4j5zJf/4nzNDPQwREREFVkXE6+OPzylTVURERESGvVGjRmk9ABERGRYURRERERERERERERGJzEMibwAAIABJREFUkgKrIiIiIiIiIiIiIlFSYFVEREREREREREQkSgqsioiIiIiIiIiIiETpiqEegIiIiIiIiMhw1draOtRDEBGRYUqBVREREREREZEIEhMTh3oIIjIM6I8sEo4Cq3IJ+D18aj+cWxl2r+vZfJz1oVvNZK92kOl2kv9SAo7VmZgH2Jvr2XyqJjpwzA89w4Uz34krzU7pAxb/VvcuB44T2UHbRERERERERERkZFNgVYa319fC147AAmDhp+Abblhk6n1cSLDTz2Sn9ELHO+urqPFYyAwzDBERERERERERuTwosCrD280r4fdr4Ws/gN+fg5ujPN/ly1i14CpyUIcZt8eNxV6KHSf5TpdxoAV7qR3TLoc3+7XegYNwWatmLGlQtbEGS4QsWPcuB45qt//47NUOMk1uaooctKVn46muwg2YsxxknzD6M/r3xoC9x1Z5jJHZS7EP42TYP77wQ8reiLQ3Bdv6e7iRRspWvAhLfoRt6nl09v5vWPtKPCvvTYm8/+l9eG64h5Iwx/zxhR9S5pnDykdvRXFxERERERERETkfCqzK8PbXbfA14Jzbm7H63UEEVwO4J2ZTutqC97V+D9mrS8k0eYOhpbvcOOY7sJ+IVArAKyErn4SNDqpcmb0Dni4njmoT9lIHFowyBdUuMh/whvFcdeAoLcXscpLvdFCV5aD0AbyB1F1uLPPNuJ51UDXR7h2ncVzNasfwzpC9pr9gZQq29T86z07aeXnLPjyme/o/9I0XKTt6nkFcEREREREREZE+KLAqw9t1i+Gc8fWOc5GPq3eSn9/zMVKWp3li+NCfeb4Dx4AHZSbzbgv5TieuUntwMNFip7S056NpohlOBJyZbvFmuZoTMAPZRvDWPNF3hIvD9WDxDd6STbbJQZsblGIZnT9ueZE/rr+HG4d6ICIiIiIiIiIyIimwKiNDpBqrIUzX+rJQLdhXu3EU5VMFYMqOaoErLHbsaflU7XKTH7Qj+DV+79jC9d83lzM/qF3zSTdYBjy6YSi4FIDn1RLWem7g6559/Pp9wPfq/tEXKdjS2HOaPxPWe/4fAd5/kYIVvhID4d14xxzee2Ufv361nRtvj+9zZL1KGQRl3/rGfQ9sMfrHN156xgTcGFrmwFeWIOicCCUMREREREREROSSo8CqXL5MmThKMwGjLuqz5gEFZ30sWdlUFZVSFRA4de8qpYpsHKXeIK17lwPHiYhNROCryxrteZeYN/bxf+8ooMQX+Dz6IgVb2vn6oz/izmsA2nn56RLWvhBPyb0p2NYX8PLTJfzaNIAApelWlt3xBmtfeZGXbygw2uvNX3N1fXAg1den/7gt+/j6oz/Cdo0RFH7lRQpWxAdv21LCy48afRlBVfzX572WgqdV31VERERERERkpBg11AMQGRKeGhz5TlwBmyKVCYjIlEl+Frjq3REOcFFVHWlfJBamp7mpqnYFjDMfp6vvsy5NKXw9IJvU42kH4jH5g6Dx3Pnojwad5Wm6fQ430s6vt/wGT9gjGvnDG3DjvMBAZwo33QB42oPPuWGOPzhruuEGTIDpjntCtrVz/H3v5z++sg/PNXNY5r++eO5cMgfT+/v49dFBXY6IiIiIiIiIDDPKWJXLkymT/CwHDl9hVlM2jtXeV+1NE824qx04iLyAlY95fj7ZdQ5vOQHAPD8bS7UTR34VYMFut+B6yY07ihxFywMOsosc/pqx5ixH2Hqxw8r7+1i7Yl/Ixni+/mjkbFGuMfO5gI+mG27A9Mo+ylb8sPdr9YOSgm1JCgVb9rHp1RRW9ioJELigVmPQa/2EjNlkCjj3mnjvuE2RSgx4A7amO1KC7/o1Kfyva/bxfz3tMLXv8gQiIiIiIiIiMvwpsCqXPMsDpZRG3Gmn1AhKmlcHH2We76B0fu9TIm0HC/bS0AinmczVpWQGHRPcT9j+TZk4Aj5aHiilp+XQNi8B11yAV9yvuZWV6+O9Ac4tP6QA6Dc425+p92C74YeUGSUBQscXVF/VuIb3XvghZeFTXKPieaWEgld6b1cZABEREREREZGRQYFVERlGemeR/vrpFzH1sVBVf2689x5uXPEiv36lEVvgjvd/w6/f6L3o1HuD7CeU6Y6CMFmyIiIiIiIiIjJSqMaqiAxTKdgenYOJdjzvn2c7S1LgjRd7slMB3nfjIYWbgkoOeF/jPz/xTLrGVzM2uO2yFT+kTDVWRUREREREREYEBVZFZFjwvFpCQWCdU3yLQN3AjYMtBeAz9R5sN4Rsu8aMiUZ+/WpPAPSPLxj9v+8+j8xVY6GqN15kbWjb18zh6+ddO1ZERERELkmeSpZOSeHJ+r4O6mCHLYWllR1h9jXwZL/nX2DGmJOC/m3gyHk16r3GT/Q6REQuEpUCEJFhwXR7ASspYe2KHwZsTcG23le7NZ4756Xw6y0vUrAi+tqrN94xB9Mb+/CXT73mVlYucVOwJaAW6g33sPKOfax9xZslO+iA7jW3svJRWPt0QNsXog6tiIiIiFyyjmxZRbItj7J9DTyeljrUw4mClXW1ThYav8geWZ9C7vq5tKy4lK5BROTi+NS5c+fODfUgRGTouf70DpavfHGohyEiIiIi0q9P6nfX1tZWEhMTL0BLDTw5ZS/zmuayZ4qT5IBAJRjByjLAmoeNcpozatmcMwFvdqeVx2oBWx62snLY3sjjbCBp4zFm1dZywLqGw2U5xNdvIGlRubdB3zbwZp1aV3HAu6MnSBppeyBPJUute5kXuK9+A0kbk3raj9Rv4HUBs4qDr6n5wUYeT/Odfyx8/yLDyIX7eSDDxenTp8+7DZUCEBEREREREbmY6vdSZpvLNFK5vxj2HOp51b+90k5uWR4VTY20PJFEc23PaUfWW3mMNRxuaqRlDpQFtlkL82obaSnLId5TydJFx1hX20hLUy3rWMX09Q1ABzt+sIrk7Y20NDXS8v+3d//BVdd33vefZGRcY8W2JnhSxM2dxEizFEiyQvfi2mMspUV0ZOcO64jTYQc4LXFuuebevWoWUDSWghg73ZlbZwy7RzPlcghDyVzFUcQit/FcF70K3RCwbFZjcu5sI82RRFvjNr0d907uP85JcvKTHCCcgM/HTMZzvt/P9/N5n+NMhnnl831/6/LZvGei4+d38mgtZXffORTarqklVDdy3RGfK7IdtgRH3/4/ENK2GKpKujIZrEqSJEmSNIVOHq0ltCx+63z20uXw2lsMdOPvaItQ9tQ6SgAC5TwcGriqm9YWCD2U2AFauo5dweRZ8ylIhJFdx47QEFzOXQGALO5/aB20tDHycaqUPjL2LfzjHQcgwubgUI/V1S3bebo8K37qbJSG4Ha+W5q0bvgIJ8f5XOGjSeFtez3r18CBpB2uknSlMViVJEmSJGnKnOJwGMJrEuFkcBsNkSO8GYOB8HRs7w/bvTpKMI+5ye8j21gy8ICpNbUQidJBFveH98KakQ+eGu/4mAsldsImfh6KsiQxvqu9bfjQOXmUMfbnmps/LBUm/BqsCNVy2IdYSbqCGaxKkiRJkjRFuuprCAcTt/Mnfo4/ReLW+ywKCse78hYKguOdG0No71D42dJMtOWR+G5RFrF14FgdrA7VJ3ayjnf8PEqXE6KN1hhk5+YPP3c2mujZOvpzdbQNT4lDD5Vz/9rttK6ZKNSVpOnNYFWSJEmSpCnRzZuvRYZ6kiZk5+YP3jJfsmwdDVtq4+FirJ7nBhupZnHX3UHCzycCz8ba+EOsxpC9dDll4Rr2x+LvT1YXkReqp4tT7CysGDwOQGE+2eMen4TGI4QH2hDMyaMsso1/aox/1v3P10JoOSXEd6iO/FwD7RAGBcp5OFTLc/XdI1eRpCvCNekuQJIkSZKkq1LsLQ5Hgqz4Ydbw46XLCfEgz9Wv48XyRzgQKmJ1YS2wjl1PBTmcGJZd/kN2vRZkSeE2CG5nVwhax1onUM6LdVHygkVsBmAdB1rivUu31uWPOB4PN8c7Plq8x+rmwfdBdkVqBnunvlgXJW9NUfzBWsHtHE/0as0ur+FA28DngrKnImwtHT17SeVeCgofY/9SH2Al6cozo7+/vz/dRUhKv6Z/eY/iP7st3WVIkiRJ53W5/u3a3t5Obm7ulK8jafrz98HVp6en56LnsBWAJEmSJEmSJKXIYFWSJEmSJEmSUmSwKkmSJEmSJEkpMliVJEmSJEmSpBQZrEqSJEmSJElSigxWJQGQkTGDvr6+dJchSZIkTaivr4+MjBnpLkOSJINVSXE3XJ/JR7//JN1lSJIkSRP66PefcMP1mekuQ5Ikg1VJcYHsmzj7QRfdH33szlVJkiRNO319fXR/9DFnP+gikH1TusuRJIlr0l2ApOkh87pruS13LrGuDzn7QRd9ff3pLkmSJEkalJExgxuuz+S23LlkXndtusuRJMlgVdKQzOuuJe/Wr6S7DEmSJEmSpGnPVgCSJEmSJEmSlCKDVUmSJEmSJElKkcGqJEmSJEmSJKXIHquSJEmSJI2jvb093SVIkqYpg1VJkiRJksaRm5ub7hIkTQP+kUVjsRWAJEmSJEmSJKXIYFWSJEmSJEmSUmSwKkmSJEmSJEkpMliVJEmSJEmSpBQZrEqSJEmSJElSigxWJUmSJEmSJClFBquSJEmSJEmSlCKDVUmSJEmSJElKkcGqJEmSJEmSJKXIYFWSJEmSJEmSUnRNuguQNH30/vFTYl0f8skfeunr6093OZIkSdKgjIwZ3HB9JoHsm8i87tp0lyNJksGqpLjeP37Ke+0dzLk5m9xbAmRkuKFdkiRJ00dfXx8f/f4T3mvv4LbcuYarkqS0MzmRBECs60Pm3JxN1pdvNFSVJEnStJORkUHWl29kzs3ZxLo+THc5kxOrZ33hM5xMOnSyuoi8sY5Vn4LGZ8gL1dM1wZQnq4tYX9993qW76ivGmaub/aEidjamVrckaTTTE0kAfPKHXr78xRvSXYYkSZI0oS9/8QY++UNvusuYnEA+BbTRGhs40E1rS5CyYC2HG5OPQWjZIih9hGi4nOwpLSqL+8PNbC2d0kUk6XPBYFUSAH19/e5UlSRJ0rSXkZFxBT0PYBErQhEOH0vsMI29xWGW8/DdQcJHTyXGvE9rZB0rShm+YzVWz/rCIvIKi8grrGB/LHnet9g5cK76FKlJ3rEaf52XmCu+E/YUO4PbaKCW1e5alaQJmaJIkiRJkjRFSpato6Ht/fibs1EaCvMpWbqcspa2eIDaeIRwMI+5w67qZv9j2yioayba0ky0Lp/Ne4YC1IYtUVa0NBONbKcs/ODEt/VPoKv+MTYX7o2v0bKXgi21nGQRWyPbKWMdB1oeoeTCppakzwWDVUmSJEmSpsqcPMrCRzgJnDxaG7/lP3AnKzjCmzHoam+j7O47J779v/QRopWLht6HlscDz8CdrAheqkIXsdUgVZJSYrAqSZIkSdJUCdzJimAbrbFuWlsSt/yTRUFhhNaz0NEWoSA3a8RFWdwf3gtrBm7TH35Lfln+LZektOzyGg7w4GArgAvd+SpJn1cGq5IkSZIkTZks7robWo+9xWGGbvkvWbaO1vZTSWHrSIvY2jLQCgBWD/RevcRKKpsHWwGwZmQvV0nSRAxWJUmSJEmaQtm5+bS+dgSSb/mfkwdtR2gtXD7G7fen2DnygVWF+RO3C7gAJ6sHHlg1IJ+CwCVeRJKuYgarkiRJkiRNpdLlFERG3PIfuJMVLbW0jnlb/yK21uWzOZhoBbAGDiT3WJ2syDaWFBYN3uqfN2LXa0nlXgq2BBPnH4S6RI/VQD4F1LJ6RAsCSdJwM/r7+/vTXYR0Xr/cAUe+Adv+YoyTTdRsrIGK3VQUX/xSTf+4kYNzqqi6J2fMdZpKK9j9vaGFOl+toursqmHHrkRN//IexX92W7rLkCRJks7rcv3btb29ndzc3ClfR9L05++Dq09PT89Fz+GOVU1/22fAj0/Cr38EM8rh/TTX03iQQ/YdkiRJkiRJ+ly7Jt0FSOe1rT8erj7+Q+h/NOXLO1+tourlzsS7HFY9WcXKANBUw8aapsTxYip2VxB4tYqaRqCxiirG2rWaQ3EpHHz+EMVPrmTk2fHX6+TQE1X8ZvEqYi8fpBPIua+KVWcT6yXWj+95jY89mAhviy/RTtypcvqlxwnHlvHo9+9kStsxnXuLHT/P5tHvFI0zoIvXf/Qsr5wrIlT9AAtHnj6zj017urj3+5v49uypLFSSJEmSJH0euGNV019dOfAL6PjfYMaO1K5tqqHq5QAVu3eze/duKko7OfhyE9BETU2MVU/Gj1fdF+Pgq53k3FNFRWk89Bwdqsbdet9GVnGQg01jnBx3vcTpE7Bx9252VxTT+XIVB+dUsXt3FasCTRx8NR7GNv1jFQfnVLA7Ma6ppsodsnTx+p6jTO5raCb8UvMU1yNJkiRJkj7v3LGq6W9NfeLFX0CqHYGLK9i9e+htYE4OnB09LOeeKqomPWkOK/+qmI01NTTtrhi+S/M86+UsLo7vcs25lRxgVSK8zZkzMKKJ441QPLBFtXgVqwJV/KYTpnY76FXm7X2Ez/yA0Px0FyJJkiRJkq5WBqu6yg2/rR6AUoBiKp7spOqJjRwECKyiapxb+8dUXEFF6UYOvtrJxkmtFxf4yuRWaKrZOGzenN92QvGkq5uWTr/0OOG3kw7MHtE+4Mw+Nu1pHuN8M+HKfZwGOLePTZXj3Oo/YMEy7o0d5ZXDbxGbf572BCPXJHtYq4DTLz1OmAcIsS+p9vj6JH+eBQ/w7LAWBUk1j/VZJUmSJEnSFc9gVVe1zld3c5BVVO2Oh6adr1ZRNbCDNLCSqt0rE+OqqPrHHHZ/b/LNTIvvW8XBJ3ZzMCk4nXC9SUvqA3uVGOzDWj0QLsaDxx0vZccDycH+pz9IhJrxfqkD50PVm+L9UwMjA8yxZPPttcv45x8d5YU3inj0m9ljDxu1ZqLOH+0jkBzcvr2PV761iWe/kx3v8/qjo4QrHycw7Ng+dryxKbFWIlRNCltPv/Q4Oyo7Jw6EJUmSJEnSFcUeq/ocaeLgwEOlYoeo2lhDcpvUnDkpJpmBlWy8D5oaO8cZkLTepBWzJLkva+wQVRs3UjNWP9crRjO/ehsWrkjesVnEHQuAWBcxIBbrArIJDD5UKptvf/8HkwhRxzH7Tu5dALGf7+P1c2MPOX2qGRYsG/Ygq4WLioAuYsOuKeLegXB2dhF/PhuYvYwNI47FPwPE3jjKaYoIJdW+8DsPsJBmXnmj68I+jyRJkiRJmnbcsaqrxsjb54srdlNxzyqKX66hauNBoJiKimKaftZJZ2AlG++rompj4orAKqqejN9qH5iTQ+fLVVQx/gOsBuTcs5FVJ6ri7QSAnPHWS+Em8OLvVbHqiSoGSsu5r4qKyW+knYaKCFX/IPF65C3y8f8EFiwg8PP4TtCFay9Nb9SF33mAhZX7eGXPWywc4zb8hd/5Ac8mXg9vUzBih+vsHG5m6FwgkPjvmKt2cfpUFyxYNmJnajxIDicCZEmSJEmSdOUzWNVVoJiK5CdGnefc7oGQ8p4qdt8z+oqccY7H5xqZcOaw8sndrJzEejlPJj/VaiVVSW+Lv7eboZlHznnlGxZcJvqNfvDS44QHetHOvpNHq7Pjoeuex9kEjOx3mroiQmuL2LQn0RJgZBI6rL9qYq1z8fYAF+3tfWyqHOP4goufWpIkSZIkTQ8Gq5Km1rm3eOVtRu1E/WDUwNE7W18Z2e80VfMfILTgccI/P8rptcknunj9cPPoh06N0zYgZaMeZiVJkiRJkq429liVNLXOdRKjiDuG3d4f77s6viJC319GYFS/09QN9DcND+5OBeii49xAT9Uhp081c3ESrQISvWOT13v9R4+zwx6rkiRJkiRdNQxWJU2t2TkERjy46fRLiT6r5zr5AIi98SybknuvAqd/fpTY7AUsvOBWAAPiLQGGy2bubDh9+K2hAPTMvkS7gnjoeqEWfucBFp47yo6XhkLa2Bv7eOVc0kOwJEmSJEnSFc9WAJIu3rmj7Kg8Oupw4FubePSbd/Lo2k427XmWTT9PnFjwAI9+6yg7fh7fkbrwm5t4lGfZUfl40tVFhKoHHjqVzbdXFPHKnn1sqryA3qvzl3Hv7GZeGQxMs/n29x+go3JfUt3xXbKv/OgoH8S6YP6FhqBFhKofIFyZ3Gc1fuyCWxpIkiRJkqRpZ0Z/f39/uouQlH5N//IexX92W7rLkCRJks7rcv3btb29fcrXkHTlyM3NTXcJuoR6enoueg53rEqSJEmSNA6DFEngH1o0NnusSpIkSZIkSVKKDFYlSZIkSZIkKUUGq5IkSZIkSZKUIoNVSZIkSZIkSUqRwaokSZIkSZIkpchgVZIkSZIkSZJSZLAqSZIkSZIkSSkyWJUkSZIkSZKkFBmsSpIkSZIkSVKKDFYlSZIkSZIkKUUGq5IkSZIkSZKUIoNVSQBkZMygr68v3WVIkiRJE+rr6yMjY0a6y5AkyWBVUtwN12fy0e8/SXcZkiRJ0oQ++v0n3HB9ZrrLSNnJ6iLyCgd+Ktgfm/y1XfUV5IXq6bqI9cee4xQ7B2vpZn+oiJ2NE0wSq2d94TOcvIg6JOlqck26C5A0PQSyb+K99g4AvvzFG8jI8O8ukiRJmj76+vr46PefcPaDLm7LnZvuclLQzf5QkM2Fe4m2LIofitWzPlhEa10zW0vTW92QLO4PN6e7CEm6ohisSgIg87pruS13LrGuDzn7QRd9ff3pLkmSJEkalJExgxuuz+S23LlkXndtusuZvMZaNrOd45WLho4FynmxLkre8/V8N1xOduMz5D3fRlkkQkNwO8cHjq2pBYKEQsOnPFldxOpw/HXZUxFeLM9iIMA9TJCGSIRQyqFt/PrWh5rZWpoIgyPJa7zPzuA2GoCGQjjQ8gglDB83uOawz/P3PMrTfPDQUD0nq4s4vGw6hcqSdGEMViUNyrzuWvJu/Uq6y5AkSZKuGieP1lJ2d4TskSfm5FEWOcKbsXLuB4jAikgzLwaI72hdU5sIKuPhJSwH4rf0r27ZzvGWcrJj9awPBtmZOxRSNhRWEA3XXFTNXfWPxXfYhhcRbxdQy8nyR9ga2U5rMMrDLY9QApysDsZD45aBILiCgkjNqM/TVf+/WHL0FFtL4/MdDq9jReVFlShJ04L3+kqSJEmSdLkF8ikYdiCfgkDi5dkoDcHtfLcUIIv7H1qXONHNm69FKLv7znhQGyjn4RC0tncPzlKWf8v4a0a2saQwudfrg4TPW+gitiaC1OG6aW2B0EPl8VpK17ErGOHwsYFahj5P9tLllLW0xfu7Nh4hHFo+xnySdOUxWJUkSZIkKd2CeQx0ju1qb5twaMOW4GA4ujoMDW3vD54ryM2aYI3tHG9pJjr4s5fQGMOyy2s4wIODa4z9QKv3aY0kv8+ioHDsz0PgTlZwhDdj8R28oWWLkKSrgcGqJEmSJElTpGTZOhpeeyu+WzNZ4xHCweXcFRh9TXZu/oRzhuqSw9FmopWXPqgsqRwKX1lTwf7YyBG3UBBMfh/fwTq2LO66Gw4fq4+3AbC3qqSrhMGqJEmSJElTpXQdu9jGkupTQ8cGeqgO3EY/6prlhCLb+KdGgG72P1+bOJHFXXcHCT9fnwhqT7GzsIj19d1jzXLBTlaPnDOpTcGg+A7VwVoaa9kcCbJi6dg7ZrOXLoct22wDIOmq4sOrJEmSJEmaMlncH26moLqIvMFb5YPsijRz/xi7VeMWsbVuHXlriggDoae2U/Za/Ex2eQ0H2opYUrgtfiC0l2h5FnDpwtWSyr0UFAbJ25JYoq45HoYG8ilgG6sL4UDLI5RURtgVCg7WEqpLfKazY0wauJMVQSiwDYCkq8iM/v7+/nQXIUmSJEnSdNPe3k5ubm66y7g6xOpZH4zy8JgPwpKmP38fXH16enoueg53rEqSJEmSpKnT+Ax5a2qHdr5K0lXCYFWSJEmSJE2d0keItjyS7iok6ZLz4VWSJEmSJEmSlCKDVUmSJEmSJElKkcGqJEmSJEmSJKXIYFWSJEmSJEmSUmSwKkmSJEmSJEkpMliVJEmSJEmSpBQZrEqSJEmSJElSiq5JdwGSpo/eP35KrOtDPvlDL319/ekuR5IkSRqUkTGDG67PJJB9E5nXXZvuciRJMliVFNf7x095r72DOTdnk3tLgIwMN7RLkiRp+ujr6+Oj33/Ce+0d3JY713BVkpR2JieSAIh1fcicm7PJ+vKNhqqSJEmadjIyMsj68o3MuTmbWNeH6S5HkiSDVUlxn/yhly9/8YZ0lyFJkiRN6MtfvIFP/tCb7jIkSbIVgKS4vr5+d6pKkiRp2svIyLiszwNob2+/bGtJkq4sBquSJEmSJI0jNzc33SVImgb8I4vG4vY0SZIkSZIkSUqRwaokSZIkSZIkpchgVZIkSZIkSZJSZLAqSZIkSZIkSSkyWJUkSZIkSZKkFF2T7gKkaeGXO+DIN2DbX4xxsomajTU0jTqew6onq1gZGHE4doiqJw7SGVhF1ZMryRk80cmhJ6o4GBvnumFL1rDxZ7dS9WQxTU9U8Zu/2k1F8QV9MkmSJEmSJE0Bg1Vp+wz49f8OnIQZQEc93DJ6WHFFKuFmDjmcoCm2kpyBADXWxAlykoLWCRRXsLsYoHOMQFeSJEmSJEnpZrAqbeuPh6uP/xD6H71EkwZYvDjGicZOVt4Tj1I7G0/A4sUEXj4xNKypho01Q9HpYHibtGN1ujv90uOE3x7/fOBbm3j0m9njnO3i9R89yyvnsrn3+5v49uyJ1igiVP0ACydZV+yNZ9lxagGPfv9OAjQTrtwHa39AaP4kJ5AkSZIkSZqAwapUVw78Ajr+H5ix45KFqzlfCdD5syY678khh06aTsDih3L4zcuJAbFDVNXEWPXkblYGoPPVKqp+dojO4pWT29U6ncxelggwL/R6+Ocf7SMwVnB6Zt+Ewe14At9UtKWgAAAbvElEQVTcxLPfvNCCJEmSJEmSJmawKq2pT7z4C+gff1hTzUY2Jh8Y1UN1hOIlFNccjLcDoIkTLGZjAH4zeP1KqnavHBye85ULjiWvfIFsbj7XzK/OwMJhO0q7eP1wFwsXZHP6AsJVSZIkSZKkqWKwKk3SeD1Wm/5xIzWNiTelFey+b/AKlpTWcLwTOn97gs45q0aFsMOuBQjcesnrvjIs4I4FzYRPNcP8oqHD55r5ZxZwb+Dt0cHqmX1s2tOcdGB4O4HhrQAkSZIkSZIuLYNV6SIVf283u5MPxDqHzt1RTM2vDnHr2U6K/6oYkh9F1VRDTWMxFbsrKE683/izy1PzdLRwURHseZvTFA22A4i9/TYseoCbGZGqntnHpj1d3Pv9HwwGqadfepzweO0EJEmSJEmSLjGDVWkq5dxKTuNBDlI85m7XIZ0c+lkTcIXuWD13lB2VR8c4MfFDqYaZv4CF7EtqB9DF6VPw52uzGZmrnj7VDAseGDbvwkVF8HYXsXOwcDLrSZIkSZdBV30FS7ZEhh8Mbud4uJzxHvF6aXSzPxSk9aFmtpZeivlOsbPwQai7VPNJ0pXPYFWapFE9Vhm/PcCgQDGLAwc5OGcJo4YVr2JVoIqajRuBHFZVrCKn5jfE4PP38CoAspk7G14ZaAdw5iivsIBHxwhJF37nBzybeH36pceTHm41tf80lSRJki7IiCD1ZHURS0JchnBVkjSVDFal8yqmYvfu8w8bEFhJ1eDwHFY+uZuhR1QVU7G7eJxzsHLguuIKBoblPJnC2le0bBYuyuaVU13EgA9ONRNYtIwAEBs5dFh/1cSu2HPx9gCSJEnSdFdSuZdQ4YP8U2N5YvdnfHfp5sTG1lBdM1tLT7GzsIaCSA33BxI7X19bnghjh3ajrjhaxHOsg3AtDTD+btjGZ8hbUxt/PWzM8LXHPRdaR2hwsuHXlD0V4cXyrEv+PUnSdJeR7gIkfT6cfulxNlUm/bzUPGpMYMECAufe5vS5Zn71djZ/vmCsv9938frheCuAZ6t/wLPVk2w1IEmSJE0bi1gRgtb2bgBOVgfZzHaOtzQTrVtHeE0F+2OLWBGK0Ho2fkVHG5QRpQOA92mNrGNF4pb8hjA83NJMNLKdssg2/qlxxHKxetavqSVU10y0JcIutrGk+tTQ2oV7ibY0E23ZSyjp+mF1LYNwYrqu+seGXVOwpZaTU/htSdJ05Y5VSZdF8u37Q0bsMJ2dzc108c97jhKbvYB7xwxMu+g4BwtXFA07evpUM7YCkCRJ0pWnm9YWCD2U2CVauo5dwSCHj3XzdH6Q8NFTbC29hVaW8/DdRzjcCCUcIRxazlaIB5qh5ZQABO5kRRBaRy5xNkpDcDtPlwJkcf9D69i85ggnKxdRUtlMdHDgLRQMXj9WXbWj52YRW1sWXeovRZKuCO5YlTSNFHHHAoid6yKwqGicnq3xXqynD7811CLgzL5En9V46CpJkiRNb/HQMu59Woc92yqLgsL4q+ylyylraaMr9haHyackN5/W9m662tsoy79l8Irk12Ppam8bfmBOHmUDr2P1rC8sIq+wiLzCpJYAo+oakl1ewwEeTFxTxM6RO2Ql6XPCHauSLt65o+yoPDr2uRQfbLVwURG83TVOGwCAbL79/QfoqNyXtGYRoe8v45UfHeWDWBfMd+eqJEmSprN4aFnwULwvacGwXaaJ0DWf+A5Uauk4C+TfCXPy4OhbvNkCK344+Z6m2bn5ww+cjdIAPEw3+x/bBk9FiJZnMdA7NV7LLSPqGq6ksploJcApdhZWsD/RC1aSPk8MViVdlLFv8Z+sbL79/R/w7eRD8x/g2erhowLf3MSz30w+UkSo+geja6m+c5xrxh4vSZIkpcPJ6gcJB7dzPHFrfkEhbH6+nu+Gy8lurGVzJMiuRHBaUNjGc89HKHjokUTQ+hiHWc7TqYSYc/ISvVfL2Vrazf7nayG0lxJGBKeNtWyOQOiheF133R0cUVf83MnqIp7LT35gVT4FhqqSPocMViVJkiRJmkqRbSwp3Db0Prid4+HywScElFRG2BUKDo4J1TUP7v4sWZZPQzifh8MAWRQQgbt/mNrTBQLlvFgXJW9NUfwBVMHtHK+M90WN91sNkrcFCO3lQKiW59q7oTSL7PIfsuu1RF3B7ewKxYPYksq9FBQmrknUW3KBX40kXclm9Pf396e7CEnp1/Qv71H8Z7eluwxJkiTpvC7Xv13b29vJzc2d8nUkTX/+Prj69PT0XPQcPrxKkiRJkiRJklJksCpJkiRJkiRJKTJYlSRJkiRJkqQUGaxKkiRJkiRJUooMViVJkiRJkiQpRQarkiRJkiRJkpQig1VJkiRJkiRJSpHBqiRJkiRJkiSlyGBVkiRJkiRJklJksCpJkiRJkiRJKTJYlQRARsYM+vr60l2GJEmSNKG+vj4yMmakuwxJkgxWJcXdcH0mH/3+k3SXIUmSJE3oo99/wg3XZ6a7DEmSDFYlxQWyb+LsB110f/SxO1clSZI07fT19dH90cec/aCLQPZN6S5HkiRm9Pf396e7CEnTQ+8fPyXW9SGf/KGXvj5/NUiSJGn6yMiYwQ3XZxLIvonM6669LGu2t7dflnUkXRlyc3PTXYIuoZ6enoue45pLUIekq0TmddeSd+tX0l2GJEmSNG0YpEgC/9CisdkKQJIkSZIkSZJSZLAqSZIkSZIkSSkyWJUkSZIkSZKkFBmsSpIkSZIkSVKKDFYlSZIkSZIkKUUGq5IkSZIkSZKUIoNVSZIkSZIkSUqRwaokSZIkSZIkpchgVZIkSZIkSZJSZLAqSZIkSZIkSSkyWJUkSZIkSZKkFBmsSpIkSZIkSVKKDFYlSZIkSZpCXfUV5BUWDf6sr++exFXd7A8VsbNxCgpqfIa8UD1d5xl2snqo1uTXkqS4a9JdgCRJkiRJV6uu+gqWbMnnQEsNJQCcYmdhkPVEeLE8Kz1FlT5CNJzaJSWVzbw4NdVI0hXLHauSJEmSJE2RjrYIhJYnQlWARXz3qSANr71FFyN3go6xS7W9nvWjdrrGx425AzY2NH5wV2rjM+SFKuLHQ/V0Je1Yja9fz86Ba6pPAfFAeHUYGrYEWV/fPWadA+sP1tv4DHmhZ9g5eK6C/bEx6ko+LklXMINVSZIkSZKmSMmydRB+cNit99nlNUTD5WRP4vrwligPtzQTjWyHLY+xPwZd9Y+xuXAv0ZZmoi17KdhSy0kATrEzeIQVkWaiLc0cKNzG3w+EoRHix8dYt2HLEQoi8blC4QfZ2Riv8UAIyp4avbP2ZHWQzWzneEsz0bp1hNckBaWRWniomWhLhF3BCJv3nAK62f/YNgrq4nVF6/ITxyXpymawKkmSJEnSVCl9JB4yso0lI3eSTkLZU+viu10D5TwcinD42Mg+p4vY2vJIfEzjEcLB5dwViJ8pqWxOCkXzKQiMs0iogvsD8bm++1SQ8NGJQs9uWlsg9FAioC1dx65gcl3rWFEKkMVddwfHnqL0EaKViyZYQ5KuDAarkiRJkiRNqSzuDyd2ayZ2ki6pntyOzYLc0X1Ys8trOMCDo27F72pvG3+iYB5zxzlVln/LpGqJe5/WSPL7LAoKz7dOFveH98KagVYAzyR22ErSlc1gVZIkSZKkKdHN/tDofqIly9ZBS9sYu1ZHhpbQ2j7U17S1JWmOyubBVgAkbsXPzs2/oCob2t4ffN3RFplgJMAtFAzbiDq8rvEtYmvLQCsAWJ3Crl1Jmq4MViVJkiRJmhJZ3HU3bH4sOUTsZv/ztVCYP9jrdOBBVjQeITxihsFzsbc4HAmyYmnWiAdJweBt/nPyKIsc4c1EkHuyeuhhVBMKHxns0Xo4DKFlE92mH9+hGn5+4MFYtWxO1DW+U+wc+cCqpM8vSVeqa9JdgCRJkiRJV6vs8hqOU8GSwm1DB0N7B3uMllTuJVT4YPx8aDu7gtCadH3obvj7wiIagFBdc7wXauVeCgqD5G1JjKlrHuzD+mJdlLxgEZsBgts5Hl4EjUcmrLEsBM8l1ih7KsKLpfHjc/ODNGwJsp4IDyeNL6mMsCsUHPxMg3WdHW+FRWytyx+qi3UcaLHHqqQr34z+/v7+dBchSZIkSdJ0097eTm5ubrrLmFInq4t4Lj+S9JArSWP5PPw++Lzp6em56DlsBSBJkiRJkiRJKbIVgCRJkiRJn1Mllc28mO4iJOkK5Y5VSZIkSZIkSUqRO1avNr9r4OmtdUQzi6nYXkFx5hhjepuo2VZDExOMmXKdHHqiioOxMU5lzGTW7LmU3LuBNXfY52fwu5pTwe7vFae7GEmSJEmSJOGO1avPl8rYtL6YzH9vYs9LTfSOGtBL00t7aPr3TJaG0hWqJssi7+uLWZz8s3AufBilIVzFs78c/QkkSZIkSZKkdHPH6lUo8461rG16l5rGGl74xT+w6T8Npae9v3iBmsZe5t5XxdqvprHIQXP51roNjNqH2XuMZ//rHs68fIiOr69mbjpKkyRJkiRJksZhsHpVyqT4O2spfreGpv/2Yw7lPcbKABA7xI//2xmYu4oN9+Qkxn5G9y8P8MLLx4h++BlkzCQrbymr1q9h8U0D8zVRs7GG2H1VVA1eN9bxgVvW11Jx7c944Rc98IVi1jxZwdIvpPoRlrJk4R7ONHXTDYlgtZfoG3vY+/oZOno+A2DmF3K4/Rtr2XBPHoPxcW+UQy/s4ci7nfR+NjDmAf7m7nnMypjMmB4annmEun9fRdWTKxn4xD1vPs0j+6LM/asdPHb3QIuCxNg/Wctzm5YyE+h59wh76w9x5t96+YyZZP7pfFbev5blBQMVTvw9df9qDzX7TtDx758x80vzWf1fVqf45UmSJEmSJGmq2QrgapVZTEVoKZl9HRwMH6KTTg6FD9LxJ8Vs+LuhsLDz1ad5tLaB2BeWsjq0gbX3zmfmvzXwwmM/5NBvL3Dtpj280DqPVaG1rPzGEr6WaqgKQA8ffwRkzGRm4kj0pzt4+qdn+I/bVrI2tIENf72c/MxOzrz8NM++2TPwiTj09NMcbL+G+XevZUNoLStv+4wzL/8DT//3jkmOmcXtRTkQ+zXv9gxV1PZeFICO1nf5bLDMkxxvhbz5X2Mm0NtUwxM/PkDTH29n5Xc2sOGvlxL4XRMHnnmUmqYRbQ3G+J563nyaR8PHiH1hMatDG1i1oJdX/+EFTn56Id+hJEmSJEmSpoo7Vq9mX11L5T1Rql49yHNPHKM7lklxxVoWD2yc/N0RXni5g8ziDeyoWJzY8bmYpX95jGf/fg8H//sJlv8fiweDzUnrm8eaLRtYeqH9Wz/t5p2Xazjwb5BZWsLtALzD8caPySzdwKPfK07UtJjFf3krz/6fL3DmvTa4qxhiTZyIQXHoMTbckZjvjmJu/PHfUvfur+lkLjmTGfPV+cx6+QjvtEFZcXz9X/8rZH4hk95oG20sZR7w2ZlfE2UuqxfNgr4zHNjTRG9gJVVPrCInI1HjnUuoe+JpGn56iI7ipLYGI7+nvjPseTkKc1fx6NaV8evvWMzS22p4NDwQCkuSJEmSJGk6MFi9yuXcu5FVb1dxsKObzL/8WyqSnlbVc+okHcxi+bcWMywDnbWUu75+gDO/OM6JTxez9NoUFw3cTt6kQ9UmajZuHPvU7KVs+M5AiDqPNbueY83IMdfOJX82nPm0l8+AmV/K4qYMaHr5BY7dtIrFuVnMzMhk6d/tZunANZMZkzefr2Ueoelf3oHieRCLEu3Nouyvb6fhp1GiMZgXgDNnzkBgFfO/BPzrSZp6Yf5fJ0LRATPzuOcbc2n46XGOR1czN2+c76n9HX7dC/P/evmw6zPv+BZL65s4MtmvVJIkSZIkSVPOYPVql5FDcXEOBztg+TfnDTv1h94/AreSM2f0ZTdl3Qh8yMe/AwJTWWAWeV/PIyv50KxbWVJczO25Wcwc2ayi7zN6uzuI/lsnv3nv1/z6zBmiHwJ8TDeQc+1iVt9/jN/sP8Gep0+wJ2Mms+bO567l9/CfS+fGe6xOZgzz+NpX4diZM0SZx9xoG52Zt/PAN+bR+dNjtEU/g0Abv/5XmPWf5sVbK/y/vfQyi5zA6D2+s27KAjro/niCr+LjbnrGvD6LrJvGvEKSJEmSJElpYrCqNJvLt9ZtoHgSIzvf/Ad+vP8devqAmZnM+sJN3LpgMfPfPsaZpHE5d/0tz/znHqKn/idvNpzgzL81cTDcxMHXV1GVuMV+MmPmz58PjWd4J7aa3nfPwO0bmJcxj1gB1L37LgTe4de9mXxtft54JV8i1zHzT6Z4CUmSJEmSJKXEYPVz7PrM64Df0HkWGJENftj9MXA7WbOHjn38u49h8LFXwLlOuqe+zLjfHeGFfe/wH/PXUPW9MnIG2xNEOTAiWAVg5izy7lhJ3h0roe8zOl7ewQ9fO8KRd1ey9quTGzNz/tfIo4626Dv0vgt5354HzOLW3FnwdhsnZp+hJ7OYxQPz/UkmmfTQGfsM8obvOu35sBvIIufmCT7jjVnMommM6zvG/H8kSZIkSZKk9DFY/RybtaiEufsOcOznJ1hZkdRntecYb/6yF26fx7wMgOvIzITe33TQwzxmJYZ1/vIEHQyLWqdOexsdQPHXk0NV+Kz1OE1J7Qo+a3yBrT85w9e+9w+snZ8YlDGTm266Efh40mMAmHU7XwvAwYYDfPy7Wcz70/gnz7t9HrxxgoPHuuGrqxhssHB7CcWZxzj2+iE6v75qqE/qZ1Fe/b874AtlfO0rE3zGvBJKvnCEhhHX9zb9nGO/S/0rkyRJknTx2tvb012CJGmaMlj9PPvScjbcd5yql1/g0Z1trFyeT+a5kxx5rYlO5rLqgbJEiDqPxaWZHPsfB3i65jNWlt7Ix01HOPTuNcz9EvzH5ag1dx55GU00/aSKPR+vZN6Nn9HddIRDTd2QtLlz5vwlzJt5gmM1VXx811KW3HojH//mGA1vvANzV7H8qzDz0/OPicth3vxZHHyjg46MxfzVwI7R3HzyOEH0Q5h/3/yhxTPms3ptMU01h6h6opNV3yoh69M23ny9gWhPJsUVq86z6TSPVd8p5kTNIXY82cnKb5Zw47lj/OyNd+i9lN+lJEmSpEnLzc1NdwmSpgH/yKKxGKx+zuXc8/fsuOkAL7x8jAPhBsiYSVbRcjY9uJr5SQ9Mmvfgo2z4/2qo+9VB9jTNJPNPF7N263K6/68qTlyOQr9Uxqb/2ssLLx7i2E9f4FjGTGbNXcyazX/Hjf/jCZ491kbHp5Bz7Xw2PLGJG3cf4NibBzjzGTAzk7lf38COBxfHH5I1mTEJefO/RuYbx+gtmsftAwdn3c682RA9N5+S4uG3/GcWV/Dk3x1hb/0hDr3UxGfMJPNPl7L2v6xm6dxMzid+/SF+8pNDHHypCa7NYv69a8k6sYeGS/JFSpIkSZIk6VKY0d/f35/uIiRJkiRJmm7a29vdsSoJ8PfB1ainp+ei58g4/xBJkiRJkiRJUjKDVUmSJEmSJElKkcGqJEmSJEmSJKXIYFWSJEmSJEmSUmSwKkmSJEmSJEkpMliVJEmSJEmSpBQZrEqSJEmSJElSigxWJUmSJEmSJClFBquSJEmSJEmSlCKDVUmSJEmSJElK0TXpLkCX3m9/+9t0lyBJkiRJU+4rX/lKuks4r676CpZsiYw6HqprZmtpGgoadIqdhQ/CGHWcrC5idXjk+HUcaHmEkommbHyGvOfzOB4uJ3uCYSeri3guP8KL5VkXVLkkTRcGq1ehK+EfF5IkSZL0uRHcPjxsbHyGvDXPsOJ8QWU6hfYSrVw0+LarvoIl1aeGHRul9BGiowJZSbp62QpAkiRJkqTLqXQ5IdpojQ0c6GZ/qIi8wvjPzkaI7yitYH9iTFd9BXmherqSxsfHDb925Jj1oYqkOZPGVh9JqeTs3HxoaRs29/B6iQfGifVPVhexvvoZ1o+oq6u+gtVhaNgSZH19N8Tqh8YkfV5JuhIYrEqSJEmSdDk1HiFMPgWB+NuT1UE2F+4l2tJMtG4d4TUV7I8tYkUoQuvZ+JiONigjSgcA79MaWceK0hHXtuwlFNnGPzUOLdVQWEG0JX67/8nqIJvZzvGWZqLLIJXNpSeP1kJhPtmMmGew3tHXNITh4ZZmopHtlCXqyi6v4UAIyp6K8GI57H9sGwV1zYnPns/mPacu6CuVpHSwFYAkSZIkSVMpso0lhduSDgTZFalJtAE4xeEwhOoSt9iXrmNXMEjrWbgrP0j46Cm2lt5CK8t5+O4jHG6EEo4QDi1nK0BlM9HBeW+hIAitSSuV5d+SeNVNawuEHkq0JChdx65g7bCxw4QfJC85eQ1u53h40TjzBDl8rJv7c0fMEVoe/4yBO1kxoq4xlT5CNK19ZyUpNQarkiRJkiRNpaQeqyeri1hNBfcHhg8JrykatoO07O5uspcup+y1NrpibRwmnxdzozzX3k0XbZTlr4sPjNWzPriNhqRrQw8NvS7IHXhA1Pu0RoCkcxMa0WN1yMh5sigoHHuKoVB3PFncH97LzsIi8oBJPSBLkqYRWwFIkiRJknSZlFTuJRR+MN5fdFCQXZHE7fCJnxfLs+I7PYnScTYK+bfAnDxoe4s3X4MVS7OAbvY/tg2eiiSui7ArON7K8d2sF2/kPPEdrBduEVsHPncdrB7sEStJ05/BqiRJkiRJl80ittato2FLLScT71eEIkO9RRMPc4o/ECqLgsI2nnu+Nr7zNHAnKzjCYZZzV2CMqRtr2RwZb90s7ro7SPj5RHA54diJxHeoDp8nmAh6UzX8AV3AYB9XSboSGKxKkiRJknQ5Jfqbrq6Oh6kllRF2tTxIXmERecH4DtStiV6jJcvyaUg8qAqyKCACd9+ZCB+zuP+hdTRsCcavPbqcAyFobe8ec9ns8h+yi20sKSwi7/k8doUurPySysjQPGtqCdXVjGptMJG5+UEatgRZX38LW+vy2Rwsite/Bg6M2X5AkqanGf39/f3pLkKSJEmSpOmmvb2d3NyRT2SS9Hnk74OrT09Pz0XP4Y5VSZIkSZIkSUqRwaokSZIkSZIkpchgVZIkSZIkSZJSZLAqSZIkSZIkSSm6Jt0FSJIkSZIkSVK6/c3f/M24537yk5+MOuaOVUmSJEmSJEmfe2OFpxMdN1iVJEmSJEmSJEaHqOOFqmCwKkmSJEmSJEmDBsLUiUJVMFiVJEmSJEmSpGHOF6qCwaokSZIkSZIkpcxgVZIkSZIkSZJSdE26C5A0ffT+8VNiXR/yyR966evrT3c5kiRJ0qCMjBnccH0mgeybyLzu2nSXI0mSwaqkuN4/fsp77R3MuTmb3FsCZGS4oV2SJEnTR19fHx/9/hPea+/gtty5hquSpLQzWJUEQKzrQ+bcnE3Wl29MdymSJEnSKBkZGYP/Vo11fUjerV+5LOu2t7dflnUkSVceg1VJAHzyh15ybwmkuwxJkiRpQl/+4g2c/aDrsq2Xm5t72daSNH35RxaN5f8HrfhW/wmJJgIAAAAASUVORK5CYII="} | headers=HTTPHeaderDict({'Content-Length': '86144', 'Content-Type': 'application/json; charset=utf-8', 'cache-control': 'no-cache'})
01/28/23 11:36:42 PM: DEBUG: Finished Request
01/28/23 11:36:42 PM: DEBUG: DELETE http://localhost:64842/session/c323bd132b2e05959626cc5b45b7a046/window {}
01/28/23 11:36:48 PM: DEBUG: http://localhost:64842 "DELETE /session/c323bd132b2e05959626cc5b45b7a046/window HTTP/1.1" 200 12
01/28/23 11:36:48 PM: DEBUG: Remote response: status=200 | data={"value":[]} | headers=HTTPHeaderDict({'Content-Length': '12', 'Content-Type': 'application/json; charset=utf-8', 'cache-control': 'no-cache'})
01/28/23 11:36:48 PM: DEBUG: Finished Request
